2026-03-27 06:14:14,687 INFO: particles=50 iter=50 n_caps=1 minZ=0.093198 runtime=58.56s placement={14: 1012}
2026-03-27 06:15:14,329 INFO: particles=50 iter=50 n_caps=2 minZ=0.052893 runtime=59.64s placement={0: 1012, 9: 2495}
2026-03-27 06:16:15,311 INFO: particles=50 iter=50 n_caps=3 minZ=0.061422 runtime=60.98s placement={9: 1012, 0: 1978, 7: 0}
2026-03-27 06:17:17,720 INFO: particles=50 iter=50 n_caps=4 minZ=0.044556 runtime=62.41s placement={0: 1012, 9: 1781, 6: 66, 10: 1591}
2026-03-27 06:18:21,978 INFO: particles=50 iter=50 n_caps=5 minZ=0.052591 runtime=64.26s placement={9: 1012, 6: 1754, 10: 67, 0: 1666, 7: 0}
2026-03-27 06:19:28,044 INFO: particles=50 iter=50 n_caps=6 minZ=0.043203 runtime=66.07s placement={0: 1012, 9: 1571, 1: 0, 6: 1349, 16: 19, 5: 1689}
2026-03-27 06:20:43,081 INFO: particles=50 iter=50 n_caps=7 minZ=0.040894 runtime=75.04s placement={7: 1644, 0: 1104, 1: 0, 14: 3151, 5: 0, 15: 1491}
2026-03-27 06:21:51,978 INFO: particles=50 iter=50 n_caps=8 minZ=0.033998 runtime=68.90s placement={0: 1325, 1: 861, 15: 1197, 16: 35}
2026-03-27 06:23:02,173 INFO: particles=50 iter=50 n_caps=9 minZ=0.028463 runtime=70.19s placement={1: 1823, 15: 767, 0: 0, 16: 3344}
2026-03-27 06:24:13,540 INFO: particles=50 iter=50 n_caps=10 minZ=0.025728 runtime=71.37s placement={15: 1832, 0: 221, 16: 1014, 1: 3344}
2026-03-27 06:25:26,943 INFO: particles=50 iter=50 n_caps=11 minZ=0.025295 runtime=73.40s placement={0: 2542, 16: 1045, 1: 1337}
2026-03-27 06:26:42,677 INFO: particles=50 iter=50 n_caps=12 minZ=0.024363 runtime=75.73s placement={16: 929, 0: 0, 1: 1337}
2026-03-27 06:28:03,301 INFO: particles=50 iter=50 n_caps=13 minZ=0.022468 runtime=80.62s placement={0: 2746, 1: 1050, 6: 0}
2026-03-27 06:29:20,536 INFO: particles=50 iter=50 n_caps=14 minZ=0.022406 runtime=77.24s placement={0: 0, 1: 1050, 6: 2542}
2026-03-27 06:30:41,445 INFO: particles=50 iter=50 n_caps=15 minZ=0.023444 runtime=80.91s placement={0: 0, 1: 1048, 6: 342}
2026-03-27 06:32:02,772 INFO: particles=50 iter=50 n_caps=16 minZ=0.021457 runtime=81.33s placement={0: 0, 1: 1048, 6: 120, 7: 0, 10: 0}
2026-03-27 06:33:26,935 INFO: particles=50 iter=50 n_caps=17 minZ=0.021117 runtime=84.16s placement={0: 0, 1: 1048, 6: 1416, 7: 0, 10: 0}
2026-03-27 06:34:58,078 INFO: particles=50 iter=50 n_caps=18 minZ=0.022220 runtime=91.14s placement={0: 0, 1: 1048, 6: 686, 7: 2754, 10: 0}
2026-03-27 06:36:22,804 INFO: particles=50 iter=50 n_caps=19 minZ=0.023376 runtime=84.73s placement={0: 0, 1: 1048, 6: 1014, 7: 0, 10: 2754}
2026-03-27 06:37:48,997 INFO: particles=50 iter=50 n_caps=20 minZ=0.020382 runtime=86.19s placement={0: 0, 1: 1048, 6: 67, 7: 2543, 10: 0}
