2026-03-29 23:13:38,634 INFO: particles=20 iter=25 n_caps=1 minZ=0.071104 runtime=17.52s placement={0: 1319}
2026-03-29 23:14:09,900 INFO: particles=20 iter=25 n_caps=2 minZ=0.057477 runtime=31.27s placement={0: 1518, 9: 1116}
2026-03-29 23:14:46,765 INFO: particles=20 iter=25 n_caps=3 minZ=0.058493 runtime=36.86s placement={9: 1518, 0: 1116, 7: 0}
2026-03-29 23:15:44,117 INFO: particles=20 iter=25 n_caps=4 minZ=0.049359 runtime=57.35s placement={0: 1481, 9: 1101, 6: 0, 5: 1696}
2026-03-29 23:16:42,975 INFO: particles=20 iter=25 n_caps=5 minZ=0.050034 runtime=58.86s placement={9: 1481, 6: 1101, 5: 0, 0: 1696, 10: 0}
2026-03-29 23:17:55,648 INFO: particles=20 iter=25 n_caps=6 minZ=0.043552 runtime=72.67s placement={0: 1316, 1: 958, 10: 1782, 19: 0, 8: 1521}
2026-03-29 23:19:36,724 INFO: particles=20 iter=25 n_caps=7 minZ=0.040882 runtime=101.08s placement={2: 331, 0: 989, 9: 1296, 16: 1816, 8: 0, 10: 1844, 5: 302}
2026-03-29 23:21:18,609 INFO: particles=20 iter=25 n_caps=8 minZ=0.035806 runtime=101.88s placement={0: 1014, 19: 2130, 10: 1288, 6: 1020, 7: 166, 5: 1670, 16: 474, 4: 1422}
2026-03-29 23:23:20,902 INFO: particles=20 iter=25 n_caps=9 minZ=0.030935 runtime=122.29s placement={7: 2051, 0: 899, 9: 1381, 1: 1921, 16: 1743, 15: 853}
2026-03-29 23:25:28,847 INFO: particles=20 iter=25 n_caps=10 minZ=0.024915 runtime=127.94s placement={0: 1014, 9: 482, 1: 553, 16: 1571, 18: 870}
2026-03-29 23:27:55,774 INFO: particles=20 iter=25 n_caps=11 minZ=0.027734 runtime=146.93s placement={10: 1232, 0: 2238, 1: 632, 11: 0, 17: 913, 6: 136}
2026-03-29 23:30:44,660 INFO: particles=20 iter=25 n_caps=12 minZ=0.023304 runtime=168.88s placement={0: 1012, 1: 658, 10: 776, 18: 385, 7: 2235, 15: 17, 3: 1624}
2026-03-29 23:33:35,944 INFO: particles=20 iter=25 n_caps=13 minZ=0.023454 runtime=171.28s placement={0: 0, 10: 693, 1: 1319, 18: 1167, 7: 999, 15: 2235, 3: 10}
2026-03-29 23:36:47,571 INFO: particles=20 iter=25 n_caps=14 minZ=0.025903 runtime=191.63s placement={10: 1195, 0: 0, 1: 1319, 18: 0, 7: 1020, 15: 1000, 3: 2235, 9: 0}
2026-03-29 23:40:00,923 INFO: particles=20 iter=25 n_caps=15 minZ=0.022899 runtime=193.35s placement={0: 1347, 1: 0, 15: 1089, 7: 304, 10: 1272, 2: 896, 11: 0}
2026-03-29 23:43:24,550 INFO: particles=20 iter=25 n_caps=16 minZ=0.025357 runtime=203.63s placement={0: 1347, 15: 0, 1: 1089, 7: 524, 10: 304, 2: 1272, 11: 2369, 6: 0}
2026-03-29 23:47:02,323 INFO: particles=20 iter=25 n_caps=17 minZ=0.022016 runtime=217.77s placement={14: 1324, 0: 79, 1: 1111, 7: 892, 10: 299, 11: 150, 6: 1333, 9: 0}
2026-03-29 23:51:07,643 INFO: particles=20 iter=25 n_caps=18 minZ=0.020949 runtime=245.32s placement={0: 2463, 1: 579, 7: 366, 10: 892, 11: 1906, 6: 77, 9: 1333}
2026-03-29 23:55:07,674 INFO: particles=20 iter=25 n_caps=19 minZ=0.022425 runtime=240.03s placement={0: 2758, 1: 310, 10: 1320, 5: 0, 6: 75, 7: 0}
2026-03-29 23:58:57,658 INFO: particles=20 iter=25 n_caps=20 minZ=0.022818 runtime=229.98s placement={0: 0, 1: 310, 10: 468, 5: 2454, 6: 0, 7: 2758, 16: 0}
