2026-03-24 01:52:35,835 INFO: particles=50 iter=25 n_caps=1 minZ=0.080251 runtime=32.77s placement={0: 1012}
2026-03-24 01:53:10,132 INFO: particles=50 iter=25 n_caps=2 minZ=0.066142 runtime=34.30s placement={0: 1014, 16: 268}
2026-03-24 01:53:44,679 INFO: particles=50 iter=25 n_caps=3 minZ=0.064722 runtime=34.55s placement={16: 1106, 0: 1014, 6: 98}
2026-03-24 01:54:20,993 INFO: particles=50 iter=25 n_caps=4 minZ=0.047718 runtime=36.31s placement={0: 1014, 5: 1661, 13: 67, 10: 2541}
2026-03-24 01:54:57,878 INFO: particles=50 iter=25 n_caps=5 minZ=0.051427 runtime=36.88s placement={7: 1414, 10: 672, 0: 1493, 6: 926, 5: 388}
2026-03-24 01:55:35,625 INFO: particles=50 iter=25 n_caps=6 minZ=0.045061 runtime=37.75s placement={9: 1626, 0: 1012, 7: 2148, 6: 783, 10: 519, 2: 1204}
2026-03-24 01:56:15,015 INFO: particles=50 iter=25 n_caps=7 minZ=0.050972 runtime=39.39s placement={7: 1418, 5: 993, 6: 2450, 15: 1251, 0: 976, 9: 1483, 8: 274}
2026-03-24 01:56:54,674 INFO: particles=50 iter=25 n_caps=8 minZ=0.045259 runtime=39.66s placement={5: 1077, 10: 734, 9: 1553, 0: 1167, 7: 1492, 15: 1482, 16: 374, 14: 614}
2026-03-24 01:57:35,758 INFO: particles=50 iter=25 n_caps=9 minZ=0.037570 runtime=41.08s placement={10: 1494, 6: 0, 0: 1014, 7: 685, 14: 1309, 18: 1842, 13: 413, 1: 699}
2026-03-24 01:58:17,886 INFO: particles=50 iter=25 n_caps=10 minZ=0.031292 runtime=42.13s placement={0: 1854, 1: 0, 7: 1597, 14: 800, 18: 1654, 13: 2017}
2026-03-24 01:59:00,377 INFO: particles=50 iter=25 n_caps=11 minZ=0.029121 runtime=42.49s placement={0: 1854, 7: 0, 14: 1607, 18: 800, 15: 1032, 1: 2096, 10: 0}
2026-03-24 01:59:44,594 INFO: particles=50 iter=25 n_caps=12 minZ=0.027724 runtime=44.22s placement={7: 1744, 16: 0, 18: 1607, 14: 1263, 0: 22, 1: 2099, 10: 1823}
2026-03-24 02:00:28,797 INFO: particles=50 iter=25 n_caps=13 minZ=0.031334 runtime=44.20s placement={15: 1739, 18: 0, 14: 1894, 0: 1243, 1: 1154, 9: 722}
2026-03-24 02:01:14,188 INFO: particles=50 iter=25 n_caps=14 minZ=0.027253 runtime=45.39s placement={20: 2005, 14: 0, 0: 237, 1: 709, 10: 714, 2: 0, 16: 2300}
2026-03-24 02:01:59,561 INFO: particles=50 iter=25 n_caps=15 minZ=0.027786 runtime=45.37s placement={14: 2005, 0: 3347, 1: 2009, 10: 479, 2: 1878, 16: 237}
2026-03-24 02:02:46,412 INFO: particles=50 iter=25 n_caps=16 minZ=0.023599 runtime=46.85s placement={0: 892, 1: 0, 13: 180, 14: 1827}
2026-03-24 02:03:34,924 INFO: particles=50 iter=25 n_caps=17 minZ=0.022435 runtime=48.51s placement={0: 1235, 1: 0, 14: 1020, 15: 0, 8: 42}
2026-03-24 02:04:24,348 INFO: particles=50 iter=25 n_caps=18 minZ=0.023021 runtime=49.42s placement={0: 0, 1: 0, 14: 743, 15: 2197, 8: 1235}
2026-03-24 02:05:13,131 INFO: particles=50 iter=25 n_caps=19 minZ=0.023277 runtime=48.78s placement={0: 0, 1: 0, 15: 855, 16: 1114, 8: 3347}
2026-03-24 02:06:04,511 INFO: particles=50 iter=25 n_caps=20 minZ=0.020989 runtime=51.38s placement={0: 0, 14: 0, 1: 1483, 15: 742, 7: 448}
