2026-03-18 14:32:14,332 INFO: particles=50 iter=25 n_caps=1 minZ=0.087365 runtime=57.64s placement={9: 1012}
2026-03-18 14:33:13,089 INFO: particles=50 iter=25 n_caps=2 minZ=0.052748 runtime=58.76s placement={0: 1012, 9: 1595}
2026-03-18 14:34:13,475 INFO: particles=50 iter=25 n_caps=3 minZ=0.062669 runtime=60.39s placement={9: 965, 0: 1584, 7: 212}
2026-03-18 14:35:13,110 INFO: particles=50 iter=25 n_caps=4 minZ=0.050531 runtime=59.63s placement={0: 1014, 6: 1637, 8: 159, 7: 1587}
2026-03-18 14:36:14,140 INFO: particles=50 iter=25 n_caps=5 minZ=0.050788 runtime=61.03s placement={6: 950, 9: 1990, 0: 1012, 1: 882, 15: 0}
2026-03-18 14:37:16,059 INFO: particles=50 iter=25 n_caps=6 minZ=0.040001 runtime=61.92s placement={0: 1272, 1: 1512, 15: 946}
2026-03-18 14:38:19,208 INFO: particles=50 iter=25 n_caps=7 minZ=0.034530 runtime=63.15s placement={0: 0, 1: 461, 16: 776}
2026-03-18 14:39:23,504 INFO: particles=50 iter=25 n_caps=8 minZ=0.033930 runtime=64.29s placement={0: 0, 16: 447, 1: 358}
2026-03-18 14:40:27,679 INFO: particles=50 iter=25 n_caps=9 minZ=0.034174 runtime=64.18s placement={16: 1588, 0: 0, 1: 358, 7: 0}
2026-03-18 14:41:33,460 INFO: particles=50 iter=25 n_caps=10 minZ=0.032644 runtime=65.78s placement={0: 2115, 1: 681, 6: 0}
2026-03-18 14:42:40,591 INFO: particles=50 iter=25 n_caps=11 minZ=0.034498 runtime=67.13s placement={0: 0, 1: 681, 6: 966}
2026-03-18 14:43:48,255 INFO: particles=50 iter=25 n_caps=12 minZ=0.029622 runtime=67.66s placement={0: 0, 1: 1346, 6: 1825, 2: 0}
2026-03-18 14:44:57,288 INFO: particles=50 iter=25 n_caps=13 minZ=0.029070 runtime=69.03s placement={0: 0, 1: 1346, 6: 1926, 2: 2171}
2026-03-18 14:46:06,216 INFO: particles=50 iter=25 n_caps=14 minZ=0.024063 runtime=68.93s placement={0: 0, 1: 1295, 8: 842}
2026-03-18 14:47:15,169 INFO: particles=50 iter=25 n_caps=15 minZ=0.023679 runtime=68.95s placement={0: 0, 8: 1295, 1: 842, 7: 0}
2026-03-18 14:48:25,646 INFO: particles=50 iter=25 n_caps=16 minZ=0.023670 runtime=70.48s placement={8: 1193, 0: 7, 1: 842, 7: 0}
2026-03-18 14:49:36,769 INFO: particles=50 iter=25 n_caps=17 minZ=0.022597 runtime=71.12s placement={0: 1484, 1: 1295, 7: 0}
2026-03-18 14:50:48,945 INFO: particles=50 iter=25 n_caps=18 minZ=0.022278 runtime=72.18s placement={0: 1484, 1: 1295, 7: 0, 10: 0}
2026-03-18 14:52:02,406 INFO: particles=50 iter=25 n_caps=19 minZ=0.022215 runtime=73.46s placement={0: 0, 1: 1295, 7: 0, 10: 1484}
2026-03-18 14:53:16,890 INFO: particles=50 iter=25 n_caps=20 minZ=0.021868 runtime=74.48s placement={0: 0, 1: 1295, 7: 2042, 10: 7}
