2026-03-25 15:30:52,484 INFO: particles=20 iter=10 n_caps=1 minZ=0.094521 runtime=4.59s placement={0: 1375}
2026-03-25 15:30:57,226 INFO: particles=20 iter=10 n_caps=2 minZ=0.093190 runtime=4.74s placement={7: 1313, 9: 1210}
2026-03-25 15:31:02,103 INFO: particles=20 iter=10 n_caps=3 minZ=0.064325 runtime=4.88s placement={9: 1296, 14: 1076, 0: 1242}
2026-03-25 15:31:07,098 INFO: particles=20 iter=10 n_caps=4 minZ=0.062692 runtime=4.99s placement={14: 1337, 0: 1302, 10: 1194, 20: 1529}
2026-03-25 15:31:12,234 INFO: particles=20 iter=10 n_caps=5 minZ=0.056810 runtime=5.14s placement={0: 1335, 9: 1324, 14: 528, 10: 1515, 15: 2110}
2026-03-25 15:31:17,482 INFO: particles=20 iter=10 n_caps=6 minZ=0.055362 runtime=5.25s placement={9: 1481, 14: 1354, 10: 434, 15: 1416, 0: 1946, 11: 0}
2026-03-25 15:31:22,858 INFO: particles=20 iter=10 n_caps=7 minZ=0.050602 runtime=5.38s placement={14: 1481, 9: 1354, 15: 434, 0: 1416, 10: 1946, 7: 0, 16: 1508}
2026-03-25 15:31:28,353 INFO: particles=20 iter=10 n_caps=8 minZ=0.050680 runtime=5.49s placement={9: 1481, 15: 1354, 0: 434, 10: 1416, 7: 1946, 16: 0, 14: 1508, 5: 2435}
2026-03-25 15:31:33,966 INFO: particles=20 iter=10 n_caps=9 minZ=0.048812 runtime=5.61s placement={15: 1481, 0: 1354, 10: 434, 7: 1416, 16: 1946, 14: 0, 5: 1508, 20: 2435, 9: 1563}
2026-03-25 15:31:39,701 INFO: particles=20 iter=10 n_caps=10 minZ=0.052843 runtime=5.73s placement={0: 1452, 10: 1418, 7: 447, 12: 1590, 15: 1893, 5: 0, 20: 1432, 9: 2235, 4: 1582, 16: 2611}
2026-03-25 15:31:45,622 INFO: particles=20 iter=10 n_caps=11 minZ=0.050927 runtime=5.92s placement={0: 1126, 16: 801, 11: 1971, 3: 2407, 7: 1552, 17: 33, 10: 364, 15: 2790, 9: 1242, 8: 2549, 12: 2264}
2026-03-25 15:31:51,691 INFO: particles=20 iter=10 n_caps=12 minZ=0.040891 runtime=6.07s placement={6: 0, 4: 3260, 16: 1310, 0: 1476, 1: 2756, 18: 2063, 2: 3223, 19: 2604}
2026-03-25 15:31:57,865 INFO: particles=20 iter=10 n_caps=13 minZ=0.030798 runtime=6.17s placement={3: 0, 16: 2239, 0: 1283, 1: 717, 19: 3347, 18: 3013, 5: 1180, 6: 741}
2026-03-25 15:32:04,128 INFO: particles=20 iter=10 n_caps=14 minZ=0.034315 runtime=6.26s placement={16: 0, 0: 1012, 1: 1600, 19: 1170, 18: 1283, 5: 3013, 6: 1180, 7: 741, 9: 564}
2026-03-25 15:32:10,557 INFO: particles=20 iter=10 n_caps=15 minZ=0.033998 runtime=6.43s placement={0: 2908, 1: 2307, 20: 884, 17: 1259, 5: 1247, 9: 3046, 6: 1211, 11: 942}
2026-03-25 15:32:17,075 INFO: particles=20 iter=10 n_caps=16 minZ=0.031272 runtime=6.52s placement={0: 434, 1: 1640, 20: 729, 14: 1102, 7: 1299, 8: 1289, 13: 3160, 11: 1190, 9: 3219, 6: 0}
2026-03-25 15:32:23,692 INFO: particles=20 iter=10 n_caps=17 minZ=0.034933 runtime=6.62s placement={0: 798, 20: 1640, 1: 729, 14: 2849, 7: 1102, 8: 1299, 13: 1289, 11: 3160, 9: 434, 6: 3219, 15: 0, 5: 0}
2026-03-25 15:32:30,480 INFO: particles=20 iter=10 n_caps=18 minZ=0.034081 runtime=6.79s placement={20: 0, 0: 785, 1: 1732, 14: 3288, 7: 2828, 13: 1383, 12: 1391, 9: 909, 8: 532, 6: 398, 15: 2908, 5: 223, 10: 454, 17: 427}
2026-03-25 15:32:37,427 INFO: particles=20 iter=10 n_caps=19 minZ=0.037761 runtime=6.95s placement={0: 1690, 5: 1807, 1: 2908, 4: 1138, 9: 1898, 11: 3124, 14: 1373, 19: 0, 17: 789, 7: 557, 6: 144, 20: 2784, 2: 1719, 16: 1540, 3: 1579, 10: 343}
2026-03-25 15:32:44,431 INFO: particles=20 iter=10 n_caps=20 minZ=0.034377 runtime=7.00s placement={6: 0, 0: 356, 3: 3333, 12: 2426, 7: 0, 1: 3347, 16: 1357, 20: 0, 18: 1597, 4: 571, 10: 0, 19: 1425}
