2026-03-22 15:58:54,662 INFO: particles=20 iter=10 n_caps=1 minZ=0.090924 runtime=5.64s placement={0: 1318}
2026-03-22 15:59:00,450 INFO: particles=20 iter=10 n_caps=2 minZ=0.078375 runtime=5.79s placement={0: 1256, 5: 910}
2026-03-22 15:59:06,042 INFO: particles=20 iter=10 n_caps=3 minZ=0.075722 runtime=5.59s placement={6: 1179, 11: 1299, 14: 1012}
2026-03-22 15:59:11,757 INFO: particles=20 iter=10 n_caps=4 minZ=0.056611 runtime=5.71s placement={11: 1179, 14: 1299, 0: 1012, 10: 1118}
2026-03-22 15:59:17,624 INFO: particles=20 iter=10 n_caps=5 minZ=0.054799 runtime=5.87s placement={14: 1179, 0: 1299, 10: 1012, 9: 1118, 15: 1870}
2026-03-22 15:59:23,632 INFO: particles=20 iter=10 n_caps=6 minZ=0.051344 runtime=6.01s placement={0: 1179, 10: 1299, 9: 1012, 15: 1118, 14: 1870, 1: 2445}
2026-03-22 15:59:29,786 INFO: particles=20 iter=10 n_caps=7 minZ=0.052531 runtime=6.15s placement={10: 1179, 9: 1299, 15: 1012, 14: 1118, 0: 1870, 1: 2445, 16: 25}
2026-03-22 15:59:36,115 INFO: particles=20 iter=10 n_caps=8 minZ=0.050286 runtime=6.33s placement={10: 1794, 15: 1299, 16: 768, 0: 1126, 6: 1909, 14: 2444, 20: 0, 9: 1723}
2026-03-22 15:59:42,614 INFO: particles=20 iter=10 n_caps=9 minZ=0.045151 runtime=6.50s placement={0: 606, 1: 3188, 20: 3347, 13: 680, 9: 1818, 10: 0, 14: 2281}
2026-03-22 15:59:49,159 INFO: particles=20 iter=10 n_caps=10 minZ=0.050223 runtime=6.54s placement={0: 1120, 20: 3188, 1: 3347, 13: 606, 9: 680, 10: 1818, 14: 0, 2: 2281, 15: 0}
2026-03-22 15:59:55,948 INFO: particles=20 iter=10 n_caps=11 minZ=0.045505 runtime=6.79s placement={1: 119, 12: 0, 19: 0, 15: 882, 16: 1177, 11: 2798, 0: 2122, 14: 1175, 10: 2332}
2026-03-22 16:00:03,243 INFO: particles=20 iter=10 n_caps=12 minZ=0.045437 runtime=7.29s placement={13: 0, 20: 0, 15: 0, 16: 941, 14: 1006, 0: 155, 7: 2004, 1: 1146, 9: 2509}
2026-03-22 16:00:10,284 INFO: particles=20 iter=10 n_caps=13 minZ=0.036187 runtime=7.04s placement={20: 0, 14: 0, 15: 0, 13: 978, 0: 2374, 7: 2619, 1: 1698, 9: 931, 10: 141}
2026-03-22 16:00:17,737 INFO: particles=20 iter=10 n_caps=14 minZ=0.037243 runtime=7.45s placement={14: 458, 16: 91, 15: 0, 0: 2250, 6: 914, 1: 2956, 9: 1035, 13: 2566, 7: 2017, 11: 728, 12: 3098}
2026-03-22 16:00:25,089 INFO: particles=20 iter=10 n_caps=15 minZ=0.035969 runtime=7.35s placement={15: 321, 14: 1913, 0: 2185, 1: 718, 9: 3283, 12: 2765, 8: 2580, 13: 1971, 10: 3278}
2026-03-22 16:00:32,525 INFO: particles=20 iter=10 n_caps=16 minZ=0.036172 runtime=7.43s placement={14: 321, 0: 2523, 1: 0, 9: 590, 12: 752, 8: 2765, 13: 2580, 15: 885, 10: 1913, 5: 2185}
2026-03-22 16:00:40,241 INFO: particles=20 iter=10 n_caps=17 minZ=0.031342 runtime=7.72s placement={0: 2327, 1: 0, 5: 1013, 13: 1197, 17: 2416, 19: 2430, 11: 835, 12: 3347, 15: 2016}
2026-03-22 16:00:48,229 INFO: particles=20 iter=10 n_caps=18 minZ=0.028833 runtime=7.99s placement={0: 1942, 1: 0, 5: 34, 14: 3325, 16: 419, 19: 3347, 12: 2465, 10: 921, 15: 2205, 6: 2452, 11: 0}
2026-03-22 16:00:56,072 INFO: particles=20 iter=10 n_caps=19 minZ=0.027525 runtime=7.84s placement={0: 51, 4: 0, 1: 0, 14: 850, 17: 1169, 20: 2619, 10: 3347, 11: 2282, 12: 3347, 3: 1907, 9: 0}
2026-03-22 16:01:04,507 INFO: particles=20 iter=10 n_caps=20 minZ=0.030917 runtime=8.43s placement={8: 282, 0: 342, 1: 447, 5: 1103, 20: 3347, 19: 685, 14: 3347, 10: 3035, 15: 0, 16: 1739, 12: 2700, 9: 0}
