2026-03-26 04:06:57,123 INFO: particles=80 iter=50 n_caps=1 minZ=0.080251 runtime=105.88s placement={0: 1014}
2026-03-26 04:08:45,117 INFO: particles=80 iter=50 n_caps=2 minZ=0.052020 runtime=107.99s placement={0: 1014, 9: 1722}
2026-03-26 04:10:34,808 INFO: particles=80 iter=50 n_caps=3 minZ=0.054232 runtime=109.69s placement={9: 1012, 0: 1689, 7: 456}
2026-03-26 04:12:30,191 INFO: particles=80 iter=50 n_caps=4 minZ=0.043590 runtime=115.38s placement={0: 1012, 7: 1701, 9: 484, 5: 1616}
2026-03-26 04:14:27,000 INFO: particles=80 iter=50 n_caps=5 minZ=0.051389 runtime=116.81s placement={6: 745, 16: 787, 5: 610, 0: 1518, 9: 0}
2026-03-26 04:16:26,860 INFO: particles=80 iter=50 n_caps=6 minZ=0.038732 runtime=119.86s placement={18: 819, 7: 957, 0: 892, 15: 1320, 1: 14}
2026-03-26 04:18:31,156 INFO: particles=80 iter=50 n_caps=7 minZ=0.034443 runtime=124.30s placement={9: 1185, 0: 3046, 15: 1375, 1: 1510}
2026-03-26 04:20:37,271 INFO: particles=80 iter=50 n_caps=8 minZ=0.029640 runtime=126.11s placement={0: 1627, 14: 899, 1: 1372}
2026-03-26 04:22:48,528 INFO: particles=80 iter=50 n_caps=9 minZ=0.028310 runtime=131.26s placement={14: 1170, 0: 103, 1: 1372}
2026-03-26 04:24:59,825 INFO: particles=80 iter=50 n_caps=10 minZ=0.028268 runtime=131.30s placement={0: 2506, 1: 899}
2026-03-26 04:27:13,464 INFO: particles=80 iter=50 n_caps=11 minZ=0.025828 runtime=133.64s placement={0: 2507, 1: 901, 7: 95}
2026-03-26 04:29:28,975 INFO: particles=80 iter=50 n_caps=12 minZ=0.023768 runtime=135.51s placement={0: 0, 1: 901, 7: 2444}
2026-03-26 04:31:51,332 INFO: particles=80 iter=50 n_caps=13 minZ=0.023717 runtime=142.36s placement={0: 0, 1: 921, 7: 96}
2026-03-26 04:34:14,213 INFO: particles=80 iter=50 n_caps=14 minZ=0.023217 runtime=142.88s placement={0: 0, 1: 921, 7: 1625}
2026-03-26 04:36:41,139 INFO: particles=80 iter=50 n_caps=15 minZ=0.022458 runtime=146.93s placement={0: 0, 1: 921, 7: 3047}
2026-03-26 04:39:05,513 INFO: particles=80 iter=50 n_caps=16 minZ=0.025493 runtime=144.37s placement={0: 0, 1: 921, 7: 1012}
2026-03-26 04:41:33,674 INFO: particles=80 iter=50 n_caps=17 minZ=0.020850 runtime=148.16s placement={0: 156, 1: 919, 7: 0, 10: 0}
2026-03-26 04:44:06,535 INFO: particles=80 iter=50 n_caps=18 minZ=0.021436 runtime=152.86s placement={0: 0, 1: 919, 7: 1512, 10: 0}
2026-03-26 04:46:38,702 INFO: particles=80 iter=50 n_caps=19 minZ=0.021213 runtime=152.17s placement={0: 0, 1: 919, 7: 1345, 10: 0}
2026-03-26 04:49:14,418 INFO: particles=80 iter=50 n_caps=20 minZ=0.020531 runtime=155.72s placement={0: 0, 7: 916, 1: 1345, 10: 0}
