2026-03-23 04:33:03,059 INFO: particles=30 iter=15 n_caps=1 minZ=0.085029 runtime=11.83s placement={0: 1317}
2026-03-23 04:33:15,290 INFO: particles=30 iter=15 n_caps=2 minZ=0.076358 runtime=12.23s placement={15: 2329, 0: 1121}
2026-03-23 04:33:27,884 INFO: particles=30 iter=15 n_caps=3 minZ=0.070291 runtime=12.59s placement={0: 2329, 5: 1147, 9: 2001}
2026-03-23 04:33:40,782 INFO: particles=30 iter=15 n_caps=4 minZ=0.060846 runtime=12.90s placement={5: 1870, 10: 995, 0: 1485, 7: 91}
2026-03-23 04:33:54,099 INFO: particles=30 iter=15 n_caps=5 minZ=0.061807 runtime=13.32s placement={10: 1631, 14: 866, 0: 1601, 4: 894, 9: 1168}
2026-03-23 04:34:07,732 INFO: particles=30 iter=15 n_caps=6 minZ=0.055184 runtime=13.63s placement={14: 1530, 0: 852, 13: 869, 6: 957, 9: 1272, 5: 1532}
2026-03-23 04:34:21,688 INFO: particles=30 iter=15 n_caps=7 minZ=0.045087 runtime=13.96s placement={0: 2420, 14: 609, 1: 1693, 9: 1111, 20: 959}
2026-03-23 04:34:36,035 INFO: particles=30 iter=15 n_caps=8 minZ=0.047761 runtime=14.35s placement={14: 1526, 0: 911, 10: 2420, 1: 1200, 20: 1503, 16: 2580, 6: 0}
2026-03-23 04:34:50,667 INFO: particles=30 iter=15 n_caps=9 minZ=0.043017 runtime=14.63s placement={0: 1012, 9: 93, 1: 2187, 20: 1101, 14: 1175, 7: 1627, 19: 0, 5: 1800}
2026-03-23 04:35:05,728 INFO: particles=30 iter=15 n_caps=10 minZ=0.045820 runtime=15.06s placement={8: 2539, 5: 323, 6: 1066, 14: 686, 15: 909, 13: 1075, 7: 594, 10: 327, 0: 1464, 9: 594}
2026-03-23 04:35:20,989 INFO: particles=30 iter=15 n_caps=11 minZ=0.041599 runtime=15.26s placement={8: 2636, 5: 367, 15: 1057, 16: 685, 14: 913, 6: 1203, 10: 679, 0: 387, 9: 1475, 17: 930, 7: 1510}
2026-03-23 04:35:36,453 INFO: particles=30 iter=15 n_caps=12 minZ=0.043014 runtime=15.46s placement={5: 2636, 15: 367, 16: 1057, 14: 685, 6: 913, 10: 1203, 0: 679, 8: 387, 17: 1475, 7: 930, 9: 1425}
2026-03-23 04:35:52,560 INFO: particles=30 iter=15 n_caps=13 minZ=0.043826 runtime=16.11s placement={15: 985, 16: 367, 14: 1057, 6: 685, 10: 913, 0: 1203, 8: 679, 17: 387, 7: 1475, 9: 1510, 5: 1425}
2026-03-23 04:36:08,766 INFO: particles=30 iter=15 n_caps=14 minZ=0.036781 runtime=16.21s placement={15: 3258, 14: 738, 6: 943, 10: 338, 0: 1014, 8: 1136, 16: 673, 5: 528, 9: 897, 7: 1511, 13: 1358, 20: 944}
2026-03-23 04:36:25,358 INFO: particles=30 iter=15 n_caps=15 minZ=0.043110 runtime=16.59s placement={16: 3333, 7: 726, 10: 1112, 0: 341, 8: 1032, 17: 2683, 5: 353, 9: 349, 6: 898, 20: 1292, 14: 901, 15: 2752}
2026-03-23 04:36:42,424 INFO: particles=30 iter=15 n_caps=16 minZ=0.039878 runtime=17.06s placement={0: 0, 12: 3114, 1: 546, 6: 852, 7: 181, 4: 2613, 8: 1812, 10: 1834, 11: 450, 18: 681, 16: 2130, 17: 2398, 15: 981, 3: 2237, 14: 1924}
2026-03-23 04:36:59,925 INFO: particles=30 iter=15 n_caps=17 minZ=0.034873 runtime=17.50s placement={9: 1752, 1: 3327, 5: 53, 19: 2239, 0: 3014, 2: 59, 10: 850, 20: 462, 15: 743, 18: 692, 14: 1283}
2026-03-23 04:37:17,743 INFO: particles=30 iter=15 n_caps=18 minZ=0.029538 runtime=17.82s placement={0: 1141, 6: 2512, 18: 0, 1: 80, 19: 1953, 20: 1116, 13: 1413, 15: 854, 16: 1890}
2026-03-23 04:37:35,688 INFO: particles=30 iter=15 n_caps=19 minZ=0.025313 runtime=17.94s placement={0: 923, 20: 2512, 1: 0, 19: 0, 15: 0, 14: 686, 7: 0}
2026-03-23 04:37:53,643 INFO: particles=30 iter=15 n_caps=20 minZ=0.027526 runtime=17.95s placement={20: 1266, 0: 0, 1: 0, 19: 1023, 15: 3347, 14: 1267, 7: 923}
