2026-03-22 07:38:24,404 INFO: particles=80 iter=50 n_caps=1 minZ=0.080251 runtime=170.65s placement={0: 1012}
2026-03-22 07:41:18,368 INFO: particles=80 iter=50 n_caps=2 minZ=0.063658 runtime=173.96s placement={0: 1012, 6: 484}
2026-03-22 07:44:14,756 INFO: particles=80 iter=50 n_caps=3 minZ=0.047327 runtime=176.39s placement={9: 1377, 0: 1012, 14: 1186}
2026-03-22 07:47:15,820 INFO: particles=80 iter=50 n_caps=4 minZ=0.052363 runtime=181.06s placement={6: 1169, 16: 510, 5: 1512, 0: 1633}
2026-03-22 07:50:22,703 INFO: particles=80 iter=50 n_caps=5 minZ=0.042195 runtime=186.88s placement={16: 1160, 5: 588, 0: 1014, 9: 1626, 6: 1144}
2026-03-22 07:53:30,068 INFO: particles=80 iter=50 n_caps=6 minZ=0.041031 runtime=187.36s placement={5: 1487, 0: 1014, 6: 1032, 7: 1511, 9: 1594, 1: 3294}
2026-03-22 07:56:42,911 INFO: particles=80 iter=50 n_caps=7 minZ=0.031371 runtime=192.84s placement={0: 1012, 7: 887, 8: 1438, 9: 389, 1: 1374}
2026-03-22 07:59:56,046 INFO: particles=80 iter=50 n_caps=8 minZ=0.029257 runtime=193.13s placement={0: 0, 7: 892, 9: 1661, 1: 424}
2026-03-22 08:03:12,215 INFO: particles=80 iter=50 n_caps=9 minZ=0.030377 runtime=196.17s placement={7: 972, 9: 893, 0: 471, 1: 423}
2026-03-22 08:06:30,826 INFO: particles=80 iter=50 n_caps=10 minZ=0.023005 runtime=198.61s placement={9: 971, 0: 1281, 1: 1885}
2026-03-22 08:09:53,096 INFO: particles=80 iter=50 n_caps=11 minZ=0.024228 runtime=202.27s placement={0: 1539, 1: 892}
2026-03-22 08:13:19,599 INFO: particles=80 iter=50 n_caps=12 minZ=0.022553 runtime=206.50s placement={0: 1386, 1: 906, 7: 0}
2026-03-22 08:16:48,258 INFO: particles=80 iter=50 n_caps=13 minZ=0.022685 runtime=208.66s placement={0: 0, 1: 906, 7: 1386}
2026-03-22 08:20:20,375 INFO: particles=80 iter=50 n_caps=14 minZ=0.022537 runtime=212.12s placement={0: 0, 1: 906, 7: 1511}
2026-03-22 08:23:55,458 INFO: particles=80 iter=50 n_caps=15 minZ=0.022628 runtime=215.08s placement={0: 13, 1: 920, 7: 433}
2026-03-22 08:27:38,886 INFO: particles=80 iter=50 n_caps=16 minZ=0.020767 runtime=223.43s placement={0: 5, 1: 920, 7: 0}
2026-03-22 08:31:26,081 INFO: particles=80 iter=50 n_caps=17 minZ=0.020992 runtime=227.19s placement={0: 0, 1: 918, 7: 1013}
2026-03-22 08:35:09,849 INFO: particles=80 iter=50 n_caps=18 minZ=0.018541 runtime=223.77s placement={0: 115, 1: 915, 7: 3273}
2026-03-22 08:38:58,011 INFO: particles=80 iter=50 n_caps=19 minZ=0.017802 runtime=228.16s placement={0: 160, 1: 915, 7: 1373}
2026-03-22 08:42:52,952 INFO: particles=80 iter=50 n_caps=20 minZ=0.018177 runtime=234.94s placement={0: 160, 1: 915, 7: 433, 6: 50}
