2026-03-22 17:50:33,550 INFO: particles=20 iter=25 n_caps=1 minZ=0.080251 runtime=13.48s placement={0: 1012}
2026-03-22 17:50:47,551 INFO: particles=20 iter=25 n_caps=2 minZ=0.069902 runtime=14.00s placement={9: 1689, 0: 1302}
2026-03-22 17:51:01,496 INFO: particles=20 iter=25 n_caps=3 minZ=0.063703 runtime=13.94s placement={0: 1456, 9: 1373, 10: 1663}
2026-03-22 17:51:15,914 INFO: particles=20 iter=25 n_caps=4 minZ=0.064185 runtime=14.42s placement={7: 1263, 10: 1499, 0: 1464, 9: 0}
2026-03-22 17:51:30,658 INFO: particles=20 iter=25 n_caps=5 minZ=0.056356 runtime=14.74s placement={10: 1713, 0: 1245, 9: 1147, 7: 0, 6: 1162}
2026-03-22 17:51:45,820 INFO: particles=20 iter=25 n_caps=6 minZ=0.055041 runtime=15.16s placement={0: 1012, 9: 2449, 3: 804, 10: 0, 8: 1444, 4: 1689}
2026-03-22 17:52:01,295 INFO: particles=20 iter=25 n_caps=7 minZ=0.053436 runtime=15.47s placement={9: 972, 2: 2423, 10: 924, 8: 0, 6: 1399, 0: 1376, 5: 741}
2026-03-22 17:52:17,330 INFO: particles=20 iter=25 n_caps=8 minZ=0.045839 runtime=16.03s placement={18: 621, 0: 1012, 5: 2376, 16: 1061, 11: 544, 6: 726, 1: 3347, 4: 315}
2026-03-22 17:52:34,367 INFO: particles=20 iter=25 n_caps=9 minZ=0.042756 runtime=17.04s placement={9: 1373, 16: 584, 10: 2545, 7: 322, 8: 218, 6: 365, 11: 2899, 0: 1012}
2026-03-22 17:52:51,821 INFO: particles=20 iter=25 n_caps=10 minZ=0.049447 runtime=17.45s placement={16: 1311, 8: 1147, 5: 856, 9: 776, 7: 463, 12: 76, 10: 3189, 0: 2350, 13: 1338, 15: 1502}
2026-03-22 17:53:08,986 INFO: particles=20 iter=25 n_caps=11 minZ=0.047344 runtime=17.16s placement={7: 1308, 5: 1415, 10: 801, 8: 687, 12: 138, 6: 281, 0: 3189, 9: 433, 15: 1389, 11: 1418, 1: 2932}
2026-03-22 17:53:26,537 INFO: particles=20 iter=25 n_caps=12 minZ=0.033802 runtime=17.55s placement={4: 1643, 1: 15, 0: 3347, 10: 341, 7: 175, 17: 3347, 18: 681, 8: 1706, 6: 955}
2026-03-22 17:53:44,347 INFO: particles=20 iter=25 n_caps=13 minZ=0.029510 runtime=17.81s placement={0: 752, 1: 72, 12: 1855, 7: 9, 16: 885, 20: 3347, 8: 99, 5: 3347}
2026-03-22 17:54:02,442 INFO: particles=20 iter=25 n_caps=14 minZ=0.035626 runtime=18.09s placement={0: 231, 15: 448, 10: 1776, 1: 457, 16: 425, 19: 2, 7: 3347, 9: 1311, 6: 600}
2026-03-22 17:54:21,573 INFO: particles=20 iter=25 n_caps=15 minZ=0.030393 runtime=19.13s placement={15: 667, 9: 487, 0: 841, 7: 0, 18: 82, 8: 2, 1: 3087, 10: 2155, 16: 159}
2026-03-22 17:54:40,327 INFO: particles=20 iter=25 n_caps=16 minZ=0.030689 runtime=18.75s placement={9: 667, 0: 2669, 7: 1804, 18: 0, 8: 82, 1: 2, 10: 54, 15: 342}
2026-03-22 17:54:59,449 INFO: particles=20 iter=25 n_caps=17 minZ=0.027209 runtime=19.12s placement={0: 1366, 7: 66, 18: 3347, 8: 0, 1: 82, 9: 3121, 15: 770}
2026-03-22 17:55:19,209 INFO: particles=20 iter=25 n_caps=18 minZ=0.027197 runtime=19.76s placement={7: 892, 18: 0, 8: 3347, 0: 0, 1: 0, 6: 0, 2: 3163, 15: 3347}
2026-03-22 17:55:39,217 INFO: particles=20 iter=25 n_caps=19 minZ=0.027690 runtime=20.01s placement={18: 892, 7: 0, 0: 1231, 1: 0, 8: 0, 2: 0, 15: 890, 10: 0}
2026-03-22 17:55:59,404 INFO: particles=20 iter=25 n_caps=20 minZ=0.022606 runtime=20.19s placement={7: 731, 0: 3266, 1: 3347, 8: 0, 2: 0, 15: 2310, 5: 1447}
