2026-04-01 22:02:50,708 INFO: particles=20 iter=15 n_caps=1 minZ=0.108062 runtime=18.70s placement={9: 940}
2026-04-01 22:03:11,785 INFO: particles=20 iter=15 n_caps=2 minZ=0.070814 runtime=21.08s placement={14: 1343, 0: 984}
2026-04-01 22:03:34,058 INFO: particles=20 iter=15 n_caps=3 minZ=0.049373 runtime=22.27s placement={0: 1012, 6: 953, 9: 1733}
2026-04-01 22:03:56,648 INFO: particles=20 iter=15 n_caps=4 minZ=0.064197 runtime=22.59s placement={7: 966, 9: 653, 0: 1789, 8: 0}
2026-04-01 22:04:21,126 INFO: particles=20 iter=15 n_caps=5 minZ=0.057595 runtime=24.48s placement={9: 982, 0: 911, 7: 1665, 11: 0, 12: 1673}
2026-04-01 22:04:47,358 INFO: particles=20 iter=15 n_caps=6 minZ=0.044981 runtime=26.23s placement={0: 1014, 7: 913, 14: 1634, 11: 0, 15: 1310, 1: 1509}
2026-04-01 22:05:15,188 INFO: particles=20 iter=15 n_caps=7 minZ=0.053377 runtime=27.83s placement={5: 1021, 16: 956, 9: 1267, 15: 0, 0: 1489, 10: 1594, 11: 0}
2026-04-01 22:05:43,824 INFO: particles=20 iter=15 n_caps=8 minZ=0.048611 runtime=28.64s placement={16: 858, 9: 956, 15: 1270, 0: 892, 10: 1489, 11: 1629, 1: 0}
2026-04-01 22:06:14,977 INFO: particles=20 iter=15 n_caps=9 minZ=0.044557 runtime=31.15s placement={5: 1188, 13: 922, 0: 2830, 6: 0, 9: 641, 1: 1246}
2026-04-01 22:06:47,414 INFO: particles=20 iter=15 n_caps=10 minZ=0.036368 runtime=32.44s placement={16: 620, 0: 2814, 1: 1529, 6: 0, 15: 873}
2026-04-01 22:07:21,208 INFO: particles=20 iter=15 n_caps=11 minZ=0.032856 runtime=33.79s placement={0: 1281, 1: 161, 3: 3347, 4: 3014, 16: 893}
2026-04-01 22:07:54,186 INFO: particles=20 iter=15 n_caps=12 minZ=0.031619 runtime=32.98s placement={0: 1281, 3: 161, 1: 3347, 4: 605, 16: 3014, 7: 0}
2026-04-01 22:08:29,304 INFO: particles=20 iter=15 n_caps=13 minZ=0.032178 runtime=35.12s placement={6: 507, 0: 0, 1: 3347, 5: 0, 16: 824, 9: 1519}
2026-04-01 22:09:04,648 INFO: particles=20 iter=15 n_caps=14 minZ=0.025780 runtime=35.34s placement={0: 1012, 1: 486, 6: 569, 16: 0, 9: 651}
2026-04-01 22:09:42,337 INFO: particles=20 iter=15 n_caps=15 minZ=0.025907 runtime=37.69s placement={0: 0, 1: 486, 6: 454, 16: 569, 9: 2988}
2026-04-01 22:10:19,804 INFO: particles=20 iter=15 n_caps=16 minZ=0.026487 runtime=37.47s placement={0: 0, 1: 486, 6: 538, 16: 454, 9: 899}
2026-04-01 22:11:06,693 INFO: particles=20 iter=15 n_caps=17 minZ=0.025544 runtime=46.89s placement={0: 0, 1: 486, 6: 3347, 16: 538, 9: 0, 7: 0}
2026-04-01 22:11:54,486 INFO: particles=20 iter=15 n_caps=18 minZ=0.024930 runtime=47.79s placement={0: 0, 6: 486, 16: 3347, 1: 538, 9: 569, 7: 0, 15: 0}
2026-04-01 22:12:41,711 INFO: particles=20 iter=15 n_caps=19 minZ=0.024150 runtime=47.22s placement={6: 0, 16: 486, 0: 0, 1: 538, 9: 454, 7: 0, 15: 0, 5: 0}
2026-04-01 22:13:30,380 INFO: particles=20 iter=15 n_caps=20 minZ=0.027911 runtime=48.67s placement={14: 237, 0: 0, 1: 3347, 20: 448, 7: 929, 15: 0, 5: 0, 2: 0, 10: 0, 13: 1744}
