2026-03-22 02:10:33,820 INFO: particles=50 iter=40 n_caps=1 minZ=0.089207 runtime=87.23s placement={0: 1487}
2026-03-22 02:12:02,417 INFO: particles=50 iter=40 n_caps=2 minZ=0.053834 runtime=88.60s placement={5: 1613, 0: 1014}
2026-03-22 02:13:32,975 INFO: particles=50 iter=40 n_caps=3 minZ=0.054275 runtime=90.56s placement={0: 1663, 9: 1014, 10: 966}
2026-03-22 02:15:05,277 INFO: particles=50 iter=40 n_caps=4 minZ=0.051033 runtime=92.30s placement={10: 2891, 7: 557, 0: 1014, 5: 11}
2026-03-22 02:16:39,386 INFO: particles=50 iter=40 n_caps=5 minZ=0.047699 runtime=94.11s placement={6: 2993, 0: 1014, 5: 953, 16: 0, 7: 1814}
2026-03-22 02:18:14,936 INFO: particles=50 iter=40 n_caps=6 minZ=0.051206 runtime=95.55s placement={0: 1605, 5: 1326, 14: 686, 6: 0, 15: 2002, 9: 587}
2026-03-22 02:19:51,884 INFO: particles=50 iter=40 n_caps=7 minZ=0.050004 runtime=96.95s placement={5: 1605, 14: 1139, 6: 727, 9: 0, 10: 2232, 0: 767, 7: 0}
2026-03-22 02:21:30,839 INFO: particles=50 iter=40 n_caps=8 minZ=0.041809 runtime=98.95s placement={13: 1550, 6: 901, 2: 317, 7: 175, 0: 1012, 9: 649, 15: 67, 14: 1739}
2026-03-22 02:23:12,634 INFO: particles=50 iter=40 n_caps=9 minZ=0.041272 runtime=101.79s placement={13: 1904, 1: 611, 6: 1012, 0: 1014, 11: 1140, 14: 928, 7: 0, 16: 144, 5: 2499}
2026-03-22 02:24:54,354 INFO: particles=50 iter=40 n_caps=10 minZ=0.033117 runtime=101.72s placement={1: 1907, 6: 667, 0: 2304, 9: 1006, 14: 1138, 7: 933, 15: 0, 5: 149}
2026-03-22 02:26:38,099 INFO: particles=50 iter=40 n_caps=11 minZ=0.034913 runtime=103.74s placement={5: 1531, 0: 362, 9: 899, 14: 892, 10: 1087, 15: 818, 8: 26, 1: 76}
2026-03-22 02:28:23,378 INFO: particles=50 iter=40 n_caps=12 minZ=0.031325 runtime=105.28s placement={0: 837, 11: 891, 14: 934, 15: 905, 16: 1086, 9: 862, 1: 0}
2026-03-22 02:30:10,519 INFO: particles=50 iter=40 n_caps=13 minZ=0.029443 runtime=107.14s placement={11: 1129, 12: 564, 14: 851, 15: 829, 9: 882, 0: 0, 1: 0}
2026-03-22 02:31:58,822 INFO: particles=50 iter=40 n_caps=14 minZ=0.023621 runtime=108.30s placement={10: 1160, 14: 434, 15: 859, 9: 841, 0: 1773, 1: 1251}
2026-03-22 02:33:48,606 INFO: particles=50 iter=40 n_caps=15 minZ=0.025131 runtime=109.78s placement={14: 1160, 15: 434, 9: 859, 0: 1773, 1: 893, 2: 1697}
2026-03-22 02:35:40,037 INFO: particles=50 iter=40 n_caps=16 minZ=0.022933 runtime=111.43s placement={15: 1160, 9: 434, 0: 2443, 1: 841, 2: 1773, 20: 1697}
2026-03-22 02:37:33,384 INFO: particles=50 iter=40 n_caps=17 minZ=0.021215 runtime=113.35s placement={9: 1160, 0: 2624, 1: 859, 2: 0, 20: 1773}
2026-03-22 02:39:28,278 INFO: particles=50 iter=40 n_caps=18 minZ=0.020958 runtime=114.89s placement={0: 1579, 1: 539, 20: 0}
2026-03-22 02:41:24,661 INFO: particles=50 iter=40 n_caps=19 minZ=0.022109 runtime=116.38s placement={0: 1579, 1: 539, 20: 1014, 7: 0}
2026-03-22 02:43:22,233 INFO: particles=50 iter=40 n_caps=20 minZ=0.022477 runtime=117.57s placement={0: 0, 1: 539, 20: 344, 7: 1579}
