2026-03-20 13:57:17,070 INFO: particles=80 iter=25 n_caps=1 minZ=0.082346 runtime=85.31s placement={0: 953}
2026-03-20 13:58:44,446 INFO: particles=80 iter=25 n_caps=2 minZ=0.054226 runtime=87.38s placement={0: 1014, 16: 1466}
2026-03-20 14:00:14,107 INFO: particles=80 iter=25 n_caps=3 minZ=0.060926 runtime=89.66s placement={16: 1012, 0: 1167, 7: 0}
2026-03-20 14:01:44,955 INFO: particles=80 iter=25 n_caps=4 minZ=0.050034 runtime=90.85s placement={0: 1012, 7: 1167, 6: 0, 9: 2687}
2026-03-20 14:03:17,967 INFO: particles=80 iter=25 n_caps=5 minZ=0.054269 runtime=93.01s placement={5: 652, 0: 1300, 9: 1025, 10: 2311, 14: 1628}
2026-03-20 14:04:52,349 INFO: particles=80 iter=25 n_caps=6 minZ=0.035632 runtime=94.38s placement={0: 1012, 1: 1394, 15: 910, 14: 2256}
2026-03-20 14:06:28,691 INFO: particles=80 iter=25 n_caps=7 minZ=0.033624 runtime=96.34s placement={0: 0, 15: 1388, 14: 892, 1: 2120}
2026-03-20 14:08:06,466 INFO: particles=80 iter=25 n_caps=8 minZ=0.032336 runtime=97.77s placement={15: 582, 14: 1388, 0: 0, 1: 2120}
2026-03-20 14:09:45,009 INFO: particles=80 iter=25 n_caps=9 minZ=0.030199 runtime=98.54s placement={17: 628, 0: 2581, 1: 928}
2026-03-20 14:11:26,054 INFO: particles=80 iter=25 n_caps=10 minZ=0.026960 runtime=101.04s placement={0: 2918, 1: 1396}
2026-03-20 14:13:08,141 INFO: particles=80 iter=25 n_caps=11 minZ=0.024907 runtime=102.09s placement={0: 2959, 1: 1392, 16: 0}
2026-03-20 14:14:51,892 INFO: particles=80 iter=25 n_caps=12 minZ=0.024725 runtime=103.75s placement={0: 0, 1: 1392, 16: 2959}
2026-03-20 14:16:37,003 INFO: particles=80 iter=25 n_caps=13 minZ=0.024997 runtime=105.11s placement={0: 0, 1: 1392, 16: 2564}
2026-03-20 14:18:23,943 INFO: particles=80 iter=25 n_caps=14 minZ=0.023963 runtime=106.94s placement={0: 0, 1: 1392, 16: 0, 7: 0}
2026-03-20 14:20:12,015 INFO: particles=80 iter=25 n_caps=15 minZ=0.023674 runtime=108.07s placement={0: 0, 1: 1392, 16: 0, 7: 0}
2026-03-20 14:22:02,583 INFO: particles=80 iter=25 n_caps=16 minZ=0.024469 runtime=110.57s placement={0: 0, 1: 1392, 16: 1045, 7: 0}
2026-03-20 14:23:53,526 INFO: particles=80 iter=25 n_caps=17 minZ=0.027467 runtime=110.94s placement={0: 0, 1: 1392, 16: 1014, 7: 0}
2026-03-20 14:25:46,333 INFO: particles=80 iter=25 n_caps=18 minZ=0.023818 runtime=112.81s placement={0: 0, 1: 1392, 16: 1502, 7: 2959}
2026-03-20 14:27:40,053 INFO: particles=80 iter=25 n_caps=19 minZ=0.023944 runtime=113.72s placement={0: 421, 1: 1295, 9: 419, 7: 2214}
2026-03-20 14:29:35,903 INFO: particles=80 iter=25 n_caps=20 minZ=0.023122 runtime=115.85s placement={0: 434, 9: 1305, 1: 419, 7: 0, 2: 0}
