2026-03-20 21:16:21,757 INFO: particles=80 iter=25 n_caps=1 minZ=0.080251 runtime=85.88s placement={0: 1012}
2026-03-20 21:17:49,117 INFO: particles=80 iter=25 n_caps=2 minZ=0.067384 runtime=87.36s placement={0: 1126, 15: 969}
2026-03-20 21:19:17,848 INFO: particles=80 iter=25 n_caps=3 minZ=0.051811 runtime=88.73s placement={16: 1517, 0: 1014, 5: 0}
2026-03-20 21:20:49,466 INFO: particles=80 iter=25 n_caps=4 minZ=0.054314 runtime=91.62s placement={0: 1012, 6: 1372, 15: 700, 8: 2848}
2026-03-20 21:22:22,128 INFO: particles=80 iter=25 n_caps=5 minZ=0.045599 runtime=92.66s placement={6: 2193, 2: 2079, 9: 2950, 0: 1014, 10: 901}
2026-03-20 21:23:56,399 INFO: particles=80 iter=25 n_caps=6 minZ=0.038776 runtime=94.27s placement={0: 1183, 5: 2866, 1: 3341, 11: 380}
2026-03-20 21:25:35,440 INFO: particles=80 iter=25 n_caps=7 minZ=0.038122 runtime=99.04s placement={3: 1381, 0: 0, 13: 3347, 1: 0}
2026-03-20 21:27:13,253 INFO: particles=80 iter=25 n_caps=8 minZ=0.029117 runtime=97.81s placement={0: 623, 14: 2661, 1: 3347}
2026-03-20 21:28:51,789 INFO: particles=80 iter=25 n_caps=9 minZ=0.028998 runtime=98.54s placement={15: 1370, 0: 0, 1: 3347}
2026-03-20 21:30:32,247 INFO: particles=80 iter=25 n_caps=10 minZ=0.028065 runtime=100.46s placement={0: 2611, 1: 2503, 7: 0}
2026-03-20 21:32:14,926 INFO: particles=80 iter=25 n_caps=11 minZ=0.027364 runtime=102.68s placement={0: 0, 1: 2565, 7: 596}
2026-03-20 21:33:58,099 INFO: particles=80 iter=25 n_caps=12 minZ=0.025782 runtime=103.17s placement={0: 0, 1: 2565, 7: 0, 10: 0}
2026-03-20 21:35:43,815 INFO: particles=80 iter=25 n_caps=13 minZ=0.029128 runtime=105.72s placement={0: 0, 1: 2565, 7: 1014, 10: 0}
2026-03-20 21:37:30,256 INFO: particles=80 iter=25 n_caps=14 minZ=0.029266 runtime=106.44s placement={0: 3, 1: 2565, 7: 1014, 10: 2564}
2026-03-20 21:39:18,288 INFO: particles=80 iter=25 n_caps=15 minZ=0.024333 runtime=108.03s placement={0: 10, 1: 2565, 7: 12, 10: 0, 6: 3}
2026-03-20 21:41:08,019 INFO: particles=80 iter=25 n_caps=16 minZ=0.024625 runtime=109.73s placement={0: 51, 1: 2565, 7: 3347, 10: 596, 6: 0}
2026-03-20 21:42:59,392 INFO: particles=80 iter=25 n_caps=17 minZ=0.024052 runtime=111.37s placement={0: 26, 7: 2565, 1: 3347, 10: 0, 6: 0}
2026-03-20 21:44:52,469 INFO: particles=80 iter=25 n_caps=18 minZ=0.026549 runtime=113.08s placement={7: 1372, 0: 51, 1: 3347, 10: 1014, 6: 0, 15: 26, 16: 80}
2026-03-20 21:46:47,380 INFO: particles=80 iter=25 n_caps=19 minZ=0.025597 runtime=114.91s placement={0: 1250, 1: 2565, 10: 1014, 6: 2564, 15: 51, 16: 26}
2026-03-20 21:48:42,905 INFO: particles=80 iter=25 n_caps=20 minZ=0.022172 runtime=115.52s placement={0: 0, 1: 2565, 10: 12, 6: 0, 15: 10, 16: 51}
