2026-03-30 05:18:04,275 INFO: particles=20 iter=25 n_caps=1 minZ=0.090277 runtime=13.30s placement={15: 1278}
2026-03-30 05:18:28,323 INFO: particles=20 iter=25 n_caps=2 minZ=0.069378 runtime=24.05s placement={9: 1278, 15: 2552}
2026-03-30 05:19:11,947 INFO: particles=20 iter=25 n_caps=3 minZ=0.052889 runtime=43.62s placement={5: 974, 10: 1931, 0: 1618}
2026-03-30 05:20:10,272 INFO: particles=20 iter=25 n_caps=4 minZ=0.047457 runtime=58.32s placement={9: 1004, 0: 2035, 14: 1567, 10: 484}
2026-03-30 05:21:09,788 INFO: particles=20 iter=25 n_caps=5 minZ=0.037105 runtime=59.52s placement={0: 1014, 15: 1410, 8: 1469, 9: 1619, 16: 1366}
2026-03-30 05:22:33,471 INFO: particles=20 iter=25 n_caps=6 minZ=0.042103 runtime=83.68s placement={15: 1384, 6: 1397, 9: 1455, 16: 1941, 0: 1994, 10: 876}
2026-03-30 05:24:03,085 INFO: particles=20 iter=25 n_caps=7 minZ=0.039180 runtime=89.61s placement={6: 1617, 9: 1362, 16: 1447, 0: 1960, 10: 1982, 5: 891, 7: 2621}
2026-03-30 05:25:50,152 INFO: particles=20 iter=25 n_caps=8 minZ=0.032679 runtime=107.07s placement={9: 1505, 16: 1408, 0: 1014, 10: 2229, 5: 3228, 6: 898, 1: 2622}
2026-03-30 05:27:54,314 INFO: particles=20 iter=25 n_caps=9 minZ=0.029267 runtime=124.16s placement={15: 1546, 0: 1014, 9: 1160, 5: 2266, 6: 3221, 1: 925, 10: 1689}
2026-03-30 05:30:06,628 INFO: particles=20 iter=25 n_caps=10 minZ=0.029824 runtime=132.31s placement={0: 2664, 10: 942, 9: 1281, 5: 1845, 1: 3314, 6: 1092}
2026-03-30 05:32:38,662 INFO: particles=20 iter=25 n_caps=11 minZ=0.028109 runtime=152.03s placement={10: 1016, 9: 928, 5: 1264, 0: 1074, 1: 3311, 6: 2857, 14: 2663, 16: 0}
2026-03-30 05:35:28,467 INFO: particles=20 iter=25 n_caps=12 minZ=0.026173 runtime=169.80s placement={6: 786, 3: 1420, 0: 1193, 1: 2883, 10: 1719, 16: 2732, 19: 0}
2026-03-30 05:38:21,458 INFO: particles=20 iter=25 n_caps=13 minZ=0.025079 runtime=172.99s placement={4: 786, 0: 1031, 1: 1383, 10: 856, 15: 1931, 20: 2779}
2026-03-30 05:41:26,758 INFO: particles=20 iter=25 n_caps=14 minZ=0.022337 runtime=185.30s placement={0: 781, 1: 1318, 10: 2899, 20: 1950}
2026-03-30 05:44:46,038 INFO: particles=20 iter=25 n_caps=15 minZ=0.024339 runtime=199.28s placement={0: 2131, 1: 1753, 10: 957, 19: 2498, 14: 1040}
2026-03-30 05:47:56,347 INFO: particles=20 iter=25 n_caps=16 minZ=0.022274 runtime=190.31s placement={0: 1980, 1: 1666, 9: 2005, 19: 2839, 14: 1488, 15: 0}
2026-03-30 05:51:36,217 INFO: particles=20 iter=25 n_caps=17 minZ=0.022847 runtime=219.87s placement={0: 0, 1: 1666, 9: 980, 19: 957, 14: 1619, 15: 1980, 10: 0}
2026-03-30 05:55:25,002 INFO: particles=20 iter=25 n_caps=18 minZ=0.022728 runtime=228.78s placement={0: 0, 1: 1576, 11: 2375, 20: 2234, 15: 605, 16: 945, 5: 1932, 2: 0}
2026-03-30 05:59:37,074 INFO: particles=20 iter=25 n_caps=19 minZ=0.023080 runtime=252.07s placement={0: 0, 9: 1566, 1: 2374, 20: 1024, 15: 2756, 16: 1358, 5: 945, 2: 1930, 10: 0}
2026-03-30 06:03:53,645 INFO: particles=20 iter=25 n_caps=20 minZ=0.022184 runtime=256.57s placement={9: 143, 0: 2, 20: 1671, 1: 1276, 14: 1694, 12: 2379, 11: 1175, 16: 0}
