2026-03-28 13:50:55,186 INFO: particles=20 iter=40 n_caps=1 minZ=0.072654 runtime=26.48s placement={0: 1320}
2026-03-28 13:51:42,904 INFO: particles=20 iter=40 n_caps=2 minZ=0.052330 runtime=47.72s placement={9: 1467, 0: 998}
2026-03-28 13:52:45,345 INFO: particles=20 iter=40 n_caps=3 minZ=0.045573 runtime=62.44s placement={0: 989, 15: 1101, 6: 2330}
2026-03-28 13:54:11,148 INFO: particles=20 iter=40 n_caps=4 minZ=0.047304 runtime=85.80s placement={10: 939, 6: 1300, 0: 2027, 16: 1064}
2026-03-28 13:55:54,914 INFO: particles=20 iter=40 n_caps=5 minZ=0.037135 runtime=103.77s placement={6: 1932, 0: 1014, 16: 2131, 7: 1127, 10: 2209}
2026-03-28 13:58:01,378 INFO: particles=20 iter=40 n_caps=6 minZ=0.038639 runtime=126.46s placement={0: 1120, 14: 967, 9: 2025, 10: 1635, 1: 2016}
2026-03-28 14:00:31,592 INFO: particles=20 iter=40 n_caps=7 minZ=0.030856 runtime=150.21s placement={15: 1970, 0: 0, 9: 1361, 1: 1770}
2026-03-28 14:03:22,232 INFO: particles=20 iter=40 n_caps=8 minZ=0.028755 runtime=170.64s placement={0: 1315, 10: 733, 1: 601}
2026-03-28 14:06:30,759 INFO: particles=20 iter=40 n_caps=9 minZ=0.027448 runtime=188.53s placement={9: 2188, 0: 0, 1: 575, 16: 1316, 15: 7}
2026-03-28 14:10:02,835 INFO: particles=20 iter=40 n_caps=10 minZ=0.024989 runtime=212.07s placement={0: 1032, 1: 810, 17: 0, 15: 2193}
2026-03-28 14:13:39,542 INFO: particles=20 iter=40 n_caps=11 minZ=0.027360 runtime=216.71s placement={0: 586, 1: 848, 11: 973, 14: 0}
2026-03-28 14:17:47,673 INFO: particles=20 iter=40 n_caps=12 minZ=0.026533 runtime=248.13s placement={0: 0, 1: 1102, 11: 1633, 12: 1773, 16: 0}
2026-03-28 14:22:02,580 INFO: particles=20 iter=40 n_caps=13 minZ=0.022137 runtime=254.91s placement={0: 0, 1: 1478, 10: 1583, 11: 1525, 16: 0, 12: 0}
2026-03-28 14:26:40,877 INFO: particles=20 iter=40 n_caps=14 minZ=0.025408 runtime=278.30s placement={0: 0, 1: 1478, 10: 1014, 11: 1583, 16: 1915, 12: 0}
2026-03-28 14:31:44,197 INFO: particles=20 iter=40 n_caps=15 minZ=0.022298 runtime=303.32s placement={0: 0, 9: 638, 10: 982, 1: 2184, 16: 144, 14: 1615, 6: 0}
2026-03-28 14:37:13,437 INFO: particles=20 iter=40 n_caps=16 minZ=0.022674 runtime=329.24s placement={8: 2942, 9: 666, 0: 0, 1: 2069, 16: 801, 14: 80, 6: 849}
2026-03-28 14:43:02,978 INFO: particles=20 iter=40 n_caps=17 minZ=0.020643 runtime=349.54s placement={9: 2768, 0: 1364, 1: 1014, 16: 614, 14: 810, 5: 0}
2026-03-28 14:49:02,002 INFO: particles=20 iter=40 n_caps=18 minZ=0.019688 runtime=359.02s placement={0: 1364, 1: 666, 16: 1956, 14: 614, 5: 600, 10: 1531}
2026-03-28 14:55:30,816 INFO: particles=20 iter=40 n_caps=19 minZ=0.019909 runtime=388.81s placement={0: 1531, 1: 666, 16: 1453, 14: 1956, 5: 1012, 10: 1364, 6: 0}
2026-03-28 15:02:22,206 INFO: particles=20 iter=40 n_caps=20 minZ=0.019224 runtime=411.39s placement={0: 0, 1: 629, 16: 2122, 14: 1458, 5: 83, 10: 0, 6: 1515}
