2026-03-24 03:03:41,309 INFO: particles=50 iter=40 n_caps=1 minZ=0.094622 runtime=52.27s placement={16: 1012}
2026-03-24 03:04:35,131 INFO: particles=50 iter=40 n_caps=2 minZ=0.052893 runtime=53.82s placement={0: 1014, 9: 2495}
2026-03-24 03:05:30,366 INFO: particles=50 iter=40 n_caps=3 minZ=0.061818 runtime=55.23s placement={9: 1014, 0: 2495, 7: 0}
2026-03-24 03:06:27,299 INFO: particles=50 iter=40 n_caps=4 minZ=0.046409 runtime=56.93s placement={0: 1012, 7: 2121, 6: 0, 14: 1667}
2026-03-24 03:07:26,884 INFO: particles=50 iter=40 n_caps=5 minZ=0.043227 runtime=59.58s placement={15: 929, 9: 297, 14: 1291, 17: 1633, 0: 1012}
2026-03-24 03:08:26,900 INFO: particles=50 iter=40 n_caps=6 minZ=0.044492 runtime=60.02s placement={9: 1012, 14: 387, 16: 1111, 0: 1113, 6: 1135, 15: 456}
2026-03-24 03:09:29,279 INFO: particles=50 iter=40 n_caps=7 minZ=0.038057 runtime=62.38s placement={14: 1351, 15: 422, 0: 1012, 7: 1597, 16: 1571, 9: 284, 6: 1399}
2026-03-24 03:10:32,335 INFO: particles=50 iter=40 n_caps=8 minZ=0.046156 runtime=63.06s placement={16: 1267, 0: 811, 7: 1094, 15: 1564, 9: 1661, 6: 365, 14: 1386, 5: 2274}
2026-03-24 03:11:37,430 INFO: particles=50 iter=40 n_caps=9 minZ=0.033768 runtime=65.09s placement={0: 2693, 1: 1338, 16: 1304, 15: 1017, 7: 1253, 10: 714}
2026-03-24 03:12:43,857 INFO: particles=50 iter=40 n_caps=10 minZ=0.028291 runtime=66.43s placement={0: 0, 16: 1311, 15: 1306, 1: 835, 10: 1025}
2026-03-24 03:13:53,107 INFO: particles=50 iter=40 n_caps=11 minZ=0.029224 runtime=69.25s placement={14: 740, 13: 2016, 0: 0, 9: 484, 1: 195}
2026-03-24 03:15:05,301 INFO: particles=50 iter=40 n_caps=12 minZ=0.026780 runtime=72.19s placement={14: 342, 0: 2924, 9: 0, 1: 585}
2026-03-24 03:16:16,898 INFO: particles=50 iter=40 n_caps=13 minZ=0.024737 runtime=71.60s placement={0: 2377, 9: 1883, 1: 0}
2026-03-24 03:17:28,950 INFO: particles=50 iter=40 n_caps=14 minZ=0.024347 runtime=72.05s placement={10: 400, 0: 0, 1: 0}
2026-03-24 03:18:42,426 INFO: particles=50 iter=40 n_caps=15 minZ=0.021945 runtime=73.48s placement={0: 1774, 1: 1995}
2026-03-24 03:19:56,474 INFO: particles=50 iter=40 n_caps=16 minZ=0.021726 runtime=74.05s placement={0: 1774, 1: 1995, 7: 0}
2026-03-24 03:21:12,459 INFO: particles=50 iter=40 n_caps=17 minZ=0.022345 runtime=75.98s placement={0: 0, 1: 1995, 7: 1774}
2026-03-24 03:22:30,304 INFO: particles=50 iter=40 n_caps=18 minZ=0.021306 runtime=77.84s placement={0: 0, 1: 1995, 7: 0}
2026-03-24 03:23:49,101 INFO: particles=50 iter=40 n_caps=19 minZ=0.021355 runtime=78.80s placement={0: 0, 1: 1999, 7: 2349}
2026-03-24 03:25:09,579 INFO: particles=50 iter=40 n_caps=20 minZ=0.021571 runtime=80.48s placement={0: 0, 1: 1999, 7: 2888}
