2026-03-20 01:46:22,979 INFO: particles=80 iter=10 n_caps=1 minZ=0.080251 runtime=34.29s placement={0: 1014}
2026-03-20 01:46:57,867 INFO: particles=80 iter=10 n_caps=2 minZ=0.065360 runtime=34.89s placement={0: 1479, 7: 586}
2026-03-20 01:47:33,613 INFO: particles=80 iter=10 n_caps=3 minZ=0.065530 runtime=35.75s placement={9: 1204, 0: 1303, 15: 1717}
2026-03-20 01:48:09,813 INFO: particles=80 iter=10 n_caps=4 minZ=0.058896 runtime=36.20s placement={0: 1376, 15: 1358, 7: 1676, 10: 1837}
2026-03-20 01:48:46,863 INFO: particles=80 iter=10 n_caps=5 minZ=0.052098 runtime=37.05s placement={16: 1311, 7: 1396, 9: 1663, 0: 1316, 10: 565}
2026-03-20 01:49:24,521 INFO: particles=80 iter=10 n_caps=6 minZ=0.053614 runtime=37.66s placement={7: 1311, 9: 1396, 0: 1663, 10: 1316, 15: 565, 14: 2771}
2026-03-20 01:50:03,058 INFO: particles=80 iter=10 n_caps=7 minZ=0.049640 runtime=38.54s placement={16: 1293, 0: 1879, 10: 2314, 1: 2116, 14: 640, 2: 3347}
2026-03-20 01:50:42,374 INFO: particles=80 iter=10 n_caps=8 minZ=0.038206 runtime=39.32s placement={0: 1870, 10: 2235, 1: 2039, 9: 1498, 13: 3212, 7: 2771}
2026-03-20 01:51:22,217 INFO: particles=80 iter=10 n_caps=9 minZ=0.032342 runtime=39.84s placement={16: 0, 0: 787, 9: 2426, 1: 869, 17: 1465}
2026-03-20 01:52:02,451 INFO: particles=80 iter=10 n_caps=10 minZ=0.030680 runtime=40.23s placement={0: 2714, 9: 1589, 1: 2426, 16: 869}
2026-03-20 01:52:43,195 INFO: particles=80 iter=10 n_caps=11 minZ=0.030191 runtime=40.74s placement={9: 0, 0: 0, 16: 2426, 1: 869}
2026-03-20 01:53:24,201 INFO: particles=80 iter=10 n_caps=12 minZ=0.027965 runtime=41.01s placement={0: 1569, 16: 1589, 1: 2426}
2026-03-20 01:54:06,116 INFO: particles=80 iter=10 n_caps=13 minZ=0.027289 runtime=41.91s placement={16: 0, 0: 1569, 1: 2426, 7: 0}
2026-03-20 01:54:48,237 INFO: particles=80 iter=10 n_caps=14 minZ=0.027120 runtime=42.12s placement={0: 2804, 1: 1589, 7: 1569}
2026-03-20 01:55:31,320 INFO: particles=80 iter=10 n_caps=15 minZ=0.025956 runtime=43.08s placement={0: 2804, 1: 1589, 7: 0, 10: 0}
2026-03-20 01:56:15,136 INFO: particles=80 iter=10 n_caps=16 minZ=0.026065 runtime=43.82s placement={0: 0, 1: 1589, 7: 2714, 10: 2804, 6: 30}
2026-03-20 01:56:59,469 INFO: particles=80 iter=10 n_caps=17 minZ=0.026481 runtime=44.33s placement={0: 2804, 1: 1589, 7: 787, 10: 0, 6: 0, 15: 30, 16: 0}
2026-03-20 01:57:45,138 INFO: particles=80 iter=10 n_caps=18 minZ=0.027015 runtime=45.67s placement={1: 0, 0: 608, 16: 1464, 6: 1936, 9: 2448, 15: 902, 14: 2033, 5: 156}
2026-03-20 01:58:31,106 INFO: particles=80 iter=10 n_caps=19 minZ=0.024862 runtime=45.97s placement={0: 364, 1: 1252, 15: 382, 8: 0, 9: 496, 14: 2547, 16: 849, 5: 2026}
2026-03-20 01:59:17,599 INFO: particles=80 iter=10 n_caps=20 minZ=0.024183 runtime=46.49s placement={0: 0, 1: 1252, 15: 1506, 8: 3181, 9: 1912, 14: 496, 16: 2547, 5: 849}
