2026-03-23 13:30:24,441 INFO: particles=30 iter=50 n_caps=1 minZ=0.085029 runtime=39.45s placement={0: 1317}
2026-03-23 13:31:05,458 INFO: particles=30 iter=50 n_caps=2 minZ=0.054225 runtime=41.02s placement={0: 1012, 10: 1620}
2026-03-23 13:31:47,888 INFO: particles=30 iter=50 n_caps=3 minZ=0.048685 runtime=42.43s placement={14: 1970, 0: 1012, 15: 595}
2026-03-23 13:32:30,632 INFO: particles=30 iter=50 n_caps=4 minZ=0.053071 runtime=42.74s placement={0: 1940, 15: 1012, 10: 595, 9: 2443}
2026-03-23 13:33:14,446 INFO: particles=30 iter=50 n_caps=5 minZ=0.051527 runtime=43.81s placement={15: 1940, 10: 1012, 9: 595, 0: 2443, 6: 0}
2026-03-23 13:34:00,610 INFO: particles=30 iter=50 n_caps=6 minZ=0.046648 runtime=46.16s placement={10: 2096, 9: 1014, 0: 2594, 6: 2444, 1: 0}
2026-03-23 13:34:48,183 INFO: particles=30 iter=50 n_caps=7 minZ=0.035603 runtime=47.57s placement={9: 2117, 0: 1810, 7: 745, 1: 2384}
2026-03-23 13:35:37,187 INFO: particles=30 iter=50 n_caps=8 minZ=0.035105 runtime=49.00s placement={0: 1014, 8: 550, 1: 749}
2026-03-23 13:36:27,974 INFO: particles=30 iter=50 n_caps=9 minZ=0.030694 runtime=50.79s placement={7: 317, 0: 1014, 1: 827, 8: 0}
2026-03-23 13:37:18,635 INFO: particles=30 iter=50 n_caps=10 minZ=0.032761 runtime=50.66s placement={0: 333, 1: 126, 12: 1491, 10: 1666}
2026-03-23 13:38:09,344 INFO: particles=30 iter=50 n_caps=11 minZ=0.030572 runtime=50.71s placement={0: 0, 1: 158, 12: 3033, 10: 334}
2026-03-23 13:39:01,847 INFO: particles=30 iter=50 n_caps=12 minZ=0.029470 runtime=52.50s placement={0: 0, 1: 155, 12: 1274, 10: 1597}
2026-03-23 13:39:55,561 INFO: particles=30 iter=50 n_caps=13 minZ=0.026326 runtime=53.71s placement={0: 92, 1: 155, 12: 2509, 10: 1895}
2026-03-23 13:40:49,491 INFO: particles=30 iter=50 n_caps=14 minZ=0.027425 runtime=53.93s placement={0: 0, 1: 0, 12: 1568, 10: 3022}
2026-03-23 13:41:46,022 INFO: particles=30 iter=50 n_caps=15 minZ=0.027758 runtime=56.53s placement={0: 0, 12: 0, 1: 1568, 10: 1265}
2026-03-23 13:42:44,837 INFO: particles=30 iter=50 n_caps=16 minZ=0.027467 runtime=58.81s placement={14: 954, 0: 892, 1: 0, 9: 2323, 6: 0, 5: 8, 2: 1}
2026-03-23 13:43:41,990 INFO: particles=30 iter=50 n_caps=17 minZ=0.023655 runtime=57.15s placement={0: 2532, 1: 0, 9: 1400, 5: 887, 6: 0, 2: 1}
2026-03-23 13:44:40,025 INFO: particles=30 iter=50 n_caps=18 minZ=0.023415 runtime=58.03s placement={0: 0, 10: 156, 1: 0, 4: 1510, 5: 777, 2: 2}
2026-03-23 13:45:41,055 INFO: particles=30 iter=50 n_caps=19 minZ=0.022836 runtime=61.03s placement={9: 1025, 0: 13, 1: 1429, 4: 434, 5: 1476, 2: 1, 16: 0}
2026-03-23 13:46:42,240 INFO: particles=30 iter=50 n_caps=20 minZ=0.021551 runtime=61.18s placement={0: 1513, 1: 63, 3: 1356, 15: 2954}
