2026-04-02 06:19:44,168 INFO: particles=20 iter=25 n_caps=1 minZ=0.089255 runtime=29.10s placement={0: 1518}
2026-04-02 06:20:17,367 INFO: particles=20 iter=25 n_caps=2 minZ=0.063794 runtime=33.20s placement={0: 1488, 9: 685}
2026-04-02 06:20:52,689 INFO: particles=20 iter=25 n_caps=3 minZ=0.059388 runtime=35.32s placement={9: 1465, 0: 1127, 10: 1254}
2026-04-02 06:21:30,407 INFO: particles=20 iter=25 n_caps=4 minZ=0.052565 runtime=37.72s placement={0: 1012, 9: 884, 6: 1322, 7: 1772}
2026-04-02 06:22:09,989 INFO: particles=20 iter=25 n_caps=5 minZ=0.051896 runtime=39.58s placement={9: 1012, 6: 765, 7: 1322, 0: 1261, 10: 80}
2026-04-02 06:22:50,326 INFO: particles=20 iter=25 n_caps=6 minZ=0.048250 runtime=40.34s placement={5: 982, 6: 744, 0: 979, 10: 1792, 15: 585, 7: 1626}
2026-04-02 06:23:32,060 INFO: particles=20 iter=25 n_caps=7 minZ=0.040216 runtime=41.73s placement={6: 1055, 0: 1012, 10: 783, 14: 2112, 7: 600, 5: 1288, 9: 870}
2026-04-02 06:24:15,297 INFO: particles=20 iter=25 n_caps=8 minZ=0.040778 runtime=43.24s placement={0: 1014, 7: 379, 16: 495, 1: 3082, 5: 0, 12: 1121}
2026-04-02 06:25:01,979 INFO: particles=20 iter=25 n_caps=9 minZ=0.030980 runtime=46.68s placement={7: 1515, 14: 80, 0: 1014, 5: 2805, 1: 0, 10: 1426, 6: 0}
2026-04-02 06:25:54,755 INFO: particles=20 iter=25 n_caps=10 minZ=0.035158 runtime=52.77s placement={13: 1154, 1: 0, 5: 143, 0: 0, 10: 0, 6: 1014, 14: 1327}
2026-04-02 06:26:45,510 INFO: particles=20 iter=25 n_caps=11 minZ=0.033623 runtime=50.75s placement={1: 1154, 5: 0, 0: 1327, 10: 2357, 6: 1012, 13: 0, 9: 2330}
2026-04-02 06:27:43,339 INFO: particles=20 iter=25 n_caps=12 minZ=0.034148 runtime=57.83s placement={5: 1156, 0: 95, 10: 137, 1: 2214, 6: 1471, 14: 1699, 9: 1331, 15: 2276, 7: 216}
2026-04-02 06:28:40,166 INFO: particles=20 iter=25 n_caps=13 minZ=0.028642 runtime=56.83s placement={0: 1280, 10: 0, 1: 0, 6: 128, 14: 1087, 8: 117, 9: 1982}
2026-04-02 06:29:35,931 INFO: particles=20 iter=25 n_caps=14 minZ=0.028440 runtime=55.76s placement={20: 2983, 0: 845, 1: 780, 15: 1400, 10: 283, 9: 0, 8: 0, 11: 1850, 12: 560}
2026-04-02 06:30:34,173 INFO: particles=20 iter=25 n_caps=15 minZ=0.030701 runtime=58.24s placement={0: 3347, 1: 489, 15: 780, 10: 2769, 9: 1662, 8: 0, 11: 845, 12: 1850, 14: 560}
2026-04-02 06:31:31,367 INFO: particles=20 iter=25 n_caps=16 minZ=0.031511 runtime=57.19s placement={0: 0, 13: 621, 1: 2064, 12: 364, 10: 49, 14: 3172, 6: 895, 15: 854, 16: 1934}
2026-04-02 06:32:55,556 INFO: particles=20 iter=25 n_caps=17 minZ=0.029149 runtime=84.19s placement={1: 3232, 0: 0, 8: 3066, 13: 1992, 9: 0, 10: 1169, 14: 1699, 16: 1031}
2026-04-02 06:34:28,708 INFO: particles=20 iter=25 n_caps=18 minZ=0.027320 runtime=93.15s placement={0: 366, 8: 443, 1: 3185, 16: 439, 9: 1892, 10: 215, 14: 1145, 17: 1712}
2026-04-02 06:36:03,995 INFO: particles=20 iter=25 n_caps=19 minZ=0.026790 runtime=95.29s placement={7: 3347, 0: 437, 13: 3306, 5: 554, 1: 1997, 10: 388, 14: 232, 15: 1155, 6: 12}
2026-04-02 06:37:37,972 INFO: particles=20 iter=25 n_caps=20 minZ=0.024000 runtime=93.98s placement={0: 1427, 6: 146, 1: 3347, 10: 3272, 15: 389, 14: 36, 5: 518, 11: 22}
