2026-03-18 04:23:38,935 INFO: particles=30 iter=50 n_caps=1 minZ=0.094622 runtime=82.92s placement={16: 1012}
2026-03-18 04:25:01,178 INFO: particles=30 iter=50 n_caps=2 minZ=0.068852 runtime=82.24s placement={9: 1012, 0: 2665}
2026-03-18 04:26:15,511 INFO: particles=30 iter=50 n_caps=3 minZ=0.045684 runtime=74.33s placement={0: 1012, 10: 2413, 9: 1625}
2026-03-18 04:27:30,688 INFO: particles=30 iter=50 n_caps=4 minZ=0.057547 runtime=75.18s placement={10: 1012, 9: 2413, 0: 1625, 6: 0}
2026-03-18 04:28:45,659 INFO: particles=30 iter=50 n_caps=5 minZ=0.056966 runtime=74.97s placement={9: 1012, 0: 2413, 6: 1625, 7: 0, 2: 1747}
2026-03-18 04:30:02,802 INFO: particles=30 iter=50 n_caps=6 minZ=0.044082 runtime=77.14s placement={0: 1012, 6: 2413, 7: 1625, 2: 0, 20: 1747, 9: 1552}
2026-03-18 04:31:19,448 INFO: particles=30 iter=50 n_caps=7 minZ=0.041203 runtime=76.65s placement={0: 1366, 1: 3334, 18: 3293, 10: 2371, 9: 1456, 17: 155}
2026-03-18 04:32:39,200 INFO: particles=30 iter=50 n_caps=8 minZ=0.039899 runtime=79.75s placement={0: 164, 18: 3340, 1: 3294, 9: 752, 10: 2256, 15: 1494, 11: 0}
2026-03-18 04:33:57,982 INFO: particles=30 iter=50 n_caps=9 minZ=0.037933 runtime=78.78s placement={10: 2193, 17: 3306, 0: 1436, 18: 1, 12: 3347, 1: 2456}
2026-03-18 04:35:18,444 INFO: particles=30 iter=50 n_caps=10 minZ=0.030564 runtime=80.46s placement={16: 1977, 0: 1565, 18: 41, 5: 0, 1: 3347, 10: 1774}
2026-03-18 04:36:40,562 INFO: particles=30 iter=50 n_caps=11 minZ=0.029377 runtime=82.12s placement={0: 1774, 18: 3337, 5: 41, 1: 0, 10: 1565, 14: 2828}
2026-03-18 04:38:04,435 INFO: particles=30 iter=50 n_caps=12 minZ=0.032549 runtime=83.87s placement={18: 1976, 5: 3337, 0: 96, 1: 0, 10: 1014, 14: 1772}
2026-03-18 04:39:28,449 INFO: particles=30 iter=50 n_caps=13 minZ=0.029607 runtime=84.01s placement={5: 1976, 0: 3042, 1: 41, 10: 1127, 14: 1565}
2026-03-18 04:40:53,661 INFO: particles=30 iter=50 n_caps=14 minZ=0.027921 runtime=85.21s placement={0: 929, 1: 3337, 10: 2548, 14: 1014}
2026-03-18 04:42:19,267 INFO: particles=30 iter=50 n_caps=15 minZ=0.025810 runtime=85.61s placement={0: 0, 1: 3337, 10: 3347, 14: 1127}
2026-03-18 04:43:45,676 INFO: particles=30 iter=50 n_caps=16 minZ=0.023807 runtime=86.41s placement={0: 0, 1: 3337, 9: 0, 14: 2548}
2026-03-18 04:45:12,094 INFO: particles=30 iter=50 n_caps=17 minZ=0.023247 runtime=86.42s placement={0: 0, 1: 3337, 9: 41, 14: 3347}
2026-03-18 04:46:40,567 INFO: particles=30 iter=50 n_caps=18 minZ=0.023271 runtime=88.47s placement={0: 0, 9: 3337, 1: 41, 14: 0, 10: 0, 7: 2}
2026-03-18 04:48:10,292 INFO: particles=30 iter=50 n_caps=19 minZ=0.022491 runtime=89.72s placement={9: 1976, 0: 0, 14: 42, 1: 0, 10: 0, 7: 0, 6: 2}
2026-03-18 04:49:39,917 INFO: particles=30 iter=50 n_caps=20 minZ=0.021104 runtime=89.63s placement={0: 1644, 14: 3337, 1: 42, 10: 0, 7: 0, 6: 0}
