2026-03-08 06:40:35,094 INFO: n_caps=1 | iter=15 | minZ=0.045002 | placement={2: 2407}
2026-03-08 06:40:35,094 INFO: init_n_caps=2 | seeded_previous_caps=1 | new_cap_random_init(cap=388,port=16)
2026-03-08 06:40:50,068 INFO: n_caps=2 | iter=15 | minZ=0.045004 | placement={5: 1860, 20: 375}
2026-03-08 06:40:50,068 INFO: init_n_caps=3 | seeded_previous_caps=2 | new_cap_random_init(cap=883,port=4)
2026-03-08 06:41:05,454 INFO: n_caps=3 | iter=15 | minZ=0.045001 | placement={3: 190, 0: 492, 6: 2721}
2026-03-08 06:41:05,455 INFO: init_n_caps=4 | seeded_previous_caps=3 | new_cap_random_init(cap=656,port=1)
2026-03-08 06:41:21,245 INFO: n_caps=4 | iter=15 | minZ=0.045003 | placement={0: 726, 20: 780, 5: 1405, 10: 1716}
2026-03-08 06:41:21,245 INFO: init_n_caps=5 | seeded_previous_caps=4 | new_cap_random_init(cap=0,port=0)
2026-03-08 06:41:37,430 INFO: n_caps=5 | iter=15 | minZ=0.045002 | placement={18: 526, 0: 0, 13: 1391, 20: 983, 14: 176}
2026-03-08 06:41:37,430 INFO: init_n_caps=6 | seeded_previous_caps=5 | new_cap_random_init(cap=3098,port=7)
2026-03-08 06:41:54,628 INFO: n_caps=6 | iter=15 | minZ=0.045000 | placement={6: 2940, 1: 3347, 17: 1480, 5: 2294, 4: 1003, 14: 3347}
2026-03-08 06:41:54,628 INFO: init_n_caps=7 | seeded_previous_caps=6 | new_cap_random_init(cap=1089,port=16)
2026-03-08 06:42:12,238 INFO: n_caps=7 | iter=15 | minZ=0.045001 | placement={1: 3347, 16: 3347, 7: 1337, 5: 2742, 14: 811, 9: 3347, 6: 1086}
2026-03-08 06:42:12,238 INFO: init_n_caps=8 | seeded_previous_caps=7 | new_cap_random_init(cap=215,port=3)
2026-03-08 06:42:30,278 INFO: n_caps=8 | iter=15 | minZ=0.045004 | placement={16: 3347, 7: 3347, 5: 1337, 14: 2742, 9: 811, 6: 3347, 2: 1086, 13: 215}
2026-03-08 06:42:30,278 INFO: init_n_caps=9 | seeded_previous_caps=8 | new_cap_random_init(cap=2782,port=1)
2026-03-08 06:42:48,698 INFO: n_caps=9 | iter=15 | minZ=0.045001 | placement={20: 2306, 19: 1520, 11: 1078, 5: 1900, 14: 2653, 7: 631, 18: 3347, 16: 1853}
2026-03-08 06:42:48,698 INFO: init_n_caps=10 | seeded_previous_caps=9 | new_cap_random_init(cap=3347,port=8)
2026-03-08 06:43:07,722 INFO: n_caps=10 | iter=15 | minZ=0.045001 | placement={14: 2099, 10: 1594, 12: 898, 5: 443, 13: 3037, 11: 1711, 3: 1053, 15: 1326}
2026-03-08 06:43:07,722 INFO: init_n_caps=11 | seeded_previous_caps=10 | new_cap_random_init(cap=2350,port=5)
2026-03-08 06:43:27,224 INFO: n_caps=11 | iter=15 | minZ=0.045001 | placement={13: 336, 17: 2223, 5: 2483, 12: 954, 9: 2053, 14: 1315, 15: 3145, 8: 2506, 16: 960, 6: 843, 7: 3316}
2026-03-08 06:43:27,225 INFO: init_n_caps=12 | seeded_previous_caps=11 | new_cap_random_init(cap=2204,port=10)
2026-03-08 06:43:47,040 INFO: n_caps=12 | iter=15 | minZ=0.045001 | placement={16: 124, 5: 3347, 10: 2737, 11: 710, 12: 3347, 17: 1218, 8: 3266, 18: 2766, 6: 998, 13: 470, 2: 1821}
2026-03-08 06:43:47,040 INFO: init_n_caps=13 | seeded_previous_caps=12 | new_cap_random_init(cap=2757,port=18)
2026-03-08 06:44:00,491 INFO: n_caps=13 | iter=10 | minZ=0.042949 | placement={9: 235, 8: 2833, 5: 136, 4: 2028, 0: 911, 14: 819, 15: 342, 6: 960, 10: 899, 2: 98, 20: 197, 3: 2691, 7: 401}
