2026-03-22 02:44:48,585 INFO: particles=50 iter=40 n_caps=1 minZ=0.080251 runtime=86.10s placement={0: 1012}
2026-03-22 02:46:16,335 INFO: particles=50 iter=40 n_caps=2 minZ=0.071097 runtime=87.75s placement={6: 1291, 0: 1168}
2026-03-22 02:47:46,131 INFO: particles=50 iter=40 n_caps=3 minZ=0.052348 runtime=89.79s placement={0: 1296, 10: 1169, 9: 1014}
2026-03-22 02:49:17,275 INFO: particles=50 iter=40 n_caps=4 minZ=0.044307 runtime=91.14s placement={10: 1290, 9: 1319, 0: 1014, 7: 81}
2026-03-22 02:50:50,420 INFO: particles=50 iter=40 n_caps=5 minZ=0.043385 runtime=93.14s placement={14: 1204, 0: 1012, 5: 1452, 15: 71, 6: 1244}
2026-03-22 02:52:24,936 INFO: particles=50 iter=40 n_caps=6 minZ=0.046765 runtime=94.52s placement={0: 2495, 1: 1089, 14: 1565, 6: 59, 10: 1251}
2026-03-22 02:54:13,410 INFO: particles=50 iter=40 n_caps=7 minZ=0.042147 runtime=108.47s placement={0: 1012, 12: 1171, 6: 1587, 9: 56, 1: 1261}
2026-03-22 02:55:58,788 INFO: particles=50 iter=40 n_caps=8 minZ=0.030594 runtime=105.38s placement={10: 1081, 0: 1941, 9: 882, 1: 122}
2026-03-22 02:57:38,608 INFO: particles=50 iter=40 n_caps=9 minZ=0.027762 runtime=99.82s placement={0: 1804, 9: 1439, 1: 931}
2026-03-22 02:59:19,912 INFO: particles=50 iter=40 n_caps=10 minZ=0.027491 runtime=101.30s placement={9: 1156, 0: 0, 1: 931}
2026-03-22 03:01:02,798 INFO: particles=50 iter=40 n_caps=11 minZ=0.025248 runtime=102.89s placement={0: 1610, 1: 1867, 6: 0}
2026-03-22 03:02:47,417 INFO: particles=50 iter=40 n_caps=12 minZ=0.024494 runtime=104.62s placement={0: 0, 1: 1863, 6: 1660}
2026-03-22 03:04:33,032 INFO: particles=50 iter=40 n_caps=13 minZ=0.023700 runtime=105.61s placement={0: 0, 1: 1863, 6: 1887}
2026-03-22 03:06:20,387 INFO: particles=50 iter=40 n_caps=14 minZ=0.023531 runtime=107.35s placement={0: 0, 1: 1859, 6: 1017}
2026-03-22 03:08:09,515 INFO: particles=50 iter=40 n_caps=15 minZ=0.023366 runtime=109.13s placement={0: 0, 1: 1859, 6: 1268}
2026-03-22 03:09:59,907 INFO: particles=50 iter=40 n_caps=16 minZ=0.022454 runtime=110.39s placement={0: 0, 1: 1859, 6: 1511}
2026-03-22 03:11:52,085 INFO: particles=50 iter=40 n_caps=17 minZ=0.022205 runtime=112.18s placement={0: 0, 1: 1859, 6: 118}
2026-03-22 03:13:45,415 INFO: particles=50 iter=40 n_caps=18 minZ=0.023873 runtime=113.33s placement={0: 0, 1: 1859, 6: 1014}
2026-03-22 03:15:40,479 INFO: particles=50 iter=40 n_caps=19 minZ=0.022181 runtime=115.06s placement={0: 0, 1: 1804}
2026-03-22 03:17:36,741 INFO: particles=50 iter=40 n_caps=20 minZ=0.021844 runtime=116.26s placement={1: 1439, 0: 0, 10: 0, 7: 0}
