2026-03-26 15:47:24,497 INFO: particles=50 iter=10 n_caps=1 minZ=0.093198 runtime=14.80s placement={14: 1014}
2026-03-26 15:47:39,660 INFO: particles=50 iter=10 n_caps=2 minZ=0.059764 runtime=15.16s placement={0: 1014, 9: 2462}
2026-03-26 15:47:55,098 INFO: particles=50 iter=10 n_caps=3 minZ=0.063231 runtime=15.44s placement={10: 1078, 0: 998, 6: 1357}
2026-03-26 15:48:10,921 INFO: particles=50 iter=10 n_caps=4 minZ=0.059048 runtime=15.82s placement={0: 1170, 10: 873, 14: 1187, 15: 1615}
2026-03-26 15:48:27,017 INFO: particles=50 iter=10 n_caps=5 minZ=0.052215 runtime=16.10s placement={13: 1218, 14: 93, 15: 2722, 0: 1012, 20: 191}
2026-03-26 15:48:43,411 INFO: particles=50 iter=10 n_caps=6 minZ=0.041591 runtime=16.39s placement={9: 1543, 16: 820, 15: 2479, 0: 1012, 14: 1907, 19: 1684}
2026-03-26 15:49:00,137 INFO: particles=50 iter=10 n_caps=7 minZ=0.048279 runtime=16.73s placement={14: 1614, 15: 1424, 0: 1477, 10: 499, 19: 1676, 1: 1327}
2026-03-26 15:49:17,417 INFO: particles=50 iter=10 n_caps=8 minZ=0.045150 runtime=17.28s placement={15: 1446, 4: 2426, 16: 1876, 14: 0, 0: 1014, 1: 1321, 5: 1501, 12: 2529}
2026-03-26 15:49:34,417 INFO: particles=50 iter=10 n_caps=9 minZ=0.056484 runtime=17.00s placement={0: 1384, 9: 740, 20: 2110, 19: 3347, 1: 2167, 14: 1707, 10: 1311, 7: 3027, 15: 1346}
2026-03-26 15:49:48,787 INFO: particles=50 iter=10 n_caps=10 minZ=0.046701 runtime=14.37s placement={1: 1240, 0: 1354, 8: 0, 10: 3236, 14: 145, 9: 1058, 12: 2413, 11: 3175}
2026-03-26 15:50:03,547 INFO: particles=50 iter=10 n_caps=11 minZ=0.038369 runtime=14.76s placement={0: 1014, 15: 3114, 1: 478, 17: 3347, 6: 56, 9: 1076, 10: 2913, 7: 1148, 11: 269}
2026-03-26 15:50:18,585 INFO: particles=50 iter=10 n_caps=12 minZ=0.039781 runtime=15.04s placement={20: 1343, 0: 1014, 17: 1043, 1: 3347, 6: 442, 2: 3303, 19: 751, 8: 747, 10: 692}
2026-03-26 15:50:33,972 INFO: particles=50 iter=10 n_caps=13 minZ=0.040710 runtime=15.39s placement={0: 1452, 18: 2438, 16: 854, 6: 3265, 1: 461, 9: 1785, 19: 2424, 7: 3347, 13: 902, 10: 1007, 5: 1876}
2026-03-26 15:50:49,607 INFO: particles=50 iter=10 n_caps=14 minZ=0.031863 runtime=15.63s placement={18: 825, 19: 3213, 9: 0, 0: 1549, 16: 0, 20: 2418, 1: 3283, 15: 918, 10: 2482, 13: 3050, 7: 0}
2026-03-26 15:51:05,428 INFO: particles=50 iter=10 n_caps=15 minZ=0.036879 runtime=15.82s placement={18: 825, 9: 3213, 0: 3158, 16: 1344, 20: 0, 1: 2418, 15: 3283, 10: 1138, 13: 1549, 7: 3050}
2026-03-26 15:51:22,692 INFO: particles=50 iter=10 n_caps=16 minZ=0.031164 runtime=17.26s placement={9: 146, 1: 2551, 6: 3347, 0: 1192, 16: 1172, 13: 3347, 12: 3347, 19: 2654, 20: 3347, 14: 2654, 15: 0}
2026-03-26 15:51:42,501 INFO: particles=50 iter=10 n_caps=17 minZ=0.031931 runtime=19.81s placement={0: 1720, 2: 2964, 1: 3347, 18: 708, 12: 2414, 20: 2727, 13: 3347, 11: 3347, 8: 326}
2026-03-26 15:52:02,486 INFO: particles=50 iter=10 n_caps=18 minZ=0.031206 runtime=19.98s placement={0: 862, 1: 3347, 20: 0, 16: 3347, 19: 3347, 14: 3220, 13: 1225, 5: 3347, 9: 1235}
2026-03-26 15:52:22,757 INFO: particles=50 iter=10 n_caps=19 minZ=0.030564 runtime=20.27s placement={0: 0, 1: 3347, 20: 843, 18: 3347, 19: 3347, 13: 3347, 14: 3347, 7: 1530, 9: 1467}
2026-03-26 15:52:43,249 INFO: particles=50 iter=10 n_caps=20 minZ=0.029481 runtime=20.49s placement={0: 0, 1: 3347, 20: 2783, 18: 1322, 19: 3347, 13: 3347, 14: 3347, 7: 3347, 9: 573}
