2026-03-30 10:47:17,092 INFO: particles=30 iter=15 n_caps=1 minZ=0.072657 runtime=12.12s placement={0: 1479}
2026-03-30 10:47:44,605 INFO: particles=30 iter=15 n_caps=2 minZ=0.061343 runtime=27.51s placement={0: 1534, 6: 1866}
2026-03-30 10:48:17,686 INFO: particles=30 iter=15 n_caps=3 minZ=0.053975 runtime=33.08s placement={6: 2380, 0: 1230, 7: 343}
2026-03-30 10:49:02,727 INFO: particles=30 iter=15 n_caps=4 minZ=0.051047 runtime=45.04s placement={0: 2168, 9: 1343, 14: 305, 10: 1003}
2026-03-30 10:49:58,371 INFO: particles=30 iter=15 n_caps=5 minZ=0.040614 runtime=55.64s placement={7: 2146, 14: 1316, 8: 0, 0: 1014, 6: 0}
2026-03-30 10:51:04,317 INFO: particles=30 iter=15 n_caps=6 minZ=0.041577 runtime=65.94s placement={14: 2142, 6: 873, 7: 0, 0: 910, 9: 1986, 15: 1222}
2026-03-30 10:52:24,085 INFO: particles=30 iter=15 n_caps=7 minZ=0.046533 runtime=79.77s placement={10: 2535, 16: 500, 0: 483, 11: 514, 15: 1959, 9: 1660}
2026-03-30 10:53:47,911 INFO: particles=30 iter=15 n_caps=8 minZ=0.043162 runtime=83.83s placement={20: 3347, 0: 978, 8: 0, 16: 0, 9: 998, 10: 997, 11: 742, 14: 1804}
2026-03-30 10:55:30,214 INFO: particles=30 iter=15 n_caps=9 minZ=0.043380 runtime=102.30s placement={0: 1334, 6: 1172, 20: 0, 9: 0, 10: 599, 8: 1853, 14: 685, 5: 1582, 7: 3278}
2026-03-30 10:57:19,519 INFO: particles=30 iter=15 n_caps=10 minZ=0.036318 runtime=109.30s placement={5: 1041, 0: 1524, 1: 63, 8: 2, 15: 1159, 16: 1544, 3: 2871, 20: 40}
2026-03-30 10:59:12,250 INFO: particles=30 iter=15 n_caps=11 minZ=0.028433 runtime=112.73s placement={0: 1271, 1: 1147, 10: 1530, 17: 706, 16: 3347, 20: 926}
2026-03-30 11:01:25,266 INFO: particles=30 iter=15 n_caps=12 minZ=0.027140 runtime=133.02s placement={0: 0, 9: 969, 1: 1406, 17: 902, 16: 1593, 20: 3347}
2026-03-30 11:03:53,511 INFO: particles=30 iter=15 n_caps=13 minZ=0.028032 runtime=148.24s placement={9: 1458, 0: 0, 15: 1433, 1: 1079, 14: 501, 20: 2528, 12: 0}
2026-03-30 11:06:34,711 INFO: particles=30 iter=15 n_caps=14 minZ=0.026519 runtime=161.20s placement={0: 1733, 15: 595, 1: 1451, 12: 2213, 20: 579, 10: 1937}
2026-03-30 11:09:27,086 INFO: particles=30 iter=15 n_caps=15 minZ=0.024780 runtime=172.37s placement={15: 1397, 0: 0, 1: 1477, 12: 887, 20: 2249, 10: 912}
2026-03-30 11:12:31,537 INFO: particles=30 iter=15 n_caps=16 minZ=0.024091 runtime=184.45s placement={0: 2079, 1: 135, 10: 1291, 20: 1111, 15: 3347}
2026-03-30 11:15:40,963 INFO: particles=30 iter=15 n_caps=17 minZ=0.021525 runtime=189.43s placement={0: 1550, 1: 192, 10: 810, 20: 1245, 15: 2350, 7: 0}
2026-03-30 11:18:56,128 INFO: particles=30 iter=15 n_caps=18 minZ=0.022557 runtime=195.16s placement={0: 0, 10: 192, 20: 810, 1: 1245, 15: 722, 7: 1550, 14: 0}
2026-03-30 11:22:32,794 INFO: particles=30 iter=15 n_caps=19 minZ=0.021762 runtime=216.66s placement={10: 899, 20: 192, 0: 0, 1: 1245, 15: 1391, 7: 0, 14: 0}
2026-03-30 11:26:16,855 INFO: particles=30 iter=15 n_caps=20 minZ=0.023698 runtime=224.06s placement={20: 729, 0: 1198, 1: 1255, 17: 1278, 8: 680, 5: 2386, 9: 494, 15: 1613, 13: 0, 3: 1405}
