2026-04-02 05:28:28,051 INFO: particles=20 iter=40 n_caps=1 minZ=0.085029 runtime=35.47s placement={0: 1317}
2026-04-02 05:29:07,174 INFO: particles=20 iter=40 n_caps=2 minZ=0.065530 runtime=39.12s placement={0: 1394, 9: 1012}
2026-04-02 05:29:46,018 INFO: particles=20 iter=40 n_caps=3 minZ=0.051123 runtime=38.84s placement={9: 1318, 0: 1014, 15: 0}
2026-04-02 05:30:25,054 INFO: particles=20 iter=40 n_caps=4 minZ=0.045500 runtime=39.04s placement={0: 1012, 15: 959, 10: 1246, 16: 1560}
2026-04-02 05:31:05,368 INFO: particles=20 iter=40 n_caps=5 minZ=0.054454 runtime=40.31s placement={0: 1226, 9: 777, 10: 1061, 14: 1382, 6: 218}
2026-04-02 05:31:46,008 INFO: particles=20 iter=40 n_caps=6 minZ=0.055370 runtime=40.64s placement={9: 1102, 10: 966, 15: 1064, 0: 1392, 1: 246, 6: 0}
2026-04-02 05:32:26,580 INFO: particles=20 iter=40 n_caps=7 minZ=0.040245 runtime=40.57s placement={7: 553, 13: 454, 0: 0, 1: 2571, 14: 1632}
2026-04-02 05:33:09,469 INFO: particles=20 iter=40 n_caps=8 minZ=0.032040 runtime=42.89s placement={14: 569, 0: 1392, 1: 802, 15: 0}
2026-04-02 05:33:57,971 INFO: particles=20 iter=40 n_caps=9 minZ=0.033202 runtime=48.50s placement={0: 1014, 1: 347, 15: 1001, 8: 974, 16: 3266}
2026-04-02 05:34:41,721 INFO: particles=20 iter=40 n_caps=10 minZ=0.033382 runtime=43.75s placement={0: 0, 1: 385, 8: 1329, 11: 1303, 5: 3298}
2026-04-02 05:35:26,813 INFO: particles=20 iter=40 n_caps=11 minZ=0.030791 runtime=45.09s placement={0: 1, 1: 69, 8: 1272}
2026-04-02 05:36:12,905 INFO: particles=20 iter=40 n_caps=12 minZ=0.026867 runtime=46.09s placement={0: 0, 1: 3, 7: 1161}
2026-04-02 05:36:59,853 INFO: particles=20 iter=40 n_caps=13 minZ=0.029006 runtime=46.95s placement={0: 0, 1: 45, 9: 1088, 17: 0, 15: 452}
2026-04-02 05:37:46,637 INFO: particles=20 iter=40 n_caps=14 minZ=0.022988 runtime=46.78s placement={0: 0, 1: 45, 9: 1224, 19: 0, 15: 0}
2026-04-02 05:38:33,083 INFO: particles=20 iter=40 n_caps=15 minZ=0.024495 runtime=46.45s placement={0: 0, 1: 45, 9: 1979, 19: 144, 15: 0, 7: 0}
2026-04-02 05:39:20,500 INFO: particles=20 iter=40 n_caps=16 minZ=0.026958 runtime=47.42s placement={0: 23, 9: 45, 1: 1979, 19: 1874, 15: 144, 7: 434}
2026-04-02 05:40:09,102 INFO: particles=20 iter=40 n_caps=17 minZ=0.027086 runtime=48.60s placement={9: 268, 0: 0, 1: 1979, 19: 1106, 15: 1874, 7: 0, 10: 23, 16: 0}
2026-04-02 05:41:03,238 INFO: particles=20 iter=40 n_caps=18 minZ=0.024011 runtime=54.14s placement={0: 1664, 1: 45, 19: 1126, 15: 1106, 7: 0, 10: 0, 16: 23}
2026-04-02 05:42:03,230 INFO: particles=20 iter=40 n_caps=19 minZ=0.024856 runtime=59.99s placement={0: 0, 1: 47, 19: 1122, 15: 1127, 7: 143, 10: 0, 16: 0}
2026-04-02 05:43:02,446 INFO: particles=20 iter=40 n_caps=20 minZ=0.025533 runtime=59.22s placement={0: 0, 1: 47, 19: 1123, 15: 1122, 7: 1873, 10: 434, 16: 0}
