2026-03-26 17:57:28,435 INFO: particles=20 iter=10 n_caps=1 minZ=0.062708 runtime=5.38s placement={0: 1230}
2026-03-26 17:57:38,284 INFO: particles=20 iter=10 n_caps=2 minZ=0.078081 runtime=9.85s placement={9: 1230, 0: 0}
2026-03-26 17:57:52,597 INFO: particles=20 iter=10 n_caps=3 minZ=0.053636 runtime=14.31s placement={0: 1230, 7: 0, 9: 1583}
2026-03-26 17:58:11,296 INFO: particles=20 iter=10 n_caps=4 minZ=0.057115 runtime=18.70s placement={9: 1320, 5: 0, 0: 1695, 8: 0}
2026-03-26 17:58:34,441 INFO: particles=20 iter=10 n_caps=5 minZ=0.048653 runtime=23.15s placement={19: 3347, 0: 2251, 10: 2009, 14: 1915, 5: 1380}
2026-03-26 17:59:04,688 INFO: particles=20 iter=10 n_caps=6 minZ=0.048225 runtime=30.25s placement={0: 3347, 10: 2251, 14: 2009, 5: 1915, 15: 1380, 9: 3236}
2026-03-26 17:59:39,614 INFO: particles=20 iter=10 n_caps=7 minZ=0.046368 runtime=34.92s placement={10: 3347, 14: 2251, 5: 2009, 15: 1915, 9: 1380, 0: 3236, 16: 43}
2026-03-26 18:00:18,446 INFO: particles=20 iter=10 n_caps=8 minZ=0.038969 runtime=38.83s placement={14: 3347, 5: 2251, 15: 2009, 9: 1915, 0: 1684, 16: 3236, 1: 43}
2026-03-26 18:00:59,127 INFO: particles=20 iter=10 n_caps=9 minZ=0.037020 runtime=40.68s placement={7: 2680, 14: 1952, 9: 1784, 0: 2398, 10: 1165, 1: 3338, 3: 360}
2026-03-26 18:01:46,058 INFO: particles=20 iter=10 n_caps=10 minZ=0.031251 runtime=46.93s placement={19: 2578, 10: 2895, 0: 1014, 8: 3347, 1: 2156, 14: 1990}
2026-03-26 18:02:38,479 INFO: particles=20 iter=10 n_caps=11 minZ=0.028232 runtime=52.42s placement={10: 2609, 0: 3318, 9: 1262, 1: 3347, 14: 1192}
2026-03-26 18:03:39,766 INFO: particles=20 iter=10 n_caps=12 minZ=0.027305 runtime=61.29s placement={0: 1734, 9: 2980, 1: 1262, 14: 0}
2026-03-26 18:04:47,754 INFO: particles=20 iter=10 n_caps=13 minZ=0.027625 runtime=67.99s placement={9: 2609, 0: 3318, 1: 1262, 14: 3347, 10: 1734, 15: 28}
2026-03-26 18:05:59,622 INFO: particles=20 iter=10 n_caps=14 minZ=0.025783 runtime=71.87s placement={0: 1621, 1: 2980, 14: 2230, 9: 3318, 15: 1734, 7: 28}
2026-03-26 18:07:15,384 INFO: particles=20 iter=10 n_caps=15 minZ=0.029785 runtime=75.76s placement={0: 0, 1: 2980, 14: 3347, 9: 1014, 15: 3318, 7: 1734, 10: 1621}
2026-03-26 18:08:36,898 INFO: particles=20 iter=10 n_caps=16 minZ=0.025460 runtime=81.51s placement={0: 21, 1: 3106, 16: 1186, 10: 2311, 15: 734, 7: 3021, 11: 4, 20: 901}
2026-03-26 18:10:01,715 INFO: particles=20 iter=10 n_caps=17 minZ=0.027152 runtime=84.82s placement={0: 0, 16: 3106, 1: 1186, 10: 1490, 15: 2311, 7: 734, 11: 2083, 20: 1660, 14: 21}
2026-03-26 18:11:31,533 INFO: particles=20 iter=10 n_caps=18 minZ=0.025511 runtime=89.82s placement={16: 2571, 0: 18, 1: 1186, 10: 0, 15: 1490, 7: 2311, 11: 3021, 20: 4, 14: 901}
2026-03-26 18:13:03,338 INFO: particles=20 iter=10 n_caps=19 minZ=0.024870 runtime=91.80s placement={0: 2666, 1: 3283, 10: 3347, 17: 0, 16: 1060, 20: 1916, 14: 1720}
2026-03-26 18:14:44,921 INFO: particles=20 iter=10 n_caps=20 minZ=0.024793 runtime=101.58s placement={0: 2663, 1: 3347, 10: 1158, 14: 3347, 15: 2148, 20: 3347, 13: 0, 6: 0}
