2026-03-22 22:48:59,352 INFO: particles=20 iter=50 n_caps=1 minZ=0.089207 runtime=26.25s placement={0: 1488}
2026-03-22 22:49:27,221 INFO: particles=20 iter=50 n_caps=2 minZ=0.081936 runtime=27.87s placement={0: 1317, 7: 0}
2026-03-22 22:49:55,023 INFO: particles=20 iter=50 n_caps=3 minZ=0.060775 runtime=27.80s placement={0: 2425, 10: 1014, 6: 559}
2026-03-22 22:50:23,789 INFO: particles=20 iter=50 n_caps=4 minZ=0.057090 runtime=28.77s placement={14: 923, 0: 3105, 7: 433, 9: 1040}
2026-03-22 22:50:53,092 INFO: particles=20 iter=50 n_caps=5 minZ=0.054129 runtime=29.30s placement={0: 970, 7: 3264, 9: 456, 11: 1909, 10: 956}
2026-03-22 22:51:23,310 INFO: particles=20 iter=50 n_caps=6 minZ=0.053467 runtime=30.22s placement={14: 2922, 10: 2609, 0: 1126, 13: 1400, 7: 1805, 15: 342}
2026-03-22 22:51:54,102 INFO: particles=20 iter=50 n_caps=7 minZ=0.049558 runtime=30.79s placement={11: 3015, 0: 2596, 10: 1179, 6: 980, 14: 1598, 9: 617, 3: 3146}
2026-03-22 22:52:26,218 INFO: particles=20 iter=50 n_caps=8 minZ=0.038346 runtime=32.12s placement={0: 1012, 1: 3347, 3: 0, 16: 571, 20: 1393}
2026-03-22 22:52:58,135 INFO: particles=20 iter=50 n_caps=9 minZ=0.031130 runtime=31.92s placement={0: 1014, 1: 3347, 19: 0, 20: 0, 15: 0}
2026-03-22 22:53:31,008 INFO: particles=20 iter=50 n_caps=10 minZ=0.037858 runtime=32.87s placement={1: 3347, 19: 3347, 20: 0, 0: 0, 15: 1014}
2026-03-22 22:54:04,715 INFO: particles=20 iter=50 n_caps=11 minZ=0.028712 runtime=33.71s placement={19: 3347, 20: 3311, 0: 10, 1: 0, 16: 3227, 2: 0, 15: 334}
2026-03-22 22:54:46,056 INFO: particles=20 iter=50 n_caps=12 minZ=0.026974 runtime=41.34s placement={20: 3347, 0: 333, 1: 0, 16: 1322, 15: 0, 19: 3216}
2026-03-22 22:55:27,154 INFO: particles=20 iter=50 n_caps=13 minZ=0.033205 runtime=41.10s placement={0: 3347, 1: 3314, 16: 1045, 15: 12, 20: 336}
2026-03-22 22:56:08,241 INFO: particles=20 iter=50 n_caps=14 minZ=0.033908 runtime=41.09s placement={0: 3347, 1: 3347, 16: 4, 15: 1104, 20: 0, 6: 0}
2026-03-22 22:56:44,800 INFO: particles=20 iter=50 n_caps=15 minZ=0.030129 runtime=36.56s placement={1: 3347, 0: 143, 17: 0, 6: 0, 16: 3347, 9: 923, 19: 0, 5: 1304, 18: 403}
2026-03-22 22:57:22,018 INFO: particles=20 iter=50 n_caps=16 minZ=0.028969 runtime=37.22s placement={0: 109, 17: 2864, 6: 0, 1: 0, 16: 3084, 10: 3347, 19: 901, 5: 3347, 18: 142}
2026-03-22 22:58:00,552 INFO: particles=20 iter=50 n_caps=17 minZ=0.027628 runtime=38.53s placement={17: 2089, 0: 105, 1: 0, 18: 3240, 20: 3347, 5: 14, 7: 0, 14: 0}
2026-03-22 22:58:40,054 INFO: particles=20 iter=50 n_caps=18 minZ=0.024563 runtime=39.50s placement={0: 3314, 1: 2874, 19: 1010, 20: 3086, 5: 1660, 7: 1708, 15: 441, 16: 131}
2026-03-22 22:59:19,885 INFO: particles=20 iter=50 n_caps=19 minZ=0.025788 runtime=39.83s placement={0: 3347, 1: 2718, 20: 840, 19: 1024, 9: 311, 6: 61, 14: 1899, 16: 211, 7: 0}
2026-03-22 23:00:00,371 INFO: particles=20 iter=50 n_caps=20 minZ=0.024468 runtime=40.49s placement={0: 0, 1: 2843, 20: 794, 19: 1170, 6: 924, 7: 1751, 14: 10, 15: 444, 5: 3347}
