2026-03-20 07:58:25,199 INFO: particles=80 iter=15 n_caps=1 minZ=0.080251 runtime=50.67s placement={0: 1014}
2026-03-20 07:59:16,966 INFO: particles=80 iter=15 n_caps=2 minZ=0.070085 runtime=51.77s placement={0: 1120, 6: 1127}
2026-03-20 08:00:10,385 INFO: particles=80 iter=15 n_caps=3 minZ=0.067680 runtime=53.42s placement={6: 1433, 0: 1464, 16: 150}
2026-03-20 08:01:04,569 INFO: particles=80 iter=15 n_caps=4 minZ=0.055135 runtime=54.18s placement={0: 1454, 15: 1115, 9: 1012, 16: 1127}
2026-03-20 08:01:59,639 INFO: particles=80 iter=15 n_caps=5 minZ=0.044780 runtime=55.07s placement={14: 1983, 10: 945, 15: 1100, 0: 1014, 1: 0}
2026-03-20 08:02:55,772 INFO: particles=80 iter=15 n_caps=6 minZ=0.049988 runtime=56.13s placement={17: 1770, 14: 1007, 5: 1074, 0: 1014, 6: 492, 12: 3344}
2026-03-20 08:03:53,390 INFO: particles=80 iter=15 n_caps=7 minZ=0.043740 runtime=57.62s placement={14: 794, 5: 1166, 0: 1012, 6: 1751, 10: 289, 9: 2848, 15: 2755}
2026-03-20 08:04:52,039 INFO: particles=80 iter=15 n_caps=8 minZ=0.046576 runtime=58.65s placement={7: 1300, 0: 1012, 8: 855, 9: 2106, 10: 626, 17: 3264, 20: 2758, 15: 2095}
2026-03-20 08:05:51,228 INFO: particles=80 iter=15 n_caps=9 minZ=0.040257 runtime=59.19s placement={0: 1559, 10: 33, 5: 1721, 8: 2006, 20: 2842, 19: 1871, 14: 1194, 1: 1853}
2026-03-20 08:06:51,980 INFO: particles=80 iter=15 n_caps=10 minZ=0.032255 runtime=60.75s placement={10: 0, 1: 0, 11: 1396, 15: 1944, 0: 1012, 5: 990}
2026-03-20 08:07:53,039 INFO: particles=80 iter=15 n_caps=11 minZ=0.029511 runtime=61.06s placement={1: 0, 9: 0, 15: 1361, 0: 1674, 5: 2949}
2026-03-20 08:08:54,991 INFO: particles=80 iter=15 n_caps=12 minZ=0.027125 runtime=61.95s placement={9: 0, 15: 0, 0: 212, 5: 1909, 1: 2949, 2: 1674}
2026-03-20 08:09:57,943 INFO: particles=80 iter=15 n_caps=13 minZ=0.027412 runtime=62.95s placement={14: 0, 0: 2178, 5: 782, 1: 1966}
2026-03-20 08:11:01,763 INFO: particles=80 iter=15 n_caps=14 minZ=0.027554 runtime=63.82s placement={0: 2464, 5: 0, 1: 782}
2026-03-20 08:12:06,013 INFO: particles=80 iter=15 n_caps=15 minZ=0.027083 runtime=64.25s placement={5: 0, 0: 2464, 1: 782, 7: 0}
2026-03-20 08:13:12,252 INFO: particles=80 iter=15 n_caps=16 minZ=0.025280 runtime=66.24s placement={0: 1001, 1: 2120, 2: 1468, 9: 2527}
2026-03-20 08:14:18,934 INFO: particles=80 iter=15 n_caps=17 minZ=0.023571 runtime=66.68s placement={0: 0, 1: 0, 2: 169, 9: 2050}
2026-03-20 08:15:26,632 INFO: particles=80 iter=15 n_caps=18 minZ=0.022909 runtime=67.70s placement={0: 0, 1: 0, 2: 1462, 9: 169, 7: 0}
2026-03-20 08:16:34,893 INFO: particles=80 iter=15 n_caps=19 minZ=0.023021 runtime=68.26s placement={0: 0, 1: 0, 2: 1152, 9: 1462, 7: 0, 10: 0}
2026-03-20 08:17:44,726 INFO: particles=80 iter=15 n_caps=20 minZ=0.023698 runtime=69.83s placement={0: 0, 1: 0, 9: 891, 6: 1025, 13: 0}
