2026-03-26 10:50:39,772 INFO: particles=30 iter=50 n_caps=1 minZ=0.087365 runtime=38.68s placement={9: 1014}
2026-03-26 10:51:15,265 INFO: particles=30 iter=50 n_caps=2 minZ=0.053984 runtime=35.49s placement={5: 1940, 0: 1014}
2026-03-26 10:51:51,777 INFO: particles=30 iter=50 n_caps=3 minZ=0.052805 runtime=36.51s placement={0: 1941, 9: 1014, 10: 892}
2026-03-26 10:52:29,225 INFO: particles=30 iter=50 n_caps=4 minZ=0.043143 runtime=37.45s placement={9: 1818, 10: 1014, 0: 1014, 11: 0}
2026-03-26 10:53:07,542 INFO: particles=30 iter=50 n_caps=5 minZ=0.044769 runtime=38.32s placement={9: 1788, 0: 1014, 12: 1015, 15: 0, 10: 1360}
2026-03-26 10:53:49,045 INFO: particles=30 iter=50 n_caps=6 minZ=0.046481 runtime=41.50s placement={0: 1014, 13: 806, 16: 837, 11: 1, 6: 1252, 10: 1054}
2026-03-26 10:54:39,468 INFO: particles=30 iter=50 n_caps=7 minZ=0.034682 runtime=50.42s placement={0: 2514, 1: 1071, 15: 1415, 9: 644}
2026-03-26 10:55:28,058 INFO: particles=30 iter=50 n_caps=8 minZ=0.028956 runtime=48.59s placement={0: 226, 15: 1051, 1: 1413, 9: 495}
2026-03-26 10:56:10,454 INFO: particles=30 iter=50 n_caps=9 minZ=0.029827 runtime=42.40s placement={16: 901, 0: 43, 1: 1640, 6: 363}
2026-03-26 10:56:53,443 INFO: particles=30 iter=50 n_caps=10 minZ=0.026015 runtime=42.99s placement={0: 2514, 1: 1785, 6: 1615, 7: 44}
2026-03-26 10:57:37,278 INFO: particles=30 iter=50 n_caps=11 minZ=0.025248 runtime=43.83s placement={0: 2516, 6: 1784, 1: 1553, 7: 95, 16: 0}
2026-03-26 10:58:22,154 INFO: particles=30 iter=50 n_caps=12 minZ=0.027401 runtime=44.88s placement={6: 899, 0: 0, 1: 1553, 7: 2028, 16: 2516}
2026-03-26 10:59:07,803 INFO: particles=30 iter=50 n_caps=13 minZ=0.024953 runtime=45.65s placement={0: 1044, 1: 1784, 7: 1026, 16: 46}
2026-03-26 10:59:54,323 INFO: particles=30 iter=50 n_caps=14 minZ=0.024533 runtime=46.52s placement={0: 1044, 1: 1784, 7: 483, 16: 95, 15: 2}
2026-03-26 11:00:42,084 INFO: particles=30 iter=50 n_caps=15 minZ=0.026408 runtime=47.76s placement={0: 1, 1: 1784, 7: 366, 16: 2027, 15: 1044}
2026-03-26 11:01:30,254 INFO: particles=30 iter=50 n_caps=16 minZ=0.024236 runtime=48.17s placement={0: 0, 1: 1784, 7: 1566, 16: 1026, 15: 0}
2026-03-26 11:02:19,225 INFO: particles=30 iter=50 n_caps=17 minZ=0.022195 runtime=48.97s placement={0: 0, 9: 1781, 1: 1621, 16: 493, 15: 0}
2026-03-26 11:03:08,851 INFO: particles=30 iter=50 n_caps=18 minZ=0.022776 runtime=49.62s placement={10: 898, 0: 0, 1: 1622, 16: 366, 15: 2518}
2026-03-26 11:03:59,318 INFO: particles=30 iter=50 n_caps=19 minZ=0.020705 runtime=50.47s placement={0: 1700, 1: 1772, 16: 1622, 15: 45}
2026-03-26 11:04:50,594 INFO: particles=30 iter=50 n_caps=20 minZ=0.021077 runtime=51.28s placement={0: 5, 16: 1772, 1: 1622, 15: 96}
