2026-03-24 09:25:04,392 INFO: particles=50 iter=40 n_caps=1 minZ=0.087365 runtime=52.41s placement={9: 1012}
2026-03-24 09:26:00,011 INFO: particles=50 iter=40 n_caps=2 minZ=0.052108 runtime=55.62s placement={0: 1014, 9: 1696}
2026-03-24 09:26:55,341 INFO: particles=50 iter=40 n_caps=3 minZ=0.061214 runtime=55.33s placement={9: 1014, 0: 1722, 7: 0}
2026-03-24 09:27:52,363 INFO: particles=50 iter=40 n_caps=4 minZ=0.042354 runtime=57.02s placement={0: 1014, 6: 1493, 7: 893, 5: 1402}
2026-03-24 09:28:51,528 INFO: particles=50 iter=40 n_caps=5 minZ=0.050368 runtime=59.16s placement={6: 887, 7: 1484, 5: 842, 0: 1376, 9: 512}
2026-03-24 09:29:51,162 INFO: particles=50 iter=40 n_caps=6 minZ=0.045541 runtime=59.63s placement={5: 911, 6: 1430, 0: 685, 9: 1329, 7: 504, 10: 854}
2026-03-24 09:30:53,864 INFO: particles=50 iter=40 n_caps=7 minZ=0.034957 runtime=62.70s placement={0: 1185, 1: 150, 7: 297, 10: 923, 19: 469}
2026-03-24 09:31:57,297 INFO: particles=50 iter=40 n_caps=8 minZ=0.034843 runtime=63.43s placement={0: 0, 7: 149, 10: 273, 19: 919, 1: 484}
2026-03-24 09:33:02,639 INFO: particles=50 iter=40 n_caps=9 minZ=0.030718 runtime=65.34s placement={5: 1701, 6: 416, 19: 14, 0: 0, 1: 493, 20: 0}
2026-03-24 09:34:08,135 INFO: particles=50 iter=40 n_caps=10 minZ=0.024303 runtime=65.50s placement={0: 898, 20: 995, 1: 5, 19: 0}
2026-03-24 09:35:16,771 INFO: particles=50 iter=40 n_caps=11 minZ=0.028317 runtime=68.64s placement={20: 2751, 0: 0, 1: 6, 19: 1248}
2026-03-24 09:36:25,898 INFO: particles=50 iter=40 n_caps=12 minZ=0.029522 runtime=69.13s placement={0: 3347, 1: 735, 20: 1024, 7: 0}
2026-03-24 09:37:37,933 INFO: particles=50 iter=40 n_caps=13 minZ=0.027253 runtime=72.03s placement={0: 0, 1: 719, 19: 927, 7: 874, 6: 3347}
2026-03-24 09:38:49,533 INFO: particles=50 iter=40 n_caps=14 minZ=0.028042 runtime=71.60s placement={0: 0, 1: 970, 19: 1287, 7: 0, 6: 0}
2026-03-24 09:40:02,099 INFO: particles=50 iter=40 n_caps=15 minZ=0.025047 runtime=72.57s placement={0: 0, 1: 978, 20: 7, 7: 0, 6: 838}
2026-03-24 09:41:18,583 INFO: particles=50 iter=40 n_caps=16 minZ=0.024560 runtime=76.48s placement={0: 66, 20: 986, 1: 50, 9: 1159, 5: 1062}
2026-03-24 09:42:37,155 INFO: particles=50 iter=40 n_caps=17 minZ=0.021878 runtime=78.57s placement={20: 3192, 0: 0, 1: 47, 10: 762, 6: 204}
2026-03-24 09:43:56,652 INFO: particles=50 iter=40 n_caps=18 minZ=0.020934 runtime=79.50s placement={0: 0, 1: 1020, 9: 1711, 6: 1170, 2: 3347}
2026-03-24 09:45:14,517 INFO: particles=50 iter=40 n_caps=19 minZ=0.019882 runtime=77.86s placement={0: 1, 1: 1020, 9: 945, 6: 737, 2: 0}
2026-03-24 09:46:33,864 INFO: particles=50 iter=40 n_caps=20 minZ=0.019761 runtime=79.35s placement={0: 0, 1: 1020, 9: 45, 6: 1711, 2: 59}
