2026-03-21 21:30:26,310 INFO: particles=80 iter=50 n_caps=1 minZ=0.080251 runtime=169.85s placement={0: 1012}
2026-03-21 21:33:20,440 INFO: particles=80 iter=50 n_caps=2 minZ=0.053158 runtime=174.13s placement={0: 1012, 5: 1752}
2026-03-21 21:36:16,662 INFO: particles=80 iter=50 n_caps=3 minZ=0.051297 runtime=176.22s placement={6: 1511, 0: 1014, 9: 893}
2026-03-21 21:39:17,156 INFO: particles=80 iter=50 n_caps=4 minZ=0.048002 runtime=180.49s placement={0: 1464, 9: 1014, 10: 892, 5: 1126}
2026-03-21 21:42:21,370 INFO: particles=80 iter=50 n_caps=5 minZ=0.044846 runtime=184.21s placement={10: 1463, 9: 1014, 5: 893, 0: 1126, 6: 0}
2026-03-21 21:45:27,499 INFO: particles=80 iter=50 n_caps=6 minZ=0.040183 runtime=186.13s placement={9: 1354, 6: 1028, 0: 1012, 7: 1255, 8: 0, 14: 1686}
2026-03-21 21:48:38,463 INFO: particles=80 iter=50 n_caps=7 minZ=0.030999 runtime=190.96s placement={16: 1521, 0: 1853, 1: 1130, 14: 0, 7: 2357}
2026-03-21 21:51:54,202 INFO: particles=80 iter=50 n_caps=8 minZ=0.031416 runtime=195.74s placement={0: 2847, 1: 1367, 8: 350}
2026-03-21 21:55:12,673 INFO: particles=80 iter=50 n_caps=9 minZ=0.025351 runtime=198.47s placement={0: 2850, 1: 894, 8: 671, 10: 0}
2026-03-21 21:58:32,966 INFO: particles=80 iter=50 n_caps=10 minZ=0.026792 runtime=200.29s placement={0: 14, 1: 898, 7: 1011, 10: 2851}
2026-03-21 22:01:57,019 INFO: particles=80 iter=50 n_caps=11 minZ=0.026402 runtime=204.05s placement={0: 0, 7: 898, 1: 1011, 10: 2488, 6: 14}
2026-03-21 22:05:23,544 INFO: particles=80 iter=50 n_caps=12 minZ=0.029334 runtime=206.52s placement={7: 434, 0: 0, 1: 1011, 10: 1012, 6: 0}
2026-03-21 22:08:53,891 INFO: particles=80 iter=50 n_caps=13 minZ=0.022762 runtime=210.35s placement={0: 1275, 1: 897, 10: 370, 6: 2841}
2026-03-21 22:12:26,405 INFO: particles=80 iter=50 n_caps=14 minZ=0.020767 runtime=212.51s placement={0: 67, 1: 897, 10: 857, 6: 2507}
2026-03-21 22:16:02,008 INFO: particles=80 iter=50 n_caps=15 minZ=0.025399 runtime=215.60s placement={0: 10, 1: 1218, 10: 1029, 5: 885}
2026-03-21 22:19:41,709 INFO: particles=80 iter=50 n_caps=16 minZ=0.021734 runtime=219.70s placement={0: 0, 8: 1219, 1: 1037, 6: 469}
2026-03-21 22:23:43,716 INFO: particles=80 iter=50 n_caps=17 minZ=0.020480 runtime=242.01s placement={11: 113, 0: 0, 1: 2051, 7: 129}
2026-03-21 22:27:28,308 INFO: particles=80 iter=50 n_caps=18 minZ=0.018793 runtime=224.59s placement={0: 1837, 1: 1308, 7: 2025}
2026-03-21 22:31:14,761 INFO: particles=80 iter=50 n_caps=19 minZ=0.018272 runtime=226.45s placement={0: 0, 7: 1331, 1: 2023}
2026-03-21 22:35:04,668 INFO: particles=80 iter=50 n_caps=20 minZ=0.017888 runtime=229.91s placement={7: 109, 0: 0, 1: 2029}
