2026-03-30 07:41:06,335 INFO: particles=30 iter=15 n_caps=1 minZ=0.072657 runtime=12.72s placement={0: 1479}
2026-03-30 07:41:28,664 INFO: particles=30 iter=15 n_caps=2 minZ=0.070984 runtime=22.33s placement={0: 1479, 7: 0}
2026-03-30 07:42:01,620 INFO: particles=30 iter=15 n_caps=3 minZ=0.050932 runtime=32.96s placement={14: 2191, 9: 2351, 0: 1384}
2026-03-30 07:42:44,618 INFO: particles=30 iter=15 n_caps=4 minZ=0.050614 runtime=43.00s placement={9: 2191, 0: 2351, 10: 1384, 15: 2397}
2026-03-30 07:43:37,438 INFO: particles=30 iter=15 n_caps=5 minZ=0.045956 runtime=52.82s placement={0: 1992, 10: 2566, 15: 1375, 14: 3048, 9: 1700}
2026-03-30 07:44:41,550 INFO: particles=30 iter=15 n_caps=6 minZ=0.046492 runtime=64.11s placement={10: 1992, 15: 2566, 14: 1375, 9: 3048, 0: 1700, 6: 0}
2026-03-30 07:45:53,936 INFO: particles=30 iter=15 n_caps=7 minZ=0.041973 runtime=72.39s placement={15: 2024, 14: 2542, 9: 1413, 0: 2825, 5: 1980, 6: 69, 10: 1704}
2026-03-30 07:47:20,021 INFO: particles=30 iter=15 n_caps=8 minZ=0.041817 runtime=86.08s placement={14: 2024, 9: 2542, 0: 1413, 5: 2825, 6: 1980, 10: 69, 15: 1704, 7: 2606}
2026-03-30 07:48:52,709 INFO: particles=30 iter=15 n_caps=9 minZ=0.040500 runtime=92.69s placement={9: 2024, 0: 2542, 5: 1413, 6: 2825, 10: 1980, 14: 69, 7: 1704, 15: 2606, 16: 2448}
2026-03-30 07:50:35,624 INFO: particles=30 iter=15 n_caps=10 minZ=0.038466 runtime=102.91s placement={0: 2024, 5: 2542, 6: 1413, 9: 2825, 14: 1980, 7: 69, 15: 2448, 16: 2606, 10: 1637}
2026-03-30 07:52:30,695 INFO: particles=30 iter=15 n_caps=11 minZ=0.038430 runtime=115.07s placement={16: 1595, 14: 2788, 5: 599, 15: 2117, 8: 2213, 13: 0, 17: 1435, 10: 2426, 12: 1974, 0: 910}
2026-03-30 07:54:34,547 INFO: particles=30 iter=15 n_caps=12 minZ=0.040513 runtime=123.85s placement={14: 1342, 5: 2195, 15: 609, 8: 2197, 13: 2248, 16: 0, 10: 2761, 11: 3347, 0: 2029, 9: 929}
2026-03-30 07:56:50,452 INFO: particles=30 iter=15 n_caps=13 minZ=0.031166 runtime=135.91s placement={0: 2266, 1: 2927, 7: 3347, 19: 190, 15: 1403, 14: 2230, 9: 0, 16: 0, 8: 2819}
2026-03-30 07:59:12,509 INFO: particles=30 iter=15 n_caps=14 minZ=0.027733 runtime=142.06s placement={0: 90, 6: 3347, 1: 3347, 18: 307, 14: 3347, 15: 1222, 9: 2328, 13: 0, 10: 0}
2026-03-30 08:01:54,616 INFO: particles=30 iter=15 n_caps=15 minZ=0.028096 runtime=162.11s placement={5: 1394, 0: 523, 16: 3167, 1: 937, 15: 2131, 8: 3347, 9: 388, 14: 2422, 7: 299, 12: 146}
2026-03-30 08:04:38,808 INFO: particles=30 iter=15 n_caps=16 minZ=0.024974 runtime=164.19s placement={0: 1014, 17: 3293, 1: 3032, 15: 1056, 10: 2090, 9: 1741, 14: 383, 7: 1663, 13: 3084}
2026-03-30 08:07:41,036 INFO: particles=30 iter=15 n_caps=17 minZ=0.024502 runtime=182.23s placement={17: 940, 0: 1521, 18: 3311, 14: 1127, 1: 2393, 9: 405, 10: 3065, 15: 1252, 6: 1163}
2026-03-30 08:10:45,882 INFO: particles=30 iter=15 n_caps=18 minZ=0.022753 runtime=184.84s placement={0: 2981, 17: 935, 11: 3347, 1: 1105, 12: 3347, 7: 592, 20: 154, 8: 821}
2026-03-30 08:14:08,666 INFO: particles=30 iter=15 n_caps=19 minZ=0.024634 runtime=202.78s placement={17: 1121, 11: 935, 0: 0, 1: 1105, 12: 3347, 7: 3347, 20: 565, 8: 0}
2026-03-30 08:17:39,895 INFO: particles=30 iter=15 n_caps=20 minZ=0.022120 runtime=211.23s placement={11: 1121, 0: 0, 1: 3347, 12: 1105, 7: 3347, 20: 614, 8: 3347, 10: 2970}
