2026-03-19 18:59:30,286 INFO: particles=20 iter=25 n_caps=1 minZ=0.094292 runtime=21.37s placement={5: 1014}
2026-03-19 18:59:52,038 INFO: particles=20 iter=25 n_caps=2 minZ=0.056863 runtime=21.75s placement={0: 1014, 6: 974}
2026-03-19 19:00:14,469 INFO: particles=20 iter=25 n_caps=3 minZ=0.054564 runtime=22.43s placement={6: 1978, 0: 1014, 7: 0}
2026-03-19 19:00:37,043 INFO: particles=20 iter=25 n_caps=4 minZ=0.060848 runtime=22.57s placement={0: 2393, 6: 1002, 18: 0, 5: 1012}
2026-03-19 19:01:00,249 INFO: particles=20 iter=25 n_caps=5 minZ=0.054307 runtime=23.20s placement={15: 686, 10: 1451, 11: 923, 0: 977, 16: 365}
2026-03-19 19:01:23,822 INFO: particles=20 iter=25 n_caps=6 minZ=0.049481 runtime=23.57s placement={10: 685, 11: 1447, 0: 922, 16: 975, 7: 343, 14: 2571}
2026-03-19 19:01:49,743 INFO: particles=20 iter=25 n_caps=7 minZ=0.044105 runtime=25.92s placement={9: 1121, 0: 1521, 14: 941, 7: 942, 15: 447, 1: 2475}
2026-03-19 19:02:14,281 INFO: particles=20 iter=25 n_caps=8 minZ=0.035419 runtime=24.54s placement={0: 1549, 15: 2522, 1: 1717, 16: 913}
2026-03-19 19:02:38,977 INFO: particles=20 iter=25 n_caps=9 minZ=0.032097 runtime=24.70s placement={16: 929, 0: 0, 15: 1772, 1: 987}
2026-03-19 19:03:04,023 INFO: particles=20 iter=25 n_caps=10 minZ=0.030770 runtime=25.05s placement={0: 2678, 15: 2535, 1: 1772}
2026-03-19 19:03:29,385 INFO: particles=20 iter=25 n_caps=11 minZ=0.030906 runtime=25.36s placement={15: 929, 0: 0, 1: 1772, 20: 2678}
2026-03-19 19:03:55,280 INFO: particles=20 iter=25 n_caps=12 minZ=0.027847 runtime=25.89s placement={0: 2439, 1: 2385, 20: 0, 7: 0}
2026-03-19 19:04:21,421 INFO: particles=20 iter=25 n_caps=13 minZ=0.028312 runtime=26.14s placement={0: 0, 1: 2385, 20: 1552, 7: 2707}
2026-03-19 19:04:48,103 INFO: particles=20 iter=25 n_caps=14 minZ=0.029982 runtime=26.68s placement={0: 0, 1: 3111, 20: 909, 8: 0, 2: 0}
2026-03-19 19:05:15,470 INFO: particles=20 iter=25 n_caps=15 minZ=0.029872 runtime=27.37s placement={0: 0, 1: 3040, 20: 348, 9: 1542, 2: 0, 3: 0}
2026-03-19 19:05:43,039 INFO: particles=20 iter=25 n_caps=16 minZ=0.026265 runtime=27.57s placement={0: 0, 1: 3347, 20: 1542, 15: 0, 18: 0}
2026-03-19 19:06:10,980 INFO: particles=20 iter=25 n_caps=17 minZ=0.023628 runtime=27.94s placement={0: 0, 1: 3347, 20: 961, 15: 0, 18: 0, 9: 0, 5: 0}
2026-03-19 19:06:40,219 INFO: particles=20 iter=25 n_caps=18 minZ=0.025096 runtime=29.24s placement={0: 0, 1: 3298, 20: 1001, 14: 0, 18: 0, 9: 0, 5: 0, 7: 0}
2026-03-19 19:07:10,130 INFO: particles=20 iter=25 n_caps=19 minZ=0.025032 runtime=29.91s placement={0: 0, 20: 3298, 1: 1001, 14: 1330, 18: 0, 9: 0, 5: 0, 7: 0, 10: 0, 15: 0}
2026-03-19 19:07:39,879 INFO: particles=20 iter=25 n_caps=20 minZ=0.030224 runtime=29.75s placement={14: 856, 1: 3304, 0: 0, 3: 1694, 15: 1025, 18: 1323, 9: 10, 6: 0, 5: 0, 12: 96, 13: 0, 4: 0}
