2026-04-02 11:41:45,182 INFO: particles=20 iter=40 n_caps=1 minZ=0.085029 runtime=43.11s placement={0: 1316}
2026-04-02 11:42:32,703 INFO: particles=20 iter=40 n_caps=2 minZ=0.053051 runtime=47.52s placement={0: 1012, 9: 1618}
2026-04-02 11:43:23,602 INFO: particles=20 iter=40 n_caps=3 minZ=0.060251 runtime=50.90s placement={9: 1012, 0: 1584, 7: 0}
2026-04-02 11:44:16,747 INFO: particles=20 iter=40 n_caps=4 minZ=0.047060 runtime=53.14s placement={0: 1012, 7: 1584, 6: 0, 14: 1562}
2026-04-02 11:45:13,429 INFO: particles=20 iter=40 n_caps=5 minZ=0.055313 runtime=56.68s placement={0: 1002, 16: 2908, 8: 549, 10: 886, 14: 677}
2026-04-02 11:46:12,036 INFO: particles=20 iter=40 n_caps=6 minZ=0.057247 runtime=58.61s placement={0: 952, 7: 3061, 9: 185, 16: 1048, 10: 873, 8: 43}
2026-04-02 11:47:14,135 INFO: particles=20 iter=40 n_caps=7 minZ=0.051855 runtime=62.10s placement={0: 1355, 10: 1908, 13: 882, 1: 1048, 7: 456, 6: 1330}
2026-04-02 11:48:18,899 INFO: particles=20 iter=40 n_caps=8 minZ=0.041028 runtime=64.76s placement={10: 1255, 14: 508, 1: 884, 6: 981, 0: 1014, 9: 1435, 11: 2527, 4: 512}
2026-04-02 11:49:29,124 INFO: particles=20 iter=40 n_caps=9 minZ=0.038744 runtime=70.22s placement={14: 1265, 1: 558, 6: 893, 0: 1837, 9: 967, 11: 1080, 5: 2416}
2026-04-02 11:50:41,231 INFO: particles=20 iter=40 n_caps=10 minZ=0.034049 runtime=72.11s placement={1: 1279, 5: 408, 0: 2454, 9: 910, 11: 926, 6: 1149, 7: 1841}
2026-04-02 11:51:56,310 INFO: particles=20 iter=40 n_caps=11 minZ=0.029938 runtime=75.08s placement={0: 448, 1: 694, 6: 674, 8: 1596, 14: 1432}
2026-04-02 11:53:11,292 INFO: particles=20 iter=40 n_caps=12 minZ=0.028407 runtime=74.98s placement={0: 0, 6: 978, 8: 144, 15: 1603, 1: 1648}
2026-04-02 11:54:28,996 INFO: particles=20 iter=40 n_caps=13 minZ=0.026808 runtime=77.70s placement={6: 1153, 8: 978, 15: 125, 0: 0, 1: 1648}
2026-04-02 11:55:47,952 INFO: particles=20 iter=40 n_caps=14 minZ=0.026892 runtime=78.96s placement={8: 726, 15: 471, 0: 0, 1: 1459, 10: 55, 20: 1084}
2026-04-02 11:57:12,765 INFO: particles=20 iter=40 n_caps=15 minZ=0.022387 runtime=84.81s placement={16: 730, 0: 1402, 1: 1, 10: 0, 20: 47}
2026-04-02 11:58:36,664 INFO: particles=20 iter=40 n_caps=16 minZ=0.022859 runtime=83.90s placement={0: 1402, 1: 470, 10: 283, 20: 0, 18: 2708}
2026-04-02 12:00:29,254 INFO: particles=20 iter=40 n_caps=17 minZ=0.022411 runtime=112.59s placement={0: 21, 1: 470, 10: 1993, 20: 283, 18: 1392, 14: 2707}
2026-04-02 12:02:24,551 INFO: particles=20 iter=40 n_caps=18 minZ=0.023218 runtime=115.30s placement={0: 3, 1: 470, 10: 344, 20: 1993, 18: 1077, 14: 1392, 15: 21}
2026-04-02 12:04:24,636 INFO: particles=20 iter=40 n_caps=19 minZ=0.023628 runtime=120.08s placement={0: 0, 1: 470, 10: 484, 20: 344, 18: 47, 14: 1077, 15: 2707}
2026-04-02 12:06:25,429 INFO: particles=20 iter=40 n_caps=20 minZ=0.021360 runtime=120.79s placement={0: 0, 1: 470, 10: 2263, 20: 484, 18: 0, 14: 47, 15: 1392}
