2026-03-21 01:17:47,286 INFO: particles=30 iter=50 n_caps=1 minZ=0.085029 runtime=64.61s placement={0: 1317}
2026-03-21 01:18:53,167 INFO: particles=30 iter=50 n_caps=2 minZ=0.063835 runtime=65.88s placement={0: 1424, 9: 1012}
2026-03-21 01:20:00,151 INFO: particles=30 iter=50 n_caps=3 minZ=0.051071 runtime=66.98s placement={9: 1484, 0: 1012, 15: 0}
2026-03-21 01:21:09,004 INFO: particles=30 iter=50 n_caps=4 minZ=0.050011 runtime=68.85s placement={0: 1014, 16: 1044, 10: 842, 17: 1797}
2026-03-21 01:22:19,011 INFO: particles=30 iter=50 n_caps=5 minZ=0.055128 runtime=70.01s placement={14: 1872, 8: 1186, 16: 1570, 0: 911, 15: 210}
2026-03-21 01:23:30,014 INFO: particles=30 iter=50 n_caps=6 minZ=0.046856 runtime=71.00s placement={6: 709, 14: 354, 0: 1014, 15: 902, 9: 189, 7: 1930}
2026-03-21 01:24:42,582 INFO: particles=30 iter=50 n_caps=7 minZ=0.034965 runtime=72.57s placement={0: 1722, 1: 0, 8: 494, 9: 157, 5: 1806}
2026-03-21 01:25:56,039 INFO: particles=30 iter=50 n_caps=8 minZ=0.041669 runtime=73.46s placement={0: 333, 7: 0, 1: 225, 5: 1045, 6: 1473}
2026-03-21 01:27:11,156 INFO: particles=30 iter=50 n_caps=9 minZ=0.033278 runtime=75.12s placement={0: 342, 1: 0, 10: 183, 6: 649, 9: 981}
2026-03-21 01:28:27,307 INFO: particles=30 iter=50 n_caps=10 minZ=0.032260 runtime=76.15s placement={0: 434, 10: 799, 1: 0, 6: 1161, 8: 333, 14: 526}
2026-03-21 01:29:44,448 INFO: particles=30 iter=50 n_caps=11 minZ=0.028325 runtime=77.14s placement={10: 1210, 0: 0, 1: 0, 15: 279}
2026-03-21 01:31:01,817 INFO: particles=30 iter=50 n_caps=12 minZ=0.027884 runtime=77.37s placement={0: 1583, 1: 847, 15: 1141}
2026-03-21 01:32:21,055 INFO: particles=30 iter=50 n_caps=13 minZ=0.025419 runtime=79.24s placement={0: 0, 1: 841, 15: 1263, 10: 1605, 6: 0}
2026-03-21 01:33:41,399 INFO: particles=30 iter=50 n_caps=14 minZ=0.026478 runtime=80.34s placement={0: 0, 1: 845, 15: 1519, 10: 0, 6: 1605}
2026-03-21 01:35:01,962 INFO: particles=30 iter=50 n_caps=15 minZ=0.025514 runtime=80.56s placement={0: 0, 1: 845, 15: 344, 10: 341, 6: 0}
2026-03-21 01:36:23,869 INFO: particles=30 iter=50 n_caps=16 minZ=0.023921 runtime=81.91s placement={0: 0, 1: 846, 15: 0, 10: 601, 6: 342}
2026-03-21 01:37:46,694 INFO: particles=30 iter=50 n_caps=17 minZ=0.022607 runtime=82.82s placement={0: 0, 15: 846, 1: 0, 10: 268, 6: 601}
2026-03-21 01:39:10,674 INFO: particles=30 iter=50 n_caps=18 minZ=0.023396 runtime=83.98s placement={15: 1346, 0: 0, 1: 0, 10: 1126, 6: 268}
2026-03-21 01:40:35,604 INFO: particles=30 iter=50 n_caps=19 minZ=0.024058 runtime=84.93s placement={0: 2602, 1: 846, 10: 1266, 6: 1126}
2026-03-21 01:42:01,488 INFO: particles=30 iter=50 n_caps=20 minZ=0.022634 runtime=85.88s placement={0: 0, 1: 848, 10: 1525, 6: 1265}
