2026-03-28 13:16:34,686 INFO: particles=80 iter=40 n_caps=1 minZ=0.080251 runtime=74.07s placement={0: 1012}
2026-03-28 13:17:55,393 INFO: particles=80 iter=40 n_caps=2 minZ=0.052368 runtime=80.71s placement={0: 1012, 5: 1487}
2026-03-28 13:19:13,679 INFO: particles=80 iter=40 n_caps=3 minZ=0.055924 runtime=78.29s placement={5: 1012, 0: 1455, 6: 524}
2026-03-28 13:20:36,383 INFO: particles=80 iter=40 n_caps=4 minZ=0.040695 runtime=82.70s placement={0: 1012, 7: 1467, 9: 524, 10: 1012}
2026-03-28 13:22:03,715 INFO: particles=80 iter=40 n_caps=5 minZ=0.039784 runtime=87.33s placement={6: 1012, 9: 1465, 10: 524, 0: 1012, 7: 0}
2026-03-28 13:23:29,258 INFO: particles=80 iter=40 n_caps=6 minZ=0.037810 runtime=85.54s placement={16: 685, 9: 1607, 0: 1014, 5: 1028, 1: 0}
2026-03-28 13:24:57,404 INFO: particles=80 iter=40 n_caps=7 minZ=0.033146 runtime=88.15s placement={10: 602, 0: 2592, 5: 527, 1: 998}
2026-03-28 13:26:26,022 INFO: particles=80 iter=40 n_caps=8 minZ=0.028332 runtime=88.62s placement={0: 1712, 5: 1145, 1: 602}
2026-03-28 13:27:58,073 INFO: particles=80 iter=40 n_caps=9 minZ=0.027574 runtime=92.05s placement={5: 601, 0: 22, 1: 610}
2026-03-28 13:29:34,211 INFO: particles=80 iter=40 n_caps=10 minZ=0.025843 runtime=96.14s placement={0: 945, 1: 1155}
2026-03-28 13:31:10,714 INFO: particles=80 iter=40 n_caps=11 minZ=0.024743 runtime=96.50s placement={0: 105, 1: 1155}
2026-03-28 13:32:46,601 INFO: particles=80 iter=40 n_caps=12 minZ=0.024361 runtime=95.89s placement={0: 105, 1: 1155, 7: 0}
2026-03-28 13:34:27,196 INFO: particles=80 iter=40 n_caps=13 minZ=0.024293 runtime=100.59s placement={0: 0, 1: 1155, 7: 105}
2026-03-28 13:36:07,990 INFO: particles=80 iter=40 n_caps=14 minZ=0.024144 runtime=100.79s placement={0: 0, 1: 1155, 7: 945}
2026-03-28 13:37:54,457 INFO: particles=80 iter=40 n_caps=15 minZ=0.023423 runtime=106.47s placement={0: 0, 1: 1155, 7: 22}
2026-03-28 13:39:42,176 INFO: particles=80 iter=40 n_caps=16 minZ=0.023058 runtime=107.72s placement={0: 0, 1: 1155, 7: 1711}
2026-03-28 13:41:27,674 INFO: particles=80 iter=40 n_caps=17 minZ=0.021692 runtime=105.50s placement={0: 0, 1: 1173, 7: 2601}
2026-03-28 13:43:17,796 INFO: particles=80 iter=40 n_caps=18 minZ=0.023830 runtime=110.12s placement={0: 0, 1: 1173, 7: 1012}
2026-03-28 13:45:06,281 INFO: particles=80 iter=40 n_caps=19 minZ=0.021749 runtime=108.48s placement={0: 0, 1: 1173, 7: 91}
2026-03-28 13:47:02,077 INFO: particles=80 iter=40 n_caps=20 minZ=0.023200 runtime=115.79s placement={0: 0, 1: 1173, 7: 1012}
