2026-03-09 07:22:11,449 INFO: n_caps=1 | iter=15 | minZ=0.030000 | placement={17: 2352}
2026-03-09 07:22:11,449 INFO: init_n_caps=2 | seeded_previous_caps=1 | new_cap_random_init(cap=2895,port=2)
2026-03-09 07:22:26,276 INFO: n_caps=2 | iter=15 | minZ=0.030001 | placement={9: 1549, 18: 3347}
2026-03-09 07:22:26,276 INFO: init_n_caps=3 | seeded_previous_caps=2 | new_cap_random_init(cap=1648,port=9)
2026-03-09 07:22:41,613 INFO: n_caps=3 | iter=15 | minZ=0.030001 | placement={18: 1929, 9: 3347, 1: 1755}
2026-03-09 07:22:41,613 INFO: init_n_caps=4 | seeded_previous_caps=3 | new_cap_random_init(cap=3020,port=19)
2026-03-09 07:22:57,700 INFO: n_caps=4 | iter=15 | minZ=0.030002 | placement={12: 3034, 0: 3347, 1: 1841, 14: 2576}
2026-03-09 07:22:57,700 INFO: init_n_caps=5 | seeded_previous_caps=4 | new_cap_random_init(cap=2148,port=14)
2026-03-09 07:23:14,144 INFO: n_caps=5 | iter=15 | minZ=0.030002 | placement={12: 0, 19: 3347, 0: 3347, 7: 1206, 18: 3347}
2026-03-09 07:23:14,145 INFO: init_n_caps=6 | seeded_previous_caps=5 | new_cap_random_init(cap=2076,port=12)
2026-03-09 07:23:31,180 INFO: n_caps=6 | iter=15 | minZ=0.030001 | placement={19: 0, 0: 3347, 7: 3347, 18: 1206, 2: 3347, 8: 2076}
2026-03-09 07:23:31,180 INFO: init_n_caps=7 | seeded_previous_caps=6 | new_cap_random_init(cap=3193,port=13)
2026-03-09 07:23:48,504 INFO: n_caps=7 | iter=15 | minZ=0.030000 | placement={14: 1079, 10: 2111, 19: 2449, 20: 2559, 9: 1180, 0: 2624}
2026-03-09 07:23:48,504 INFO: init_n_caps=8 | seeded_previous_caps=7 | new_cap_random_init(cap=2353,port=2)
2026-03-09 07:24:06,210 INFO: n_caps=8 | iter=15 | minZ=0.030000 | placement={15: 3304, 20: 1552, 13: 2101, 19: 1068, 14: 2215, 2: 456, 7: 2746, 0: 0}
2026-03-09 07:24:06,210 INFO: init_n_caps=9 | seeded_previous_caps=8 | new_cap_random_init(cap=2573,port=19)
2026-03-09 07:24:24,417 INFO: n_caps=9 | iter=15 | minZ=0.030001 | placement={2: 3287, 16: 1540, 19: 2206, 12: 0, 3: 2548, 9: 0, 0: 1316, 1: 118, 11: 3347}
2026-03-09 07:24:24,418 INFO: init_n_caps=10 | seeded_previous_caps=9 | new_cap_random_init(cap=472,port=5)
2026-03-09 07:24:43,197 INFO: n_caps=10 | iter=15 | minZ=0.030000 | placement={8: 1548, 10: 206, 14: 1654, 1: 2578, 13: 817, 0: 2326, 7: 1910, 17: 294, 15: 2474, 2: 3053}
2026-03-09 07:24:43,197 INFO: init_n_caps=11 | seeded_previous_caps=10 | new_cap_random_init(cap=1490,port=17)
2026-03-09 07:25:02,135 INFO: n_caps=11 | iter=15 | minZ=0.030001 | placement={13: 563, 14: 489, 0: 2267, 15: 2779, 1: 852, 10: 1532, 12: 184, 2: 653, 19: 3347}
2026-03-09 07:25:02,135 INFO: init_n_caps=12 | seeded_previous_caps=11 | new_cap_random_init(cap=2214,port=9)
2026-03-09 07:25:21,636 INFO: n_caps=12 | iter=15 | minZ=0.030000 | placement={20: 1863, 17: 3058, 9: 1174, 0: 1046, 10: 1098, 5: 2530, 7: 763, 4: 502, 11: 3347, 18: 3328, 6: 2622, 3: 1210}
2026-03-09 07:25:21,637 INFO: init_n_caps=13 | seeded_previous_caps=12 | new_cap_random_init(cap=3347,port=1)
2026-03-09 07:25:41,607 INFO: n_caps=13 | iter=15 | minZ=0.030001 | placement={11: 2363, 12: 734, 0: 143, 9: 684, 5: 1096, 13: 2380, 14: 1358, 18: 2730, 6: 3102, 4: 2459, 7: 1214, 10: 3338}
2026-03-09 07:25:41,607 INFO: init_n_caps=14 | seeded_previous_caps=13 | new_cap_random_init(cap=1897,port=5)
2026-03-09 07:26:02,292 INFO: n_caps=14 | iter=15 | minZ=0.030001 | placement={0: 1140, 1: 0, 3: 1176, 17: 2587, 6: 2169, 15: 2541, 4: 1214, 16: 2281, 2: 3347, 18: 1491, 5: 1622, 14: 0}
2026-03-09 07:26:02,293 INFO: init_n_caps=15 | seeded_previous_caps=14 | new_cap_random_init(cap=0,port=5)
2026-03-09 07:26:23,208 INFO: n_caps=15 | iter=15 | minZ=0.030001 | placement={15: 33, 10: 3347, 4: 3330, 20: 0, 13: 2752, 16: 823, 17: 281, 19: 3347, 0: 1270, 8: 2600, 5: 2061, 12: 2855, 3: 3208}
2026-03-09 07:26:23,209 INFO: init_n_caps=16 | seeded_previous_caps=15 | new_cap_random_init(cap=2621,port=11)
2026-03-09 07:26:44,389 INFO: n_caps=16 | iter=15 | minZ=0.030001 | placement={10: 14, 14: 582, 19: 3325, 13: 2880, 20: 1798, 17: 382, 9: 1601, 8: 1238, 5: 2677, 16: 2121, 12: 127, 2: 1406, 11: 2815}
2026-03-09 07:26:44,390 INFO: init_n_caps=17 | seeded_previous_caps=16 | new_cap_random_init(cap=1837,port=3)
2026-03-09 07:27:06,033 INFO: n_caps=17 | iter=15 | minZ=0.030001 | placement={15: 0, 20: 2006, 11: 3114, 19: 2874, 7: 1741, 14: 1637, 6: 363, 13: 2459, 12: 1803, 2: 738, 10: 1967, 9: 2812, 5: 1747}
2026-03-09 07:27:06,033 INFO: init_n_caps=18 | seeded_previous_caps=17 | new_cap_random_init(cap=2542,port=4)
2026-03-09 07:27:28,523 INFO: n_caps=18 | iter=15 | minZ=0.030000 | placement={10: 1565, 0: 2436, 13: 2317, 11: 1156, 4: 2497, 20: 2248, 12: 2832, 1: 2085, 7: 2671, 3: 458, 5: 2786, 8: 2803, 9: 976, 16: 1486, 14: 1349, 2: 1661}
2026-03-09 07:27:28,523 INFO: init_n_caps=19 | seeded_previous_caps=18 | new_cap_random_init(cap=1794,port=5)
2026-03-09 07:27:51,455 INFO: n_caps=19 | iter=15 | minZ=0.030001 | placement={0: 1744, 12: 0, 1: 354, 3: 1520, 13: 1177, 5: 0, 9: 3347, 7: 2625, 11: 1416, 15: 1390, 10: 2513, 16: 0, 2: 1047, 20: 1612, 4: 1549, 18: 2102}
2026-03-09 07:27:51,455 INFO: init_n_caps=20 | seeded_previous_caps=19 | new_cap_random_init(cap=26,port=18)
2026-03-09 07:28:14,366 INFO: n_caps=20 | iter=15 | minZ=0.030001 | placement={0: 0, 19: 469, 6: 108, 3: 604, 16: 0, 4: 1953, 20: 2642, 18: 974, 5: 3347, 7: 1848, 12: 329, 1: 0, 9: 0, 13: 1767, 8: 1332, 2: 157}
