2026-03-26 23:00:17,388 INFO: particles=50 iter=25 n_caps=1 minZ=0.080251 runtime=28.96s placement={0: 1014}
2026-03-26 23:00:50,138 INFO: particles=50 iter=25 n_caps=2 minZ=0.063467 runtime=32.75s placement={0: 910, 10: 1365}
2026-03-26 23:01:21,030 INFO: particles=50 iter=25 n_caps=3 minZ=0.063896 runtime=30.89s placement={10: 268, 9: 1340, 0: 1752}
2026-03-26 23:01:55,956 INFO: particles=50 iter=25 n_caps=4 minZ=0.056735 runtime=34.93s placement={6: 1065, 7: 994, 16: 433, 0: 1541}
2026-03-26 23:02:29,385 INFO: particles=50 iter=25 n_caps=5 minZ=0.051562 runtime=33.43s placement={6: 1002, 16: 1127, 0: 1399, 9: 1341, 10: 898}
2026-03-26 23:03:02,230 INFO: particles=50 iter=25 n_caps=6 minZ=0.045892 runtime=32.84s placement={14: 1012, 0: 1126, 9: 1400, 10: 1354, 15: 904, 20: 1091}
2026-03-26 23:03:38,051 INFO: particles=50 iter=25 n_caps=7 minZ=0.040421 runtime=35.82s placement={0: 1012, 9: 1126, 10: 1400, 15: 1354, 20: 904, 4: 1091, 19: 2472}
2026-03-26 23:04:12,434 INFO: particles=50 iter=25 n_caps=8 minZ=0.046792 runtime=34.38s placement={6: 0, 9: 830, 16: 1196, 15: 1725, 0: 92, 14: 893, 1: 2566}
2026-03-26 23:04:52,107 INFO: particles=50 iter=25 n_caps=9 minZ=0.039883 runtime=39.67s placement={7: 0, 16: 853, 14: 1403, 0: 92, 20: 2069, 1: 974, 3: 720}
2026-03-26 23:05:33,463 INFO: particles=50 iter=25 n_caps=10 minZ=0.036139 runtime=41.36s placement={18: 0, 14: 751, 0: 1716, 20: 200, 1: 757, 2: 4, 16: 920}
2026-03-26 23:06:16,174 INFO: particles=50 iter=25 n_caps=11 minZ=0.032799 runtime=42.71s placement={14: 19, 0: 3115, 20: 663, 1: 1190, 18: 465, 7: 614}
2026-03-26 23:07:01,459 INFO: particles=50 iter=25 n_caps=12 minZ=0.025975 runtime=45.28s placement={0: 2458, 20: 814, 1: 689, 18: 1908, 6: 513}
2026-03-26 23:07:47,944 INFO: particles=50 iter=25 n_caps=13 minZ=0.030640 runtime=46.48s placement={20: 13, 0: 0, 1: 689, 18: 1014, 6: 1908}
2026-03-26 23:08:35,174 INFO: particles=50 iter=25 n_caps=14 minZ=0.028492 runtime=47.23s placement={0: 3347, 1: 814, 18: 0, 2: 832}
2026-03-26 23:09:15,463 INFO: particles=50 iter=25 n_caps=15 minZ=0.028826 runtime=40.29s placement={0: 0, 1: 814, 18: 1177, 2: 0}
2026-03-26 23:09:55,842 INFO: particles=50 iter=25 n_caps=16 minZ=0.026177 runtime=40.38s placement={0: 0, 1: 709, 19: 233, 14: 0}
2026-03-26 23:10:38,172 INFO: particles=50 iter=25 n_caps=17 minZ=0.022922 runtime=42.33s placement={0: 840, 19: 585, 1: 253, 14: 35, 5: 0}
2026-03-26 23:11:21,380 INFO: particles=50 iter=25 n_caps=18 minZ=0.023774 runtime=43.21s placement={19: 83, 0: 0, 1: 233, 13: 3347, 5: 868}
2026-03-26 23:12:05,964 INFO: particles=50 iter=25 n_caps=19 minZ=0.023140 runtime=44.58s placement={0: 3236, 1: 582, 14: 716, 5: 27, 8: 0}
2026-03-26 23:12:49,052 INFO: particles=50 iter=25 n_caps=20 minZ=0.021399 runtime=43.09s placement={1: 91, 0: 0, 14: 1113, 5: 3347, 8: 0, 10: 3300, 11: 0}
