2026-04-01 22:56:03,883 INFO: particles=20 iter=25 n_caps=1 minZ=0.088670 runtime=24.88s placement={0: 1302}
2026-04-01 22:56:28,486 INFO: particles=20 iter=25 n_caps=2 minZ=0.080212 runtime=24.60s placement={0: 953, 7: 0}
2026-04-01 22:56:53,722 INFO: particles=20 iter=25 n_caps=3 minZ=0.057013 runtime=25.24s placement={0: 1012, 8: 1109, 9: 2627}
2026-04-01 22:57:18,450 INFO: particles=20 iter=25 n_caps=4 minZ=0.057537 runtime=24.73s placement={7: 1075, 9: 909, 0: 1455, 10: 468}
2026-04-01 22:57:43,410 INFO: particles=20 iter=25 n_caps=5 minZ=0.051705 runtime=24.96s placement={10: 906, 0: 911, 11: 1785, 5: 610, 6: 1416}
2026-04-01 22:58:11,216 INFO: particles=20 iter=25 n_caps=6 minZ=0.045680 runtime=27.80s placement={0: 893, 7: 943, 6: 1398, 5: 416, 9: 1012, 10: 1725}
2026-04-01 22:58:37,780 INFO: particles=20 iter=25 n_caps=7 minZ=0.053614 runtime=26.56s placement={7: 893, 6: 943, 5: 1398, 9: 416, 10: 1012, 14: 1725, 0: 2}
2026-04-01 22:59:04,759 INFO: particles=20 iter=25 n_caps=8 minZ=0.046439 runtime=26.98s placement={6: 893, 7: 943, 9: 1398, 10: 416, 14: 1012, 0: 1725, 15: 2, 5: 1263}
2026-04-01 22:59:31,237 INFO: particles=20 iter=25 n_caps=9 minZ=0.035700 runtime=26.48s placement={6: 893, 9: 943, 10: 1398, 14: 416, 0: 1070, 15: 1725, 5: 2, 1: 1263}
2026-04-01 22:59:59,301 INFO: particles=20 iter=25 n_caps=10 minZ=0.031212 runtime=28.06s placement={10: 893, 5: 2122, 13: 1404, 0: 1012, 14: 473, 7: 1602, 1: 0}
2026-04-01 23:00:29,759 INFO: particles=20 iter=25 n_caps=11 minZ=0.029363 runtime=30.46s placement={5: 893, 13: 2122, 0: 1742, 14: 373, 7: 473, 1: 1602}
2026-04-01 23:00:59,038 INFO: particles=20 iter=25 n_caps=12 minZ=0.026919 runtime=29.28s placement={14: 928, 0: 1012, 19: 2405, 6: 324, 1: 458, 2: 1719}
2026-04-01 23:01:28,034 INFO: particles=20 iter=25 n_caps=13 minZ=0.029363 runtime=29.00s placement={0: 2395, 19: 2426, 6: 2405, 1: 324, 2: 1012}
2026-04-01 23:01:56,715 INFO: particles=20 iter=25 n_caps=14 minZ=0.026889 runtime=28.68s placement={19: 928, 6: 2426, 0: 1012, 1: 324, 2: 1327, 20: 2395, 7: 2}
2026-04-01 23:02:27,967 INFO: particles=20 iter=25 n_caps=15 minZ=0.025001 runtime=31.25s placement={5: 624, 0: 0, 1: 3319, 20: 1280, 7: 2452, 8: 3312}
2026-04-01 23:02:58,919 INFO: particles=20 iter=25 n_caps=16 minZ=0.022674 runtime=30.95s placement={0: 893, 1: 2103, 20: 1063, 6: 1264, 7: 0, 2: 3330}
2026-04-01 23:03:29,561 INFO: particles=20 iter=25 n_caps=17 minZ=0.026139 runtime=30.64s placement={0: 0, 1: 2123, 20: 1015, 6: 1061, 7: 2239, 2: 0}
2026-04-01 23:04:01,214 INFO: particles=20 iter=25 n_caps=18 minZ=0.027129 runtime=31.65s placement={0: 0, 1: 1865, 20: 1190, 7: 1024, 8: 1749, 2: 2232}
2026-04-01 23:04:32,631 INFO: particles=20 iter=25 n_caps=19 minZ=0.026217 runtime=31.42s placement={0: 0, 1: 1132, 20: 1474, 5: 1241, 9: 1489, 6: 1169, 16: 0}
2026-04-01 23:05:04,187 INFO: particles=20 iter=25 n_caps=20 minZ=0.025408 runtime=31.56s placement={0: 0, 1: 1132, 20: 341, 5: 1474, 9: 595, 6: 3347, 16: 0}
