2026-03-20 01:19:01,418 INFO: particles=80 iter=10 n_caps=1 minZ=0.085029 runtime=34.28s placement={0: 1317}
2026-03-20 01:19:36,256 INFO: particles=80 iter=10 n_caps=2 minZ=0.057663 runtime=34.84s placement={9: 3235, 0: 1014}
2026-03-20 01:20:11,804 INFO: particles=80 iter=10 n_caps=3 minZ=0.067158 runtime=35.55s placement={0: 3235, 9: 1014, 10: 1628}
2026-03-20 01:20:47,920 INFO: particles=80 iter=10 n_caps=4 minZ=0.063716 runtime=36.11s placement={9: 3157, 10: 990, 0: 910, 6: 41}
2026-03-20 01:21:24,844 INFO: particles=80 iter=10 n_caps=5 minZ=0.046437 runtime=36.92s placement={9: 401, 0: 1012, 7: 617, 12: 787, 10: 1998}
2026-03-20 01:22:02,511 INFO: particles=80 iter=10 n_caps=6 minZ=0.048792 runtime=37.67s placement={5: 421, 9: 1012, 13: 1806, 10: 893, 0: 1992, 1: 1514}
2026-03-20 01:22:50,797 INFO: particles=80 iter=10 n_caps=7 minZ=0.040607 runtime=48.29s placement={10: 326, 13: 1034, 9: 1903, 0: 991, 1: 1470}
2026-03-20 01:23:39,989 INFO: particles=80 iter=10 n_caps=8 minZ=0.035484 runtime=49.19s placement={13: 326, 9: 1034, 0: 991, 1: 997, 10: 1834}
2026-03-20 01:24:23,239 INFO: particles=80 iter=10 n_caps=9 minZ=0.030904 runtime=43.25s placement={9: 305, 0: 2321, 1: 1894, 10: 1067}
2026-03-20 01:25:03,255 INFO: particles=80 iter=10 n_caps=10 minZ=0.031382 runtime=40.02s placement={0: 1540, 1: 1104, 10: 1123}
2026-03-20 01:25:44,146 INFO: particles=80 iter=10 n_caps=11 minZ=0.029512 runtime=40.89s placement={0: 1592, 1: 1142, 5: 1082, 18: 41}
2026-03-20 01:26:25,400 INFO: particles=80 iter=10 n_caps=12 minZ=0.030507 runtime=41.25s placement={0: 0, 1: 1142, 5: 501, 18: 1592}
2026-03-20 01:27:07,385 INFO: particles=80 iter=10 n_caps=13 minZ=0.030314 runtime=41.99s placement={0: 0, 1: 1142, 5: 1094, 18: 2461}
2026-03-20 01:27:50,092 INFO: particles=80 iter=10 n_caps=14 minZ=0.025982 runtime=42.71s placement={0: 0, 5: 730, 1: 0, 19: 1395, 6: 0, 8: 102}
2026-03-20 01:28:32,988 INFO: particles=80 iter=10 n_caps=15 minZ=0.026199 runtime=42.90s placement={5: 1370, 0: 0, 1: 0, 19: 171, 6: 0, 8: 0}
2026-03-20 01:29:17,162 INFO: particles=80 iter=10 n_caps=16 minZ=0.024978 runtime=44.17s placement={0: 447, 1: 490, 19: 0, 5: 9, 6: 0, 9: 0}
2026-03-20 01:30:02,354 INFO: particles=80 iter=10 n_caps=17 minZ=0.028103 runtime=45.19s placement={0: 1014, 1: 0, 19: 1085, 2: 0, 16: 2077, 7: 111, 8: 0, 6: 0, 4: 0}
2026-03-20 01:30:47,749 INFO: particles=80 iter=10 n_caps=18 minZ=0.027398 runtime=45.39s placement={0: 1236, 1: 0, 19: 1486, 16: 1317, 10: 807, 7: 213, 5: 0, 11: 0}
2026-03-20 01:31:33,888 INFO: particles=80 iter=10 n_caps=19 minZ=0.026786 runtime=46.14s placement={0: 0, 1: 0, 19: 0, 16: 799, 10: 717, 7: 0, 5: 213, 11: 1236}
2026-03-20 01:32:20,730 INFO: particles=80 iter=10 n_caps=20 minZ=0.025655 runtime=46.84s placement={0: 982, 19: 0, 1: 0, 16: 16, 13: 1210, 7: 653, 5: 0, 14: 722}
