2026-03-19 18:03:21,226 INFO: particles=20 iter=15 n_caps=1 minZ=0.085029 runtime=12.72s placement={0: 1316}
2026-03-19 18:03:34,283 INFO: particles=20 iter=15 n_caps=2 minZ=0.084317 runtime=13.06s placement={15: 1903, 10: 911}
2026-03-19 18:03:47,592 INFO: particles=20 iter=15 n_caps=3 minZ=0.061200 runtime=13.31s placement={10: 1903, 0: 911, 9: 2521}
2026-03-19 18:04:01,120 INFO: particles=20 iter=15 n_caps=4 minZ=0.063895 runtime=13.53s placement={0: 1903, 9: 911, 6: 2521, 10: 1811}
2026-03-19 18:04:14,922 INFO: particles=20 iter=15 n_caps=5 minZ=0.058561 runtime=13.80s placement={9: 1905, 6: 911, 10: 2460, 0: 1493, 14: 411}
2026-03-19 18:04:28,974 INFO: particles=20 iter=15 n_caps=6 minZ=0.041098 runtime=14.05s placement={5: 901, 10: 812, 0: 1012, 14: 1652, 15: 904, 17: 1606}
2026-03-19 18:04:43,281 INFO: particles=20 iter=15 n_caps=7 minZ=0.055658 runtime=14.31s placement={9: 1105, 0: 616, 12: 1096, 10: 1290, 16: 1122, 7: 1635, 8: 2003}
2026-03-19 18:04:57,875 INFO: particles=20 iter=15 n_caps=8 minZ=0.046662 runtime=14.59s placement={7: 953, 14: 1046, 10: 3303, 15: 1858, 12: 2796, 0: 1012, 13: 1630, 8: 515}
2026-03-19 18:05:12,687 INFO: particles=20 iter=15 n_caps=9 minZ=0.047886 runtime=14.81s placement={9: 817, 0: 1012, 16: 3347, 10: 3347, 1: 1758, 11: 547, 14: 3347, 4: 914, 15: 0}
2026-03-19 18:05:27,697 INFO: particles=20 iter=15 n_caps=10 minZ=0.045770 runtime=15.01s placement={0: 1605, 16: 881, 11: 3347, 1: 3347, 6: 1742, 14: 617, 4: 3347, 15: 903}
2026-03-19 18:05:43,021 INFO: particles=20 iter=15 n_caps=11 minZ=0.051560 runtime=15.32s placement={10: 0, 11: 840, 16: 2221, 5: 1944, 9: 0, 7: 1369, 0: 1463, 8: 1014, 6: 510, 20: 2005}
2026-03-19 18:05:58,501 INFO: particles=20 iter=15 n_caps=12 minZ=0.045758 runtime=15.48s placement={11: 0, 16: 146, 0: 686, 13: 2840, 10: 0, 1: 1356, 7: 1463, 9: 1036, 6: 0, 20: 693, 15: 2248}
2026-03-19 18:06:14,294 INFO: particles=20 iter=15 n_caps=13 minZ=0.037865 runtime=15.79s placement={16: 0, 1: 1038, 17: 1911, 0: 1012, 9: 460, 10: 532, 2: 485, 8: 0, 11: 864, 13: 2303, 15: 2977}
2026-03-19 18:06:30,350 INFO: particles=20 iter=15 n_caps=14 minZ=0.034375 runtime=16.06s placement={0: 3347, 15: 943, 1: 1612, 7: 489, 6: 342, 10: 388, 12: 0, 13: 1464, 18: 1021}
2026-03-19 18:06:46,649 INFO: particles=20 iter=15 n_caps=15 minZ=0.031319 runtime=16.30s placement={15: 0, 0: 0, 1: 891, 7: 892, 5: 553, 11: 106, 12: 397, 13: 0, 18: 2686, 19: 3347}
2026-03-19 18:07:03,222 INFO: particles=20 iter=15 n_caps=16 minZ=0.032274 runtime=16.57s placement={0: 2085, 1: 509, 7: 1297, 5: 901, 10: 0, 12: 104, 14: 396, 19: 1351, 18: 3138}
2026-03-19 18:07:20,046 INFO: particles=20 iter=15 n_caps=17 minZ=0.028516 runtime=16.82s placement={0: 1522, 7: 848, 1: 543, 6: 185, 14: 0, 15: 14, 19: 28, 3: 3149, 18: 1573}
2026-03-19 18:07:37,160 INFO: particles=20 iter=15 n_caps=18 minZ=0.028210 runtime=17.11s placement={1: 0, 0: 3129, 3: 826, 15: 299, 16: 85, 20: 193, 14: 2449, 5: 3124, 4: 1118, 8: 165}
2026-03-19 18:07:54,497 INFO: particles=20 iter=15 n_caps=19 minZ=0.029341 runtime=17.34s placement={0: 45, 1: 360, 18: 642, 16: 80, 20: 438, 4: 0, 15: 2812, 5: 704, 6: 3347, 11: 1680, 9: 389}
2026-03-19 18:08:12,043 INFO: particles=20 iter=15 n_caps=20 minZ=0.027542 runtime=17.55s placement={0: 0, 1: 327, 18: 106, 16: 638, 20: 1187, 4: 376, 15: 1523, 5: 2213, 6: 831, 11: 3347, 10: 39, 9: 388}
