2026-04-01 20:13:25,898 INFO: particles=20 iter=10 n_caps=1 minZ=0.120627 runtime=10.47s placement={14: 1301}
2026-04-01 20:13:35,440 INFO: particles=20 iter=10 n_caps=2 minZ=0.075852 runtime=9.54s placement={0: 1673, 6: 799}
2026-04-01 20:13:45,543 INFO: particles=20 iter=10 n_caps=3 minZ=0.064403 runtime=10.10s placement={5: 927, 10: 1667, 0: 1245}
2026-04-01 20:13:56,404 INFO: particles=20 iter=10 n_caps=4 minZ=0.056031 runtime=10.86s placement={10: 927, 0: 1667, 5: 1245, 9: 1001}
2026-04-01 20:14:06,665 INFO: particles=20 iter=10 n_caps=5 minZ=0.060033 runtime=10.26s placement={0: 927, 5: 1667, 9: 1245, 10: 1001, 6: 1687}
2026-04-01 20:14:17,124 INFO: particles=20 iter=10 n_caps=6 minZ=0.059508 runtime=10.46s placement={5: 927, 9: 1667, 10: 1245, 6: 1001, 0: 1687, 15: 0}
2026-04-01 20:14:27,757 INFO: particles=20 iter=10 n_caps=7 minZ=0.046359 runtime=10.63s placement={9: 1054, 12: 1686, 0: 1344, 1: 925, 15: 1667}
2026-04-01 20:14:38,216 INFO: particles=20 iter=10 n_caps=8 minZ=0.040804 runtime=10.46s placement={12: 1054, 0: 1644, 1: 1103, 15: 925}
2026-04-01 20:14:48,915 INFO: particles=20 iter=10 n_caps=9 minZ=0.035121 runtime=10.70s placement={0: 1644, 1: 1686, 15: 1103, 9: 2140}
2026-04-01 20:14:59,275 INFO: particles=20 iter=10 n_caps=10 minZ=0.031691 runtime=10.36s placement={0: 2088, 1: 1373, 9: 1643, 10: 0}
2026-04-01 20:15:09,301 INFO: particles=20 iter=10 n_caps=11 minZ=0.031587 runtime=10.03s placement={1: 648, 0: 0, 9: 1348, 10: 2088}
2026-04-01 20:15:19,956 INFO: particles=20 iter=10 n_caps=12 minZ=0.030392 runtime=10.65s placement={0: 0, 1: 1373, 9: 0, 10: 1643, 15: 318}
2026-04-01 20:15:30,717 INFO: particles=20 iter=10 n_caps=13 minZ=0.027267 runtime=10.76s placement={0: 78, 1: 504, 9: 1305, 10: 1345, 13: 0}
2026-04-01 20:15:41,179 INFO: particles=20 iter=10 n_caps=14 minZ=0.025538 runtime=10.46s placement={0: 892, 1: 504, 9: 1121, 10: 0, 13: 0, 7: 78, 15: 0}
2026-04-01 20:15:52,659 INFO: particles=20 iter=10 n_caps=15 minZ=0.032792 runtime=11.48s placement={0: 0, 1: 504, 9: 1014, 10: 1305, 13: 1833, 7: 892, 15: 78, 16: 0}
2026-04-01 20:16:04,199 INFO: particles=20 iter=10 n_caps=16 minZ=0.031638 runtime=11.54s placement={0: 559, 7: 543, 1: 458, 8: 3347, 13: 2500, 9: 193, 14: 884, 10: 312, 6: 0}
2026-04-01 20:16:15,530 INFO: particles=20 iter=10 n_caps=17 minZ=0.036058 runtime=11.33s placement={16: 1185, 12: 393, 6: 744, 0: 0, 1: 2215, 14: 877, 11: 984, 13: 1291, 10: 1427, 7: 519, 5: 1600, 15: 0}
2026-04-01 20:16:27,889 INFO: particles=20 iter=10 n_caps=18 minZ=0.030582 runtime=12.36s placement={11: 1127, 9: 283, 0: 2616, 1: 3201, 13: 944, 6: 0, 8: 552, 7: 1663, 10: 10, 4: 0, 12: 1464, 19: 0}
2026-04-01 20:16:40,157 INFO: particles=20 iter=10 n_caps=19 minZ=0.032158 runtime=12.27s placement={11: 1077, 0: 1912, 1: 572, 13: 1800, 7: 2060, 8: 0, 6: 593, 9: 805, 5: 367, 12: 0, 19: 1303, 14: 3042}
2026-04-01 20:16:52,220 INFO: particles=20 iter=10 n_caps=20 minZ=0.024558 runtime=12.06s placement={0: 1261, 1: 363, 13: 3341, 7: 981, 8: 2641, 6: 262, 14: 1500, 12: 0, 15: 0}
