2026-03-21 01:40:57,207 INFO: particles=80 iter=40 n_caps=1 minZ=0.093198 runtime=135.85s placement={14: 1012}
2026-03-21 01:43:16,097 INFO: particles=80 iter=40 n_caps=2 minZ=0.053017 runtime=138.89s placement={0: 1012, 9: 2420}
2026-03-21 01:45:36,774 INFO: particles=80 iter=40 n_caps=3 minZ=0.056855 runtime=140.68s placement={9: 1014, 0: 2394, 7: 92}
2026-03-21 01:48:05,977 INFO: particles=80 iter=40 n_caps=4 minZ=0.043686 runtime=149.20s placement={0: 1014, 7: 2394, 6: 92, 9: 1583}
2026-03-21 01:50:32,677 INFO: particles=80 iter=40 n_caps=5 minZ=0.048484 runtime=146.70s placement={7: 1045, 9: 1605, 10: 873, 0: 1559, 5: 433}
2026-03-21 01:53:02,597 INFO: particles=80 iter=40 n_caps=6 minZ=0.040535 runtime=149.92s placement={14: 1012, 9: 1607, 0: 1014, 5: 2394, 15: 474, 13: 1260}
2026-03-21 01:55:34,416 INFO: particles=80 iter=40 n_caps=7 minZ=0.036516 runtime=151.82s placement={9: 1012, 0: 2596, 5: 1148, 16: 2746, 14: 384, 1: 1359}
2026-03-21 01:58:08,834 INFO: particles=80 iter=40 n_caps=8 minZ=0.032055 runtime=154.42s placement={0: 1276, 5: 1016, 16: 524, 14: 2701, 1: 381}
2026-03-21 02:00:46,505 INFO: particles=80 iter=40 n_caps=9 minZ=0.030869 runtime=157.67s placement={0: 1983, 15: 422, 16: 156, 1: 1641}
2026-03-21 02:03:26,335 INFO: particles=80 iter=40 n_caps=10 minZ=0.026439 runtime=159.83s placement={15: 1241, 16: 213, 0: 275, 1: 1630}
2026-03-21 02:06:09,780 INFO: particles=80 iter=40 n_caps=11 minZ=0.026056 runtime=163.44s placement={16: 1471, 0: 2596, 1: 673}
2026-03-21 02:08:54,067 INFO: particles=80 iter=40 n_caps=12 minZ=0.023503 runtime=164.29s placement={0: 2705, 1: 503}
2026-03-21 02:11:41,968 INFO: particles=80 iter=40 n_caps=13 minZ=0.023195 runtime=167.90s placement={1: 1471, 0: 2705, 7: 0}
2026-03-21 02:14:32,130 INFO: particles=80 iter=40 n_caps=14 minZ=0.021643 runtime=170.16s placement={0: 202, 1: 500, 7: 2710}
2026-03-21 02:17:24,696 INFO: particles=80 iter=40 n_caps=15 minZ=0.021573 runtime=172.57s placement={0: 202, 1: 500, 7: 2596, 9: 0}
2026-03-21 02:20:24,125 INFO: particles=80 iter=40 n_caps=16 minZ=0.021412 runtime=179.43s placement={0: 0, 1: 502, 6: 411, 9: 203}
2026-03-21 02:23:20,905 INFO: particles=80 iter=40 n_caps=17 minZ=0.021084 runtime=176.78s placement={0: 0, 1: 502, 6: 1276, 9: 0}
2026-03-21 02:26:21,559 INFO: particles=80 iter=40 n_caps=18 minZ=0.021102 runtime=180.65s placement={0: 66, 1: 502, 6: 1015, 9: 2831}
2026-03-21 02:29:24,220 INFO: particles=80 iter=40 n_caps=19 minZ=0.022041 runtime=182.66s placement={0: 0, 1: 314, 6: 378, 9: 2578}
2026-03-21 02:32:29,320 INFO: particles=80 iter=40 n_caps=20 minZ=0.022228 runtime=185.10s placement={0: 0, 1: 314, 6: 1866, 9: 349}
