2026-03-23 12:40:12,356 INFO: particles=30 iter=50 n_caps=1 minZ=0.085029 runtime=39.32s placement={0: 1317}
2026-03-23 12:40:54,031 INFO: particles=30 iter=50 n_caps=2 minZ=0.071294 runtime=41.67s placement={0: 1316, 10: 96}
2026-03-23 12:41:35,763 INFO: particles=30 iter=50 n_caps=3 minZ=0.053600 runtime=41.73s placement={9: 1012, 0: 1705, 10: 1012}
2026-03-23 12:42:18,383 INFO: particles=30 iter=50 n_caps=4 minZ=0.040607 runtime=42.62s placement={0: 1012, 10: 1705, 9: 1012, 15: 1563}
2026-03-23 12:43:02,068 INFO: particles=30 iter=50 n_caps=5 minZ=0.053818 runtime=43.68s placement={10: 1012, 9: 1705, 15: 1012, 0: 1563, 6: 0}
2026-03-23 12:43:47,960 INFO: particles=30 iter=50 n_caps=6 minZ=0.038782 runtime=45.89s placement={9: 1012, 15: 1705, 0: 1012, 5: 1563, 7: 0, 10: 1823}
2026-03-23 12:44:34,505 INFO: particles=30 iter=50 n_caps=7 minZ=0.034627 runtime=46.54s placement={20: 892, 0: 1012, 1: 2494, 8: 1470}
2026-03-23 12:45:21,674 INFO: particles=30 iter=50 n_caps=8 minZ=0.029377 runtime=47.17s placement={0: 3347, 1: 1362, 9: 1979}
2026-03-23 12:46:10,589 INFO: particles=30 iter=50 n_caps=9 minZ=0.028794 runtime=48.92s placement={0: 1014, 1: 1362, 9: 2511, 2: 3347, 7: 0}
2026-03-23 12:47:01,312 INFO: particles=30 iter=50 n_caps=10 minZ=0.030159 runtime=50.72s placement={0: 0, 1: 1045, 7: 3347}
2026-03-23 12:47:51,390 INFO: particles=30 iter=50 n_caps=11 minZ=0.027390 runtime=50.08s placement={0: 0, 1: 589, 6: 296}
2026-03-23 12:48:44,487 INFO: particles=30 iter=50 n_caps=12 minZ=0.023285 runtime=53.10s placement={0: 0, 1: 605, 3: 0, 10: 95}
2026-03-23 12:49:36,479 INFO: particles=30 iter=50 n_caps=13 minZ=0.022631 runtime=51.99s placement={0: 0, 1: 605, 3: 0, 10: 0}
2026-03-23 12:50:29,609 INFO: particles=30 iter=50 n_caps=14 minZ=0.022332 runtime=53.13s placement={0: 0, 1: 605, 3: 0, 10: 0, 7: 0}
2026-03-23 12:51:23,794 INFO: particles=30 iter=50 n_caps=15 minZ=0.023770 runtime=54.18s placement={0: 0, 1: 591, 8: 23, 15: 75, 16: 75}
2026-03-23 12:52:19,265 INFO: particles=30 iter=50 n_caps=16 minZ=0.021614 runtime=55.47s placement={0: 0, 1: 1824, 8: 3347, 15: 48, 18: 0}
2026-03-23 12:53:15,279 INFO: particles=30 iter=50 n_caps=17 minZ=0.023944 runtime=56.01s placement={0: 0, 1: 1805, 8: 434, 15: 2846, 19: 84, 7: 34}
2026-03-23 12:54:13,803 INFO: particles=30 iter=50 n_caps=18 minZ=0.023964 runtime=58.52s placement={0: 116, 1: 1805, 8: 1027, 15: 0, 19: 49, 7: 0, 5: 37, 6: 0}
2026-03-23 12:55:12,969 INFO: particles=30 iter=50 n_caps=19 minZ=0.023595 runtime=59.17s placement={0: 1, 1: 1866, 8: 1433, 15: 604, 18: 3347, 6: 86, 5: 0, 7: 58}
2026-03-23 12:56:12,429 INFO: particles=30 iter=50 n_caps=20 minZ=0.021007 runtime=59.46s placement={0: 0, 1: 1863, 7: 1496, 15: 3347, 18: 0, 6: 0, 5: 30, 8: 0}
