2026-03-16 13:35:26,326 INFO: particles=20 iter=10 n_caps=1 minZ=0.095240 runtime=9.63s placement={15: 1012}
2026-03-16 13:35:36,090 INFO: particles=20 iter=10 n_caps=2 minZ=0.056453 runtime=9.76s placement={0: 1012, 9: 2656}
2026-03-16 13:35:45,978 INFO: particles=20 iter=10 n_caps=3 minZ=0.070658 runtime=9.89s placement={9: 1012, 0: 2656, 7: 0}
2026-03-16 13:35:55,568 INFO: particles=20 iter=10 n_caps=4 minZ=0.049955 runtime=9.59s placement={0: 1012, 7: 2656, 6: 0, 14: 1634}
2026-03-16 13:36:05,558 INFO: particles=20 iter=10 n_caps=5 minZ=0.072006 runtime=9.99s placement={7: 1012, 6: 2656, 14: 0, 0: 1634, 16: 0}
2026-03-16 13:36:15,566 INFO: particles=20 iter=10 n_caps=6 minZ=0.060571 runtime=10.01s placement={6: 1419, 17: 3263, 0: 951, 7: 1611, 12: 122, 10: 1361}
2026-03-16 13:36:25,698 INFO: particles=20 iter=10 n_caps=7 minZ=0.056497 runtime=10.13s placement={15: 1452, 16: 0, 10: 215, 13: 966, 11: 392, 6: 2550, 0: 677}
2026-03-16 13:36:35,881 INFO: particles=20 iter=10 n_caps=8 minZ=0.054813 runtime=10.18s placement={13: 1445, 12: 1326, 14: 374, 10: 685, 5: 1017, 6: 2392, 0: 913, 18: 2867}
2026-03-16 13:36:46,306 INFO: particles=20 iter=10 n_caps=9 minZ=0.043865 runtime=10.43s placement={10: 581, 7: 1368, 12: 185, 17: 2, 8: 1880, 0: 1012, 15: 2465, 9: 430, 14: 2625}
2026-03-16 13:36:57,009 INFO: particles=20 iter=10 n_caps=10 minZ=0.050050 runtime=10.70s placement={4: 502, 14: 1060, 5: 145, 10: 311, 0: 1366, 15: 735, 9: 2280, 16: 549, 3: 2714, 8: 717}
2026-03-16 13:37:07,861 INFO: particles=20 iter=10 n_caps=11 minZ=0.044546 runtime=10.85s placement={14: 568, 6: 2132, 9: 966, 0: 767, 15: 935, 10: 581, 16: 2428, 3: 2045, 7: 2620, 5: 856, 11: 913}
2026-03-16 13:37:18,721 INFO: particles=20 iter=10 n_caps=12 minZ=0.040563 runtime=10.86s placement={6: 426, 1: 1137, 0: 2420, 14: 605, 9: 1138, 15: 658, 8: 3274, 7: 2114, 13: 2645, 10: 1356}
2026-03-16 13:37:29,774 INFO: particles=20 iter=10 n_caps=13 minZ=0.033774 runtime=11.05s placement={0: 1236, 7: 1019, 16: 861, 5: 639, 15: 1327, 1: 141, 6: 3347, 14: 2548, 9: 3347}
2026-03-16 13:37:40,987 INFO: particles=20 iter=10 n_caps=14 minZ=0.033474 runtime=11.21s placement={7: 448, 15: 1086, 0: 286, 13: 236, 1: 1129, 14: 3347, 8: 3347, 5: 2710}
2026-03-16 13:37:52,157 INFO: particles=20 iter=10 n_caps=15 minZ=0.028919 runtime=11.17s placement={18: 315, 0: 1014, 7: 95, 1: 215, 14: 872, 8: 3339, 2: 85, 9: 157}
2026-03-16 13:38:03,604 INFO: particles=20 iter=10 n_caps=16 minZ=0.031510 runtime=11.45s placement={0: 3032, 7: 1126, 1: 95, 14: 1054, 8: 872, 2: 3347, 9: 1158}
2026-03-16 13:38:15,214 INFO: particles=20 iter=10 n_caps=17 minZ=0.028072 runtime=11.61s placement={7: 315, 0: 0, 1: 95, 14: 215, 8: 1054, 2: 3347, 9: 2688}
2026-03-16 13:38:26,844 INFO: particles=20 iter=10 n_caps=18 minZ=0.027372 runtime=11.63s placement={0: 3022, 1: 124, 15: 0, 7: 137, 14: 0, 8: 0, 12: 1305}
2026-03-16 13:38:38,567 INFO: particles=20 iter=10 n_caps=19 minZ=0.025075 runtime=11.72s placement={0: 115, 15: 124, 7: 0, 1: 137, 14: 0, 8: 3022, 12: 0}
2026-03-16 13:38:50,332 INFO: particles=20 iter=10 n_caps=20 minZ=0.025441 runtime=11.77s placement={15: 0, 7: 124, 0: 115, 1: 137, 14: 3347, 8: 1203, 12: 3022, 5: 166}
