2026-03-22 17:44:54,116 INFO: particles=20 iter=25 n_caps=1 minZ=0.094622 runtime=13.82s placement={16: 1012}
2026-03-22 17:45:07,760 INFO: particles=20 iter=25 n_caps=2 minZ=0.080406 runtime=13.64s placement={9: 1012, 10: 2642}
2026-03-22 17:45:21,811 INFO: particles=20 iter=25 n_caps=3 minZ=0.065280 runtime=14.05s placement={10: 1012, 9: 2642, 0: 1543}
2026-03-22 17:45:36,290 INFO: particles=20 iter=25 n_caps=4 minZ=0.059638 runtime=14.48s placement={9: 1027, 1: 2516, 0: 1871}
2026-03-22 17:45:51,428 INFO: particles=20 iter=25 n_caps=5 minZ=0.043323 runtime=15.14s placement={0: 1627, 1: 2806, 14: 2217, 19: 723}
2026-03-22 17:46:06,565 INFO: particles=20 iter=25 n_caps=6 minZ=0.043556 runtime=15.14s placement={0: 735, 1: 2877, 14: 1621, 18: 2334, 6: 0}
2026-03-22 17:46:22,660 INFO: particles=20 iter=25 n_caps=7 minZ=0.046876 runtime=16.09s placement={0: 0, 14: 2877, 18: 1621, 1: 2334, 6: 735}
2026-03-22 17:46:38,694 INFO: particles=20 iter=25 n_caps=8 minZ=0.043106 runtime=16.03s placement={15: 1516, 16: 916, 1: 1450, 6: 312, 10: 2099, 0: 1873}
2026-03-22 17:46:55,532 INFO: particles=20 iter=25 n_caps=9 minZ=0.035849 runtime=16.84s placement={15: 1464, 1: 914, 6: 1002, 10: 0, 0: 367, 2: 1786, 20: 2142}
2026-03-22 17:47:12,748 INFO: particles=20 iter=25 n_caps=10 minZ=0.036410 runtime=17.22s placement={0: 1967, 6: 886, 9: 990, 1: 0, 2: 1391, 20: 1647}
2026-03-22 17:47:29,914 INFO: particles=20 iter=25 n_caps=11 minZ=0.033287 runtime=17.17s placement={0: 1616, 1: 737, 5: 0, 6: 551, 16: 1039, 17: 1597, 15: 0}
2026-03-22 17:47:47,420 INFO: particles=20 iter=25 n_caps=12 minZ=0.033064 runtime=17.51s placement={0: 1329, 1: 507, 20: 499, 19: 1798, 14: 1525, 2: 0, 11: 0}
2026-03-22 17:48:05,314 INFO: particles=20 iter=25 n_caps=13 minZ=0.031034 runtime=17.89s placement={0: 2656, 1: 502, 20: 1540, 19: 933, 16: 1067, 9: 0, 11: 0, 14: 392}
2026-03-22 17:48:23,488 INFO: particles=20 iter=25 n_caps=14 minZ=0.028246 runtime=18.17s placement={0: 1274, 1: 700, 17: 1016, 20: 2, 19: 1123, 7: 3347, 10: 1276, 15: 0, 5: 213}
2026-03-22 17:48:42,480 INFO: particles=20 iter=25 n_caps=15 minZ=0.030627 runtime=18.99s placement={0: 0, 1: 257, 18: 1467, 20: 1642, 19: 903, 6: 1296, 9: 3347, 14: 1250, 2: 1275}
2026-03-22 17:49:01,348 INFO: particles=20 iter=25 n_caps=16 minZ=0.027466 runtime=18.87s placement={0: 0, 19: 416, 1: 259, 20: 270, 7: 1306, 10: 3347, 8: 2}
2026-03-22 17:49:20,395 INFO: particles=20 iter=25 n_caps=17 minZ=0.027339 runtime=19.05s placement={19: 1783, 0: 0, 20: 1641, 1: 1262, 7: 703, 10: 1306, 8: 0}
2026-03-22 17:49:39,811 INFO: particles=20 iter=25 n_caps=18 minZ=0.026276 runtime=19.42s placement={0: 3267, 20: 412, 1: 246, 19: 1543, 7: 1322, 10: 960, 9: 267, 2: 0}
2026-03-22 17:49:59,834 INFO: particles=20 iter=25 n_caps=19 minZ=0.027437 runtime=20.02s placement={20: 1780, 0: 0, 19: 246, 1: 1543, 7: 270, 10: 1322, 9: 1014, 2: 267}
2026-03-22 17:50:20,068 INFO: particles=20 iter=25 n_caps=20 minZ=0.023635 runtime=20.23s placement={0: 3347, 20: 502, 1: 438, 11: 0, 12: 307, 10: 0}
