2026-03-26 22:02:38,013 INFO: particles=20 iter=15 n_caps=1 minZ=0.072657 runtime=9.77s placement={0: 1478}
2026-03-26 22:02:54,581 INFO: particles=20 iter=15 n_caps=2 minZ=0.072524 runtime=16.57s placement={5: 2166, 14: 1320}
2026-03-26 22:03:18,353 INFO: particles=20 iter=15 n_caps=3 minZ=0.048166 runtime=23.77s placement={14: 2024, 10: 1252, 0: 940}
2026-03-26 22:03:51,931 INFO: particles=20 iter=15 n_caps=4 minZ=0.048509 runtime=33.58s placement={10: 2024, 0: 1252, 9: 940, 15: 2410}
2026-03-26 22:04:31,822 INFO: particles=20 iter=15 n_caps=5 minZ=0.044648 runtime=39.89s placement={0: 2069, 9: 1261, 16: 745, 15: 2425, 10: 1757}
2026-03-26 22:05:19,302 INFO: particles=20 iter=15 n_caps=6 minZ=0.044894 runtime=47.48s placement={9: 2069, 16: 1261, 15: 745, 10: 2425, 0: 1757, 7: 0}
2026-03-26 22:06:12,836 INFO: particles=20 iter=15 n_caps=7 minZ=0.034447 runtime=53.53s placement={15: 2186, 14: 1015, 0: 1343, 1: 2373, 8: 1774}
2026-03-26 22:07:14,974 INFO: particles=20 iter=15 n_caps=8 minZ=0.031402 runtime=62.14s placement={12: 3346, 0: 1100, 1: 3238, 16: 3269, 11: 3347}
2026-03-26 22:08:25,730 INFO: particles=20 iter=15 n_caps=9 minZ=0.030019 runtime=70.76s placement={10: 1098, 0: 2878, 1: 3347, 8: 3347}
2026-03-26 22:09:40,288 INFO: particles=20 iter=15 n_caps=10 minZ=0.026600 runtime=74.56s placement={0: 1883, 1: 519, 9: 1014}
2026-03-26 22:11:04,736 INFO: particles=20 iter=15 n_caps=11 minZ=0.023475 runtime=84.45s placement={0: 0, 1: 519, 9: 0, 10: 1883}
2026-03-26 22:12:37,184 INFO: particles=20 iter=15 n_caps=12 minZ=0.023123 runtime=92.45s placement={0: 0, 1: 519, 9: 3154, 10: 2868}
2026-03-26 22:14:16,857 INFO: particles=20 iter=15 n_caps=13 minZ=0.023516 runtime=99.67s placement={0: 0, 9: 519, 1: 3154, 10: 810, 15: 0, 16: 69}
2026-03-26 22:15:51,252 INFO: particles=20 iter=15 n_caps=14 minZ=0.026041 runtime=94.39s placement={9: 1012, 0: 0, 1: 3154, 10: 1094, 15: 0, 16: 0}
2026-03-26 22:17:32,306 INFO: particles=20 iter=15 n_caps=15 minZ=0.021936 runtime=101.05s placement={0: 0, 1: 519, 10: 3347, 15: 1883, 16: 0, 14: 1564}
2026-03-26 22:19:20,382 INFO: particles=20 iter=15 n_caps=16 minZ=0.024405 runtime=108.08s placement={0: 0, 1: 519, 10: 1014, 15: 2868, 16: 1883, 14: 0}
2026-03-26 22:21:14,763 INFO: particles=20 iter=15 n_caps=17 minZ=0.021957 runtime=114.38s placement={0: 0, 1: 519, 10: 0, 15: 810, 16: 2868, 14: 69, 5: 0}
2026-03-26 22:23:15,929 INFO: particles=20 iter=15 n_caps=18 minZ=0.022078 runtime=121.16s placement={0: 0, 1: 519, 10: 3154, 15: 0, 16: 810, 14: 0, 5: 0}
2026-03-26 22:25:23,512 INFO: particles=20 iter=15 n_caps=19 minZ=0.021367 runtime=127.58s placement={0: 0, 10: 519, 1: 3154, 15: 0, 16: 1094, 14: 0, 5: 1564, 7: 0}
2026-03-26 22:27:43,562 INFO: particles=20 iter=15 n_caps=20 minZ=0.023727 runtime=140.05s placement={14: 841, 0: 408, 1: 3031, 2: 0, 15: 979, 8: 3347, 5: 0, 9: 3347, 10: 0}
