2026-03-16 21:09:15,577 INFO: particles=20 iter=40 n_caps=1 minZ=0.080251 runtime=36.94s placement={0: 1012}
2026-03-16 21:09:53,490 INFO: particles=20 iter=40 n_caps=2 minZ=0.053241 runtime=37.91s placement={0: 1014, 9: 2514}
2026-03-16 21:10:32,141 INFO: particles=20 iter=40 n_caps=3 minZ=0.058831 runtime=38.65s placement={9: 1014, 0: 2514, 7: 13}
2026-03-16 21:11:11,773 INFO: particles=20 iter=40 n_caps=4 minZ=0.045847 runtime=39.63s placement={0: 1014, 7: 2514, 15: 13, 9: 1661}
2026-03-16 21:11:52,227 INFO: particles=20 iter=40 n_caps=5 minZ=0.052371 runtime=40.45s placement={15: 1593, 0: 678, 16: 821, 10: 1974, 14: 1329}
2026-03-16 21:12:33,097 INFO: particles=20 iter=40 n_caps=6 minZ=0.052336 runtime=40.87s placement={0: 1653, 16: 1002, 7: 821, 14: 892, 5: 1405, 1: 2308}
2026-03-16 21:13:14,905 INFO: particles=20 iter=40 n_caps=7 minZ=0.048994 runtime=41.81s placement={16: 1514, 8: 1002, 14: 810, 5: 893, 0: 1477, 9: 2443, 7: 1}
2026-03-16 21:13:57,110 INFO: particles=20 iter=40 n_caps=8 minZ=0.039346 runtime=42.20s placement={8: 1342, 9: 1012, 7: 799, 0: 2581, 6: 2463, 1: 5}
2026-03-16 21:14:40,140 INFO: particles=20 iter=40 n_caps=9 minZ=0.034833 runtime=43.03s placement={9: 1570, 6: 1085, 0: 1406, 7: 909, 4: 1314, 1: 2471}
2026-03-16 21:15:23,659 INFO: particles=20 iter=40 n_caps=10 minZ=0.027603 runtime=43.52s placement={0: 0, 1: 464, 2: 0, 8: 3347}
2026-03-16 21:16:07,670 INFO: particles=20 iter=40 n_caps=11 minZ=0.029091 runtime=44.01s placement={0: 0, 1: 465, 9: 942}
2026-03-16 21:16:51,635 INFO: particles=20 iter=40 n_caps=12 minZ=0.025782 runtime=43.96s placement={1: 1440, 0: 703, 9: 1010, 10: 72}
2026-03-16 21:17:36,840 INFO: particles=20 iter=40 n_caps=13 minZ=0.023556 runtime=45.20s placement={0: 268, 1: 1013, 9: 614, 10: 91, 6: 805}
2026-03-16 21:18:22,259 INFO: particles=20 iter=40 n_caps=14 minZ=0.023231 runtime=45.42s placement={0: 0, 9: 1013, 1: 614, 10: 2724, 6: 92}
2026-03-16 21:19:08,565 INFO: particles=20 iter=40 n_caps=15 minZ=0.023376 runtime=46.31s placement={9: 1344, 0: 0, 1: 614, 10: 1613, 6: 91}
2026-03-16 21:19:54,357 INFO: particles=20 iter=40 n_caps=16 minZ=0.022769 runtime=45.79s placement={0: 1571, 1: 1013, 9: 1014, 6: 2724}
2026-03-16 21:20:40,405 INFO: particles=20 iter=40 n_caps=17 minZ=0.021079 runtime=46.05s placement={0: 1571, 1: 1013, 9: 3347, 6: 1613, 10: 0}
2026-03-16 21:21:26,993 INFO: particles=20 iter=40 n_caps=18 minZ=0.023095 runtime=46.59s placement={0: 0, 1: 1013, 9: 1544, 6: 1014, 10: 1571}
2026-03-16 21:22:14,734 INFO: particles=20 iter=40 n_caps=19 minZ=0.021888 runtime=47.74s placement={0: 0, 1: 1013, 9: 1012, 6: 3347, 10: 0}
2026-03-16 21:23:02,558 INFO: particles=20 iter=40 n_caps=20 minZ=0.020633 runtime=47.82s placement={0: 0, 1: 1013, 9: 614, 6: 1544, 10: 0}
