2026-03-25 05:14:29,013 INFO: particles=80 iter=25 n_caps=1 minZ=0.080251 runtime=53.07s placement={0: 1014}
2026-03-25 05:15:24,429 INFO: particles=80 iter=25 n_caps=2 minZ=0.063683 runtime=55.42s placement={0: 1012, 15: 1826}
2026-03-25 05:16:21,059 INFO: particles=80 iter=25 n_caps=3 minZ=0.057476 runtime=56.63s placement={15: 1169, 0: 1162, 14: 1012}
2026-03-25 05:17:20,034 INFO: particles=80 iter=25 n_caps=4 minZ=0.053677 runtime=58.97s placement={0: 1169, 14: 1162, 9: 1012, 10: 2553}
2026-03-25 05:18:19,520 INFO: particles=80 iter=25 n_caps=5 minZ=0.053114 runtime=59.49s placement={14: 1281, 8: 1263, 9: 1006, 0: 2394, 10: 512}
2026-03-25 05:19:20,605 INFO: particles=80 iter=25 n_caps=6 minZ=0.039091 runtime=61.08s placement={6: 1273, 7: 2034, 0: 1014, 9: 1264, 5: 605, 16: 2576}
2026-03-25 05:20:23,064 INFO: particles=80 iter=25 n_caps=7 minZ=0.045033 runtime=62.46s placement={7: 1256, 0: 1127, 9: 963, 6: 1343, 16: 840, 1: 2576}
2026-03-25 05:21:26,904 INFO: particles=80 iter=25 n_caps=8 minZ=0.032961 runtime=63.84s placement={0: 1169, 8: 1957, 9: 1266, 16: 1039, 1: 823}
2026-03-25 05:22:32,357 INFO: particles=80 iter=25 n_caps=9 minZ=0.028732 runtime=65.45s placement={8: 1046, 9: 1979, 16: 1258, 0: 0, 1: 753}
2026-03-25 05:23:38,228 INFO: particles=80 iter=25 n_caps=10 minZ=0.027383 runtime=65.87s placement={8: 1012, 15: 1977, 1: 1261, 0: 1418}
2026-03-25 05:24:46,802 INFO: particles=80 iter=25 n_caps=11 minZ=0.024967 runtime=68.57s placement={15: 1012, 1: 1977, 0: 1454}
2026-03-25 05:25:55,277 INFO: particles=80 iter=25 n_caps=12 minZ=0.024206 runtime=68.47s placement={1: 1012, 0: 2611}
2026-03-25 05:27:05,613 INFO: particles=80 iter=25 n_caps=13 minZ=0.022111 runtime=70.34s placement={0: 185, 1: 1977}
2026-03-25 05:28:17,861 INFO: particles=80 iter=25 n_caps=14 minZ=0.021789 runtime=72.25s placement={0: 185, 1: 1977, 10: 0}
2026-03-25 05:29:30,939 INFO: particles=80 iter=25 n_caps=15 minZ=0.021767 runtime=73.08s placement={0: 0, 1: 1977, 10: 185}
2026-03-25 05:30:45,662 INFO: particles=80 iter=25 n_caps=16 minZ=0.021354 runtime=74.72s placement={0: 0, 1: 1977, 10: 2611}
2026-03-25 05:32:01,131 INFO: particles=80 iter=25 n_caps=17 minZ=0.021132 runtime=75.47s placement={0: 0, 1: 1977, 10: 1454, 16: 0}
2026-03-25 05:33:18,309 INFO: particles=80 iter=25 n_caps=18 minZ=0.020989 runtime=77.18s placement={0: 0, 1: 1977, 10: 1418, 16: 0}
2026-03-25 05:34:35,900 INFO: particles=80 iter=25 n_caps=19 minZ=0.020396 runtime=77.59s placement={0: 0, 1: 1977, 10: 0, 16: 0}
2026-03-25 05:35:56,456 INFO: particles=80 iter=25 n_caps=20 minZ=0.021410 runtime=80.56s placement={0: 0, 1: 1977, 10: 1127, 16: 185}
