2026-03-09 00:09:22,694 INFO: n_caps=1 | iter=15 | minZ=0.040000 | placement={8: 2358}
2026-03-09 00:09:22,695 INFO: init_n_caps=2 | seeded_previous_caps=1 | new_cap_random_init(cap=1352,port=9)
2026-03-09 00:09:55,936 INFO: n_caps=2 | iter=15 | minZ=0.040000 | placement={10: 2259, 12: 1511}
2026-03-09 00:09:55,937 INFO: init_n_caps=3 | seeded_previous_caps=2 | new_cap_random_init(cap=1830,port=19)
2026-03-09 00:10:32,583 INFO: n_caps=3 | iter=15 | minZ=0.040002 | placement={3: 3176, 13: 0, 16: 2040}
2026-03-09 00:10:32,584 INFO: init_n_caps=4 | seeded_previous_caps=3 | new_cap_random_init(cap=630,port=18)
2026-03-09 00:11:11,765 INFO: n_caps=4 | iter=15 | minZ=0.040001 | placement={0: 0, 15: 77, 10: 0, 6: 1174}
2026-03-09 00:11:11,766 INFO: init_n_caps=5 | seeded_previous_caps=4 | new_cap_random_init(cap=0,port=13)
2026-03-09 00:11:58,769 INFO: n_caps=5 | iter=15 | minZ=0.040000 | placement={1: 3228, 8: 3188, 13: 899, 20: 0, 19: 3121}
2026-03-09 00:11:58,770 INFO: init_n_caps=6 | seeded_previous_caps=5 | new_cap_random_init(cap=180,port=0)
2026-03-09 00:12:47,577 INFO: n_caps=6 | iter=15 | minZ=0.040001 | placement={3: 972, 0: 2142, 18: 761, 1: 3051, 16: 2578, 19: 3315}
2026-03-09 00:12:47,577 INFO: init_n_caps=7 | seeded_previous_caps=6 | new_cap_random_init(cap=593,port=7)
2026-03-09 00:13:36,708 INFO: n_caps=7 | iter=15 | minZ=0.040000 | placement={0: 1722, 19: 0, 1: 1345, 2: 3288, 20: 1584, 16: 1970}
2026-03-09 00:13:36,708 INFO: init_n_caps=8 | seeded_previous_caps=7 | new_cap_random_init(cap=0,port=9)
2026-03-09 00:14:24,983 INFO: n_caps=8 | iter=15 | minZ=0.040001 | placement={5: 1818, 13: 662, 0: 2168, 12: 771, 11: 1565, 15: 664, 2: 2053, 10: 228}
2026-03-09 00:14:24,983 INFO: init_n_caps=9 | seeded_previous_caps=8 | new_cap_random_init(cap=921,port=10)
2026-03-09 00:15:13,943 INFO: n_caps=9 | iter=15 | minZ=0.040000 | placement={9: 1531, 4: 623, 10: 133, 14: 1272, 8: 1475, 0: 302, 6: 2426, 11: 575, 5: 1377}
2026-03-09 00:15:13,943 INFO: init_n_caps=10 | seeded_previous_caps=9 | new_cap_random_init(cap=1646,port=15)
2026-03-09 00:16:05,013 INFO: n_caps=10 | iter=15 | minZ=0.040000 | placement={20: 900, 19: 1523, 17: 1329, 8: 1268, 16: 2246, 9: 3074, 14: 433, 0: 3347, 13: 214}
2026-03-09 00:16:05,013 INFO: init_n_caps=11 | seeded_previous_caps=10 | new_cap_random_init(cap=3347,port=2)
2026-03-09 00:16:56,162 INFO: n_caps=11 | iter=15 | minZ=0.040001 | placement={0: 312, 5: 0, 9: 2034, 1: 1703, 6: 0, 18: 1438, 14: 0, 10: 50, 8: 0, 16: 1192}
2026-03-09 00:16:56,163 INFO: init_n_caps=12 | seeded_previous_caps=11 | new_cap_random_init(cap=0,port=12)
2026-03-09 00:17:49,030 INFO: n_caps=12 | iter=15 | minZ=0.040002 | placement={12: 3281, 7: 123, 1: 1901, 0: 930, 17: 0, 20: 1495, 8: 1671, 16: 209, 6: 0, 3: 420, 4: 0}
2026-03-09 00:17:49,030 INFO: init_n_caps=13 | seeded_previous_caps=12 | new_cap_random_init(cap=2166,port=2)
2026-03-09 00:18:42,659 INFO: n_caps=13 | iter=15 | minZ=0.040000 | placement={6: 415, 2: 628, 18: 1725, 11: 263, 19: 638, 4: 2294, 8: 2245, 0: 861, 1: 2360, 14: 2786, 5: 754, 20: 1727, 9: 2577}
2026-03-09 00:18:42,659 INFO: init_n_caps=14 | seeded_previous_caps=13 | new_cap_random_init(cap=1165,port=6)
2026-03-09 00:19:38,482 INFO: n_caps=14 | iter=15 | minZ=0.040002 | placement={11: 0, 12: 1851, 19: 3347, 0: 1069, 20: 3135, 4: 3347, 2: 1936, 5: 2044, 14: 2198, 6: 2124, 1: 23}
2026-03-09 00:19:38,482 INFO: init_n_caps=15 | seeded_previous_caps=14 | new_cap_random_init(cap=1957,port=14)
2026-03-09 00:20:34,451 INFO: n_caps=15 | iter=15 | minZ=0.040001 | placement={1: 2051, 16: 2059, 13: 3035, 2: 1471, 14: 1613, 15: 3294, 17: 1584, 3: 385, 4: 256, 0: 1244, 8: 2051, 12: 357, 9: 2410, 6: 10}
2026-03-09 00:20:34,452 INFO: init_n_caps=16 | seeded_previous_caps=15 | new_cap_random_init(cap=259,port=7)
2026-03-09 00:21:31,761 INFO: n_caps=16 | iter=15 | minZ=0.040001 | placement={20: 1994, 3: 1881, 10: 0, 6: 822, 19: 1247, 2: 896, 17: 0, 7: 2899, 1: 0, 0: 777, 8: 635, 11: 3347, 18: 2736, 14: 851}
2026-03-09 00:21:31,761 INFO: init_n_caps=17 | seeded_previous_caps=16 | new_cap_random_init(cap=3347,port=9)
2026-03-09 00:22:28,489 INFO: n_caps=17 | iter=15 | minZ=0.040000 | placement={17: 1899, 13: 199, 10: 2008, 20: 3084, 2: 1287, 19: 909, 18: 2365, 9: 198, 3: 1418, 0: 102, 16: 477, 8: 564, 15: 3347, 14: 2053, 12: 1408}
2026-03-09 00:22:28,490 INFO: init_n_caps=18 | seeded_previous_caps=17 | new_cap_random_init(cap=2867,port=14)
2026-03-09 00:23:25,865 INFO: n_caps=18 | iter=15 | minZ=0.040002 | placement={13: 1524, 11: 1208, 20: 2049, 1: 1965, 19: 1150, 15: 2726, 9: 2491, 16: 2436, 3: 2229, 0: 1489, 14: 507, 6: 468, 17: 576, 12: 3083, 18: 1391}
2026-03-09 00:23:25,866 INFO: init_n_caps=19 | seeded_previous_caps=18 | new_cap_random_init(cap=2278,port=16)
2026-03-09 00:24:21,206 INFO: n_caps=19 | iter=15 | minZ=0.040001 | placement={13: 3347, 20: 1292, 3: 2011, 12: 2214, 16: 1849, 11: 2727, 19: 2150, 2: 514, 8: 2234, 15: 2074, 9: 212, 17: 0, 14: 3072, 18: 962, 10: 898, 1: 2315}
2026-03-09 00:24:21,207 INFO: init_n_caps=20 | seeded_previous_caps=19 | new_cap_random_init(cap=2219,port=9)
2026-03-09 00:24:31,614 INFO: n_caps=20 | iter=3 | minZ=0.036421 | placement={0: 686, 10: 2517, 1: 73, 16: 3320, 3: 1651, 5: 600, 17: 1172, 11: 0, 12: 3347, 13: 2195, 7: 989, 14: 3071, 6: 2446, 20: 1901}
