2026-03-29 01:41:36,758 INFO: particles=80 iter=50 n_caps=1 minZ=0.080251 runtime=94.36s placement={0: 1012}
2026-03-29 01:43:13,328 INFO: particles=80 iter=50 n_caps=2 minZ=0.054655 runtime=96.57s placement={0: 1012, 6: 1752}
2026-03-29 01:44:52,095 INFO: particles=80 iter=50 n_caps=3 minZ=0.047858 runtime=98.77s placement={10: 2011, 0: 1014, 5: 434}
2026-03-29 01:46:32,522 INFO: particles=80 iter=50 n_caps=4 minZ=0.043807 runtime=100.43s placement={0: 1012, 6: 929, 9: 416, 16: 1457}
2026-03-29 01:48:18,598 INFO: particles=80 iter=50 n_caps=5 minZ=0.050988 runtime=106.08s placement={6: 1050, 9: 1012, 15: 388, 0: 1477, 7: 20}
2026-03-29 01:50:04,105 INFO: particles=80 iter=50 n_caps=6 minZ=0.035203 runtime=105.51s placement={10: 1044, 14: 965, 0: 1012, 6: 1943, 1: 11}
2026-03-29 01:51:59,020 INFO: particles=80 iter=50 n_caps=7 minZ=0.030373 runtime=114.91s placement={16: 1431, 0: 1737, 5: 334, 1: 2436}
2026-03-29 01:53:52,681 INFO: particles=80 iter=50 n_caps=8 minZ=0.030025 runtime=113.66s placement={0: 2752, 1: 979}
2026-03-29 01:55:47,617 INFO: particles=80 iter=50 n_caps=9 minZ=0.027963 runtime=114.94s placement={0: 2746, 1: 991, 7: 0}
2026-03-29 01:57:47,447 INFO: particles=80 iter=50 n_caps=10 minZ=0.028175 runtime=119.83s placement={0: 0, 1: 991, 7: 2746}
2026-03-29 01:59:44,670 INFO: particles=80 iter=50 n_caps=11 minZ=0.028404 runtime=117.22s placement={0: 7, 1: 991, 7: 1774}
2026-03-29 02:01:46,634 INFO: particles=80 iter=50 n_caps=12 minZ=0.030921 runtime=121.96s placement={0: 0, 1: 1147, 8: 1562}
2026-03-29 02:03:52,871 INFO: particles=80 iter=50 n_caps=13 minZ=0.025939 runtime=126.24s placement={0: 744, 1: 1265, 11: 0, 10: 0, 9: 0}
2026-03-29 02:05:59,459 INFO: particles=80 iter=50 n_caps=14 minZ=0.025975 runtime=126.59s placement={0: 129, 1: 1260, 11: 2091, 10: 744, 9: 0}
2026-03-29 02:08:08,543 INFO: particles=80 iter=50 n_caps=15 minZ=0.025705 runtime=129.08s placement={0: 12, 1: 1260, 11: 1387, 10: 110, 9: 744}
2026-03-29 02:10:24,149 INFO: particles=80 iter=50 n_caps=16 minZ=0.024246 runtime=135.61s placement={0: 164, 10: 1167, 1: 1501, 7: 1030, 15: 121}
2026-03-29 02:12:37,439 INFO: particles=80 iter=50 n_caps=17 minZ=0.020959 runtime=133.29s placement={10: 650, 1: 1327, 0: 0, 7: 2233, 15: 1030, 14: 155}
2026-03-29 02:14:52,255 INFO: particles=80 iter=50 n_caps=18 minZ=0.020550 runtime=134.81s placement={1: 650, 0: 1719, 7: 622, 15: 2232, 14: 675}
2026-03-29 02:17:09,366 INFO: particles=80 iter=50 n_caps=19 minZ=0.019514 runtime=137.11s placement={0: 175, 1: 1363, 7: 1454, 15: 626, 14: 0}
2026-03-29 02:19:32,179 INFO: particles=80 iter=50 n_caps=20 minZ=0.019521 runtime=142.81s placement={0: 0, 1: 1363, 7: 109, 15: 1454, 14: 415}
