2026-03-18 21:12:04,757 INFO: particles=50 iter=25 n_caps=1 minZ=0.085029 runtime=57.16s placement={0: 1317}
2026-03-18 21:13:05,188 INFO: particles=50 iter=25 n_caps=2 minZ=0.054354 runtime=60.43s placement={15: 1480, 0: 1014}
2026-03-18 21:14:05,196 INFO: particles=50 iter=25 n_caps=3 minZ=0.054946 runtime=60.01s placement={0: 1014, 14: 164, 9: 2918}
2026-03-18 21:15:05,634 INFO: particles=50 iter=25 n_caps=4 minZ=0.060831 runtime=60.44s placement={14: 1014, 9: 164, 0: 2888, 7: 56}
2026-03-18 21:16:06,993 INFO: particles=50 iter=25 n_caps=5 minZ=0.040778 runtime=61.36s placement={0: 1012, 1: 0, 16: 1624}
2026-03-18 21:17:10,447 INFO: particles=50 iter=25 n_caps=6 minZ=0.036251 runtime=63.45s placement={0: 0, 1: 0, 16: 837}
2026-03-18 21:18:15,493 INFO: particles=50 iter=25 n_caps=7 minZ=0.038565 runtime=65.04s placement={0: 0, 16: 0, 1: 837}
2026-03-18 21:19:20,782 INFO: particles=50 iter=25 n_caps=8 minZ=0.039100 runtime=65.29s placement={15: 1773, 0: 0, 1: 952}
2026-03-18 21:20:25,572 INFO: particles=50 iter=25 n_caps=9 minZ=0.032687 runtime=64.79s placement={0: 2228, 1: 0}
2026-03-18 21:21:33,036 INFO: particles=50 iter=25 n_caps=10 minZ=0.031244 runtime=67.46s placement={0: 2228, 1: 0, 7: 0}
2026-03-18 21:22:41,524 INFO: particles=50 iter=25 n_caps=11 minZ=0.031846 runtime=68.49s placement={0: 0, 1: 0, 7: 2228}
2026-03-18 21:23:49,989 INFO: particles=50 iter=25 n_caps=12 minZ=0.029544 runtime=68.46s placement={0: 0, 1: 0, 7: 0}
2026-03-18 21:25:00,154 INFO: particles=50 iter=25 n_caps=13 minZ=0.029076 runtime=70.16s placement={0: 0, 1: 0, 7: 0}
2026-03-18 21:26:10,656 INFO: particles=50 iter=25 n_caps=14 minZ=0.028628 runtime=70.50s placement={0: 0, 1: 0, 7: 0}
2026-03-18 21:27:21,299 INFO: particles=50 iter=25 n_caps=15 minZ=0.030182 runtime=70.64s placement={0: 176, 1: 0, 3: 2715, 7: 612, 2: 139, 10: 28}
2026-03-18 21:28:34,206 INFO: particles=50 iter=25 n_caps=16 minZ=0.026138 runtime=72.91s placement={0: 946, 20: 1264, 1: 1723, 13: 0, 7: 0, 9: 18}
2026-03-18 21:29:48,137 INFO: particles=50 iter=25 n_caps=17 minZ=0.024491 runtime=73.93s placement={20: 386, 0: 0, 1: 1706, 14: 968, 6: 0, 9: 0, 10: 19}
2026-03-18 21:31:02,624 INFO: particles=50 iter=25 n_caps=18 minZ=0.024883 runtime=74.49s placement={0: 0, 1: 1762, 16: 0, 6: 344, 12: 0, 13: 0, 4: 3347}
2026-03-18 21:32:18,148 INFO: particles=50 iter=25 n_caps=19 minZ=0.025320 runtime=75.52s placement={0: 0, 1: 1712, 16: 1165, 6: 0, 10: 342, 12: 0, 4: 0}
2026-03-18 21:33:32,355 INFO: particles=50 iter=25 n_caps=20 minZ=0.025308 runtime=74.21s placement={0: 0, 1: 1572, 16: 0, 7: 1153, 10: 0, 9: 335, 5: 0, 2: 3347}
