2026-03-27 15:45:02,659 INFO: particles=80 iter=10 n_caps=1 minZ=0.080251 runtime=18.50s placement={0: 1012}
2026-03-27 15:45:21,616 INFO: particles=80 iter=10 n_caps=2 minZ=0.078668 runtime=18.96s placement={0: 1012, 6: 0}
2026-03-27 15:45:41,369 INFO: particles=80 iter=10 n_caps=3 minZ=0.054842 runtime=19.75s placement={0: 1014, 17: 0, 9: 1834}
2026-03-27 15:46:02,958 INFO: particles=80 iter=10 n_caps=4 minZ=0.057571 runtime=21.59s placement={5: 2797, 7: 582, 14: 1024, 0: 910}
2026-03-27 15:46:24,457 INFO: particles=80 iter=10 n_caps=5 minZ=0.054312 runtime=21.50s placement={6: 603, 10: 736, 7: 848, 0: 2312, 9: 980}
2026-03-27 15:46:46,324 INFO: particles=80 iter=10 n_caps=6 minZ=0.042979 runtime=21.87s placement={8: 559, 7: 610, 0: 1012, 9: 1286, 10: 1083}
2026-03-27 15:47:07,918 INFO: particles=80 iter=10 n_caps=7 minZ=0.044970 runtime=21.59s placement={7: 559, 0: 1490, 9: 1012, 10: 2322, 8: 1083, 1: 1286}
2026-03-27 15:47:30,346 INFO: particles=80 iter=10 n_caps=8 minZ=0.032799 runtime=22.43s placement={0: 1014, 10: 779, 1: 840, 9: 2334}
2026-03-27 15:47:52,952 INFO: particles=80 iter=10 n_caps=9 minZ=0.033398 runtime=22.60s placement={10: 566, 0: 0, 9: 840, 1: 2334}
2026-03-27 15:48:16,093 INFO: particles=80 iter=10 n_caps=10 minZ=0.027665 runtime=23.14s placement={0: 1012, 9: 659, 1: 746}
2026-03-27 15:48:39,682 INFO: particles=80 iter=10 n_caps=11 minZ=0.027133 runtime=23.59s placement={4: 1035, 0: 0, 1: 611}
2026-03-27 15:49:04,613 INFO: particles=80 iter=10 n_caps=12 minZ=0.025500 runtime=24.93s placement={0: 728, 1: 1112, 7: 0}
2026-03-27 15:49:29,260 INFO: particles=80 iter=10 n_caps=13 minZ=0.025759 runtime=24.65s placement={0: 0, 1: 1112, 7: 1481}
2026-03-27 15:49:54,147 INFO: particles=80 iter=10 n_caps=14 minZ=0.024364 runtime=24.89s placement={0: 10, 1: 1112, 7: 0}
2026-03-27 15:50:19,563 INFO: particles=80 iter=10 n_caps=15 minZ=0.024839 runtime=25.42s placement={0: 0, 1: 1851, 7: 1170, 2: 3, 14: 0}
2026-03-27 15:50:45,517 INFO: particles=80 iter=10 n_caps=16 minZ=0.023296 runtime=25.95s placement={0: 0, 1: 1851, 7: 1304, 2: 0, 14: 3}
2026-03-27 15:51:11,851 INFO: particles=80 iter=10 n_caps=17 minZ=0.025965 runtime=26.33s placement={0: 0, 1: 1851, 7: 1153, 2: 798, 14: 0}
2026-03-27 15:51:38,638 INFO: particles=80 iter=10 n_caps=18 minZ=0.025634 runtime=26.79s placement={0: 14, 1: 1851, 7: 899, 2: 0, 14: 798}
2026-03-27 15:52:06,074 INFO: particles=80 iter=10 n_caps=19 minZ=0.023505 runtime=27.44s placement={0: 11, 4: 2405, 1: 561, 7: 2020, 2: 2131, 5: 1464, 14: 0, 11: 0}
2026-03-27 15:52:35,186 INFO: particles=80 iter=10 n_caps=20 minZ=0.025344 runtime=29.11s placement={2: 0, 0: 924, 5: 322, 1: 3132, 15: 927, 6: 0, 3: 0}
