2025-12-01 21:36:05,086 INFO: Starting Sequential Search (1 to 20 caps) with Warm Start
2025-12-01 21:37:39,840 INFO: Count: 1 | Min Peak Z: 0.08736 Ohms | Time: 94.75s | Config: [Node 9: Cap #1012] 
2025-12-01 21:39:12,904 INFO: Count: 2 | Min Peak Z: 0.06477 Ohms | Time: 93.06s | Config: [Node 9: Cap #1012] [Node 10: Cap #1014] 
2025-12-01 21:40:47,328 INFO: Count: 3 | Min Peak Z: 0.05710 Ohms | Time: 94.42s | Config: [Node 9: Cap #1012] [Node 10: Cap #1014] [Node 15: Cap #686] 
2025-12-01 21:42:21,227 INFO: Count: 4 | Min Peak Z: 0.05056 Ohms | Time: 93.90s | Config: [Node 9: Cap #1012] [Node 10: Cap #1014] [Node 15: Cap #686] [Node 14: Cap #447] 
2025-12-01 21:43:55,826 INFO: Count: 5 | Min Peak Z: 0.04664 Ohms | Time: 94.60s | Config: [Node 9: Cap #1012] [Node 10: Cap #1014] [Node 14: Cap #686] [Node 15: Cap #447] [Node 5: Cap #434] 
2025-12-01 21:45:28,925 INFO: Count: 6 | Min Peak Z: 0.04398 Ohms | Time: 93.10s | Config: [Node 9: Cap #1012] [Node 10: Cap #1014] [Node 14: Cap #686] [Node 15: Cap #447] [Node 5: Cap #434] [Node 6: Cap #189] 
2025-12-01 21:47:03,450 INFO: Count: 7 | Min Peak Z: 0.04238 Ohms | Time: 94.52s | Config: [Node 9: Cap #1012] [Node 10: Cap #1014] [Node 15: Cap #686] [Node 14: Cap #447] [Node 5: Cap #434] [Node 6: Cap #189] [Node 7: Cap #365] 
2025-12-01 21:48:36,618 INFO: Count: 8 | Min Peak Z: 0.04118 Ohms | Time: 93.17s | Config: [Node 9: Cap #1012] [Node 10: Cap #1014] [Node 15: Cap #685] [Node 14: Cap #448] [Node 5: Cap #434] [Node 6: Cap #189] [Node 7: Cap #365] [Node 16: Cap #226] 
2025-12-01 21:50:10,704 INFO: Count: 9 | Min Peak Z: 0.04074 Ohms | Time: 94.09s | Config: [Node 9: Cap #1012] [Node 10: Cap #1014] [Node 15: Cap #685] [Node 14: Cap #448] [Node 5: Cap #434] [Node 6: Cap #189] [Node 7: Cap #365] [Node 16: Cap #226] [Node 8: Cap #189] 
2025-12-01 21:51:47,270 INFO: Count: 10 | Min Peak Z: 0.04027 Ohms | Time: 96.57s | Config: [Node 9: Cap #1012] [Node 10: Cap #1014] [Node 14: Cap #685] [Node 15: Cap #448] [Node 5: Cap #434] [Node 6: Cap #189] [Node 8: Cap #365] [Node 16: Cap #225] [Node 7: Cap #189] [Node 2: Cap #1208] 
2025-12-01 21:53:23,480 INFO: Count: 11 | Min Peak Z: 0.04009 Ohms | Time: 96.21s | Config: [Node 9: Cap #1012] [Node 10: Cap #1014] [Node 14: Cap #685] [Node 15: Cap #448] [Node 5: Cap #434] [Node 6: Cap #189] [Node 8: Cap #365] [Node 16: Cap #225] [Node 7: Cap #189] [Node 2: Cap #1208] [Node 17: Cap #231] 
2025-12-01 21:54:57,296 INFO: Count: 12 | Min Peak Z: 0.03992 Ohms | Time: 93.81s | Config: [Node 9: Cap #1012] [Node 10: Cap #1014] [Node 14: Cap #685] [Node 15: Cap #448] [Node 5: Cap #434] [Node 6: Cap #189] [Node 8: Cap #365] [Node 16: Cap #225] [Node 7: Cap #189] [Node 2: Cap #1208] [Node 17: Cap #231] [Node 18: Cap #1422] 
2025-12-01 21:56:33,333 INFO: Count: 13 | Min Peak Z: 0.03990 Ohms | Time: 96.04s | Config: [Node 9: Cap #1012] [Node 10: Cap #1014] [Node 14: Cap #685] [Node 15: Cap #448] [Node 5: Cap #434] [Node 6: Cap #189] [Node 8: Cap #365] [Node 16: Cap #225] [Node 7: Cap #189] [Node 2: Cap #1208] [Node 17: Cap #231] [Node 18: Cap #1422] [Node 19: Cap #2255] 
2025-12-01 21:58:08,301 INFO: Count: 14 | Min Peak Z: 0.03988 Ohms | Time: 94.97s | Config: [Node 9: Cap #1012] [Node 10: Cap #1014] [Node 14: Cap #685] [Node 15: Cap #448] [Node 5: Cap #434] [Node 6: Cap #189] [Node 8: Cap #365] [Node 16: Cap #225] [Node 7: Cap #189] [Node 2: Cap #1208] [Node 17: Cap #231] [Node 18: Cap #1422] [Node 19: Cap #2255] [Node 1: Cap #1190] 
2025-12-01 21:59:44,857 INFO: Count: 15 | Min Peak Z: 0.03988 Ohms | Time: 96.56s | Config: [Node 9: Cap #1012] [Node 10: Cap #1014] [Node 14: Cap #685] [Node 15: Cap #448] [Node 5: Cap #434] [Node 6: Cap #189] [Node 8: Cap #365] [Node 16: Cap #225] [Node 7: Cap #189] [Node 2: Cap #1208] [Node 17: Cap #231] [Node 18: Cap #1422] [Node 19: Cap #2255] [Node 1: Cap #1190] [Node 20: Cap #19] 
2025-12-01 22:01:21,931 INFO: Count: 16 | Min Peak Z: 0.03988 Ohms | Time: 97.07s | Config: [Node 9: Cap #1012] [Node 10: Cap #1014] [Node 14: Cap #685] [Node 15: Cap #448] [Node 5: Cap #434] [Node 6: Cap #189] [Node 8: Cap #365] [Node 16: Cap #225] [Node 7: Cap #189] [Node 2: Cap #1208] [Node 17: Cap #231] [Node 18: Cap #1422] [Node 19: Cap #2255] [Node 1: Cap #1190] [Node 20: Cap #19] [Node 3: Cap #15] 
2025-12-01 22:02:57,938 INFO: Count: 17 | Min Peak Z: 0.03988 Ohms | Time: 96.01s | Config: [Node 9: Cap #1012] [Node 10: Cap #1014] [Node 14: Cap #685] [Node 15: Cap #448] [Node 5: Cap #434] [Node 6: Cap #189] [Node 8: Cap #365] [Node 16: Cap #225] [Node 7: Cap #189] [Node 2: Cap #1208] [Node 17: Cap #231] [Node 18: Cap #1422] [Node 19: Cap #2255] [Node 1: Cap #1190] [Node 20: Cap #19] [Node 3: Cap #15] [Node 4: Cap #151] 
2025-12-01 22:04:34,026 INFO: Count: 18 | Min Peak Z: 0.03992 Ohms | Time: 96.09s | Config: [Node 9: Cap #1012] [Node 10: Cap #1014] [Node 14: Cap #685] [Node 15: Cap #448] [Node 5: Cap #434] [Node 6: Cap #189] [Node 8: Cap #365] [Node 16: Cap #225] [Node 7: Cap #189] [Node 2: Cap #1208] [Node 17: Cap #231] [Node 18: Cap #1422] [Node 19: Cap #2255] [Node 1: Cap #1190] [Node 20: Cap #19] [Node 3: Cap #15] [Node 4: Cap #152] [Node 11: Cap #255] 
2025-12-01 22:06:05,448 INFO: Count: 19 | Min Peak Z: 0.03997 Ohms | Time: 91.42s | Config: [Node 9: Cap #1012] [Node 10: Cap #1014] [Node 14: Cap #685] [Node 15: Cap #448] [Node 5: Cap #434] [Node 6: Cap #189] [Node 8: Cap #365] [Node 16: Cap #225] [Node 7: Cap #189] [Node 2: Cap #1208] [Node 17: Cap #231] [Node 18: Cap #1422] [Node 19: Cap #2255] [Node 1: Cap #1190] [Node 20: Cap #19] [Node 3: Cap #15] [Node 4: Cap #152] [Node 11: Cap #255] [Node 12: Cap #111] 
2025-12-01 22:07:38,992 INFO: Count: 20 | Min Peak Z: 0.04006 Ohms | Time: 93.54s | Config: [Node 9: Cap #1012] [Node 10: Cap #1014] [Node 14: Cap #685] [Node 15: Cap #448] [Node 5: Cap #434] [Node 6: Cap #189] [Node 8: Cap #365] [Node 16: Cap #225] [Node 7: Cap #189] [Node 2: Cap #1208] [Node 17: Cap #231] [Node 18: Cap #1421] [Node 19: Cap #2255] [Node 1: Cap #1191] [Node 20: Cap #19] [Node 3: Cap #15] [Node 4: Cap #152] [Node 11: Cap #255] [Node 12: Cap #111] [Node 13: Cap #111] 
