2026-03-22 16:34:49,447 INFO: particles=20 iter=15 n_caps=1 minZ=0.089878 runtime=8.37s placement={10: 1014}
2026-03-22 16:34:57,543 INFO: particles=20 iter=15 n_caps=2 minZ=0.054727 runtime=8.10s placement={0: 1014, 9: 1745}
2026-03-22 16:35:05,878 INFO: particles=20 iter=15 n_caps=3 minZ=0.068750 runtime=8.33s placement={9: 1014, 0: 1745, 15: 0}
2026-03-22 16:35:14,437 INFO: particles=20 iter=15 n_caps=4 minZ=0.048339 runtime=8.56s placement={0: 1014, 15: 1745, 14: 0, 9: 1543}
2026-03-22 16:35:23,219 INFO: particles=20 iter=15 n_caps=5 minZ=0.061231 runtime=8.78s placement={9: 1167, 14: 1776, 8: 1062, 0: 1465, 10: 0}
2026-03-22 16:35:32,788 INFO: particles=20 iter=15 n_caps=6 minZ=0.046435 runtime=9.57s placement={16: 1224, 9: 2586, 0: 1014, 10: 1666, 12: 0, 1: 1905}
2026-03-22 16:35:42,114 INFO: particles=20 iter=15 n_caps=7 minZ=0.055857 runtime=9.33s placement={9: 1395, 0: 1909, 10: 1162, 14: 1663, 1: 0, 15: 2899}
2026-03-22 16:35:51,523 INFO: particles=20 iter=15 n_caps=8 minZ=0.058194 runtime=9.41s placement={9: 893, 5: 762, 15: 302, 0: 2074, 16: 2770, 3: 0, 10: 3347, 7: 2764}
2026-03-22 16:36:01,121 INFO: particles=20 iter=15 n_caps=9 minZ=0.057544 runtime=9.60s placement={5: 865, 15: 928, 0: 447, 16: 1985, 4: 2891, 10: 0, 7: 3347, 14: 2888, 9: 1635}
2026-03-22 16:36:10,927 INFO: particles=20 iter=15 n_caps=10 minZ=0.048984 runtime=9.81s placement={15: 865, 0: 928, 16: 447, 4: 1985, 10: 2891, 7: 0, 14: 3347, 9: 2888, 5: 1635, 6: 886}
2026-03-22 16:36:21,294 INFO: particles=20 iter=15 n_caps=11 minZ=0.039770 runtime=10.37s placement={0: 2442, 15: 80, 1: 0, 9: 2869, 20: 0, 10: 3347, 16: 3347}
2026-03-22 16:36:32,186 INFO: particles=20 iter=15 n_caps=12 minZ=0.039685 runtime=10.89s placement={17: 318, 0: 3347, 9: 488, 1: 2140, 18: 1596, 12: 0, 2: 3265, 10: 1452, 14: 1538, 16: 327}
2026-03-22 16:36:42,772 INFO: particles=20 iter=15 n_caps=13 minZ=0.036845 runtime=10.59s placement={0: 1907, 9: 439, 1: 744, 12: 3347, 18: 3347, 13: 870, 7: 1469, 11: 3346}
2026-03-22 16:36:53,547 INFO: particles=20 iter=15 n_caps=14 minZ=0.035293 runtime=10.77s placement={16: 632, 0: 2596, 17: 681, 18: 3347, 20: 3347, 1: 870, 10: 2235, 5: 0}
2026-03-22 16:37:04,661 INFO: particles=20 iter=15 n_caps=15 minZ=0.032077 runtime=11.11s placement={0: 2778, 16: 985, 17: 467, 20: 3347, 1: 3347, 10: 3347, 5: 2608}
2026-03-22 16:37:15,914 INFO: particles=20 iter=15 n_caps=16 minZ=0.031859 runtime=11.25s placement={16: 148, 20: 638, 19: 12, 0: 342, 1: 3051, 8: 2578, 6: 891}
2026-03-22 16:37:27,250 INFO: particles=20 iter=15 n_caps=17 minZ=0.029565 runtime=11.34s placement={20: 148, 19: 638, 0: 342, 1: 3347, 8: 359, 6: 809, 10: 2736}
2026-03-22 16:37:39,419 INFO: particles=20 iter=15 n_caps=18 minZ=0.028760 runtime=12.17s placement={19: 160, 0: 3347, 1: 0, 6: 1175, 5: 1418, 2: 2837, 9: 149, 7: 2797}
2026-03-22 16:37:51,254 INFO: particles=20 iter=15 n_caps=19 minZ=0.024354 runtime=11.83s placement={0: 3347, 1: 420, 5: 3347, 2: 3347, 8: 1631, 6: 66, 13: 3325}
2026-03-22 16:38:03,175 INFO: particles=20 iter=15 n_caps=20 minZ=0.026281 runtime=11.92s placement={0: 0, 1: 420, 5: 3347, 2: 2121, 8: 269, 6: 1631, 13: 3347}
