2026-03-16 20:55:06,919 INFO: particles=20 iter=40 n_caps=1 minZ=0.088670 runtime=36.61s placement={0: 1300}
2026-03-16 20:55:44,025 INFO: particles=20 iter=40 n_caps=2 minZ=0.079242 runtime=37.10s placement={0: 1316, 7: 56}
2026-03-16 20:56:21,773 INFO: particles=20 iter=40 n_caps=3 minZ=0.061289 runtime=37.75s placement={0: 1296, 5: 1399, 9: 1184}
2026-03-16 20:57:00,800 INFO: particles=20 iter=40 n_caps=4 minZ=0.045758 runtime=39.03s placement={6: 1393, 9: 1012, 0: 1014, 7: 0}
2026-03-16 20:57:41,008 INFO: particles=20 iter=40 n_caps=5 minZ=0.041402 runtime=40.21s placement={9: 1393, 0: 1012, 6: 1014, 15: 0, 10: 1055}
2026-03-16 20:58:20,691 INFO: particles=20 iter=40 n_caps=6 minZ=0.052497 runtime=39.68s placement={0: 1455, 7: 1014, 15: 893, 10: 0, 11: 1039, 9: 1553}
2026-03-16 20:59:01,395 INFO: particles=20 iter=40 n_caps=7 minZ=0.049579 runtime=40.70s placement={0: 1170, 16: 1845, 6: 781, 10: 0, 5: 892, 15: 1272, 9: 0}
2026-03-16 20:59:42,341 INFO: particles=20 iter=40 n_caps=8 minZ=0.036834 runtime=40.94s placement={15: 1424, 0: 1144, 10: 793, 1: 13, 16: 139, 17: 109}
2026-03-16 21:00:24,658 INFO: particles=20 iter=40 n_caps=9 minZ=0.032948 runtime=42.32s placement={0: 2550, 10: 2074, 1: 801, 15: 3, 17: 1096}
2026-03-16 21:01:06,932 INFO: particles=20 iter=40 n_caps=10 minZ=0.035895 runtime=42.27s placement={9: 891, 0: 1, 17: 838, 1: 0, 20: 1586, 5: 0}
2026-03-16 21:01:49,513 INFO: particles=20 iter=40 n_caps=11 minZ=0.029861 runtime=42.58s placement={0: 0, 17: 851, 1: 937, 20: 1, 5: 1727, 9: 1396}
2026-03-16 21:02:31,942 INFO: particles=20 iter=40 n_caps=12 minZ=0.028796 runtime=42.43s placement={17: 945, 0: 1726, 1: 905, 20: 1395, 5: 0, 10: 0, 9: 1386, 6: 0}
2026-03-16 21:03:16,049 INFO: particles=20 iter=40 n_caps=13 minZ=0.030334 runtime=44.11s placement={0: 434, 1: 394, 20: 1387, 6: 1128, 8: 1981, 7: 0, 2: 3252}
2026-03-16 21:04:00,462 INFO: particles=20 iter=40 n_caps=14 minZ=0.026918 runtime=44.41s placement={0: 0, 1: 598, 20: 1725, 16: 3340, 11: 0, 7: 2578, 19: 3347}
2026-03-16 21:04:45,166 INFO: particles=20 iter=40 n_caps=15 minZ=0.030702 runtime=44.70s placement={0: 0, 1: 598, 20: 375, 16: 1725, 11: 898, 7: 0, 19: 84, 10: 0}
2026-03-16 21:05:30,208 INFO: particles=20 iter=40 n_caps=16 minZ=0.030700 runtime=45.04s placement={0: 0, 1: 599, 20: 693, 16: 363, 12: 3339, 7: 899, 19: 1975, 10: 0}
2026-03-16 21:06:15,793 INFO: particles=20 iter=40 n_caps=17 minZ=0.027579 runtime=45.59s placement={0: 0, 20: 599, 16: 688, 1: 396, 13: 1421, 7: 3340, 19: 0, 10: 3347, 15: 0}
2026-03-16 21:07:02,134 INFO: particles=20 iter=40 n_caps=18 minZ=0.032044 runtime=46.34s placement={20: 1110, 14: 517, 0: 0, 15: 0, 16: 1344, 1: 3347, 19: 2746, 8: 15, 18: 0, 6: 0}
2026-03-16 21:07:50,924 INFO: particles=20 iter=40 n_caps=19 minZ=0.025295 runtime=48.79s placement={20: 3347, 0: 1012, 16: 309, 1: 0, 2: 3273, 19: 799, 10: 1504, 5: 0, 8: 3161, 9: 793}
2026-03-16 21:08:38,639 INFO: particles=20 iter=40 n_caps=20 minZ=0.026154 runtime=47.71s placement={0: 1328, 18: 105, 1: 714, 19: 1601, 7: 49, 2: 3228, 13: 0, 20: 3347}
