2026-03-16 22:20:46,059 INFO: particles=20 iter=40 n_caps=1 minZ=0.085029 runtime=38.46s placement={0: 1316}
2026-03-16 22:21:25,023 INFO: particles=20 iter=40 n_caps=2 minZ=0.076197 runtime=38.96s placement={15: 862, 10: 1014}
2026-03-16 22:22:04,432 INFO: particles=20 iter=40 n_caps=3 minZ=0.058723 runtime=39.41s placement={10: 861, 9: 1014, 0: 2565}
2026-03-16 22:22:43,472 INFO: particles=20 iter=40 n_caps=4 minZ=0.043152 runtime=39.04s placement={9: 857, 0: 1012, 10: 2565, 14: 1718}
2026-03-16 22:23:23,916 INFO: particles=20 iter=40 n_caps=5 minZ=0.043116 runtime=40.44s placement={0: 1014, 10: 1184, 14: 2532, 15: 2279, 16: 1321}
2026-03-16 22:24:04,211 INFO: particles=20 iter=40 n_caps=6 minZ=0.041604 runtime=40.29s placement={9: 1014, 15: 1180, 10: 2516, 16: 2283, 0: 1014, 1: 104}
2026-03-16 22:24:45,501 INFO: particles=20 iter=40 n_caps=7 minZ=0.040021 runtime=41.29s placement={15: 1147, 7: 1731, 16: 2361, 0: 1628, 1: 0}
2026-03-16 22:25:28,316 INFO: particles=20 iter=40 n_caps=8 minZ=0.036740 runtime=42.82s placement={7: 1076, 16: 1749, 0: 2592, 1: 2434, 9: 1611}
2026-03-16 22:26:11,134 INFO: particles=20 iter=40 n_caps=9 minZ=0.032403 runtime=42.82s placement={20: 1661, 0: 1012, 1: 2320, 7: 992}
2026-03-16 22:26:54,635 INFO: particles=20 iter=40 n_caps=10 minZ=0.032184 runtime=43.50s placement={0: 1804, 1: 2683, 6: 0, 9: 1145, 10: 3347}
2026-03-16 22:27:38,733 INFO: particles=20 iter=40 n_caps=11 minZ=0.033672 runtime=44.10s placement={0: 0, 1: 2683, 6: 2323, 9: 1804, 10: 1145}
2026-03-16 22:28:22,186 INFO: particles=20 iter=40 n_caps=12 minZ=0.032052 runtime=43.45s placement={0: 0, 1: 3067, 9: 1783, 20: 1279, 8: 554}
2026-03-16 22:29:06,742 INFO: particles=20 iter=40 n_caps=13 minZ=0.028309 runtime=44.56s placement={0: 0, 9: 3020, 1: 1843, 10: 1930, 14: 1383, 16: 1409}
2026-03-16 22:29:55,797 INFO: particles=20 iter=40 n_caps=14 minZ=0.029894 runtime=49.05s placement={10: 2336, 0: 0, 11: 1842, 1: 3060, 14: 604, 16: 1390}
2026-03-16 22:30:47,956 INFO: particles=20 iter=40 n_caps=15 minZ=0.024594 runtime=52.16s placement={0: 3347, 9: 3029, 1: 1919, 15: 3020, 12: 464}
2026-03-16 22:31:40,070 INFO: particles=20 iter=40 n_caps=16 minZ=0.024048 runtime=52.11s placement={9: 689, 0: 0, 15: 1950, 12: 3147, 1: 468}
2026-03-16 22:32:32,010 INFO: particles=20 iter=40 n_caps=17 minZ=0.023014 runtime=51.94s placement={0: 1546, 15: 3053, 12: 1950, 1: 3147}
2026-03-16 22:33:25,112 INFO: particles=20 iter=40 n_caps=18 minZ=0.022830 runtime=53.10s placement={15: 689, 12: 3053, 0: 1546, 1: 3147, 7: 0}
2026-03-16 22:34:18,156 INFO: particles=20 iter=40 n_caps=19 minZ=0.023184 runtime=53.04s placement={12: 689, 0: 2615, 1: 1950, 7: 1546}
2026-03-16 22:35:12,101 INFO: particles=20 iter=40 n_caps=20 minZ=0.020888 runtime=53.94s placement={0: 0, 1: 3053, 7: 0, 9: 2550, 20: 2114}
