2026-03-24 01:14:55,110 INFO: particles=80 iter=40 n_caps=1 minZ=0.080251 runtime=134.17s placement={0: 1012}
2026-03-24 01:17:15,383 INFO: particles=80 iter=40 n_caps=2 minZ=0.052008 runtime=140.27s placement={0: 1012, 9: 1518}
2026-03-24 01:19:32,663 INFO: particles=80 iter=40 n_caps=3 minZ=0.059402 runtime=137.28s placement={9: 1012, 0: 1455, 7: 0}
2026-03-24 01:21:51,524 INFO: particles=80 iter=40 n_caps=4 minZ=0.045566 runtime=138.86s placement={0: 1014, 7: 1511, 12: 0, 16: 1012}
2026-03-24 01:24:13,534 INFO: particles=80 iter=40 n_caps=5 minZ=0.043679 runtime=142.01s placement={6: 1012, 14: 1522, 16: 0, 0: 1012, 10: 0}
2026-03-24 01:26:37,546 INFO: particles=80 iter=40 n_caps=6 minZ=0.036688 runtime=144.01s placement={14: 1226, 16: 1532, 0: 1012, 10: 998, 1: 0}
2026-03-24 01:29:04,052 INFO: particles=80 iter=40 n_caps=7 minZ=0.034678 runtime=146.51s placement={16: 1226, 0: 2371, 10: 342, 1: 998}
2026-03-24 01:31:30,613 INFO: particles=80 iter=40 n_caps=8 minZ=0.025742 runtime=146.56s placement={0: 2671, 10: 684, 1: 364}
2026-03-24 01:33:59,534 INFO: particles=80 iter=40 n_caps=9 minZ=0.023554 runtime=148.92s placement={10: 593, 0: 0, 1: 373}
2026-03-24 01:36:30,982 INFO: particles=80 iter=40 n_caps=10 minZ=0.024436 runtime=151.45s placement={0: 1743, 1: 685, 7: 0}
2026-03-24 01:39:13,079 INFO: particles=80 iter=40 n_caps=11 minZ=0.024212 runtime=162.10s placement={0: 0, 1: 685, 7: 2672}
2026-03-24 01:41:54,074 INFO: particles=80 iter=40 n_caps=12 minZ=0.023734 runtime=160.99s placement={0: 0, 1: 687, 7: 2040}
2026-03-24 01:44:36,109 INFO: particles=80 iter=40 n_caps=13 minZ=0.025273 runtime=162.03s placement={0: 0, 1: 690, 7: 1005}
2026-03-24 01:47:23,204 INFO: particles=80 iter=40 n_caps=14 minZ=0.026512 runtime=167.09s placement={0: 0, 1: 690, 7: 342}
2026-03-24 01:50:07,707 INFO: particles=80 iter=40 n_caps=15 minZ=0.024324 runtime=164.50s placement={0: 0, 1: 710}
2026-03-24 01:52:58,351 INFO: particles=80 iter=40 n_caps=16 minZ=0.023666 runtime=170.64s placement={0: 0, 1: 708, 2: 0, 7: 0}
2026-03-24 01:55:43,485 INFO: particles=80 iter=40 n_caps=17 minZ=0.023331 runtime=165.13s placement={0: 0, 1: 708, 2: 0, 7: 0, 10: 0}
2026-03-24 01:58:33,246 INFO: particles=80 iter=40 n_caps=18 minZ=0.023009 runtime=169.76s placement={0: 0, 1: 708, 2: 0, 7: 0, 10: 0}
2026-03-24 02:01:29,272 INFO: particles=80 iter=40 n_caps=19 minZ=0.022207 runtime=176.02s placement={0: 166, 1: 708, 2: 0, 7: 0, 10: 0}
2026-03-24 02:04:25,572 INFO: particles=80 iter=40 n_caps=20 minZ=0.022279 runtime=176.30s placement={0: 0, 1: 708, 2: 10, 7: 0, 10: 0}
