2026-04-01 20:17:01,870 INFO: particles=20 iter=10 n_caps=1 minZ=0.104943 runtime=9.44s placement={10: 939}
2026-04-01 20:17:10,953 INFO: particles=20 iter=10 n_caps=2 minZ=0.074985 runtime=9.08s placement={6: 798, 0: 1726}
2026-04-01 20:17:19,683 INFO: particles=20 iter=10 n_caps=3 minZ=0.065578 runtime=8.73s placement={0: 875, 5: 893, 9: 1139}
2026-04-01 20:17:30,204 INFO: particles=20 iter=10 n_caps=4 minZ=0.061019 runtime=10.52s placement={6: 910, 9: 892, 0: 1182, 10: 0}
2026-04-01 20:17:40,774 INFO: particles=20 iter=10 n_caps=5 minZ=0.050895 runtime=10.57s placement={9: 910, 0: 892, 10: 1182, 7: 0, 14: 1084}
2026-04-01 20:17:52,012 INFO: particles=20 iter=10 n_caps=6 minZ=0.043967 runtime=11.24s placement={0: 1012, 7: 905, 4: 1372, 18: 0, 1: 727}
2026-04-01 20:18:02,857 INFO: particles=20 iter=10 n_caps=7 minZ=0.044560 runtime=10.84s placement={9: 1565, 4: 481, 15: 1692, 0: 1014, 5: 314, 3: 1576, 7: 1959}
2026-04-01 20:18:13,018 INFO: particles=20 iter=10 n_caps=8 minZ=0.041840 runtime=10.16s placement={0: 2351, 15: 395, 1: 1481, 7: 332, 4: 1562}
2026-04-01 20:18:23,396 INFO: particles=20 iter=10 n_caps=9 minZ=0.044184 runtime=10.38s placement={13: 2545, 0: 0, 1: 1617, 7: 1444, 5: 2218}
2026-04-01 20:18:34,553 INFO: particles=20 iter=10 n_caps=10 minZ=0.033689 runtime=11.16s placement={0: 845, 1: 0, 8: 1477, 5: 1403, 9: 0, 18: 0}
2026-04-01 20:18:45,393 INFO: particles=20 iter=10 n_caps=11 minZ=0.033026 runtime=10.84s placement={0: 0, 8: 0, 1: 1477, 5: 292, 9: 845, 18: 0}
2026-04-01 20:18:56,341 INFO: particles=20 iter=10 n_caps=12 minZ=0.038830 runtime=10.95s placement={8: 2147, 0: 859, 1: 2410, 10: 411, 20: 944, 19: 0}
2026-04-01 20:19:07,354 INFO: particles=20 iter=10 n_caps=13 minZ=0.030644 runtime=11.01s placement={0: 1459, 1: 0, 12: 2382, 20: 2825, 19: 0, 6: 0, 16: 975}
2026-04-01 20:19:18,394 INFO: particles=20 iter=10 n_caps=14 minZ=0.029353 runtime=11.04s placement={0: 1459, 12: 0, 1: 2382, 20: 1949, 19: 1331, 6: 0, 16: 0, 7: 0}
2026-04-01 20:19:30,640 INFO: particles=20 iter=10 n_caps=15 minZ=0.035615 runtime=12.25s placement={12: 1591, 0: 1978, 1: 2272, 20: 516, 19: 590, 5: 1328, 15: 0, 11: 0, 13: 0}
2026-04-01 20:19:42,420 INFO: particles=20 iter=10 n_caps=16 minZ=0.030995 runtime=11.78s placement={0: 2984, 1: 0, 16: 612, 17: 2999, 15: 1192, 10: 1833, 13: 0, 12: 0}
2026-04-01 20:19:53,800 INFO: particles=20 iter=10 n_caps=17 minZ=0.031831 runtime=11.38s placement={0: 0, 1: 52, 15: 3125, 16: 3347, 14: 0, 2: 0, 10: 893, 12: 1161, 13: 0, 9: 0}
2026-04-01 20:20:06,864 INFO: particles=20 iter=10 n_caps=18 minZ=0.035878 runtime=13.06s placement={0: 0, 16: 65, 1: 3347, 17: 0, 13: 2961, 14: 747, 9: 551, 18: 1302, 3: 0, 10: 3324, 8: 0, 15: 0}
2026-04-01 20:20:19,087 INFO: particles=20 iter=10 n_caps=19 minZ=0.033148 runtime=12.22s placement={17: 1638, 10: 1328, 0: 1413, 16: 280, 1: 818, 13: 2630, 14: 60, 4: 135, 5: 1222, 19: 1117, 7: 287, 15: 875, 12: 890}
2026-04-01 20:20:31,421 INFO: particles=20 iter=10 n_caps=20 minZ=0.029362 runtime=12.33s placement={10: 1719, 0: 557, 20: 3347, 1: 0, 12: 0, 4: 2284, 6: 1173, 3: 0, 19: 0, 7: 1142, 15: 0, 16: 1849, 8: 1098}
