2026-03-19 07:30:08,171 INFO: particles=50 iter=40 n_caps=1 minZ=0.085029 runtime=91.52s placement={0: 1317}
2026-03-19 07:31:43,370 INFO: particles=50 iter=40 n_caps=2 minZ=0.076991 runtime=95.20s placement={0: 1012, 6: 326}
2026-03-19 07:33:19,340 INFO: particles=50 iter=40 n_caps=3 minZ=0.062367 runtime=95.97s placement={6: 437, 9: 766, 0: 1420}
2026-03-19 07:34:54,694 INFO: particles=50 iter=40 n_caps=4 minZ=0.053365 runtime=95.35s placement={12: 1423, 0: 1012, 14: 1321, 11: 947}
2026-03-19 07:36:33,722 INFO: particles=50 iter=40 n_caps=5 minZ=0.051524 runtime=99.03s placement={0: 1301, 8: 2060, 9: 874, 15: 606, 10: 928}
2026-03-19 07:38:16,024 INFO: particles=50 iter=40 n_caps=6 minZ=0.042355 runtime=102.30s placement={9: 2322, 8: 803, 15: 1249, 7: 610, 0: 1012, 16: 0}
2026-03-19 07:39:58,903 INFO: particles=50 iter=40 n_caps=7 minZ=0.041472 runtime=102.88s placement={9: 3347, 16: 752, 7: 1381, 0: 1014, 15: 1063, 6: 69, 8: 1616}
2026-03-19 07:41:41,499 INFO: particles=50 iter=40 n_caps=8 minZ=0.040849 runtime=102.59s placement={18: 3347, 7: 409, 0: 1012, 20: 1085, 6: 1535, 9: 7, 10: 1026, 5: 1627}
2026-03-19 07:43:27,890 INFO: particles=50 iter=40 n_caps=9 minZ=0.033846 runtime=106.39s placement={0: 2091, 1: 517, 19: 3347, 18: 0, 9: 975}
2026-03-19 07:45:13,412 INFO: particles=50 iter=40 n_caps=10 minZ=0.026552 runtime=105.52s placement={0: 0, 19: 5, 1: 3347, 16: 1644, 9: 2020}
2026-03-19 07:47:00,311 INFO: particles=50 iter=40 n_caps=11 minZ=0.031211 runtime=106.90s placement={19: 820, 0: 10, 1: 3347, 16: 1076, 9: 1127}
2026-03-19 07:48:51,579 INFO: particles=50 iter=40 n_caps=12 minZ=0.026839 runtime=111.27s placement={0: 3328, 1: 3, 16: 3347, 9: 0}
2026-03-19 07:50:41,744 INFO: particles=50 iter=40 n_caps=13 minZ=0.027029 runtime=110.16s placement={0: 0, 16: 3, 1: 3347, 9: 1625}
2026-03-19 07:52:33,095 INFO: particles=50 iter=40 n_caps=14 minZ=0.026818 runtime=111.35s placement={16: 820, 0: 0, 1: 3347, 9: 1076}
2026-03-19 07:54:24,527 INFO: particles=50 iter=40 n_caps=15 minZ=0.025784 runtime=111.43s placement={0: 2804, 1: 3, 9: 3347}
2026-03-19 07:56:19,773 INFO: particles=50 iter=40 n_caps=16 minZ=0.024964 runtime=115.25s placement={0: 0, 9: 3, 1: 3347}
2026-03-19 07:58:16,555 INFO: particles=50 iter=40 n_caps=17 minZ=0.025075 runtime=116.78s placement={9: 820, 0: 0, 1: 3347}
2026-03-19 08:00:15,201 INFO: particles=50 iter=40 n_caps=18 minZ=0.024841 runtime=118.65s placement={0: 0, 1: 3, 9: 1534}
2026-03-19 08:02:13,655 INFO: particles=50 iter=40 n_caps=19 minZ=0.024246 runtime=118.45s placement={0: 1534, 1: 3, 9: 0, 7: 0}
2026-03-19 08:04:14,261 INFO: particles=50 iter=40 n_caps=20 minZ=0.024217 runtime=120.61s placement={0: 0, 1: 3, 9: 0, 7: 1534}
