2026-03-19 16:14:30,126 INFO: particles=20 iter=10 n_caps=1 minZ=0.088670 runtime=8.62s placement={0: 1302}
2026-03-19 16:14:38,935 INFO: particles=20 iter=10 n_caps=2 minZ=0.079971 runtime=8.81s placement={0: 1319, 7: 374}
2026-03-19 16:14:47,923 INFO: particles=20 iter=10 n_caps=3 minZ=0.071349 runtime=8.99s placement={0: 1291, 14: 2349, 7: 280}
2026-03-19 16:14:57,080 INFO: particles=20 iter=10 n_caps=4 minZ=0.067609 runtime=9.16s placement={0: 1303, 8: 3072, 16: 215, 14: 471}
2026-03-19 16:15:06,411 INFO: particles=20 iter=10 n_caps=5 minZ=0.060492 runtime=9.33s placement={7: 837, 0: 1085, 8: 1832, 2: 3347, 16: 1107}
2026-03-19 16:15:16,047 INFO: particles=20 iter=10 n_caps=6 minZ=0.056378 runtime=9.64s placement={0: 799, 7: 1265, 2: 1822, 14: 3347, 15: 1262, 5: 1095}
2026-03-19 16:15:26,076 INFO: particles=20 iter=10 n_caps=7 minZ=0.049588 runtime=10.03s placement={9: 799, 0: 1150, 16: 1267, 13: 1300, 10: 1595, 5: 1170, 6: 103}
2026-03-19 16:15:36,223 INFO: particles=20 iter=10 n_caps=8 minZ=0.047158 runtime=10.15s placement={0: 799, 16: 1150, 13: 1267, 9: 1300, 5: 1595, 6: 1170, 7: 103, 10: 1596}
2026-03-19 16:15:46,472 INFO: particles=20 iter=10 n_caps=9 minZ=0.051987 runtime=10.25s placement={16: 799, 13: 1150, 9: 1267, 5: 1300, 6: 1595, 7: 1170, 10: 103, 0: 1596, 2: 110}
2026-03-19 16:15:56,956 INFO: particles=20 iter=10 n_caps=10 minZ=0.040416 runtime=10.48s placement={11: 814, 0: 3347, 1: 0, 10: 1397, 9: 1885, 12: 0, 2: 2681}
2026-03-19 16:16:07,606 INFO: particles=20 iter=10 n_caps=11 minZ=0.036741 runtime=10.65s placement={0: 618, 1: 647, 16: 0, 4: 3347, 9: 3337, 10: 3347}
2026-03-19 16:16:18,392 INFO: particles=20 iter=10 n_caps=12 minZ=0.039264 runtime=10.78s placement={0: 2569, 16: 619, 1: 0, 5: 1015, 9: 3347, 10: 211, 14: 585, 12: 0}
2026-03-19 16:16:29,331 INFO: particles=20 iter=10 n_caps=13 minZ=0.036739 runtime=10.94s placement={15: 126, 0: 586, 5: 0, 9: 1896, 1: 3347, 10: 2275, 20: 1415, 17: 1216, 18: 0, 14: 489}
2026-03-19 16:16:40,446 INFO: particles=20 iter=10 n_caps=14 minZ=0.036598 runtime=11.12s placement={0: 2556, 5: 598, 9: 0, 1: 1699, 2: 3347, 20: 1985, 17: 1508, 18: 752, 15: 0, 11: 202}
2026-03-19 16:16:51,412 INFO: particles=20 iter=10 n_caps=15 minZ=0.034850 runtime=10.97s placement={1: 267, 0: 0, 6: 1691, 19: 845, 20: 1546, 17: 388, 10: 727, 14: 503}
2026-03-19 16:17:02,544 INFO: particles=20 iter=10 n_caps=16 minZ=0.032548 runtime=11.13s placement={0: 0, 1: 1224, 6: 2208, 19: 3295, 20: 1023, 15: 901, 11: 301, 12: 521, 10: 188}
2026-03-19 16:17:13,837 INFO: particles=20 iter=10 n_caps=17 minZ=0.032410 runtime=11.29s placement={0: 3156, 6: 1352, 1: 2365, 18: 3347, 19: 3001, 16: 1673, 5: 704, 11: 0, 10: 118, 12: 188, 7: 11}
2026-03-19 16:17:25,274 INFO: particles=20 iter=10 n_caps=18 minZ=0.031973 runtime=11.44s placement={6: 1234, 0: 0, 1: 1992, 18: 1594, 17: 3347, 20: 534, 12: 704, 9: 2479, 10: 0, 7: 149}
2026-03-19 16:17:36,888 INFO: particles=20 iter=10 n_caps=19 minZ=0.027383 runtime=11.61s placement={0: 1127, 1: 1454, 18: 2027, 17: 1617, 20: 2912, 9: 1469, 10: 1350, 12: 2257, 6: 0, 2: 0, 16: 0}
2026-03-19 16:17:48,550 INFO: particles=20 iter=10 n_caps=20 minZ=0.032663 runtime=11.66s placement={0: 0, 18: 1454, 17: 2027, 1: 1617, 20: 3347, 9: 434, 10: 0, 12: 1350, 6: 2257, 2: 61, 16: 0, 14: 1127, 15: 0}
