2026-03-20 08:21:31,521 INFO: particles=30 iter=10 n_caps=1 minZ=0.095722 runtime=12.74s placement={0: 1481}
2026-03-20 08:21:44,516 INFO: particles=30 iter=10 n_caps=2 minZ=0.074182 runtime=12.99s placement={6: 983, 0: 1290}
2026-03-20 08:21:57,756 INFO: particles=30 iter=10 n_caps=3 minZ=0.066332 runtime=13.24s placement={0: 983, 9: 1290, 10: 1007}
2026-03-20 08:22:11,244 INFO: particles=30 iter=10 n_caps=4 minZ=0.058292 runtime=13.49s placement={9: 1315, 14: 898, 0: 910, 12: 0}
2026-03-20 08:22:25,007 INFO: particles=30 iter=10 n_caps=5 minZ=0.061691 runtime=13.76s placement={16: 3347, 0: 1465, 9: 3145, 5: 963, 10: 605}
2026-03-20 08:22:39,126 INFO: particles=30 iter=10 n_caps=6 minZ=0.053976 runtime=14.12s placement={6: 849, 10: 1677, 16: 810, 5: 0, 7: 928, 0: 1412}
2026-03-20 08:22:53,452 INFO: particles=30 iter=10 n_caps=7 minZ=0.045912 runtime=14.33s placement={10: 801, 16: 1723, 5: 776, 7: 0, 0: 975, 9: 1271, 14: 1169}
2026-03-20 08:23:08,050 INFO: particles=30 iter=10 n_caps=8 minZ=0.037041 runtime=14.60s placement={20: 0, 0: 1012, 1: 0, 9: 785, 14: 1471, 15: 2804}
2026-03-20 08:23:22,895 INFO: particles=30 iter=10 n_caps=9 minZ=0.043761 runtime=14.84s placement={0: 2947, 7: 0, 1: 0, 11: 774, 16: 1064}
2026-03-20 08:23:38,023 INFO: particles=30 iter=10 n_caps=10 minZ=0.037395 runtime=15.13s placement={0: 2835, 1: 393, 20: 1790, 10: 1245}
2026-03-20 08:23:53,355 INFO: particles=30 iter=10 n_caps=11 minZ=0.034937 runtime=15.33s placement={1: 1218, 0: 0, 20: 786, 10: 2835, 9: 1245}
2026-03-20 08:24:08,941 INFO: particles=30 iter=10 n_caps=12 minZ=0.036966 runtime=15.59s placement={0: 1378, 1: 50, 2: 0, 18: 1427, 11: 1146, 10: 3099, 15: 0, 5: 278}
2026-03-20 08:24:24,752 INFO: particles=30 iter=10 n_caps=13 minZ=0.033526 runtime=15.81s placement={0: 213, 1: 0, 15: 38, 9: 1022, 16: 184, 3: 0, 7: 0}
2026-03-20 08:24:40,785 INFO: particles=30 iter=10 n_caps=14 minZ=0.035393 runtime=16.03s placement={0: 0, 14: 0, 1: 11, 15: 1127, 19: 3200, 2: 0, 7: 125, 10: 0, 5: 0}
2026-03-20 08:24:57,105 INFO: particles=30 iter=10 n_caps=15 minZ=0.030691 runtime=16.32s placement={13: 539, 0: 0, 14: 0, 1: 1913, 15: 898, 11: 2336, 8: 557, 3: 0, 7: 0, 5: 263, 9: 1346}
2026-03-20 08:25:13,564 INFO: particles=30 iter=10 n_caps=16 minZ=0.029380 runtime=16.46s placement={0: 2336, 14: 455, 1: 0, 15: 747, 11: 1452, 8: 0, 3: 557, 7: 0, 5: 0, 9: 263, 20: 1346}
2026-03-20 08:25:30,343 INFO: particles=30 iter=10 n_caps=17 minZ=0.030517 runtime=16.78s placement={18: 570, 0: 1, 1: 0, 16: 2133, 10: 900, 8: 471, 3: 0, 9: 1355, 6: 0, 7: 0, 20: 0}
2026-03-20 08:25:47,408 INFO: particles=30 iter=10 n_caps=18 minZ=0.028326 runtime=17.07s placement={0: 3347, 1: 667, 18: 2604, 14: 1407, 5: 662, 7: 0, 10: 0, 20: 0}
2026-03-20 08:26:04,648 INFO: particles=30 iter=10 n_caps=19 minZ=0.026547 runtime=17.24s placement={0: 333, 18: 532, 1: 3209, 10: 2258, 9: 0, 11: 605, 14: 278, 16: 734, 15: 3347}
2026-03-20 08:26:22,165 INFO: particles=30 iter=10 n_caps=20 minZ=0.024524 runtime=17.52s placement={18: 380, 0: 0, 10: 3196, 1: 2386, 9: 1475, 6: 0, 14: 0, 16: 256, 15: 431}
