2026-03-27 20:57:07,102 INFO: particles=80 iter=25 n_caps=1 minZ=0.089878 runtime=45.83s placement={10: 1014}
2026-03-27 20:57:54,499 INFO: particles=80 iter=25 n_caps=2 minZ=0.052020 runtime=47.40s placement={0: 1012, 9: 1752}
2026-03-27 20:58:43,053 INFO: particles=80 iter=25 n_caps=3 minZ=0.056968 runtime=48.55s placement={9: 1014, 0: 1752, 7: 411}
2026-03-27 20:59:32,662 INFO: particles=80 iter=25 n_caps=4 minZ=0.042759 runtime=49.61s placement={0: 1014, 7: 1752, 10: 411, 9: 1666}
2026-03-27 21:00:23,695 INFO: particles=80 iter=25 n_caps=5 minZ=0.054986 runtime=51.03s placement={7: 1047, 8: 1745, 9: 433, 0: 1282, 10: 0}
2026-03-27 21:01:15,975 INFO: particles=80 iter=25 n_caps=6 minZ=0.049060 runtime=52.28s placement={7: 1035, 9: 1718, 0: 685, 10: 1350, 8: 0, 15: 1252}
2026-03-27 21:02:09,614 INFO: particles=80 iter=25 n_caps=7 minZ=0.048167 runtime=53.64s placement={10: 452, 0: 1721, 9: 1014, 7: 854, 15: 0, 5: 1081, 6: 1426}
2026-03-27 21:03:04,596 INFO: particles=80 iter=25 n_caps=8 minZ=0.040746 runtime=54.98s placement={0: 1012, 10: 1690, 9: 1044, 14: 655, 1: 0, 4: 1037, 11: 465, 12: 1920}
2026-03-27 21:04:02,806 INFO: particles=80 iter=25 n_caps=9 minZ=0.030124 runtime=58.21s placement={9: 1059, 0: 1014, 15: 877, 1: 0, 6: 1035}
2026-03-27 21:04:59,752 INFO: particles=80 iter=25 n_caps=10 minZ=0.030141 runtime=56.95s placement={0: 1019, 15: 1092, 1: 511, 9: 565, 7: 1366}
2026-03-27 21:05:58,100 INFO: particles=80 iter=25 n_caps=11 minZ=0.029335 runtime=58.35s placement={15: 1050, 0: 0, 1: 511, 9: 0, 7: 1019}
2026-03-27 21:06:57,695 INFO: particles=80 iter=25 n_caps=12 minZ=0.024715 runtime=59.59s placement={0: 2389, 1: 733, 9: 334, 10: 1661}
2026-03-27 21:07:59,236 INFO: particles=80 iter=25 n_caps=13 minZ=0.024510 runtime=61.54s placement={0: 2389, 9: 733, 1: 334, 10: 955, 7: 14}
2026-03-27 21:09:03,123 INFO: particles=80 iter=25 n_caps=14 minZ=0.025604 runtime=63.89s placement={9: 1053, 0: 0, 1: 334, 10: 1044, 7: 2389, 5: 14}
2026-03-27 21:10:06,099 INFO: particles=80 iter=25 n_caps=15 minZ=0.022432 runtime=62.98s placement={0: 1572, 1: 800, 10: 673, 7: 10, 5: 2374}
2026-03-27 21:11:13,058 INFO: particles=80 iter=25 n_caps=16 minZ=0.023365 runtime=66.96s placement={0: 0, 1: 800, 10: 0, 7: 1170, 5: 10}
2026-03-27 21:12:18,393 INFO: particles=80 iter=25 n_caps=17 minZ=0.023527 runtime=65.33s placement={0: 0, 1: 800, 10: 365, 7: 1236, 5: 1170}
2026-03-27 21:13:25,543 INFO: particles=80 iter=25 n_caps=18 minZ=0.022341 runtime=67.15s placement={0: 0, 10: 800, 1: 365, 7: 1661, 5: 1236}
2026-03-27 21:14:33,421 INFO: particles=80 iter=25 n_caps=19 minZ=0.025007 runtime=67.88s placement={7: 787, 0: 0, 1: 260, 10: 453, 6: 0, 16: 0}
2026-03-27 21:15:45,346 INFO: particles=80 iter=25 n_caps=20 minZ=0.021610 runtime=71.92s placement={0: 1012, 1: 3347, 7: 252, 8: 312, 2: 3146, 20: 784, 12: 0}
