2026-04-01 19:41:26,435 INFO: particles=20 iter=10 n_caps=1 minZ=0.099612 runtime=11.01s placement={0: 2025}
2026-04-01 19:41:38,814 INFO: particles=20 iter=10 n_caps=2 minZ=0.093279 runtime=12.38s placement={0: 1789, 6: 0}
2026-04-01 19:41:51,746 INFO: particles=20 iter=10 n_caps=3 minZ=0.068702 runtime=12.93s placement={14: 1153, 8: 355, 0: 1014}
2026-04-01 19:42:05,301 INFO: particles=20 iter=10 n_caps=4 minZ=0.067796 runtime=13.56s placement={10: 568, 0: 977, 7: 1007, 20: 2776}
2026-04-01 19:42:19,621 INFO: particles=20 iter=10 n_caps=5 minZ=0.060525 runtime=14.32s placement={9: 1022, 6: 1806, 11: 2443, 0: 1245, 16: 461}
2026-04-01 19:42:34,250 INFO: particles=20 iter=10 n_caps=6 minZ=0.056526 runtime=14.63s placement={6: 1022, 11: 1806, 0: 2443, 16: 1245, 7: 461, 10: 1640}
2026-04-01 19:42:48,898 INFO: particles=20 iter=10 n_caps=7 minZ=0.055974 runtime=14.65s placement={11: 1022, 0: 1806, 16: 2443, 6: 1245, 10: 461, 5: 1640, 14: 1022}
2026-04-01 19:43:05,165 INFO: particles=20 iter=10 n_caps=8 minZ=0.045945 runtime=16.27s placement={0: 1659, 16: 1974, 1: 3318, 10: 1073, 5: 22, 15: 594}
2026-04-01 19:43:21,931 INFO: particles=20 iter=10 n_caps=9 minZ=0.044899 runtime=16.76s placement={14: 332, 0: 0, 10: 3347, 1: 946, 12: 0, 15: 1551}
2026-04-01 19:43:38,960 INFO: particles=20 iter=10 n_caps=10 minZ=0.036864 runtime=17.03s placement={0: 2487, 9: 1987, 1: 3347, 14: 1001, 13: 1294}
2026-04-01 19:43:57,159 INFO: particles=20 iter=10 n_caps=11 minZ=0.040431 runtime=18.20s placement={7: 347, 0: 302, 15: 3347, 1: 1637, 16: 2262, 9: 2543, 8: 0}
2026-04-01 19:44:15,106 INFO: particles=20 iter=10 n_caps=12 minZ=0.029871 runtime=17.95s placement={0: 1512, 16: 2106, 1: 3347, 10: 810, 6: 81, 7: 1187, 20: 0}
2026-04-01 19:44:34,235 INFO: particles=20 iter=10 n_caps=13 minZ=0.031295 runtime=19.13s placement={16: 923, 0: 0, 1: 3347, 10: 2212, 6: 882, 7: 81, 20: 1187}
2026-04-01 19:44:54,122 INFO: particles=20 iter=10 n_caps=14 minZ=0.029849 runtime=19.89s placement={0: 2821, 1: 2106, 10: 3347, 6: 1170, 7: 882, 20: 81}
2026-04-01 19:45:15,686 INFO: particles=20 iter=10 n_caps=15 minZ=0.030354 runtime=21.56s placement={0: 0, 10: 2106, 1: 3347, 6: 1992, 7: 1170, 20: 882}
2026-04-01 19:45:37,178 INFO: particles=20 iter=10 n_caps=16 minZ=0.033767 runtime=21.49s placement={10: 923, 0: 2821, 1: 3347, 6: 810, 7: 1992, 20: 1170, 16: 0, 9: 0}
2026-04-01 19:46:04,612 INFO: particles=20 iter=10 n_caps=17 minZ=0.027530 runtime=27.43s placement={0: 1742, 1: 2106, 6: 2212, 7: 810, 20: 1992, 16: 2821, 9: 0, 10: 0}
2026-04-01 19:46:33,724 INFO: particles=20 iter=10 n_caps=18 minZ=0.026544 runtime=29.11s placement={0: 1742, 1: 2106, 6: 3347, 7: 2212, 20: 810, 16: 0, 9: 2821, 10: 0, 8: 0}
2026-04-01 19:47:03,142 INFO: particles=20 iter=10 n_caps=19 minZ=0.029550 runtime=29.42s placement={0: 0, 6: 2106, 7: 3347, 20: 2212, 1: 810, 16: 1512, 9: 0, 10: 2821, 8: 1742, 5: 0}
2026-04-01 19:47:32,479 INFO: particles=20 iter=10 n_caps=20 minZ=0.029678 runtime=29.34s placement={6: 923, 7: 2106, 20: 3347, 0: 0, 1: 810, 16: 0, 9: 1742, 10: 0, 8: 0, 5: 0, 15: 0}
