2026-03-22 16:24:43,804 INFO: particles=20 iter=15 n_caps=1 minZ=0.089255 runtime=7.88s placement={0: 1517}
2026-03-22 16:24:51,845 INFO: particles=20 iter=15 n_caps=2 minZ=0.073457 runtime=8.04s placement={0: 1167, 14: 989}
2026-03-22 16:25:00,078 INFO: particles=20 iter=15 n_caps=3 minZ=0.077408 runtime=8.23s placement={16: 1003, 0: 1340, 18: 0}
2026-03-22 16:25:08,591 INFO: particles=20 iter=15 n_caps=4 minZ=0.049226 runtime=8.51s placement={0: 1014, 14: 1340, 7: 0, 15: 2898}
2026-03-22 16:25:17,340 INFO: particles=20 iter=15 n_caps=5 minZ=0.062623 runtime=8.75s placement={12: 621, 7: 1511, 14: 736, 0: 2590, 18: 99}
2026-03-22 16:25:28,307 INFO: particles=20 iter=15 n_caps=6 minZ=0.052116 runtime=10.97s placement={6: 822, 14: 1922, 0: 1297, 15: 833, 9: 837, 10: 638}
2026-03-22 16:25:38,127 INFO: particles=20 iter=15 n_caps=7 minZ=0.043932 runtime=9.82s placement={14: 892, 0: 1899, 15: 1262, 6: 893, 9: 365, 10: 755, 5: 960}
2026-03-22 16:25:47,518 INFO: particles=20 iter=15 n_caps=8 minZ=0.044500 runtime=9.39s placement={0: 892, 14: 1899, 6: 1262, 9: 893, 10: 365, 5: 755, 16: 960, 15: 2369}
2026-03-22 16:25:57,103 INFO: particles=20 iter=15 n_caps=9 minZ=0.045563 runtime=9.59s placement={14: 892, 6: 1899, 9: 1262, 10: 893, 5: 365, 16: 755, 15: 960, 0: 2369, 7: 0}
2026-03-22 16:26:06,895 INFO: particles=20 iter=15 n_caps=10 minZ=0.047374 runtime=9.79s placement={6: 0, 9: 1899, 10: 1262, 5: 893, 16: 365, 15: 755, 0: 960, 7: 2369, 14: 2502}
2026-03-22 16:26:17,089 INFO: particles=20 iter=15 n_caps=11 minZ=0.046490 runtime=10.19s placement={9: 892, 10: 1899, 5: 1262, 16: 893, 15: 1118, 0: 755, 6: 960, 7: 2369, 14: 0, 2: 2502}
2026-03-22 16:26:27,651 INFO: particles=20 iter=15 n_caps=12 minZ=0.043590 runtime=10.56s placement={13: 0, 1: 1872, 0: 1969, 19: 1753, 2: 0, 20: 1980, 9: 668, 14: 2348, 7: 3347, 10: 1615}
2026-03-22 16:26:39,065 INFO: particles=20 iter=15 n_caps=13 minZ=0.041513 runtime=11.41s placement={1: 0, 0: 2272, 19: 893, 2: 1753, 20: 0, 9: 1980, 14: 668, 7: 1080, 10: 1969}
2026-03-22 16:26:49,796 INFO: particles=20 iter=15 n_caps=14 minZ=0.033765 runtime=10.73s placement={0: 126, 20: 1893, 1: 1002, 19: 1770, 9: 0, 14: 2049, 8: 2363, 10: 3347, 15: 2091}
2026-03-22 16:27:00,761 INFO: particles=20 iter=15 n_caps=15 minZ=0.040604 runtime=10.96s placement={20: 21, 0: 0, 19: 1079, 7: 1926, 1: 0, 8: 1222, 6: 1632, 10: 3280, 5: 0}
2026-03-22 16:27:11,929 INFO: particles=20 iter=15 n_caps=16 minZ=0.036396 runtime=11.17s placement={0: 0, 20: 3347, 8: 1756, 1: 1358, 2: 0, 17: 1866, 9: 3347, 7: 3347, 6: 3347, 10: 0, 11: 3347}
2026-03-22 16:27:23,173 INFO: particles=20 iter=15 n_caps=17 minZ=0.033495 runtime=11.24s placement={20: 1, 8: 3347, 0: 105, 1: 1358, 17: 0, 9: 1008, 7: 912, 6: 3347, 10: 0, 11: 0, 14: 3347}
2026-03-22 16:27:34,721 INFO: particles=20 iter=15 n_caps=18 minZ=0.035139 runtime=11.55s placement={0: 0, 1: 3347, 17: 149, 15: 118, 9: 3347, 8: 1234, 7: 0, 10: 0, 16: 3347}
2026-03-22 16:27:46,427 INFO: particles=20 iter=15 n_caps=19 minZ=0.031057 runtime=11.71s placement={0: 0, 1: 3009, 17: 2867, 15: 378, 10: 3272, 7: 3347, 6: 1811, 9: 45, 14: 125, 4: 2991}
2026-03-22 16:27:58,475 INFO: particles=20 iter=15 n_caps=20 minZ=0.029643 runtime=12.05s placement={0: 0, 20: 3347, 1: 2953, 9: 46, 7: 3347, 8: 3347, 10: 1983, 19: 3259, 2: 0, 6: 0}
