2026-03-24 08:40:19,735 INFO: particles=50 iter=40 n_caps=1 minZ=0.087365 runtime=53.17s placement={9: 1012}
2026-03-24 08:41:14,504 INFO: particles=50 iter=40 n_caps=2 minZ=0.052020 runtime=54.77s placement={0: 1012, 9: 1752}
2026-03-24 08:42:10,685 INFO: particles=50 iter=40 n_caps=3 minZ=0.060375 runtime=56.18s placement={9: 1012, 0: 1667, 7: 0}
2026-03-24 08:43:07,232 INFO: particles=50 iter=40 n_caps=4 minZ=0.045615 runtime=56.55s placement={0: 1012, 7: 1663, 8: 0, 9: 1584}
2026-03-24 08:44:05,597 INFO: particles=50 iter=40 n_caps=5 minZ=0.049849 runtime=58.36s placement={7: 2096, 9: 1340, 13: 67, 0: 1014, 4: 0}
2026-03-24 08:45:06,173 INFO: particles=50 iter=40 n_caps=6 minZ=0.037998 runtime=60.58s placement={9: 601, 10: 3089, 1: 1186, 0: 1014}
2026-03-24 08:46:09,110 INFO: particles=50 iter=40 n_caps=7 minZ=0.028868 runtime=62.94s placement={9: 931, 0: 1567, 1: 1182}
2026-03-24 08:47:12,102 INFO: particles=50 iter=40 n_caps=8 minZ=0.026029 runtime=62.99s placement={0: 1652, 1: 2945}
2026-03-24 08:48:17,513 INFO: particles=50 iter=40 n_caps=9 minZ=0.024066 runtime=65.41s placement={0: 110, 1: 2940}
2026-03-24 08:49:25,073 INFO: particles=50 iter=40 n_caps=10 minZ=0.023701 runtime=67.56s placement={0: 110, 1: 2940, 7: 0}
2026-03-24 08:50:31,960 INFO: particles=50 iter=40 n_caps=11 minZ=0.024296 runtime=66.89s placement={0: 8, 1: 2931, 7: 106}
2026-03-24 08:51:41,286 INFO: particles=50 iter=40 n_caps=12 minZ=0.024181 runtime=69.33s placement={0: 0, 1: 2931, 7: 1673}
2026-03-24 08:52:52,496 INFO: particles=50 iter=40 n_caps=13 minZ=0.023815 runtime=71.21s placement={0: 0, 1: 2931, 7: 1565}
2026-03-24 08:54:03,149 INFO: particles=50 iter=40 n_caps=14 minZ=0.024801 runtime=70.65s placement={0: 0, 1: 2922, 7: 1004}
2026-03-24 08:55:16,249 INFO: particles=50 iter=40 n_caps=15 minZ=0.024067 runtime=73.10s placement={0: 0, 1: 2927, 7: 893}
2026-03-24 08:56:30,310 INFO: particles=50 iter=40 n_caps=16 minZ=0.023846 runtime=74.06s placement={0: 139, 1: 2924, 7: 785}
2026-03-24 08:57:46,193 INFO: particles=50 iter=40 n_caps=17 minZ=0.022636 runtime=75.88s placement={0: 143, 1: 2717, 7: 1094, 2: 0, 6: 3}
2026-03-24 08:59:02,625 INFO: particles=50 iter=40 n_caps=18 minZ=0.023368 runtime=76.43s placement={0: 20, 7: 2717, 1: 1094, 2: 98, 6: 143}
2026-03-24 09:00:23,530 INFO: particles=50 iter=40 n_caps=19 minZ=0.021595 runtime=80.90s placement={9: 473, 0: 0, 4: 1656, 1: 1233, 7: 440, 6: 0}
2026-03-24 09:01:44,682 INFO: particles=50 iter=40 n_caps=20 minZ=0.019799 runtime=81.15s placement={0: 1679, 1: 3096, 15: 0}
