2026-03-25 01:47:32,106 INFO: particles=80 iter=15 n_caps=1 minZ=0.094622 runtime=31.81s placement={16: 1012}
2026-03-25 01:48:06,197 INFO: particles=80 iter=15 n_caps=2 minZ=0.053032 runtime=34.09s placement={0: 1012, 9: 2590}
2026-03-25 01:48:43,993 INFO: particles=80 iter=15 n_caps=3 minZ=0.060116 runtime=37.80s placement={9: 1012, 0: 2590, 10: 121}
2026-03-25 01:49:21,922 INFO: particles=80 iter=15 n_caps=4 minZ=0.045082 runtime=37.93s placement={0: 1012, 10: 2590, 6: 121, 9: 1525}
2026-03-25 01:49:57,013 INFO: particles=80 iter=15 n_caps=5 minZ=0.054999 runtime=35.09s placement={9: 973, 8: 2416, 10: 455, 0: 989, 7: 0}
2026-03-25 01:50:33,341 INFO: particles=80 iter=15 n_caps=6 minZ=0.054022 runtime=36.33s placement={15: 767, 0: 1775, 1: 866, 12: 0, 10: 2620}
2026-03-25 01:51:10,430 INFO: particles=80 iter=15 n_caps=7 minZ=0.039026 runtime=37.09s placement={0: 1960, 1: 1406, 7: 626, 9: 1902}
2026-03-25 01:51:49,217 INFO: particles=80 iter=15 n_caps=8 minZ=0.038248 runtime=38.79s placement={0: 0, 7: 1406, 1: 626, 9: 1825}
2026-03-25 01:52:28,651 INFO: particles=80 iter=15 n_caps=9 minZ=0.036964 runtime=39.43s placement={4: 1354, 0: 3, 12: 266, 1: 1672, 8: 0}
2026-03-25 01:53:08,525 INFO: particles=80 iter=15 n_caps=10 minZ=0.032322 runtime=39.87s placement={0: 0, 16: 301, 1: 0, 10: 2608, 13: 0}
2026-03-25 01:53:48,907 INFO: particles=80 iter=15 n_caps=11 minZ=0.034522 runtime=40.38s placement={16: 932, 0: 0, 1: 0, 10: 3347, 13: 1662}
2026-03-25 01:54:31,535 INFO: particles=80 iter=15 n_caps=12 minZ=0.030210 runtime=42.63s placement={7: 445, 0: 1126, 1: 13, 12: 1255, 11: 2397}
2026-03-25 01:55:13,608 INFO: particles=80 iter=15 n_caps=13 minZ=0.029462 runtime=42.07s placement={0: 1169, 1: 569, 9: 1014, 12: 3347, 7: 1268}
2026-03-25 01:55:56,275 INFO: particles=80 iter=15 n_caps=14 minZ=0.027847 runtime=42.67s placement={0: 0, 1: 569, 9: 1, 12: 1347, 7: 1169}
2026-03-25 01:56:41,234 INFO: particles=80 iter=15 n_caps=15 minZ=0.029130 runtime=44.96s placement={0: 0, 7: 810, 1: 0, 10: 990, 13: 484, 12: 0}
2026-03-25 01:57:25,213 INFO: particles=80 iter=15 n_caps=16 minZ=0.025036 runtime=43.98s placement={7: 637, 0: 0, 10: 0, 1: 990, 13: 0, 12: 0, 15: 0}
2026-03-25 01:58:10,981 INFO: particles=80 iter=15 n_caps=17 minZ=0.024155 runtime=45.77s placement={0: 1012, 20: 471, 1: 0, 15: 0, 12: 924, 18: 0}
2026-03-25 01:58:57,189 INFO: particles=80 iter=15 n_caps=18 minZ=0.024845 runtime=46.21s placement={20: 1297, 0: 0, 1: 0, 15: 1566, 12: 926, 18: 924}
2026-03-25 01:59:44,413 INFO: particles=80 iter=15 n_caps=19 minZ=0.021804 runtime=47.22s placement={0: 1012, 1: 44, 14: 784, 9: 502, 18: 928, 6: 0, 2: 3347}
2026-03-25 02:00:32,067 INFO: particles=80 iter=15 n_caps=20 minZ=0.023206 runtime=47.65s placement={0: 0, 1: 44, 14: 3347, 9: 0, 18: 502, 6: 1012, 2: 0}
