2026-03-21 13:15:33,051 INFO: particles=50 iter=15 n_caps=1 minZ=0.089255 runtime=31.97s placement={0: 1518}
2026-03-21 13:16:05,729 INFO: particles=50 iter=15 n_caps=2 minZ=0.077082 runtime=32.68s placement={0: 1518, 10: 81}
2026-03-21 13:16:39,071 INFO: particles=50 iter=15 n_caps=3 minZ=0.070728 runtime=33.34s placement={10: 1940, 0: 1457, 14: 2132}
2026-03-21 13:17:12,780 INFO: particles=50 iter=15 n_caps=4 minZ=0.061716 runtime=33.71s placement={0: 1666, 16: 1516, 10: 1724, 9: 1700}
2026-03-21 13:17:47,311 INFO: particles=50 iter=15 n_caps=5 minZ=0.048649 runtime=34.53s placement={15: 767, 9: 1621, 10: 1169, 0: 798, 7: 1552}
2026-03-21 13:18:22,362 INFO: particles=50 iter=15 n_caps=6 minZ=0.046581 runtime=35.05s placement={9: 685, 10: 1659, 0: 1170, 6: 752, 14: 1494, 1: 2590}
2026-03-21 13:18:58,026 INFO: particles=50 iter=15 n_caps=7 minZ=0.039668 runtime=35.66s placement={10: 655, 0: 1617, 6: 1173, 14: 742, 1: 1519}
2026-03-21 13:19:34,606 INFO: particles=50 iter=15 n_caps=8 minZ=0.032883 runtime=36.58s placement={0: 1537, 7: 1083, 14: 1275, 1: 763}
2026-03-21 13:20:11,609 INFO: particles=50 iter=15 n_caps=9 minZ=0.036478 runtime=37.00s placement={5: 851, 15: 570, 0: 1666, 1: 439, 8: 0}
2026-03-21 13:20:49,485 INFO: particles=50 iter=15 n_caps=10 minZ=0.030512 runtime=37.88s placement={15: 1404, 0: 1012, 1: 271, 7: 1366}
2026-03-21 13:21:27,799 INFO: particles=50 iter=15 n_caps=11 minZ=0.028850 runtime=38.31s placement={0: 2615, 1: 598, 7: 1388}
2026-03-21 13:22:07,053 INFO: particles=50 iter=15 n_caps=12 minZ=0.027505 runtime=39.25s placement={0: 2580, 1: 184, 7: 1876, 15: 0}
2026-03-21 13:22:46,921 INFO: particles=50 iter=15 n_caps=13 minZ=0.027571 runtime=39.87s placement={0: 0, 1: 184, 7: 1809, 15: 2580}
2026-03-21 13:23:27,460 INFO: particles=50 iter=15 n_caps=14 minZ=0.027739 runtime=40.54s placement={0: 188, 1: 292, 10: 253, 11: 1123}
2026-03-21 13:24:08,564 INFO: particles=50 iter=15 n_caps=15 minZ=0.025620 runtime=41.10s placement={0: 196, 1: 273, 9: 816, 10: 54, 15: 0}
2026-03-21 13:24:50,056 INFO: particles=50 iter=15 n_caps=16 minZ=0.025859 runtime=41.49s placement={0: 456, 14: 0, 1: 343, 10: 931, 15: 143}
2026-03-21 13:25:31,924 INFO: particles=50 iter=15 n_caps=17 minZ=0.024386 runtime=41.87s placement={14: 1162, 0: 67, 1: 343, 10: 1482, 15: 827}
2026-03-21 13:26:14,559 INFO: particles=50 iter=15 n_caps=18 minZ=0.021858 runtime=42.63s placement={0: 67, 1: 0, 10: 2569, 15: 0, 9: 2361}
2026-03-21 13:26:57,792 INFO: particles=50 iter=15 n_caps=19 minZ=0.021714 runtime=43.23s placement={0: 132, 1: 0, 10: 2041, 15: 2735, 9: 67}
2026-03-21 13:27:41,396 INFO: particles=50 iter=15 n_caps=20 minZ=0.022712 runtime=43.60s placement={0: 0, 1: 0, 10: 149, 15: 1040, 9: 456}
