2026-03-17 15:08:53,941 INFO: particles=30 iter=40 n_caps=1 minZ=0.094622 runtime=57.30s placement={16: 1012}
2026-03-17 15:09:52,568 INFO: particles=30 iter=40 n_caps=2 minZ=0.069862 runtime=58.63s placement={9: 1012, 0: 2752}
2026-03-17 15:10:51,539 INFO: particles=30 iter=40 n_caps=3 minZ=0.047483 runtime=58.97s placement={0: 1012, 9: 2752, 10: 1477}
2026-03-17 15:11:51,054 INFO: particles=30 iter=40 n_caps=4 minZ=0.043874 runtime=59.51s placement={10: 1465, 6: 3184, 16: 1126, 0: 1014}
2026-03-17 15:12:50,990 INFO: particles=30 iter=40 n_caps=5 minZ=0.042008 runtime=59.94s placement={6: 1419, 16: 3164, 0: 1012, 5: 994, 10: 1523}
2026-03-17 15:13:52,904 INFO: particles=30 iter=40 n_caps=6 minZ=0.053990 runtime=61.91s placement={16: 1419, 0: 3164, 5: 1012, 10: 994, 9: 1523, 6: 1023}
2026-03-17 15:14:55,201 INFO: particles=30 iter=40 n_caps=7 minZ=0.051859 runtime=62.30s placement={0: 1419, 5: 3164, 10: 1012, 9: 994, 6: 1523, 7: 1023, 14: 2708}
2026-03-17 15:15:56,054 INFO: particles=30 iter=40 n_caps=8 minZ=0.045616 runtime=60.85s placement={5: 1373, 20: 3318, 9: 1014, 7: 1175, 6: 617, 14: 434, 0: 2174, 15: 4}
2026-03-17 15:16:59,048 INFO: particles=30 iter=40 n_caps=9 minZ=0.042947 runtime=62.99s placement={20: 1373, 9: 3318, 7: 1014, 5: 1175, 14: 617, 0: 434, 15: 2174, 6: 4, 10: 892}
2026-03-17 15:18:02,027 INFO: particles=30 iter=40 n_caps=10 minZ=0.041635 runtime=62.98s placement={9: 1374, 7: 3318, 5: 1014, 14: 1175, 0: 617, 15: 434, 6: 2173, 10: 5, 16: 893, 1: 3347}
2026-03-17 15:19:07,846 INFO: particles=30 iter=40 n_caps=11 minZ=0.031918 runtime=65.82s placement={0: 1012, 1: 3317, 15: 1034, 13: 618, 5: 214, 14: 2166, 16: 4, 20: 3347}
2026-03-17 15:20:14,269 INFO: particles=30 iter=40 n_caps=12 minZ=0.036018 runtime=66.42s placement={1: 1344, 15: 3317, 0: 0, 13: 2175, 5: 618, 14: 214, 16: 2166, 20: 1270}
2026-03-17 15:21:20,394 INFO: particles=30 iter=40 n_caps=13 minZ=0.028942 runtime=66.12s placement={16: 1276, 0: 428, 13: 1071, 1: 2182, 14: 899, 17: 742, 20: 16}
2026-03-17 15:22:28,218 INFO: particles=30 iter=40 n_caps=14 minZ=0.027336 runtime=67.82s placement={0: 2698, 13: 3316, 1: 1071, 14: 2182, 16: 899, 20: 1500}
2026-03-17 15:23:37,119 INFO: particles=30 iter=40 n_caps=15 minZ=0.024343 runtime=68.90s placement={13: 935, 1: 3338, 12: 1051, 16: 2182, 0: 149, 20: 756}
2026-03-17 15:24:45,527 INFO: particles=30 iter=40 n_caps=16 minZ=0.023452 runtime=68.41s placement={1: 935, 12: 3338, 16: 1051, 0: 149, 20: 881, 18: 2244}
2026-03-17 15:25:55,179 INFO: particles=30 iter=40 n_caps=17 minZ=0.024952 runtime=69.65s placement={12: 935, 16: 3338, 0: 173, 20: 2182, 1: 881, 18: 149, 9: 2244}
2026-03-17 15:27:05,759 INFO: particles=30 iter=40 n_caps=18 minZ=0.021916 runtime=70.58s placement={16: 936, 0: 2177, 20: 1139, 1: 2208, 18: 2770, 10: 149}
2026-03-17 15:28:16,729 INFO: particles=30 iter=40 n_caps=19 minZ=0.022064 runtime=70.97s placement={0: 2717, 20: 3347, 1: 1139, 18: 422, 10: 2770}
2026-03-17 15:29:30,062 INFO: particles=30 iter=40 n_caps=20 minZ=0.022040 runtime=73.33s placement={20: 946, 0: 0, 1: 1036, 18: 845, 10: 420}
