2026-03-22 05:34:49,476 INFO: particles=50 iter=40 n_caps=1 minZ=0.080251 runtime=85.07s placement={0: 1014}
2026-03-22 05:36:16,063 INFO: particles=50 iter=40 n_caps=2 minZ=0.053903 runtime=86.59s placement={0: 1014, 6: 1316}
2026-03-22 05:37:44,704 INFO: particles=50 iter=40 n_caps=3 minZ=0.057482 runtime=88.64s placement={9: 1012, 0: 1126, 3: 0}
2026-03-22 05:39:15,210 INFO: particles=50 iter=40 n_caps=4 minZ=0.045424 runtime=90.50s placement={0: 1014, 7: 1170, 8: 2, 9: 1595}
2026-03-22 05:40:56,554 INFO: particles=50 iter=40 n_caps=5 minZ=0.053392 runtime=101.34s placement={9: 1784, 10: 935, 6: 1111, 0: 1488, 16: 226}
2026-03-22 05:42:30,931 INFO: particles=50 iter=40 n_caps=6 minZ=0.040540 runtime=94.38s placement={10: 2378, 7: 1370, 0: 1348, 14: 814, 1: 0}
2026-03-22 05:44:06,557 INFO: particles=50 iter=40 n_caps=7 minZ=0.035738 runtime=95.63s placement={9: 2377, 0: 1012, 14: 484, 1: 344}
2026-03-22 05:45:43,426 INFO: particles=50 iter=40 n_caps=8 minZ=0.030685 runtime=96.87s placement={0: 1655, 14: 1564, 1: 484}
2026-03-22 05:47:22,702 INFO: particles=50 iter=40 n_caps=9 minZ=0.028738 runtime=99.28s placement={14: 2374, 0: 0, 1: 477}
2026-03-22 05:49:03,256 INFO: particles=50 iter=40 n_caps=10 minZ=0.027360 runtime=100.55s placement={0: 2426, 1: 1511, 7: 0}
2026-03-22 05:50:45,388 INFO: particles=50 iter=40 n_caps=11 minZ=0.025024 runtime=102.13s placement={0: 0, 1: 2050}
2026-03-22 05:52:28,631 INFO: particles=50 iter=40 n_caps=12 minZ=0.024836 runtime=103.24s placement={0: 0, 1: 2050}
2026-03-22 05:54:13,251 INFO: particles=50 iter=40 n_caps=13 minZ=0.024651 runtime=104.62s placement={0: 0, 1: 2050}
2026-03-22 05:55:59,631 INFO: particles=50 iter=40 n_caps=14 minZ=0.024470 runtime=106.38s placement={0: 0, 1: 2050}
2026-03-22 05:57:48,352 INFO: particles=50 iter=40 n_caps=15 minZ=0.024291 runtime=108.72s placement={0: 0, 1: 2050}
2026-03-22 05:59:38,132 INFO: particles=50 iter=40 n_caps=16 minZ=0.024114 runtime=109.78s placement={0: 0, 1: 2050}
2026-03-22 06:01:29,634 INFO: particles=50 iter=40 n_caps=17 minZ=0.022397 runtime=111.50s placement={0: 0, 1: 2023}
2026-03-22 06:03:22,428 INFO: particles=50 iter=40 n_caps=18 minZ=0.022239 runtime=112.79s placement={0: 0, 1: 2023}
2026-03-22 06:05:16,897 INFO: particles=50 iter=40 n_caps=19 minZ=0.022090 runtime=114.47s placement={0: 0, 1: 2023}
2026-03-22 06:07:12,598 INFO: particles=50 iter=40 n_caps=20 minZ=0.021929 runtime=115.70s placement={0: 132, 1: 2023}
