2026-03-26 06:05:25,065 INFO: particles=30 iter=40 n_caps=1 minZ=0.080251 runtime=35.44s placement={0: 1012}
2026-03-26 06:06:01,299 INFO: particles=30 iter=40 n_caps=2 minZ=0.052538 runtime=36.23s placement={0: 1012, 10: 1722}
2026-03-26 06:06:38,202 INFO: particles=30 iter=40 n_caps=3 minZ=0.063645 runtime=36.90s placement={10: 1012, 0: 1722, 6: 0}
2026-03-26 06:07:15,828 INFO: particles=30 iter=40 n_caps=4 minZ=0.045674 runtime=37.63s placement={0: 1012, 6: 892, 9: 0, 10: 1796}
2026-03-26 06:07:54,270 INFO: particles=30 iter=40 n_caps=5 minZ=0.055738 runtime=38.44s placement={6: 1014, 9: 892, 10: 0, 0: 1789, 7: 45}
2026-03-26 06:08:33,506 INFO: particles=30 iter=40 n_caps=6 minZ=0.052122 runtime=39.24s placement={9: 1075, 10: 892, 0: 983, 6: 1795, 7: 22, 15: 1143}
2026-03-26 06:09:13,645 INFO: particles=30 iter=40 n_caps=7 minZ=0.046319 runtime=40.14s placement={7: 1081, 0: 892, 5: 1150, 6: 577, 14: 3, 9: 875, 15: 1793}
2026-03-26 06:09:54,243 INFO: particles=30 iter=40 n_caps=8 minZ=0.041363 runtime=40.60s placement={0: 1014, 4: 983, 6: 931, 16: 969, 8: 0, 13: 1172, 14: 1626, 10: 1444}
2026-03-26 06:10:30,139 INFO: particles=30 iter=40 n_caps=9 minZ=0.045083 runtime=35.89s placement={7: 1001, 14: 704, 16: 756, 15: 810, 9: 1595, 12: 0, 6: 1062, 0: 1666, 5: 269}
2026-03-26 06:11:12,160 INFO: particles=30 iter=40 n_caps=10 minZ=0.042762 runtime=42.02s placement={15: 1771, 14: 731, 16: 1107, 9: 893, 17: 1549, 2: 0, 0: 1126, 7: 852, 8: 254, 10: 1427}
2026-03-26 06:11:55,268 INFO: particles=30 iter=40 n_caps=11 minZ=0.033518 runtime=43.11s placement={16: 1977, 14: 573, 9: 1967, 15: 554, 0: 2825, 1: 0, 6: 288, 10: 785}
2026-03-26 06:12:39,036 INFO: particles=30 iter=40 n_caps=12 minZ=0.030983 runtime=43.77s placement={15: 1267, 10: 544, 16: 1512, 0: 1497, 1: 1701, 6: 0, 7: 1332, 5: 2113}
2026-03-26 06:13:24,147 INFO: particles=30 iter=40 n_caps=13 minZ=0.030877 runtime=45.11s placement={10: 1031, 17: 256, 0: 842, 1: 440, 5: 1659, 14: 0, 8: 1293, 6: 1446}
2026-03-26 06:14:09,649 INFO: particles=30 iter=40 n_caps=14 minZ=0.024297 runtime=45.50s placement={18: 1212, 0: 609, 1: 1309, 5: 411, 14: 1547, 7: 330, 6: 1170, 20: 1582}
2026-03-26 06:14:55,689 INFO: particles=30 iter=40 n_caps=15 minZ=0.023750 runtime=46.04s placement={0: 3014, 1: 180, 5: 1309, 14: 408, 7: 440, 6: 892, 20: 611}
2026-03-26 06:15:42,491 INFO: particles=30 iter=40 n_caps=16 minZ=0.024609 runtime=46.80s placement={0: 0, 1: 398, 14: 1625, 8: 1009, 6: 1261, 20: 1177}
2026-03-26 06:16:29,956 INFO: particles=30 iter=40 n_caps=17 minZ=0.024767 runtime=47.46s placement={1: 1134, 14: 378, 0: 0, 9: 0, 5: 343, 20: 850, 7: 0}
2026-03-26 06:17:17,986 INFO: particles=30 iter=40 n_caps=18 minZ=0.024092 runtime=48.03s placement={14: 1169, 0: 185, 1: 451, 9: 1667, 5: 331, 20: 1474, 7: 2412}
2026-03-26 06:18:07,353 INFO: particles=30 iter=40 n_caps=19 minZ=0.021416 runtime=49.37s placement={0: 429, 1: 1385, 10: 3194, 7: 1168, 18: 1458, 19: 74}
2026-03-26 06:18:56,856 INFO: particles=30 iter=40 n_caps=20 minZ=0.023367 runtime=49.50s placement={0: 0, 1: 2299, 10: 29, 8: 702, 18: 342, 19: 144}
