2026-03-19 17:02:25,102 INFO: particles=20 iter=15 n_caps=1 minZ=0.101418 runtime=13.18s placement={0: 2420}
2026-03-19 17:02:38,544 INFO: particles=20 iter=15 n_caps=2 minZ=0.081054 runtime=13.44s placement={0: 1744, 10: 1363}
2026-03-19 17:02:54,401 INFO: particles=20 iter=15 n_caps=3 minZ=0.066887 runtime=15.86s placement={14: 1851, 0: 1296, 15: 1396}
2026-03-19 17:03:09,552 INFO: particles=20 iter=15 n_caps=4 minZ=0.061180 runtime=15.15s placement={0: 1085, 15: 837, 13: 1083, 10: 1417}
2026-03-19 17:03:23,324 INFO: particles=20 iter=15 n_caps=5 minZ=0.061650 runtime=13.77s placement={0: 1132, 16: 1382, 18: 0, 9: 1380, 10: 1550}
2026-03-19 17:03:37,312 INFO: particles=20 iter=15 n_caps=6 minZ=0.057286 runtime=13.99s placement={9: 1061, 14: 1591, 5: 1045, 12: 667, 6: 2262, 0: 1242}
2026-03-19 17:03:51,553 INFO: particles=20 iter=15 n_caps=7 minZ=0.055290 runtime=14.24s placement={10: 2050, 5: 617, 11: 0, 8: 999, 0: 1078, 7: 849, 16: 1784}
2026-03-19 17:04:06,040 INFO: particles=20 iter=15 n_caps=8 minZ=0.046713 runtime=14.49s placement={5: 919, 10: 528, 11: 0, 0: 1000, 9: 893, 16: 897, 14: 1733, 15: 744}
2026-03-19 17:04:20,889 INFO: particles=20 iter=15 n_caps=9 minZ=0.044190 runtime=14.85s placement={10: 822, 0: 362, 1: 651, 9: 704, 16: 1303, 14: 3347, 12: 756}
2026-03-19 17:04:35,931 INFO: particles=20 iter=15 n_caps=10 minZ=0.041585 runtime=15.04s placement={0: 1757, 1: 582, 11: 704, 15: 527, 9: 1330, 12: 391, 16: 672, 7: 1805}
2026-03-19 17:04:51,206 INFO: particles=20 iter=15 n_caps=11 minZ=0.041995 runtime=15.27s placement={0: 0, 11: 582, 15: 704, 9: 527, 1: 1330, 12: 1757, 16: 391, 7: 672}
2026-03-19 17:05:06,854 INFO: particles=20 iter=15 n_caps=12 minZ=0.039045 runtime=15.65s placement={14: 899, 15: 297, 9: 1129, 0: 69, 1: 2089, 11: 3160, 16: 1754, 6: 409, 10: 0}
2026-03-19 17:05:22,744 INFO: particles=20 iter=15 n_caps=13 minZ=0.032773 runtime=15.89s placement={12: 1562, 6: 292, 0: 2550, 1: 0, 13: 1204, 15: 3168, 7: 2005, 8: 40, 2: 116}
2026-03-19 17:05:38,806 INFO: particles=20 iter=15 n_caps=14 minZ=0.029303 runtime=16.06s placement={6: 2202, 0: 2033, 1: 971, 13: 410, 15: 1255, 5: 1730}
2026-03-19 17:05:55,107 INFO: particles=20 iter=15 n_caps=15 minZ=0.029430 runtime=16.30s placement={0: 1583, 1: 0, 16: 1175, 14: 761, 7: 343, 20: 1696}
2026-03-19 17:06:11,783 INFO: particles=20 iter=15 n_caps=16 minZ=0.027985 runtime=16.68s placement={0: 1807, 16: 0, 12: 716, 1: 872, 5: 623, 20: 1624, 2: 0}
2026-03-19 17:06:28,488 INFO: particles=20 iter=15 n_caps=17 minZ=0.027523 runtime=16.71s placement={16: 2011, 9: 0, 0: 637, 1: 817, 20: 2348, 2: 0}
2026-03-19 17:06:45,417 INFO: particles=20 iter=15 n_caps=18 minZ=0.025860 runtime=16.93s placement={9: 2020, 0: 1565, 1: 861, 20: 0, 2: 915, 16: 0, 8: 2842}
2026-03-19 17:07:02,529 INFO: particles=20 iter=15 n_caps=19 minZ=0.024010 runtime=17.11s placement={0: 1572, 1: 0, 20: 0, 2: 1437, 16: 711, 4: 0}
2026-03-19 17:07:20,075 INFO: particles=20 iter=15 n_caps=20 minZ=0.024921 runtime=17.55s placement={0: 1516, 1: 0, 19: 916, 17: 1525, 6: 1227, 13: 0}
