2026-04-01 19:34:44,746 INFO: particles=20 iter=10 n_caps=1 minZ=0.085029 runtime=12.39s placement={0: 1317}
2026-04-01 19:34:58,733 INFO: particles=20 iter=10 n_caps=2 minZ=0.074236 runtime=13.99s placement={16: 1456, 0: 1132}
2026-04-01 19:35:13,617 INFO: particles=20 iter=10 n_caps=3 minZ=0.068610 runtime=14.88s placement={0: 1127, 9: 1000, 1: 2844}
2026-04-01 19:35:29,422 INFO: particles=20 iter=10 n_caps=4 minZ=0.058515 runtime=15.80s placement={9: 984, 0: 898, 8: 2979, 10: 1550}
2026-04-01 19:35:46,076 INFO: particles=20 iter=10 n_caps=5 minZ=0.062478 runtime=16.65s placement={0: 984, 8: 898, 9: 2979, 15: 1550, 10: 1611}
2026-04-01 19:36:03,306 INFO: particles=20 iter=10 n_caps=6 minZ=0.050435 runtime=17.23s placement={0: 215, 1: 0, 5: 1852}
2026-04-01 19:36:21,622 INFO: particles=20 iter=10 n_caps=7 minZ=0.042268 runtime=18.32s placement={0: 1792, 1: 0, 2: 1650, 13: 311, 20: 0}
2026-04-01 19:36:40,417 INFO: particles=20 iter=10 n_caps=8 minZ=0.043263 runtime=18.79s placement={7: 1775, 6: 1120, 8: 977, 2: 2895, 0: 1014, 14: 244, 12: 2776, 5: 1197}
2026-04-01 19:36:57,564 INFO: particles=20 iter=10 n_caps=9 minZ=0.046374 runtime=17.15s placement={0: 671, 1: 1332, 20: 1433, 7: 84, 10: 1313}
2026-04-01 19:37:15,315 INFO: particles=20 iter=10 n_caps=10 minZ=0.036947 runtime=17.75s placement={7: 846, 0: 752, 1: 999, 20: 3347, 8: 1446, 9: 3347}
2026-04-01 19:37:34,031 INFO: particles=20 iter=10 n_caps=11 minZ=0.036054 runtime=18.72s placement={0: 1344, 1: 1359, 20: 985, 8: 3347, 9: 195, 19: 298}
2026-04-01 19:37:53,228 INFO: particles=20 iter=10 n_caps=12 minZ=0.037327 runtime=19.20s placement={0: 342, 20: 1279, 9: 1031, 1: 3347, 10: 1397, 19: 1009, 12: 0}
2026-04-01 19:38:12,796 INFO: particles=20 iter=10 n_caps=13 minZ=0.033744 runtime=19.57s placement={20: 3347, 9: 837, 0: 0, 10: 3347, 1: 1801, 12: 1885, 6: 152}
2026-04-01 19:38:33,050 INFO: particles=20 iter=10 n_caps=14 minZ=0.032500 runtime=20.25s placement={5: 3347, 0: 0, 9: 617, 1: 3347, 11: 1166, 6: 0, 19: 3347}
2026-04-01 19:38:53,903 INFO: particles=20 iter=10 n_caps=15 minZ=0.035765 runtime=20.85s placement={3: 3347, 4: 1296, 0: 9, 1: 3030, 6: 1119, 5: 4, 8: 1416, 7: 2302, 15: 315, 2: 2895, 9: 336}
2026-04-01 19:39:15,141 INFO: particles=20 iter=10 n_caps=16 minZ=0.035118 runtime=21.24s placement={4: 3231, 0: 447, 5: 2154, 13: 3150, 6: 195, 1: 1, 10: 1124, 3: 1036, 7: 382, 14: 813, 8: 3170, 19: 1560}
2026-04-01 19:39:43,830 INFO: particles=20 iter=10 n_caps=17 minZ=0.031058 runtime=28.69s placement={0: 1406, 6: 1806, 17: 2555, 2: 2249, 11: 0, 1: 54, 9: 3347, 4: 3347, 18: 2376, 16: 899, 19: 2864, 5: 384}
2026-04-01 19:40:12,711 INFO: particles=20 iter=10 n_caps=18 minZ=0.033538 runtime=28.88s placement={6: 3061, 17: 1806, 2: 2555, 11: 2249, 0: 1406, 9: 54, 4: 3347, 1: 3347, 18: 1171, 16: 608, 19: 899, 5: 1757, 7: 65}
2026-04-01 19:40:44,247 INFO: particles=20 iter=10 n_caps=19 minZ=0.031403 runtime=31.53s placement={20: 3347, 0: 922, 8: 2616, 1: 3347, 2: 0, 15: 0, 17: 2279, 19: 742, 3: 2804, 7: 76, 12: 0}
2026-04-01 19:41:15,157 INFO: particles=20 iter=10 n_caps=20 minZ=0.031649 runtime=30.91s placement={4: 27, 3: 1857, 0: 798, 1: 1690, 19: 2134, 2: 2124, 20: 1933, 5: 592, 13: 638, 12: 0}
