2026-03-08 06:08:24,802 INFO: n_caps=1 | iter=15 | minZ=0.045004 | placement={17: 2752}
2026-03-08 06:08:24,802 INFO: init_n_caps=2 | seeded_previous_caps=1 | new_cap_random_init(cap=2850,port=18)
2026-03-08 06:08:39,968 INFO: n_caps=2 | iter=15 | minZ=0.045001 | placement={13: 2166, 14: 2634}
2026-03-08 06:08:39,968 INFO: init_n_caps=3 | seeded_previous_caps=2 | new_cap_random_init(cap=2282,port=17)
2026-03-08 06:08:55,385 INFO: n_caps=3 | iter=15 | minZ=0.045002 | placement={10: 1710, 13: 0, 7: 1010}
2026-03-08 06:08:55,385 INFO: init_n_caps=4 | seeded_previous_caps=3 | new_cap_random_init(cap=1725,port=12)
2026-03-08 06:09:11,110 INFO: n_caps=4 | iter=15 | minZ=0.045000 | placement={13: 1710, 7: 0, 1: 1010, 5: 1725}
2026-03-08 06:09:11,111 INFO: init_n_caps=5 | seeded_previous_caps=4 | new_cap_random_init(cap=2243,port=5)
2026-03-08 06:09:27,686 INFO: n_caps=5 | iter=15 | minZ=0.045001 | placement={18: 848, 10: 50, 9: 2256, 11: 2685, 15: 2128}
2026-03-08 06:09:27,686 INFO: init_n_caps=6 | seeded_previous_caps=5 | new_cap_random_init(cap=3023,port=17)
2026-03-08 06:09:44,577 INFO: n_caps=6 | iter=15 | minZ=0.045002 | placement={13: 1261, 8: 437, 10: 986, 20: 1238, 7: 2372, 14: 497}
2026-03-08 06:09:44,578 INFO: init_n_caps=7 | seeded_previous_caps=6 | new_cap_random_init(cap=2325,port=10)
2026-03-08 06:10:01,746 INFO: n_caps=7 | iter=15 | minZ=0.045000 | placement={0: 1383, 6: 0, 20: 3280, 2: 56, 19: 2199}
2026-03-08 06:10:01,746 INFO: init_n_caps=8 | seeded_previous_caps=7 | new_cap_random_init(cap=0,port=8)
2026-03-08 06:10:19,290 INFO: n_caps=8 | iter=15 | minZ=0.045003 | placement={5: 1213, 20: 0, 3: 1697, 14: 400, 19: 2279, 18: 668, 7: 3324, 9: 27}
2026-03-08 06:10:19,290 INFO: init_n_caps=9 | seeded_previous_caps=8 | new_cap_random_init(cap=1003,port=12)
2026-03-08 06:10:37,777 INFO: n_caps=9 | iter=15 | minZ=0.045003 | placement={10: 1242, 11: 0, 16: 1080, 19: 488, 9: 3347, 5: 1995, 20: 2432, 4: 753, 15: 751}
2026-03-08 06:10:37,777 INFO: init_n_caps=10 | seeded_previous_caps=9 | new_cap_random_init(cap=1817,port=3)
2026-03-08 06:10:56,553 INFO: n_caps=10 | iter=15 | minZ=0.045001 | placement={20: 234, 18: 65, 8: 1378, 2: 59, 9: 1350, 11: 1556, 10: 820, 6: 881, 14: 1730, 4: 307}
2026-03-08 06:10:56,553 INFO: init_n_caps=11 | seeded_previous_caps=10 | new_cap_random_init(cap=3347,port=8)
2026-03-08 06:11:06,884 INFO: n_caps=11 | iter=8 | minZ=0.039293 | placement={1: 715, 0: 1934, 16: 3208, 14: 341, 15: 1843, 11: 430, 13: 2661}
