2026-03-29 03:30:57,435 INFO: particles=20 iter=10 n_caps=1 minZ=0.071104 runtime=5.34s placement={0: 1319}
2026-03-29 03:31:07,117 INFO: particles=20 iter=10 n_caps=2 minZ=0.076117 runtime=9.68s placement={10: 3227, 0: 2772}
2026-03-29 03:31:21,185 INFO: particles=20 iter=10 n_caps=3 minZ=0.061628 runtime=14.07s placement={0: 3227, 15: 2772, 9: 1717}
2026-03-29 03:31:39,526 INFO: particles=20 iter=10 n_caps=4 minZ=0.057633 runtime=18.34s placement={10: 2989, 9: 2818, 0: 2129, 6: 0}
2026-03-29 03:32:02,601 INFO: particles=20 iter=10 n_caps=5 minZ=0.053537 runtime=23.07s placement={9: 2989, 0: 2818, 6: 2129, 7: 0, 10: 1790}
2026-03-29 03:32:30,945 INFO: particles=20 iter=10 n_caps=6 minZ=0.046322 runtime=28.34s placement={0: 2989, 6: 2818, 7: 2129, 10: 0, 14: 1790, 9: 1582}
2026-03-29 03:33:03,262 INFO: particles=20 iter=10 n_caps=7 minZ=0.046358 runtime=32.32s placement={6: 2989, 7: 2818, 10: 2129, 14: 0, 9: 1790, 0: 1582, 15: 0}
2026-03-29 03:33:39,438 INFO: particles=20 iter=10 n_caps=8 minZ=0.045259 runtime=36.18s placement={6: 2989, 10: 2818, 14: 2129, 9: 0, 0: 1790, 15: 1582, 7: 0, 5: 1110}
2026-03-29 03:34:19,618 INFO: particles=20 iter=10 n_caps=9 minZ=0.046039 runtime=40.18s placement={10: 2989, 14: 2818, 9: 2129, 0: 0, 15: 1790, 7: 1582, 5: 0, 6: 1110, 16: 1018}
2026-03-29 03:35:04,584 INFO: particles=20 iter=10 n_caps=10 minZ=0.040516 runtime=44.97s placement={14: 2989, 9: 2818, 0: 2129, 15: 1807, 7: 1790, 5: 1582, 6: 0, 16: 1110, 10: 1018}
2026-03-29 03:35:53,783 INFO: particles=20 iter=10 n_caps=11 minZ=0.042415 runtime=49.20s placement={9: 1495, 0: 2815, 15: 1806, 7: 0, 8: 2978, 6: 1589, 16: 0, 10: 637, 4: 511, 5: 2604}
2026-03-29 03:36:47,148 INFO: particles=20 iter=10 n_caps=12 minZ=0.040045 runtime=53.36s placement={1: 3347, 0: 1872, 8: 2391, 9: 929, 15: 1601, 20: 1614, 14: 949, 5: 2459, 6: 1005, 11: 2091, 19: 1543}
2026-03-29 03:37:51,693 INFO: particles=20 iter=10 n_caps=13 minZ=0.035386 runtime=64.54s placement={0: 367, 1: 1962, 15: 1387, 19: 1007, 20: 3347, 9: 2244, 5: 948, 10: 2873, 16: 2686, 8: 2346}
2026-03-29 03:38:53,492 INFO: particles=20 iter=10 n_caps=14 minZ=0.034604 runtime=61.80s placement={0: 160, 15: 2100, 19: 801, 1: 978, 20: 1020, 3: 3347, 4: 2149, 9: 2550, 16: 2946, 10: 2251, 12: 0}
2026-03-29 03:40:00,220 INFO: particles=20 iter=10 n_caps=15 minZ=0.032265 runtime=66.73s placement={14: 2593, 20: 2150, 0: 401, 19: 681, 1: 1000, 9: 2910, 15: 1185, 16: 2777, 10: 1591, 13: 125, 2: 0}
2026-03-29 03:41:10,926 INFO: particles=20 iter=10 n_caps=16 minZ=0.028004 runtime=70.71s placement={10: 133, 6: 847, 0: 1744, 11: 872, 20: 0, 8: 1903, 1: 1736, 17: 2058, 12: 2419, 5: 995, 9: 1412, 7: 606, 14: 2351}
2026-03-29 03:42:35,609 INFO: particles=20 iter=10 n_caps=17 minZ=0.029495 runtime=84.68s placement={0: 2116, 1: 1607, 14: 583, 8: 355, 20: 2151, 15: 908, 9: 3347, 10: 0, 7: 0, 16: 446, 19: 461, 11: 2875}
2026-03-29 03:43:57,173 INFO: particles=20 iter=10 n_caps=18 minZ=0.025718 runtime=81.56s placement={0: 3347, 1: 690, 9: 2466, 16: 2585, 17: 545, 20: 480, 10: 1475, 7: 1034, 15: 905, 14: 415, 8: 3347}
2026-03-29 03:45:20,932 INFO: particles=20 iter=10 n_caps=19 minZ=0.024430 runtime=83.76s placement={0: 1329, 6: 980, 13: 1702, 1: 1565, 16: 1732, 20: 813, 12: 735, 11: 1023, 7: 1061, 14: 1174, 2: 1289, 4: 487, 9: 3347, 10: 3347, 5: 0}
2026-03-29 03:46:50,852 INFO: particles=20 iter=10 n_caps=20 minZ=0.026630 runtime=89.92s placement={5: 0, 19: 548, 0: 1027, 1: 345, 17: 852, 15: 3144, 11: 3105, 2: 1147, 10: 229, 3: 798, 8: 571, 12: 2088}
