2026-03-25 01:20:31,276 INFO: particles=80 iter=15 n_caps=1 minZ=0.089878 runtime=31.65s placement={10: 1012}
2026-03-25 01:21:03,753 INFO: particles=80 iter=15 n_caps=2 minZ=0.052020 runtime=32.48s placement={0: 1012, 9: 1752}
2026-03-25 01:21:36,985 INFO: particles=80 iter=15 n_caps=3 minZ=0.061214 runtime=33.23s placement={9: 1012, 0: 1752, 7: 0}
2026-03-25 01:22:12,223 INFO: particles=80 iter=15 n_caps=4 minZ=0.046802 runtime=35.24s placement={0: 1014, 7: 1752, 14: 0, 9: 1529}
2026-03-25 01:22:47,332 INFO: particles=80 iter=15 n_caps=5 minZ=0.062335 runtime=35.11s placement={7: 1015, 14: 1690, 9: 0, 0: 1464, 6: 0}
2026-03-25 01:23:24,025 INFO: particles=80 iter=15 n_caps=6 minZ=0.044869 runtime=36.69s placement={14: 1021, 15: 1653, 0: 1014, 6: 680, 1: 0, 5: 1826}
2026-03-25 01:24:01,458 INFO: particles=80 iter=15 n_caps=7 minZ=0.041979 runtime=37.43s placement={10: 2249, 0: 1014, 5: 1425, 1: 2164, 15: 1657, 2: 2698}
2026-03-25 01:24:41,533 INFO: particles=80 iter=15 n_caps=8 minZ=0.033568 runtime=40.07s placement={0: 721, 1: 702, 20: 1736, 15: 3036}
2026-03-25 01:25:21,170 INFO: particles=80 iter=15 n_caps=9 minZ=0.032879 runtime=39.64s placement={0: 0, 1: 654, 20: 1747, 15: 1056}
2026-03-25 01:26:01,357 INFO: particles=80 iter=15 n_caps=10 minZ=0.031179 runtime=40.19s placement={0: 0, 1: 639, 20: 865, 15: 1992}
2026-03-25 01:26:42,322 INFO: particles=80 iter=15 n_caps=11 minZ=0.029945 runtime=40.96s placement={0: 0, 20: 639, 1: 865, 15: 1745}
2026-03-25 01:27:23,436 INFO: particles=80 iter=15 n_caps=12 minZ=0.031287 runtime=41.11s placement={20: 898, 0: 0, 15: 865, 1: 1745}
2026-03-25 01:28:05,476 INFO: particles=80 iter=15 n_caps=13 minZ=0.027796 runtime=42.04s placement={0: 3347, 15: 528, 1: 882}
2026-03-25 01:28:49,393 INFO: particles=80 iter=15 n_caps=14 minZ=0.027471 runtime=43.92s placement={15: 752, 0: 0, 1: 882}
2026-03-25 01:29:32,934 INFO: particles=80 iter=15 n_caps=15 minZ=0.024288 runtime=43.54s placement={0: 2974, 1: 291, 7: 0}
2026-03-25 01:30:17,673 INFO: particles=80 iter=15 n_caps=16 minZ=0.024039 runtime=44.74s placement={0: 0, 1: 291, 7: 3347, 20: 2974}
2026-03-25 01:31:03,440 INFO: particles=80 iter=15 n_caps=17 minZ=0.023905 runtime=45.77s placement={0: 0, 1: 291, 7: 0, 20: 0, 10: 0}
2026-03-25 01:31:51,439 INFO: particles=80 iter=15 n_caps=18 minZ=0.023365 runtime=48.00s placement={0: 2974, 1: 291, 7: 0, 20: 3347, 10: 0, 15: 0, 6: 30}
2026-03-25 01:32:38,499 INFO: particles=80 iter=15 n_caps=19 minZ=0.023524 runtime=47.06s placement={0: 0, 1: 291, 7: 0, 20: 0, 10: 2974, 15: 0, 6: 0, 16: 30}
2026-03-25 01:33:27,607 INFO: particles=80 iter=15 n_caps=20 minZ=0.023352 runtime=49.11s placement={0: 0, 1: 291, 7: 0, 20: 0, 10: 0, 15: 2974, 6: 0, 16: 0}
