2026-03-20 09:12:41,077 INFO: particles=30 iter=15 n_caps=1 minZ=0.085029 runtime=19.35s placement={0: 1316}
2026-03-20 09:13:00,709 INFO: particles=30 iter=15 n_caps=2 minZ=0.091864 runtime=19.63s placement={9: 1241, 10: 2002}
2026-03-20 09:13:20,696 INFO: particles=30 iter=15 n_caps=3 minZ=0.069831 runtime=19.99s placement={10: 1241, 0: 2002, 16: 1510}
2026-03-20 09:13:41,069 INFO: particles=30 iter=15 n_caps=4 minZ=0.059464 runtime=20.37s placement={0: 910, 16: 2008, 11: 1281, 6: 1374}
2026-03-20 09:14:01,907 INFO: particles=30 iter=15 n_caps=5 minZ=0.058721 runtime=20.84s placement={18: 135, 9: 816, 10: 2009, 0: 1456, 7: 95}
2026-03-20 09:14:23,915 INFO: particles=30 iter=15 n_caps=6 minZ=0.061670 runtime=22.01s placement={9: 135, 10: 816, 0: 2009, 7: 1456, 5: 95, 14: 3128}
2026-03-20 09:14:46,791 INFO: particles=30 iter=15 n_caps=7 minZ=0.052117 runtime=22.88s placement={13: 2617, 1: 1891, 11: 0, 10: 2859, 0: 1482}
2026-03-20 09:15:08,816 INFO: particles=30 iter=15 n_caps=8 minZ=0.044006 runtime=22.02s placement={7: 559, 9: 2543, 15: 970, 1: 2328, 0: 1690, 19: 1830}
2026-03-20 09:15:31,158 INFO: particles=30 iter=15 n_caps=9 minZ=0.035083 runtime=22.34s placement={15: 3347, 16: 2858, 0: 1290, 1: 946, 20: 2090, 19: 1588}
2026-03-20 09:15:53,838 INFO: particles=30 iter=15 n_caps=10 minZ=0.037085 runtime=22.68s placement={18: 2744, 0: 1014, 1: 944, 14: 1430, 15: 2132, 20: 1615, 5: 1272, 16: 2807}
2026-03-20 09:16:16,923 INFO: particles=30 iter=15 n_caps=11 minZ=0.034127 runtime=23.08s placement={0: 3181, 1: 2769, 15: 1027, 16: 1492, 20: 2901, 7: 715, 14: 933}
2026-03-20 09:16:40,267 INFO: particles=30 iter=15 n_caps=12 minZ=0.033744 runtime=23.34s placement={0: 10, 1: 2769, 15: 1908, 16: 1027, 20: 1492, 7: 2901, 14: 715}
2026-03-20 09:17:04,055 INFO: particles=30 iter=15 n_caps=13 minZ=0.034379 runtime=23.79s placement={0: 616, 1: 3332, 15: 1430, 18: 1907, 20: 208, 10: 3271}
2026-03-20 09:17:28,063 INFO: particles=30 iter=15 n_caps=14 minZ=0.030875 runtime=24.01s placement={0: 1012, 14: 3347, 20: 1391, 19: 1687, 1: 0, 7: 743, 16: 0}
2026-03-20 09:17:52,683 INFO: particles=30 iter=15 n_caps=15 minZ=0.030286 runtime=24.62s placement={14: 1177, 20: 3347, 19: 1657, 0: 122, 7: 535, 1: 1993, 18: 1183, 3: 143, 13: 237}
2026-03-20 09:18:17,525 INFO: particles=30 iter=15 n_caps=16 minZ=0.030207 runtime=24.84s placement={20: 2491, 19: 3347, 0: 237, 7: 1818, 1: 535, 18: 122, 3: 1183, 13: 143}
2026-03-20 09:18:42,761 INFO: particles=30 iter=15 n_caps=17 minZ=0.026015 runtime=25.24s placement={20: 238, 0: 3347, 7: 1550, 1: 2217, 19: 3173, 2: 130, 15: 1144, 9: 2493}
2026-03-20 09:19:08,216 INFO: particles=30 iter=15 n_caps=18 minZ=0.027143 runtime=25.45s placement={0: 3347, 7: 3347, 1: 1550, 19: 483, 2: 3173, 15: 130, 20: 178, 9: 238}
2026-03-20 09:19:34,150 INFO: particles=30 iter=15 n_caps=19 minZ=0.027300 runtime=25.93s placement={0: 4, 1: 2837, 16: 179, 20: 3251, 19: 1639, 7: 9, 14: 3347}
2026-03-20 09:20:00,317 INFO: particles=30 iter=15 n_caps=20 minZ=0.026456 runtime=26.17s placement={0: 3, 1: 2879, 16: 1185, 20: 1352, 19: 182, 6: 1615, 13: 3347, 5: 125}
