2026-04-02 06:38:09,819 INFO: particles=20 iter=25 n_caps=1 minZ=0.085029 runtime=31.59s placement={0: 1317}
2026-04-02 06:38:44,808 INFO: particles=20 iter=25 n_caps=2 minZ=0.071465 runtime=34.99s placement={10: 1079, 0: 1317}
2026-04-02 06:39:21,445 INFO: particles=20 iter=25 n_caps=3 minZ=0.050993 runtime=36.64s placement={0: 2695, 1: 1714}
2026-04-02 06:40:00,819 INFO: particles=20 iter=25 n_caps=4 minZ=0.049811 runtime=39.37s placement={0: 2695, 1: 1714, 15: 51}
2026-04-02 06:40:42,049 INFO: particles=20 iter=25 n_caps=5 minZ=0.046112 runtime=41.23s placement={0: 51, 1: 2643, 15: 2088}
2026-04-02 06:41:24,645 INFO: particles=20 iter=25 n_caps=6 minZ=0.038637 runtime=42.60s placement={0: 686, 15: 2541, 1: 2184, 14: 1795, 6: 0}
2026-04-02 06:42:10,104 INFO: particles=20 iter=25 n_caps=7 minZ=0.056251 runtime=45.46s placement={15: 1014, 0: 0, 1: 2184, 14: 686, 6: 1795}
2026-04-02 06:42:57,498 INFO: particles=20 iter=25 n_caps=8 minZ=0.035812 runtime=47.39s placement={0: 2592, 1: 2242, 14: 2186, 6: 685}
2026-04-02 06:43:47,544 INFO: particles=20 iter=25 n_caps=9 minZ=0.039634 runtime=50.05s placement={0: 0, 14: 2242, 6: 2186, 1: 685, 9: 2592}
2026-04-02 06:44:38,961 INFO: particles=20 iter=25 n_caps=10 minZ=0.038811 runtime=51.42s placement={14: 1014, 6: 2066, 0: 1, 1: 49, 7: 0, 15: 0}
2026-04-02 06:45:33,368 INFO: particles=20 iter=25 n_caps=11 minZ=0.033964 runtime=54.41s placement={6: 1370, 0: 236, 1: 3034, 7: 0, 10: 2872, 2: 0}
2026-04-02 06:46:27,189 INFO: particles=20 iter=25 n_caps=12 minZ=0.031192 runtime=53.82s placement={0: 1038, 1: 0, 6: 2608, 10: 1170}
2026-04-02 06:47:23,974 INFO: particles=20 iter=25 n_caps=13 minZ=0.028028 runtime=56.78s placement={0: 1038, 1: 0, 6: 353, 10: 0, 7: 0}
2026-04-02 06:48:23,782 INFO: particles=20 iter=25 n_caps=14 minZ=0.029241 runtime=59.81s placement={0: 109, 1: 0, 6: 3029, 10: 2608, 7: 1038, 9: 0, 16: 0}
2026-04-02 06:49:26,776 INFO: particles=20 iter=25 n_caps=15 minZ=0.028517 runtime=62.99s placement={0: 0, 6: 0, 1: 3029, 10: 353, 7: 109, 9: 1038, 16: 0, 15: 0}
2026-04-02 06:50:27,468 INFO: particles=20 iter=25 n_caps=16 minZ=0.030503 runtime=60.69s placement={6: 1537, 0: 0, 10: 3029, 1: 353, 7: 259, 9: 109, 16: 1038, 15: 0, 14: 27}
2026-04-02 06:51:57,570 INFO: particles=20 iter=25 n_caps=17 minZ=0.026198 runtime=90.10s placement={0: 1366, 14: 195, 1: 3248, 7: 319, 6: 3131, 8: 0, 9: 612, 20: 1511, 17: 1078, 13: 715}
2026-04-02 06:53:28,766 INFO: particles=20 iter=25 n_caps=18 minZ=0.024318 runtime=91.19s placement={13: 1407, 0: 1126, 7: 3269, 6: 158, 8: 3317, 1: 0, 9: 628, 17: 437, 16: 206, 5: 2069, 14: 434, 10: 1}
2026-04-02 06:55:06,883 INFO: particles=20 iter=25 n_caps=19 minZ=0.024698 runtime=98.12s placement={0: 2331, 7: 150, 6: 3269, 8: 158, 1: 3317, 9: 1311, 17: 628, 16: 1358, 5: 1028, 13: 2069, 10: 1126, 14: 1}
2026-04-02 06:56:41,939 INFO: particles=20 iter=25 n_caps=20 minZ=0.028425 runtime=95.06s placement={7: 1407, 6: 150, 8: 3269, 0: 0, 1: 3317, 9: 1012, 17: 1311, 16: 437, 5: 206, 13: 1028, 10: 916, 14: 1126}
