2026-03-09 10:19:09,868 INFO: n_caps=1 | iter=15 | minZ=0.030000 | placement={20: 2381}
2026-03-09 10:19:09,869 INFO: init_n_caps=2 | seeded_previous_caps=1 | new_cap_random_init(cap=3347,port=7)
2026-03-09 10:19:39,233 INFO: n_caps=2 | iter=15 | minZ=0.030001 | placement={17: 2340, 0: 3347}
2026-03-09 10:19:39,234 INFO: init_n_caps=3 | seeded_previous_caps=2 | new_cap_random_init(cap=2866,port=5)
2026-03-09 10:20:21,073 INFO: n_caps=3 | iter=15 | minZ=0.030000 | placement={1: 861, 0: 808, 20: 2137}
2026-03-09 10:20:21,074 INFO: init_n_caps=4 | seeded_previous_caps=3 | new_cap_random_init(cap=178,port=19)
2026-03-09 10:21:16,625 INFO: n_caps=4 | iter=15 | minZ=0.030001 | placement={17: 1323, 10: 3347, 3: 811, 18: 304}
2026-03-09 10:21:16,626 INFO: init_n_caps=5 | seeded_previous_caps=4 | new_cap_random_init(cap=2863,port=2)
2026-03-09 10:22:25,726 INFO: n_caps=5 | iter=15 | minZ=0.030000 | placement={14: 1367, 1: 3116, 19: 74, 7: 182, 17: 1767}
2026-03-09 10:22:25,727 INFO: init_n_caps=6 | seeded_previous_caps=5 | new_cap_random_init(cap=2466,port=8)
2026-03-09 10:23:49,252 INFO: n_caps=6 | iter=15 | minZ=0.030001 | placement={7: 3104, 0: 2013, 17: 1717, 11: 3297, 1: 1860}
2026-03-09 10:23:49,253 INFO: init_n_caps=7 | seeded_previous_caps=6 | new_cap_random_init(cap=1270,port=7)
2026-03-09 10:25:26,311 INFO: n_caps=7 | iter=15 | minZ=0.030001 | placement={0: 1926, 1: 2128, 20: 2222, 3: 2639, 11: 1489, 15: 1588, 12: 0}
2026-03-09 10:25:26,312 INFO: init_n_caps=8 | seeded_previous_caps=7 | new_cap_random_init(cap=105,port=10)
2026-03-09 10:27:16,848 INFO: n_caps=8 | iter=15 | minZ=0.030000 | placement={0: 1926, 20: 2128, 3: 2222, 11: 2639, 15: 1489, 12: 1588, 8: 0, 7: 105}
2026-03-09 10:27:16,848 INFO: init_n_caps=9 | seeded_previous_caps=8 | new_cap_random_init(cap=148,port=9)
2026-03-09 10:29:22,013 INFO: n_caps=9 | iter=15 | minZ=0.030000 | placement={3: 646, 0: 2638, 7: 0, 8: 2328, 6: 1697, 16: 3347, 2: 3343, 1: 2053, 17: 227}
2026-03-09 10:29:22,013 INFO: init_n_caps=10 | seeded_previous_caps=9 | new_cap_random_init(cap=547,port=9)
2026-03-09 10:31:41,486 INFO: n_caps=10 | iter=15 | minZ=0.030001 | placement={0: 2267, 1: 0, 17: 3006, 12: 3347, 9: 3347, 14: 0, 20: 0, 15: 3347, 10: 2486}
2026-03-09 10:31:41,487 INFO: init_n_caps=11 | seeded_previous_caps=10 | new_cap_random_init(cap=158,port=10)
2026-03-09 10:34:12,830 INFO: n_caps=11 | iter=15 | minZ=0.030002 | placement={0: 618, 11: 1151, 20: 0, 16: 1283, 19: 3347, 1: 967, 17: 3347, 12: 1447}
2026-03-09 10:34:12,831 INFO: init_n_caps=12 | seeded_previous_caps=11 | new_cap_random_init(cap=0,port=4)
2026-03-09 10:37:00,535 INFO: n_caps=12 | iter=15 | minZ=0.030000 | placement={0: 3347, 10: 2807, 1: 415, 8: 2271, 2: 2972, 3: 2146, 4: 578, 14: 966, 9: 729, 15: 3347}
2026-03-09 10:37:00,536 INFO: init_n_caps=13 | seeded_previous_caps=12 | new_cap_random_init(cap=0,port=3)
2026-03-09 10:40:02,455 INFO: n_caps=13 | iter=15 | minZ=0.030001 | placement={9: 474, 4: 2706, 0: 1612, 11: 0, 20: 2093, 1: 2369, 18: 211, 13: 1658, 7: 1346, 8: 2936, 6: 1560, 10: 1180, 15: 1430}
2026-03-09 10:40:02,456 INFO: init_n_caps=14 | seeded_previous_caps=13 | new_cap_random_init(cap=1637,port=19)
2026-03-09 10:43:18,389 INFO: n_caps=14 | iter=15 | minZ=0.030001 | placement={0: 3101, 1: 3347, 20: 2019, 15: 0, 4: 2288, 19: 312, 2: 545, 7: 199, 12: 1518, 14: 1000}
2026-03-09 10:43:18,389 INFO: init_n_caps=15 | seeded_previous_caps=14 | new_cap_random_init(cap=0,port=14)
2026-03-09 10:46:44,868 INFO: n_caps=15 | iter=15 | minZ=0.030001 | placement={1: 0, 16: 584, 12: 2985, 4: 153, 19: 1771, 11: 0, 3: 2410, 7: 660, 0: 59, 20: 3347, 15: 1711, 14: 1423, 5: 1977}
2026-03-09 10:46:44,869 INFO: init_n_caps=16 | seeded_previous_caps=15 | new_cap_random_init(cap=194,port=8)
2026-03-09 10:50:28,026 INFO: n_caps=16 | iter=15 | minZ=0.030000 | placement={2: 147, 4: 2770, 5: 1038, 1: 709, 0: 1727, 3: 590, 6: 3259, 20: 1291, 7: 546, 11: 1013, 17: 2770, 19: 1259}
2026-03-09 10:50:28,027 INFO: init_n_caps=17 | seeded_previous_caps=16 | new_cap_random_init(cap=365,port=10)
2026-03-09 10:54:25,389 INFO: n_caps=17 | iter=15 | minZ=0.030000 | placement={9: 2134, 4: 2894, 7: 313, 6: 2792, 2: 1692, 8: 742, 5: 3347, 20: 3161, 12: 1048, 11: 1738, 13: 929, 19: 2402, 3: 0, 1: 1472}
2026-03-09 10:54:25,389 INFO: init_n_caps=18 | seeded_previous_caps=17 | new_cap_random_init(cap=1626,port=6)
2026-03-09 10:58:38,838 INFO: n_caps=18 | iter=15 | minZ=0.030002 | placement={19: 1138, 11: 3140, 6: 361, 0: 0, 1: 2934, 13: 2398, 20: 1906, 18: 639, 2: 1896, 3: 1753, 4: 247, 14: 3140, 15: 1461, 16: 2460}
2026-03-09 10:58:38,839 INFO: init_n_caps=19 | seeded_previous_caps=18 | new_cap_random_init(cap=3315,port=5)
2026-03-09 11:03:07,840 INFO: n_caps=19 | iter=15 | minZ=0.030000 | placement={1: 116, 15: 2724, 19: 338, 3: 1676, 6: 2665, 16: 1824, 2: 3321, 9: 333, 10: 231, 0: 1673, 7: 1801, 18: 3245, 17: 2360, 11: 299, 20: 1512, 12: 2880}
2026-03-09 11:03:07,841 INFO: init_n_caps=20 | seeded_previous_caps=19 | new_cap_random_init(cap=208,port=15)
2026-03-09 11:07:50,714 INFO: n_caps=20 | iter=15 | minZ=0.030001 | placement={16: 881, 12: 3196, 1: 1670, 14: 853, 10: 2558, 4: 1641, 11: 3347, 7: 1022, 2: 684, 0: 1641, 9: 1495, 8: 604, 5: 2348, 20: 677, 6: 1603, 15: 213, 13: 1629, 17: 2158, 18: 1882}
