2026-03-22 16:01:10,021 INFO: particles=20 iter=10 n_caps=1 minZ=0.089207 runtime=5.51s placement={0: 1488}
2026-03-22 16:01:15,415 INFO: particles=20 iter=10 n_caps=2 minZ=0.088577 runtime=5.39s placement={14: 1012, 13: 433}
2026-03-22 16:01:20,971 INFO: particles=20 iter=10 n_caps=3 minZ=0.047626 runtime=5.56s placement={7: 1102, 14: 1878, 0: 1012}
2026-03-22 16:01:26,685 INFO: particles=20 iter=10 n_caps=4 minZ=0.059915 runtime=5.71s placement={14: 1102, 0: 1878, 9: 1012, 10: 1230}
2026-03-22 16:01:32,537 INFO: particles=20 iter=10 n_caps=5 minZ=0.056258 runtime=5.85s placement={0: 1102, 9: 1878, 10: 1012, 14: 1230, 6: 2383}
2026-03-22 16:01:38,546 INFO: particles=20 iter=10 n_caps=6 minZ=0.060010 runtime=6.01s placement={10: 995, 11: 1945, 14: 799, 5: 1755, 0: 2552, 6: 0}
2026-03-22 16:01:44,649 INFO: particles=20 iter=10 n_caps=7 minZ=0.058175 runtime=6.10s placement={10: 1369, 15: 1937, 5: 730, 0: 1464, 1: 2608, 11: 54, 9: 944}
2026-03-22 16:01:50,987 INFO: particles=20 iter=10 n_caps=8 minZ=0.060967 runtime=6.34s placement={15: 783, 10: 3082, 2: 60, 5: 1267, 14: 2486, 6: 312, 7: 1279, 0: 1314}
2026-03-22 16:01:57,464 INFO: particles=20 iter=10 n_caps=9 minZ=0.050987 runtime=6.48s placement={14: 766, 6: 305, 15: 59, 10: 2189, 9: 411, 7: 312, 0: 1266, 5: 1004, 4: 2538}
2026-03-22 16:02:04,084 INFO: particles=20 iter=10 n_caps=10 minZ=0.053614 runtime=6.62s placement={5: 875, 9: 12, 13: 0, 15: 607, 7: 413, 0: 1745, 10: 1806, 8: 1114, 16: 187, 11: 2641}
2026-03-22 16:02:10,820 INFO: particles=20 iter=10 n_caps=11 minZ=0.043570 runtime=6.74s placement={9: 872, 0: 1012, 15: 943, 7: 3347, 1: 495, 8: 1842, 6: 1784, 16: 1236, 5: 172}
2026-03-22 16:02:17,749 INFO: particles=20 iter=10 n_caps=12 minZ=0.049802 runtime=6.93s placement={4: 639, 5: 1036, 17: 479, 0: 2989, 9: 901, 16: 991, 8: 2572, 6: 4, 14: 2677, 10: 434, 15: 1435}
2026-03-22 16:02:24,791 INFO: particles=20 iter=10 n_caps=13 minZ=0.036769 runtime=7.04s placement={7: 1267, 16: 2302, 0: 678, 9: 3347, 15: 1570, 10: 891, 1: 1777, 5: 0, 11: 1152, 3: 2177, 19: 410}
2026-03-22 16:02:32,033 INFO: particles=20 iter=10 n_caps=14 minZ=0.037672 runtime=7.24s placement={14: 1266, 0: 1123, 9: 782, 15: 3347, 10: 2527, 1: 967, 6: 1155, 3: 0, 19: 2713, 20: 640}
2026-03-22 16:02:39,359 INFO: particles=20 iter=10 n_caps=15 minZ=0.035966 runtime=7.32s placement={0: 2709, 10: 1264, 14: 699, 9: 3317, 1: 2138, 6: 965, 3: 1179, 17: 2388, 20: 1064, 15: 1164}
2026-03-22 16:02:46,841 INFO: particles=20 iter=10 n_caps=16 minZ=0.031718 runtime=7.48s placement={10: 233, 15: 1319, 9: 1212, 0: 910, 1: 2857, 19: 0, 20: 116, 13: 8, 5: 2879, 4: 1128}
2026-03-22 16:02:54,533 INFO: particles=20 iter=10 n_caps=17 minZ=0.031554 runtime=7.69s placement={18: 3347, 13: 1789, 0: 1713, 7: 879, 1: 1461, 20: 1015, 19: 399, 17: 2397, 5: 117, 8: 885, 6: 1498, 16: 1095}
2026-03-22 16:03:02,298 INFO: particles=20 iter=10 n_caps=18 minZ=0.027459 runtime=7.76s placement={13: 3116, 0: 3270, 3: 1103, 1: 1071, 20: 886, 19: 1011, 15: 1581, 8: 250, 5: 286, 14: 1142}
2026-03-22 16:03:10,265 INFO: particles=20 iter=10 n_caps=19 minZ=0.026635 runtime=7.97s placement={0: 2338, 1: 1184, 19: 1179, 20: 1936, 14: 181, 7: 2537, 10: 110, 11: 3347}
2026-03-22 16:03:18,314 INFO: particles=20 iter=10 n_caps=20 minZ=0.027452 runtime=8.05s placement={0: 1176, 1: 1269, 18: 1067, 20: 1436, 12: 489, 7: 1563, 10: 950, 11: 2088, 19: 1331, 8: 1930, 9: 0}
