2026-03-30 02:56:32,842 INFO: particles=30 iter=10 n_caps=1 minZ=0.076253 runtime=8.25s placement={0: 1617}
2026-03-30 02:56:47,678 INFO: particles=30 iter=10 n_caps=2 minZ=0.057702 runtime=14.84s placement={0: 1012, 10: 3347}
2026-03-30 02:57:09,082 INFO: particles=30 iter=10 n_caps=3 minZ=0.061270 runtime=21.40s placement={14: 2467, 7: 3347, 0: 1617}
2026-03-30 02:57:37,139 INFO: particles=30 iter=10 n_caps=4 minZ=0.058490 runtime=28.06s placement={9: 2388, 0: 2246, 7: 3265, 10: 2186}
2026-03-30 02:58:12,023 INFO: particles=30 iter=10 n_caps=5 minZ=0.046121 runtime=34.88s placement={13: 2747, 7: 2060, 0: 1014, 16: 1081, 1: 936}
2026-03-30 02:58:53,623 INFO: particles=30 iter=10 n_caps=6 minZ=0.044609 runtime=41.60s placement={5: 3106, 16: 2429, 17: 620, 0: 1226, 15: 979, 9: 976}
2026-03-30 02:59:41,797 INFO: particles=30 iter=10 n_caps=7 minZ=0.039761 runtime=48.17s placement={14: 3062, 10: 2466, 0: 1167, 15: 1461, 5: 929, 9: 912, 16: 1233}
2026-03-30 03:00:36,574 INFO: particles=30 iter=10 n_caps=8 minZ=0.042507 runtime=54.78s placement={11: 3050, 0: 2495, 15: 1376, 5: 1248, 9: 957, 16: 700, 7: 1022, 18: 3023}
2026-03-30 03:01:38,785 INFO: particles=30 iter=10 n_caps=9 minZ=0.043564 runtime=62.21s placement={0: 3279, 15: 2482, 5: 1387, 10: 1297, 16: 1203, 6: 703, 17: 932, 7: 3025, 14: 1148}
2026-03-30 03:02:46,862 INFO: particles=30 iter=10 n_caps=10 minZ=0.039927 runtime=68.08s placement={10: 392, 16: 1840, 13: 64, 15: 2069, 5: 1218, 0: 951, 14: 3347, 1: 3347, 6: 1632}
2026-03-30 03:04:01,335 INFO: particles=30 iter=10 n_caps=11 minZ=0.029785 runtime=74.47s placement={18: 431, 5: 1048, 0: 912, 1: 3347, 16: 2293, 10: 951, 20: 82}
2026-03-30 03:05:23,917 INFO: particles=30 iter=10 n_caps=12 minZ=0.031025 runtime=82.58s placement={5: 431, 0: 3041, 1: 1361, 16: 849, 10: 2293, 20: 1344}
2026-03-30 03:06:55,374 INFO: particles=30 iter=10 n_caps=13 minZ=0.026341 runtime=91.46s placement={0: 617, 1: 1112, 20: 3069, 10: 804, 19: 1812}
2026-03-30 03:08:29,913 INFO: particles=30 iter=10 n_caps=14 minZ=0.025130 runtime=94.54s placement={0: 893, 1: 947, 20: 1139, 11: 3347, 19: 1039, 14: 0}
2026-03-30 03:10:24,195 INFO: particles=30 iter=10 n_caps=15 minZ=0.026894 runtime=114.28s placement={0: 0, 20: 947, 11: 1139, 1: 3347, 19: 1969, 14: 893}
2026-03-30 03:12:17,543 INFO: particles=30 iter=10 n_caps=16 minZ=0.025693 runtime=113.35s placement={20: 698, 11: 947, 0: 0, 1: 3347, 19: 1456, 14: 3347}
2026-03-30 03:14:17,599 INFO: particles=30 iter=10 n_caps=17 minZ=0.025464 runtime=120.06s placement={10: 687, 0: 3347, 1: 2429, 19: 3230, 20: 32, 14: 3238, 6: 0}
2026-03-30 03:16:28,228 INFO: particles=30 iter=10 n_caps=18 minZ=0.026304 runtime=130.63s placement={0: 1837, 1: 982, 19: 2429, 20: 110, 14: 32, 6: 93}
2026-03-30 03:18:39,216 INFO: particles=30 iter=10 n_caps=19 minZ=0.025484 runtime=130.99s placement={0: 1815, 20: 1105, 1: 2114, 19: 852, 11: 112, 8: 0, 12: 0}
2026-03-30 03:21:06,927 INFO: particles=30 iter=10 n_caps=20 minZ=0.022502 runtime=147.71s placement={15: 1329, 0: 878, 19: 1575, 1: 1740, 10: 1662, 20: 3026, 12: 230, 14: 3347, 6: 1518, 9: 3149, 11: 2107}
