2026-04-02 16:24:59,075 INFO: particles=30 iter=15 n_caps=1 minZ=0.085029 runtime=20.28s placement={0: 1317}
2026-04-02 16:25:19,646 INFO: particles=30 iter=15 n_caps=2 minZ=0.078001 runtime=20.57s placement={0: 1320, 10: 149}
2026-04-02 16:25:40,805 INFO: particles=30 iter=15 n_caps=3 minZ=0.062462 runtime=21.16s placement={9: 1012, 5: 1730, 0: 1612}
2026-04-02 16:26:01,775 INFO: particles=30 iter=15 n_caps=4 minZ=0.060406 runtime=20.97s placement={5: 1012, 0: 1686, 9: 1612, 12: 1598}
2026-04-02 16:26:24,786 INFO: particles=30 iter=15 n_caps=5 minZ=0.047512 runtime=23.01s placement={0: 1012, 9: 1686, 12: 1612, 10: 1598, 15: 986}
2026-04-02 16:26:50,430 INFO: particles=30 iter=15 n_caps=6 minZ=0.053910 runtime=25.64s placement={10: 1004, 11: 1485, 9: 1613, 15: 1602, 0: 766, 16: 3}
2026-04-02 16:27:13,934 INFO: particles=30 iter=15 n_caps=7 minZ=0.048354 runtime=23.50s placement={7: 572, 9: 1813, 6: 202, 0: 1868, 16: 767, 5: 993, 15: 1813}
2026-04-02 16:27:37,597 INFO: particles=30 iter=15 n_caps=8 minZ=0.045206 runtime=23.66s placement={9: 971, 4: 1744, 6: 698, 15: 1875, 0: 767, 16: 692, 14: 1712, 10: 1492}
2026-04-02 16:28:00,529 INFO: particles=30 iter=15 n_caps=9 minZ=0.038795 runtime=22.93s placement={1: 752, 0: 899, 14: 524, 15: 810, 18: 714, 12: 1907}
2026-04-02 16:28:25,105 INFO: particles=30 iter=15 n_caps=10 minZ=0.035072 runtime=24.58s placement={0: 899, 14: 1705, 1: 524, 15: 1172, 18: 810, 12: 714, 7: 320}
2026-04-02 16:28:51,833 INFO: particles=30 iter=15 n_caps=11 minZ=0.037033 runtime=26.73s placement={14: 737, 0: 0, 16: 688, 17: 1364, 9: 840, 1: 526, 7: 931}
2026-04-02 16:29:17,741 INFO: particles=30 iter=15 n_caps=12 minZ=0.032722 runtime=25.91s placement={0: 1960, 14: 1183, 15: 314, 11: 2331, 1: 338, 7: 1499}
2026-04-02 16:29:43,911 INFO: particles=30 iter=15 n_caps=13 minZ=0.029050 runtime=26.17s placement={16: 1616, 9: 1811, 17: 164, 0: 2015, 1: 455, 5: 1269, 10: 130}
2026-04-02 16:30:09,319 INFO: particles=30 iter=15 n_caps=14 minZ=0.027243 runtime=25.41s placement={9: 1616, 17: 1811, 0: 2693, 1: 2540, 5: 618, 10: 2015}
2026-04-02 16:30:36,812 INFO: particles=30 iter=15 n_caps=15 minZ=0.024957 runtime=27.49s placement={15: 1627, 0: 3198, 1: 195, 10: 981, 9: 870}
2026-04-02 16:31:03,695 INFO: particles=30 iter=15 n_caps=16 minZ=0.025359 runtime=26.88s placement={0: 2566, 1: 1014, 10: 2285, 9: 661}
2026-04-02 16:31:33,866 INFO: particles=30 iter=15 n_caps=17 minZ=0.025575 runtime=30.17s placement={0: 3347, 1: 0, 9: 0, 6: 1386, 18: 2684, 2: 0}
2026-04-02 16:32:02,952 INFO: particles=30 iter=15 n_caps=18 minZ=0.025072 runtime=29.09s placement={0: 0, 9: 0, 1: 0, 6: 1506, 18: 3347, 2: 2684}
2026-04-02 16:32:33,432 INFO: particles=30 iter=15 n_caps=19 minZ=0.025232 runtime=30.48s placement={9: 2445, 0: 0, 1: 0, 6: 1337, 18: 3008, 2: 3347, 15: 0}
2026-04-02 16:33:05,648 INFO: particles=30 iter=15 n_caps=20 minZ=0.024741 runtime=32.22s placement={0: 1620, 1: 0, 5: 744, 18: 0, 2: 2950, 15: 0}
