2026-04-02 03:15:28,642 INFO: particles=20 iter=40 n_caps=1 minZ=0.080251 runtime=42.19s placement={0: 1012}
2026-04-02 03:16:06,731 INFO: particles=20 iter=40 n_caps=2 minZ=0.085203 runtime=38.09s placement={9: 1012, 0: 0}
2026-04-02 03:16:44,449 INFO: particles=20 iter=40 n_caps=3 minZ=0.051589 runtime=37.72s placement={0: 1012, 15: 0, 9: 1614}
2026-04-02 03:17:25,801 INFO: particles=20 iter=40 n_caps=4 minZ=0.045903 runtime=41.35s placement={16: 1479, 9: 732, 0: 1014, 10: 839}
2026-04-02 03:18:04,987 INFO: particles=20 iter=40 n_caps=5 minZ=0.048877 runtime=39.19s placement={9: 1252, 0: 752, 10: 1014, 14: 1020, 15: 2815}
2026-04-02 03:18:44,829 INFO: particles=20 iter=40 n_caps=6 minZ=0.049322 runtime=39.84s placement={0: 1252, 9: 752, 14: 1014, 15: 1020, 5: 2815, 10: 1568}
2026-04-02 03:19:26,036 INFO: particles=20 iter=40 n_caps=7 minZ=0.049753 runtime=41.21s placement={9: 1252, 14: 752, 15: 1014, 5: 1020, 10: 2815, 0: 1568, 1: 0}
2026-04-02 03:20:08,536 INFO: particles=20 iter=40 n_caps=8 minZ=0.048078 runtime=42.50s placement={14: 1252, 15: 752, 0: 0, 10: 1212, 1: 1471, 9: 1627}
2026-04-02 03:20:51,788 INFO: particles=20 iter=40 n_caps=9 minZ=0.038457 runtime=43.25s placement={14: 1252, 0: 1627, 10: 1013, 1: 1212, 9: 0, 20: 2422}
2026-04-02 03:21:35,649 INFO: particles=20 iter=40 n_caps=10 minZ=0.034237 runtime=43.86s placement={0: 1914, 14: 532, 1: 243, 10: 259, 20: 1323, 19: 3073}
2026-04-02 03:22:23,110 INFO: particles=20 iter=40 n_caps=11 minZ=0.035029 runtime=47.46s placement={15: 1522, 0: 3054, 1: 0, 11: 281, 20: 0, 19: 1322, 9: 1610, 5: 35}
2026-04-02 03:23:12,723 INFO: particles=20 iter=40 n_caps=12 minZ=0.031933 runtime=49.61s placement={0: 1360, 12: 1274, 1: 480, 9: 792, 11: 21, 19: 0, 7: 3347, 10: 0, 13: 3173}
2026-04-02 03:24:03,164 INFO: particles=20 iter=40 n_caps=13 minZ=0.032275 runtime=50.44s placement={2: 1961, 12: 947, 6: 194, 0: 1341, 1: 2775, 20: 281, 9: 1899, 15: 0, 7: 3307}
2026-04-02 03:24:56,316 INFO: particles=20 iter=40 n_caps=14 minZ=0.031957 runtime=53.15s placement={7: 1886, 1: 2877, 0: 898, 2: 2480, 19: 1771, 6: 843, 14: 1743, 5: 1431}
2026-04-02 03:25:45,176 INFO: particles=20 iter=40 n_caps=15 minZ=0.024591 runtime=48.86s placement={1: 2426, 0: 1012, 3: 1487, 7: 28, 16: 960, 20: 578}
2026-04-02 03:26:33,062 INFO: particles=20 iter=40 n_caps=16 minZ=0.022363 runtime=47.89s placement={0: 268, 3: 2007, 1: 1487, 7: 608, 16: 28, 20: 3347}
2026-04-02 03:27:21,364 INFO: particles=20 iter=40 n_caps=17 minZ=0.024749 runtime=48.30s placement={3: 2424, 0: 0, 1: 1579, 16: 818, 20: 1286}
2026-04-02 03:28:17,300 INFO: particles=20 iter=40 n_caps=18 minZ=0.022093 runtime=55.94s placement={0: 543, 1: 1502, 16: 502, 20: 280, 10: 0}
2026-04-02 03:29:15,211 INFO: particles=20 iter=40 n_caps=19 minZ=0.021715 runtime=57.91s placement={0: 0, 1: 1514, 16: 1597, 20: 1167, 9: 215}
2026-04-02 03:30:15,022 INFO: particles=20 iter=40 n_caps=20 minZ=0.021531 runtime=59.81s placement={0: 0, 1: 1514, 16: 1902, 20: 1056, 9: 1416}
