2026-03-28 22:23:35,177 INFO: particles=80 iter=50 n_caps=1 minZ=0.080251 runtime=94.30s placement={0: 1012}
2026-03-28 22:25:11,154 INFO: particles=80 iter=50 n_caps=2 minZ=0.053651 runtime=95.98s placement={0: 1012, 15: 1789}
2026-03-28 22:26:48,843 INFO: particles=80 iter=50 n_caps=3 minZ=0.056641 runtime=97.69s placement={15: 1014, 0: 1872, 9: 899}
2026-03-28 22:28:28,386 INFO: particles=80 iter=50 n_caps=4 minZ=0.040706 runtime=99.54s placement={0: 1012, 9: 1872, 10: 899, 15: 2636}
2026-03-28 22:30:15,722 INFO: particles=80 iter=50 n_caps=5 minZ=0.052074 runtime=107.34s placement={9: 1012, 10: 1872, 15: 899, 0: 2636, 7: 9}
2026-03-28 22:32:03,385 INFO: particles=80 iter=50 n_caps=6 minZ=0.039915 runtime=107.66s placement={9: 968, 15: 1490, 0: 1014, 7: 2162, 10: 557, 8: 1605}
2026-03-28 22:33:53,788 INFO: particles=80 iter=50 n_caps=7 minZ=0.039175 runtime=110.40s placement={15: 667, 0: 1014, 5: 939, 9: 1499, 7: 618, 10: 1270, 14: 1437}
2026-03-28 22:35:57,035 INFO: particles=80 iter=50 n_caps=8 minZ=0.038371 runtime=123.25s placement={0: 2590, 6: 1031, 10: 5, 9: 1665, 13: 1668, 16: 1137, 1: 390}
2026-03-28 22:37:50,190 INFO: particles=80 iter=50 n_caps=9 minZ=0.031997 runtime=113.15s placement={7: 315, 10: 1028, 16: 3, 15: 1473, 19: 2015, 0: 1012, 1: 321}
2026-03-28 22:39:54,733 INFO: particles=80 iter=50 n_caps=10 minZ=0.026185 runtime=124.54s placement={9: 317, 16: 1020, 15: 3, 19: 1464, 0: 1345, 1: 1346}
2026-03-28 22:41:53,554 INFO: particles=80 iter=50 n_caps=11 minZ=0.025650 runtime=118.82s placement={16: 300, 15: 1020, 19: 3, 0: 1345, 1: 1992, 2: 1558}
2026-03-28 22:43:59,727 INFO: particles=80 iter=50 n_caps=12 minZ=0.024797 runtime=126.17s placement={15: 300, 19: 1021, 0: 2762, 1: 1425, 2: 1293}
2026-03-28 22:46:06,667 INFO: particles=80 iter=50 n_caps=13 minZ=0.022813 runtime=126.94s placement={19: 304, 0: 2546, 1: 4}
2026-03-28 22:48:11,959 INFO: particles=80 iter=50 n_caps=14 minZ=0.021393 runtime=125.29s placement={0: 3331, 1: 1027}
2026-03-28 22:50:18,884 INFO: particles=80 iter=50 n_caps=15 minZ=0.021219 runtime=126.92s placement={0: 3331, 1: 1027, 7: 30}
2026-03-28 22:52:28,164 INFO: particles=80 iter=50 n_caps=16 minZ=0.020967 runtime=129.28s placement={0: 2557, 1: 1027, 7: 3331, 6: 30, 15: 0}
2026-03-28 22:54:39,345 INFO: particles=80 iter=50 n_caps=17 minZ=0.020820 runtime=131.18s placement={0: 0, 1: 1027, 7: 2557, 6: 3331, 15: 30}
2026-03-28 22:56:53,615 INFO: particles=80 iter=50 n_caps=18 minZ=0.020604 runtime=134.27s placement={0: 0, 1: 1015, 7: 2770, 6: 2556, 15: 3331}
2026-03-28 22:59:09,674 INFO: particles=80 iter=50 n_caps=19 minZ=0.019876 runtime=136.06s placement={0: 0, 1: 1012, 7: 1512, 6: 2763, 16: 2564}
2026-03-28 23:01:33,588 INFO: particles=80 iter=50 n_caps=20 minZ=0.020740 runtime=143.91s placement={0: 0, 1: 1012, 7: 1170, 6: 1512, 16: 2763}
