2026-04-01 21:02:47,432 INFO: particles=20 iter=15 n_caps=1 minZ=0.085029 runtime=14.45s placement={0: 1316}
2026-04-01 21:03:01,609 INFO: particles=20 iter=15 n_caps=2 minZ=0.078443 runtime=14.18s placement={0: 1316, 7: 10}
2026-04-01 21:03:15,981 INFO: particles=20 iter=15 n_caps=3 minZ=0.069970 runtime=14.37s placement={15: 1350, 10: 389, 0: 2596}
2026-04-01 21:03:30,075 INFO: particles=20 iter=15 n_caps=4 minZ=0.062389 runtime=14.09s placement={11: 1030, 0: 1014, 3: 2020, 7: 785}
2026-04-01 21:03:45,191 INFO: particles=20 iter=15 n_caps=5 minZ=0.060689 runtime=15.12s placement={0: 910, 3: 884, 7: 1970, 1: 1341, 9: 1968}
2026-04-01 21:03:59,521 INFO: particles=20 iter=15 n_caps=6 minZ=0.053429 runtime=14.33s placement={6: 785, 7: 926, 0: 1121, 10: 1188, 18: 2007, 9: 618}
2026-04-01 21:04:15,234 INFO: particles=20 iter=15 n_caps=7 minZ=0.049183 runtime=15.71s placement={7: 690, 0: 1126, 10: 1120, 18: 1634, 9: 1961, 14: 600, 15: 1957}
2026-04-01 21:04:31,029 INFO: particles=20 iter=15 n_caps=8 minZ=0.053573 runtime=15.79s placement={0: 690, 10: 1126, 18: 1120, 9: 1634, 14: 1961, 15: 600, 5: 1957, 6: 1259}
2026-04-01 21:04:47,117 INFO: particles=20 iter=15 n_caps=9 minZ=0.048998 runtime=16.09s placement={10: 685, 18: 1231, 9: 1128, 14: 1580, 11: 1782, 5: 1308, 6: 1926, 0: 1282, 15: 0}
2026-04-01 21:05:03,534 INFO: particles=20 iter=15 n_caps=10 minZ=0.044718 runtime=16.42s placement={9: 1189, 10: 1091, 14: 1063, 15: 3017, 7: 2314, 1: 1814, 12: 3133, 0: 2082, 16: 745}
2026-04-01 21:05:20,453 INFO: particles=20 iter=15 n_caps=11 minZ=0.036123 runtime=16.92s placement={0: 1126, 17: 320, 18: 1000, 10: 2984, 1: 2701, 9: 1725, 15: 272}
2026-04-01 21:05:37,107 INFO: particles=20 iter=15 n_caps=12 minZ=0.036318 runtime=16.65s placement={0: 1530, 15: 225, 7: 1033, 1: 2966, 10: 2666, 14: 3065, 11: 0, 6: 94}
2026-04-01 21:05:53,645 INFO: particles=20 iter=15 n_caps=13 minZ=0.032783 runtime=16.54s placement={14: 985, 7: 226, 0: 366, 11: 3157, 1: 2937, 9: 146, 12: 1527, 5: 0, 16: 116, 15: 0}
2026-04-01 21:06:10,628 INFO: particles=20 iter=15 n_caps=14 minZ=0.033698 runtime=16.98s placement={8: 1593, 0: 2035, 9: 2195, 1: 3081, 14: 2632, 10: 506, 4: 744, 16: 0, 15: 0, 17: 856}
2026-04-01 21:06:29,082 INFO: particles=20 iter=15 n_caps=15 minZ=0.033778 runtime=18.45s placement={0: 2317, 9: 339, 1: 2475, 13: 2965, 10: 670, 4: 529, 18: 442, 14: 0, 16: 0, 20: 1471}
2026-04-01 21:06:47,874 INFO: particles=20 iter=15 n_caps=16 minZ=0.033869 runtime=18.79s placement={9: 793, 0: 1012, 13: 2475, 1: 2965, 10: 2759, 4: 670, 18: 529, 14: 0, 16: 0, 20: 2317, 15: 1471}
2026-04-01 21:07:05,719 INFO: particles=20 iter=15 n_caps=17 minZ=0.032683 runtime=17.84s placement={0: 913, 15: 523, 1: 2729, 10: 1749, 7: 1393, 18: 693, 14: 503, 16: 56, 19: 960, 12: 2111, 13: 608}
2026-04-01 21:07:22,374 INFO: particles=20 iter=15 n_caps=18 minZ=0.033233 runtime=16.65s placement={15: 560, 0: 965, 1: 2781, 9: 1531, 7: 1743, 18: 1473, 14: 828, 16: 510, 19: 0, 12: 231, 11: 2230, 8: 5}
2026-04-01 21:07:40,063 INFO: particles=20 iter=15 n_caps=19 minZ=0.030911 runtime=17.69s placement={0: 1257, 1: 154, 2: 3310, 18: 936, 20: 363, 15: 381, 19: 0, 16: 183, 17: 0, 6: 1482, 8: 0}
2026-04-01 21:08:00,112 INFO: particles=20 iter=15 n_caps=20 minZ=0.030833 runtime=20.05s placement={0: 1328, 20: 0, 2: 3347, 1: 3183, 14: 2217, 15: 870, 16: 903, 5: 1080, 4: 2270, 11: 0, 10: 1281, 9: 1918, 8: 1075, 3: 828, 6: 1610, 7: 0}
