2026-04-01 05:30:12,256 INFO: particles=20 iter=50 n_caps=1 minZ=0.062708 runtime=30.35s placement={0: 1229}
2026-04-01 05:31:09,768 INFO: particles=20 iter=50 n_caps=2 minZ=0.064339 runtime=57.51s placement={0: 2722, 6: 1518}
2026-04-01 05:32:30,725 INFO: particles=20 iter=50 n_caps=3 minZ=0.044437 runtime=80.96s placement={5: 1915, 9: 1517, 0: 990}
2026-04-01 05:34:15,270 INFO: particles=20 iter=50 n_caps=4 minZ=0.044724 runtime=104.54s placement={9: 1918, 0: 1568, 10: 989, 14: 911}
2026-04-01 05:36:24,519 INFO: particles=20 iter=50 n_caps=5 minZ=0.041478 runtime=129.25s placement={0: 1752, 9: 1518, 14: 969, 10: 1012, 15: 1567}
2026-04-01 05:38:57,605 INFO: particles=20 iter=50 n_caps=6 minZ=0.041257 runtime=153.09s placement={9: 1722, 14: 1497, 10: 981, 15: 1007, 0: 1567, 7: 0}
2026-04-01 05:41:55,978 INFO: particles=20 iter=50 n_caps=7 minZ=0.033748 runtime=178.37s placement={9: 1793, 8: 1362, 10: 1120, 0: 1012, 7: 2514, 6: 0, 5: 1632}
2026-04-01 05:45:22,709 INFO: particles=20 iter=50 n_caps=8 minZ=0.033578 runtime=206.73s placement={8: 1729, 10: 1266, 0: 1012, 7: 1186, 9: 1497, 1: 0, 14: 1442}
2026-04-01 05:49:06,876 INFO: particles=20 iter=50 n_caps=9 minZ=0.033315 runtime=224.17s placement={16: 1907, 0: 1941, 9: 655, 14: 923, 1: 2169, 15: 0, 10: 1514}
2026-04-01 05:53:18,679 INFO: particles=20 iter=50 n_caps=10 minZ=0.034557 runtime=251.80s placement={0: 2088, 9: 1268, 14: 655, 1: 923, 15: 2169, 10: 0, 16: 1941, 7: 2727}
2026-04-01 05:57:58,207 INFO: particles=20 iter=50 n_caps=11 minZ=0.025435 runtime=279.53s placement={0: 2118, 9: 1021, 1: 1059, 12: 1541, 14: 2437, 6: 1432}
2026-04-01 06:02:53,968 INFO: particles=20 iter=50 n_caps=12 minZ=0.021023 runtime=295.76s placement={11: 600, 0: 116, 1: 1046, 14: 2025, 7: 2088}
2026-04-01 06:08:14,929 INFO: particles=20 iter=50 n_caps=13 minZ=0.021020 runtime=320.96s placement={0: 1960, 1: 1263, 14: 898, 7: 483}
2026-04-01 06:14:02,077 INFO: particles=20 iter=50 n_caps=14 minZ=0.019937 runtime=347.15s placement={0: 0, 1: 1263, 14: 2028, 7: 1906}
2026-04-01 06:20:13,729 INFO: particles=20 iter=50 n_caps=15 minZ=0.020546 runtime=371.65s placement={0: 0, 1: 1263, 14: 1014, 7: 2029}
2026-04-01 06:26:51,126 INFO: particles=20 iter=50 n_caps=16 minZ=0.020357 runtime=397.40s placement={0: 0, 1: 1263, 14: 1046, 7: 898}
2026-04-01 06:33:53,963 INFO: particles=20 iter=50 n_caps=17 minZ=0.019257 runtime=422.84s placement={0: 0, 14: 1263, 1: 1046, 7: 2028}
2026-04-01 06:41:22,407 INFO: particles=20 iter=50 n_caps=18 minZ=0.020297 runtime=448.44s placement={14: 600, 0: 0, 1: 1046, 7: 1014}
2026-04-01 06:49:19,312 INFO: particles=20 iter=50 n_caps=19 minZ=0.019068 runtime=476.90s placement={0: 2477, 1: 1263, 7: 1046, 9: 0}
2026-04-01 06:57:38,737 INFO: particles=20 iter=50 n_caps=20 minZ=0.018878 runtime=499.42s placement={0: 0, 7: 1263, 1: 1046, 9: 0, 10: 2477}
