2026-03-19 17:12:38,525 INFO: particles=20 iter=15 n_caps=1 minZ=0.107285 runtime=12.79s placement={9: 973}
2026-03-19 17:12:51,562 INFO: particles=20 iter=15 n_caps=2 minZ=0.070946 runtime=13.04s placement={0: 977, 9: 2312}
2026-03-19 17:13:04,807 INFO: particles=20 iter=15 n_caps=3 minZ=0.075331 runtime=13.24s placement={10: 875, 0: 2948, 14: 0}
2026-03-19 17:13:18,306 INFO: particles=20 iter=15 n_caps=4 minZ=0.064994 runtime=13.50s placement={0: 1362, 15: 3347, 1: 0}
2026-03-19 17:13:32,070 INFO: particles=20 iter=15 n_caps=5 minZ=0.059747 runtime=13.76s placement={0: 1334, 7: 2308, 6: 149, 9: 1396, 15: 841}
2026-03-19 17:13:46,115 INFO: particles=20 iter=15 n_caps=6 minZ=0.047419 runtime=14.04s placement={9: 1528, 6: 2427, 8: 0, 15: 900, 0: 1014, 7: 0}
2026-03-19 17:14:00,413 INFO: particles=20 iter=15 n_caps=7 minZ=0.054037 runtime=14.30s placement={9: 401, 14: 2279, 15: 652, 5: 647, 16: 1899, 0: 983, 20: 1862}
2026-03-19 17:14:14,965 INFO: particles=20 iter=15 n_caps=8 minZ=0.051954 runtime=14.55s placement={14: 401, 15: 2279, 5: 652, 16: 647, 0: 1899, 20: 983, 10: 1862, 9: 1667}
2026-03-19 17:14:29,781 INFO: particles=20 iter=15 n_caps=9 minZ=0.053208 runtime=14.82s placement={9: 413, 6: 1768, 16: 367, 0: 609, 20: 2665, 14: 2362, 7: 1790, 15: 2009, 4: 2392}
2026-03-19 17:14:44,965 INFO: particles=20 iter=15 n_caps=10 minZ=0.048022 runtime=15.18s placement={7: 2522, 0: 484, 1: 2574, 20: 572, 13: 0, 14: 0, 19: 3347, 16: 848}
2026-03-19 17:15:00,304 INFO: particles=20 iter=15 n_caps=11 minZ=0.043076 runtime=15.34s placement={15: 3347, 16: 1115, 0: 1127, 1: 926, 9: 426, 11: 3327, 10: 1297, 2: 2825, 17: 1331}
2026-03-19 17:15:15,971 INFO: particles=20 iter=15 n_caps=12 minZ=0.039100 runtime=15.67s placement={15: 3347, 0: 1234, 1: 2953, 7: 2554, 5: 3347, 17: 166, 20: 3347}
2026-03-19 17:15:31,798 INFO: particles=20 iter=15 n_caps=13 minZ=0.032197 runtime=15.83s placement={1: 3347, 0: 1866, 4: 2612, 9: 3268, 5: 1850, 6: 664, 10: 3093, 12: 1043, 2: 2691}
2026-03-19 17:15:47,905 INFO: particles=20 iter=15 n_caps=14 minZ=0.037098 runtime=16.11s placement={0: 1610, 6: 1501, 7: 408, 3: 1401, 1: 3347, 10: 1390, 9: 37, 13: 2417, 15: 2516}
2026-03-19 17:16:04,264 INFO: particles=20 iter=15 n_caps=15 minZ=0.035549 runtime=16.36s placement={6: 1508, 7: 1501, 3: 408, 0: 0, 1: 3347, 10: 3347, 9: 1390, 13: 3347, 15: 1610}
2026-03-19 17:16:20,769 INFO: particles=20 iter=15 n_caps=16 minZ=0.027286 runtime=16.50s placement={6: 1507, 0: 3347, 1: 117, 10: 3347, 9: 3347, 20: 0, 14: 3063, 7: 0, 15: 956}
2026-03-19 17:16:37,506 INFO: particles=20 iter=15 n_caps=17 minZ=0.030804 runtime=16.74s placement={0: 1148, 1: 1029, 10: 1270, 9: 3347, 20: 1616, 14: 432, 19: 3347, 15: 0}
2026-03-19 17:16:54,477 INFO: particles=20 iter=15 n_caps=18 minZ=0.031828 runtime=16.97s placement={0: 1014, 1: 1389, 10: 0, 7: 1852, 20: 3347, 14: 1163, 19: 1524, 15: 3347, 6: 0}
2026-03-19 17:17:11,782 INFO: particles=20 iter=15 n_caps=19 minZ=0.029845 runtime=17.30s placement={0: 1398, 3: 1165, 9: 0, 1: 2249, 20: 1847, 5: 590, 11: 3337, 19: 3347, 2: 3347, 6: 1066, 14: 0, 4: 0}
2026-03-19 17:17:29,345 INFO: particles=20 iter=15 n_caps=20 minZ=0.039614 runtime=17.56s placement={4: 1550, 8: 809, 15: 718, 16: 2514, 0: 686, 5: 2337, 3: 2232, 11: 2296, 20: 2259, 7: 385, 14: 1052, 6: 1314, 1: 1584, 12: 2147, 9: 1383, 10: 3347}
