2026-03-27 15:37:10,511 INFO: particles=80 iter=10 n_caps=1 minZ=0.080251 runtime=18.64s placement={0: 1012}
2026-03-27 15:37:30,147 INFO: particles=80 iter=10 n_caps=2 minZ=0.078668 runtime=19.64s placement={0: 1012, 6: 0}
2026-03-27 15:37:49,916 INFO: particles=80 iter=10 n_caps=3 minZ=0.071559 runtime=19.77s placement={0: 973, 18: 297, 7: 1549}
2026-03-27 15:38:10,908 INFO: particles=80 iter=10 n_caps=4 minZ=0.048373 runtime=20.99s placement={0: 1716, 1: 3347, 2: 2044}
2026-03-27 15:38:31,653 INFO: particles=80 iter=10 n_caps=5 minZ=0.045388 runtime=20.74s placement={0: 1716, 1: 3347, 7: 0}
2026-03-27 15:38:52,619 INFO: particles=80 iter=10 n_caps=6 minZ=0.056633 runtime=20.97s placement={6: 766, 0: 2565, 1: 2169, 19: 3347}
2026-03-27 15:39:14,180 INFO: particles=80 iter=10 n_caps=7 minZ=0.046250 runtime=21.56s placement={0: 3347, 1: 1985, 5: 1982, 18: 3347, 7: 1375}
2026-03-27 15:39:36,246 INFO: particles=80 iter=10 n_caps=8 minZ=0.049351 runtime=22.07s placement={3: 343, 0: 1014, 6: 333, 20: 1977, 1: 3347, 4: 3347, 15: 409}
2026-03-27 15:39:58,785 INFO: particles=80 iter=10 n_caps=9 minZ=0.042792 runtime=22.54s placement={0: 2157, 7: 997, 20: 766, 1: 1523, 2: 2240, 14: 1254, 3: 1506, 15: 617}
2026-03-27 15:40:21,926 INFO: particles=80 iter=10 n_caps=10 minZ=0.040119 runtime=23.14s placement={5: 931, 20: 1473, 0: 926, 1: 453, 14: 2070, 15: 2165, 8: 0, 6: 1112}
2026-03-27 15:40:45,674 INFO: particles=80 iter=10 n_caps=11 minZ=0.035666 runtime=23.75s placement={20: 1307, 0: 1376, 1: 1038, 15: 2535, 16: 1044, 8: 2010, 5: 0}
2026-03-27 15:41:09,812 INFO: particles=80 iter=10 n_caps=12 minZ=0.032030 runtime=24.14s placement={0: 3347, 1: 1358, 16: 334, 15: 1661, 7: 1329, 5: 2064}
2026-03-27 15:41:36,134 INFO: particles=80 iter=10 n_caps=13 minZ=0.028518 runtime=26.32s placement={0: 780, 1: 945, 20: 779, 19: 3347, 5: 1626}
2026-03-27 15:42:01,163 INFO: particles=80 iter=10 n_caps=14 minZ=0.028825 runtime=25.03s placement={0: 0, 20: 508, 1: 521, 19: 0}
2026-03-27 15:42:26,724 INFO: particles=80 iter=10 n_caps=15 minZ=0.028967 runtime=25.56s placement={20: 1340, 0: 899, 19: 521, 1: 0, 6: 0, 7: 0}
2026-03-27 15:42:54,186 INFO: particles=80 iter=10 n_caps=16 minZ=0.028715 runtime=27.46s placement={0: 3347, 20: 681, 1: 372, 6: 908, 7: 0}
2026-03-27 15:43:20,443 INFO: particles=80 iter=10 n_caps=17 minZ=0.028503 runtime=26.26s placement={20: 862, 0: 3347, 1: 475, 6: 3347, 7: 889, 5: 0}
2026-03-27 15:43:47,355 INFO: particles=80 iter=10 n_caps=18 minZ=0.028612 runtime=26.91s placement={0: 1121, 1: 504, 9: 269, 5: 3347, 7: 1001, 17: 1786, 6: 3347, 8: 0, 4: 3347, 13: 0}
2026-03-27 15:44:15,616 INFO: particles=80 iter=10 n_caps=19 minZ=0.028096 runtime=28.26s placement={0: 0, 13: 594, 1: 275, 5: 0, 7: 1127, 18: 1273, 6: 1128, 4: 0, 12: 3347}
2026-03-27 15:44:43,967 INFO: particles=80 iter=10 n_caps=20 minZ=0.029999 runtime=28.35s placement={15: 662, 0: 3347, 1: 0, 6: 1161, 8: 3020, 20: 0, 5: 1045, 7: 1330, 4: 895, 16: 0, 2: 3347, 9: 0, 12: 0}
