2026-03-26 01:27:20,926 INFO: particles=30 iter=15 n_caps=1 minZ=0.089207 runtime=10.44s placement={0: 1488}
2026-03-26 01:27:31,642 INFO: particles=30 iter=15 n_caps=2 minZ=0.075492 runtime=10.72s placement={0: 1583, 10: 1353}
2026-03-26 01:27:43,333 INFO: particles=30 iter=15 n_caps=3 minZ=0.061064 runtime=11.69s placement={9: 966, 14: 1075, 0: 1376}
2026-03-26 01:27:54,621 INFO: particles=30 iter=15 n_caps=4 minZ=0.051092 runtime=11.29s placement={15: 83, 0: 1014, 6: 1305, 10: 1544}
2026-03-26 01:28:06,152 INFO: particles=30 iter=15 n_caps=5 minZ=0.059224 runtime=11.53s placement={0: 1121, 6: 1335, 10: 1362, 15: 1345, 7: 2660}
2026-03-26 01:28:18,042 INFO: particles=30 iter=15 n_caps=6 minZ=0.053704 runtime=11.89s placement={15: 1389, 0: 1084, 9: 0, 16: 1813, 6: 2426, 10: 1231}
2026-03-26 01:28:30,122 INFO: particles=30 iter=15 n_caps=7 minZ=0.046596 runtime=12.08s placement={0: 2596, 9: 745, 14: 0, 5: 1065, 10: 1273, 1: 1611}
2026-03-26 01:28:42,521 INFO: particles=30 iter=15 n_caps=8 minZ=0.046386 runtime=12.40s placement={9: 864, 15: 779, 6: 1818, 12: 1444, 0: 1182, 1: 1847}
2026-03-26 01:28:55,268 INFO: particles=30 iter=15 n_caps=9 minZ=0.035179 runtime=12.75s placement={15: 1026, 6: 526, 12: 570, 0: 1038, 1: 2130, 5: 1678}
2026-03-26 01:29:08,195 INFO: particles=30 iter=15 n_caps=10 minZ=0.031518 runtime=12.93s placement={6: 1012, 12: 381, 0: 1713, 1: 732, 5: 1018, 13: 2719}
2026-03-26 01:29:21,384 INFO: particles=30 iter=15 n_caps=11 minZ=0.032427 runtime=13.19s placement={12: 1012, 0: 1151, 1: 411, 5: 1565, 13: 1713}
2026-03-26 01:29:34,858 INFO: particles=30 iter=15 n_caps=12 minZ=0.029091 runtime=13.47s placement={0: 1151, 1: 381, 5: 1014, 13: 1018, 9: 2058}
2026-03-26 01:29:48,632 INFO: particles=30 iter=15 n_caps=13 minZ=0.025312 runtime=13.77s placement={0: 2719, 1: 381, 5: 2053, 13: 1565, 9: 1151, 20: 2058, 6: 78}
2026-03-26 01:30:02,673 INFO: particles=30 iter=15 n_caps=14 minZ=0.029189 runtime=14.04s placement={0: 1713, 1: 381, 5: 732, 13: 1014, 9: 2719, 20: 1151, 6: 2058, 7: 78, 10: 0}
2026-03-26 01:30:17,147 INFO: particles=30 iter=15 n_caps=15 minZ=0.025967 runtime=14.47s placement={0: 0, 1: 381, 5: 411, 13: 2053, 9: 1713, 20: 2719, 6: 1151, 7: 2058, 10: 78, 15: 0}
2026-03-26 01:30:31,702 INFO: particles=30 iter=15 n_caps=16 minZ=0.027641 runtime=14.56s placement={0: 0, 5: 381, 1: 411, 13: 732, 9: 1018, 20: 1713, 6: 2719, 7: 1151, 10: 2058, 15: 0}
2026-03-26 01:30:46,608 INFO: particles=30 iter=15 n_caps=17 minZ=0.028538 runtime=14.91s placement={7: 1007, 0: 0, 13: 348, 1: 555, 6: 1748, 20: 447, 8: 2350, 10: 681, 15: 40}
2026-03-26 01:31:01,802 INFO: particles=30 iter=15 n_caps=18 minZ=0.025729 runtime=15.19s placement={0: 1012, 12: 368, 1: 689, 6: 890, 20: 1732, 8: 804, 10: 2849, 14: 1069}
2026-03-26 01:31:17,391 INFO: particles=30 iter=15 n_caps=19 minZ=0.028762 runtime=15.59s placement={0: 1589, 17: 2571, 11: 1628, 1: 660, 10: 301, 5: 1074, 16: 900, 19: 1479, 2: 1097, 12: 906, 6: 1595, 9: 3261}
2026-03-26 01:31:33,243 INFO: particles=30 iter=15 n_caps=20 minZ=0.024272 runtime=15.85s placement={20: 0, 9: 2373, 0: 3347, 7: 772, 1: 0, 15: 1142, 19: 46, 8: 2996, 10: 929, 13: 1484, 12: 0}
