2026-04-01 19:20:21,586 INFO: particles=20 iter=10 n_caps=1 minZ=0.091131 runtime=12.11s placement={0: 1303}
2026-04-01 19:20:35,053 INFO: particles=20 iter=10 n_caps=2 minZ=0.078677 runtime=13.47s placement={0: 1014, 5: 0}
2026-04-01 19:20:49,168 INFO: particles=20 iter=10 n_caps=3 minZ=0.082023 runtime=14.11s placement={3: 1373, 0: 1518, 6: 266}
2026-04-01 19:21:04,255 INFO: particles=20 iter=10 n_caps=4 minZ=0.062143 runtime=15.09s placement={0: 1415, 7: 1502, 16: 1409, 6: 1181}
2026-04-01 19:21:20,940 INFO: particles=20 iter=10 n_caps=5 minZ=0.061503 runtime=16.68s placement={7: 1415, 16: 1502, 6: 1409, 0: 1181, 5: 0}
2026-04-01 19:21:38,120 INFO: particles=20 iter=10 n_caps=6 minZ=0.055759 runtime=17.18s placement={16: 1415, 6: 1502, 0: 1409, 5: 1181, 7: 0, 10: 1312}
2026-04-01 19:21:55,971 INFO: particles=20 iter=10 n_caps=7 minZ=0.057123 runtime=17.85s placement={6: 1415, 0: 1502, 5: 1409, 7: 1181, 10: 0, 14: 1312, 9: 2720}
2026-04-01 19:22:14,289 INFO: particles=20 iter=10 n_caps=8 minZ=0.049335 runtime=18.32s placement={0: 1722, 6: 1875, 5: 1267, 10: 1211, 14: 0, 9: 1127, 18: 2712, 16: 493}
2026-04-01 19:22:34,295 INFO: particles=20 iter=10 n_caps=9 minZ=0.059893 runtime=20.01s placement={5: 2632, 9: 1825, 0: 1543, 19: 1492, 14: 1595, 18: 3347, 8: 511, 7: 907, 1: 109}
2026-04-01 19:22:54,942 INFO: particles=20 iter=10 n_caps=10 minZ=0.049764 runtime=20.65s placement={9: 3045, 0: 989, 20: 1682, 15: 2559, 19: 1979, 17: 3347, 1: 327, 14: 0, 7: 1939}
2026-04-01 19:23:16,449 INFO: particles=20 iter=10 n_caps=11 minZ=0.051851 runtime=21.51s placement={0: 1085, 13: 1861, 15: 980, 14: 2008, 16: 1490, 12: 987, 5: 2780, 9: 269, 10: 826}
2026-04-01 19:23:37,634 INFO: particles=20 iter=10 n_caps=12 minZ=0.045970 runtime=21.18s placement={16: 0, 1: 0, 0: 1618, 7: 3347, 18: 1541, 6: 1424, 5: 0, 17: 0, 20: 1389, 19: 0}
2026-04-01 19:24:00,239 INFO: particles=20 iter=10 n_caps=13 minZ=0.039805 runtime=22.60s placement={0: 1652, 1: 0, 9: 776, 15: 1123, 16: 1078, 10: 0, 19: 2108, 13: 1227, 17: 2836, 20: 0}
2026-04-01 19:24:23,747 INFO: particles=20 iter=10 n_caps=14 minZ=0.038096 runtime=23.51s placement={9: 1281, 19: 701, 0: 890, 17: 1799, 14: 208, 4: 2903, 6: 456, 18: 652, 1: 2949, 15: 2929, 16: 1355}
2026-04-01 19:24:48,718 INFO: particles=20 iter=10 n_caps=15 minZ=0.032940 runtime=24.97s placement={20: 953, 0: 686, 19: 1288, 13: 1887, 1: 1736, 15: 2959, 16: 456, 17: 3327, 18: 947, 7: 2188}
2026-04-01 19:25:12,950 INFO: particles=20 iter=10 n_caps=16 minZ=0.033631 runtime=24.23s placement={0: 3347, 20: 2649, 15: 1237, 1: 1590, 18: 2575, 19: 3347, 16: 1111, 6: 905}
2026-04-01 19:25:42,542 INFO: particles=20 iter=10 n_caps=17 minZ=0.034392 runtime=29.59s placement={20: 3120, 17: 729, 1: 1299, 19: 1667, 0: 3347, 18: 312, 6: 1767, 5: 0}
2026-04-01 19:26:12,664 INFO: particles=20 iter=10 n_caps=18 minZ=0.036376 runtime=30.12s placement={14: 0, 6: 695, 15: 1396, 16: 1416, 1: 3347, 19: 3347, 0: 1758, 20: 0, 3: 2470, 9: 1101, 4: 3347, 8: 1589, 10: 3347}
2026-04-01 19:26:45,250 INFO: particles=20 iter=10 n_caps=19 minZ=0.031212 runtime=32.59s placement={6: 934, 14: 0, 13: 1535, 0: 2617, 20: 3347, 1: 3347, 11: 647, 7: 2347, 9: 1663, 12: 3335, 10: 2515}
2026-04-01 19:27:18,094 INFO: particles=20 iter=10 n_caps=20 minZ=0.026580 runtime=32.84s placement={14: 934, 13: 0, 0: 1047, 20: 1428, 1: 3347, 11: 3347, 7: 0, 9: 1657, 12: 1711, 10: 3335, 15: 2617}
