2026-03-16 12:56:43,369 INFO: particles=20 iter=10 n_caps=1 minZ=0.106306 runtime=9.04s placement={0: 2173}
2026-03-16 12:56:52,525 INFO: particles=20 iter=10 n_caps=2 minZ=0.080635 runtime=9.16s placement={5: 1169, 0: 1754}
2026-03-16 12:57:01,816 INFO: particles=20 iter=10 n_caps=3 minZ=0.068569 runtime=9.29s placement={0: 1169, 9: 1754, 10: 916}
2026-03-16 12:57:11,319 INFO: particles=20 iter=10 n_caps=4 minZ=0.063678 runtime=9.50s placement={10: 1165, 11: 1611, 15: 1012, 0: 1027}
2026-03-16 12:57:21,070 INFO: particles=20 iter=10 n_caps=5 minZ=0.041466 runtime=9.75s placement={10: 1165, 15: 1611, 0: 1012, 6: 1027, 9: 1696}
2026-03-16 12:57:30,870 INFO: particles=20 iter=10 n_caps=6 minZ=0.054353 runtime=9.80s placement={15: 1341, 0: 1103, 9: 1006, 10: 1046, 11: 1661, 7: 1768}
2026-03-16 12:57:40,905 INFO: particles=20 iter=10 n_caps=7 minZ=0.051846 runtime=10.03s placement={0: 2512, 7: 152, 10: 2193, 9: 895, 1: 3078}
2026-03-16 12:57:51,030 INFO: particles=20 iter=10 n_caps=8 minZ=0.044840 runtime=10.13s placement={6: 1381, 7: 229, 9: 2542, 0: 2005, 1: 3074, 5: 0}
2026-03-16 12:58:01,212 INFO: particles=20 iter=10 n_caps=9 minZ=0.043107 runtime=10.18s placement={7: 1416, 9: 188, 0: 1111, 1: 588, 6: 1987, 15: 0}
2026-03-16 12:58:11,492 INFO: particles=20 iter=10 n_caps=10 minZ=0.041124 runtime=10.28s placement={9: 1416, 0: 1202, 1: 2535, 6: 1662, 15: 1987, 10: 1111}
2026-03-16 12:58:21,912 INFO: particles=20 iter=10 n_caps=11 minZ=0.034832 runtime=10.42s placement={0: 1755, 1: 0, 8: 3157, 14: 1586, 2: 2080, 10: 0, 15: 451}
2026-03-16 12:58:32,599 INFO: particles=20 iter=10 n_caps=12 minZ=0.037645 runtime=10.69s placement={0: 1868, 1: 0, 6: 0, 19: 3347, 9: 1903, 14: 1733, 20: 0}
2026-03-16 12:58:43,289 INFO: particles=20 iter=10 n_caps=13 minZ=0.042431 runtime=10.69s placement={0: 0, 1: 0, 6: 2425, 19: 0, 9: 595, 14: 0, 20: 1868, 7: 0}
2026-03-16 12:58:54,236 INFO: particles=20 iter=10 n_caps=14 minZ=0.038905 runtime=10.95s placement={0: 0, 6: 0, 19: 2425, 1: 0, 9: 3347, 14: 1903, 20: 0, 7: 0, 10: 0}
2026-03-16 12:59:05,452 INFO: particles=20 iter=10 n_caps=15 minZ=0.036549 runtime=11.22s placement={6: 555, 19: 0, 0: 565, 10: 365, 1: 2334, 11: 2622, 14: 1623, 2: 2136, 9: 157, 16: 532}
2026-03-16 12:59:16,704 INFO: particles=20 iter=10 n_caps=16 minZ=0.031694 runtime=11.25s placement={11: 636, 0: 577, 10: 1504, 1: 2934, 12: 2343, 13: 613, 14: 3262, 6: 743, 15: 860, 18: 39, 9: 684, 7: 1241}
2026-03-16 12:59:27,884 INFO: particles=20 iter=10 n_caps=17 minZ=0.031793 runtime=11.18s placement={0: 1960, 10: 1663, 1: 1504, 11: 2934, 13: 798, 14: 1522, 6: 3262, 15: 743, 18: 860, 9: 577, 7: 684}
2026-03-16 12:59:39,241 INFO: particles=20 iter=10 n_caps=18 minZ=0.028474 runtime=11.36s placement={10: 0, 0: 0, 11: 941, 1: 2975, 13: 1067, 9: 387, 4: 216, 15: 3347, 20: 0, 5: 605}
2026-03-16 12:59:50,728 INFO: particles=20 iter=10 n_caps=19 minZ=0.029257 runtime=11.49s placement={0: 989, 6: 871, 1: 979, 11: 2687, 9: 454, 5: 225, 15: 19, 20: 3347, 12: 703, 7: 0, 8: 0, 10: 2135}
2026-03-16 13:00:02,427 INFO: particles=20 iter=10 n_caps=20 minZ=0.028570 runtime=11.70s placement={10: 508, 0: 1615, 1: 1839, 11: 2781, 6: 746, 3: 860, 16: 159, 18: 0, 8: 239, 5: 993, 7: 406, 9: 169}
