2026-03-24 02:06:37,242 INFO: particles=50 iter=25 n_caps=1 minZ=0.080251 runtime=32.73s placement={0: 1012}
2026-03-24 02:07:11,043 INFO: particles=50 iter=25 n_caps=2 minZ=0.053946 runtime=33.80s placement={0: 1014, 10: 1576}
2026-03-24 02:07:45,748 INFO: particles=50 iter=25 n_caps=3 minZ=0.059883 runtime=34.70s placement={10: 1014, 0: 1568, 16: 281}
2026-03-24 02:08:21,713 INFO: particles=50 iter=25 n_caps=4 minZ=0.045528 runtime=35.96s placement={0: 1012, 16: 1560, 15: 314, 10: 1693}
2026-03-24 02:08:58,224 INFO: particles=50 iter=25 n_caps=5 minZ=0.056439 runtime=36.51s placement={16: 434, 14: 1566, 10: 297, 0: 1493, 12: 0}
2026-03-24 02:09:36,487 INFO: particles=50 iter=25 n_caps=6 minZ=0.041559 runtime=38.26s placement={6: 183, 9: 1286, 0: 1012, 10: 1255, 7: 685, 17: 3222}
2026-03-24 02:10:15,176 INFO: particles=50 iter=25 n_caps=7 minZ=0.047892 runtime=38.69s placement={9: 439, 0: 1376, 6: 605, 7: 921, 16: 892, 17: 3313, 15: 911}
2026-03-24 02:10:56,526 INFO: particles=50 iter=25 n_caps=8 minZ=0.048357 runtime=41.35s placement={0: 799, 6: 785, 7: 1016, 17: 978, 14: 893, 16: 3341, 9: 1003, 19: 1731}
2026-03-24 02:11:38,134 INFO: particles=50 iter=25 n_caps=9 minZ=0.045723 runtime=41.61s placement={6: 687, 5: 617, 10: 765, 14: 396, 20: 678, 7: 2543, 18: 187, 16: 99, 0: 1085}
2026-03-24 02:12:22,023 INFO: particles=50 iter=25 n_caps=10 minZ=0.044234 runtime=43.89s placement={5: 344, 13: 1566, 14: 826, 12: 190, 6: 1437, 20: 2096, 10: 1160, 0: 901, 9: 1344, 15: 1169}
2026-03-24 02:13:05,660 INFO: particles=50 iter=25 n_caps=11 minZ=0.038709 runtime=43.64s placement={20: 158, 14: 1519, 15: 589, 11: 82, 16: 1334, 12: 1965, 0: 1012, 9: 456, 7: 2552, 1: 1019, 8: 924}
2026-03-24 02:13:48,974 INFO: particles=50 iter=25 n_caps=12 minZ=0.039253 runtime=43.31s placement={15: 432, 14: 1249, 11: 363, 12: 375, 10: 1408, 0: 892, 8: 1606, 6: 555, 1: 2383, 9: 898, 18: 3347}
2026-03-24 02:14:33,753 INFO: particles=50 iter=25 n_caps=13 minZ=0.034586 runtime=44.78s placement={20: 0, 13: 2138, 7: 0, 14: 0, 0: 3347, 10: 1538, 1: 800, 4: 2361, 17: 304, 8: 2516}
2026-03-24 02:15:20,918 INFO: particles=50 iter=25 n_caps=14 minZ=0.030665 runtime=47.16s placement={4: 227, 8: 2365, 7: 0, 0: 681, 6: 1458, 1: 1790, 16: 880, 20: 810}
2026-03-24 02:16:07,428 INFO: particles=50 iter=25 n_caps=15 minZ=0.024945 runtime=46.51s placement={15: 101, 0: 285, 1: 0, 16: 645, 20: 2449}
2026-03-24 02:16:55,981 INFO: particles=50 iter=25 n_caps=16 minZ=0.021831 runtime=48.55s placement={0: 2510, 1: 2814, 16: 750, 20: 966}
2026-03-24 02:17:43,674 INFO: particles=50 iter=25 n_caps=17 minZ=0.021709 runtime=47.69s placement={0: 68, 1: 2814, 16: 1640, 20: 668}
2026-03-24 02:18:32,810 INFO: particles=50 iter=25 n_caps=18 minZ=0.022965 runtime=49.14s placement={0: 0, 1: 2814, 16: 1014, 20: 750}
2026-03-24 02:19:23,220 INFO: particles=50 iter=25 n_caps=19 minZ=0.020607 runtime=50.41s placement={0: 148, 1: 2814, 16: 0, 20: 1640, 10: 0}
2026-03-24 02:20:13,392 INFO: particles=50 iter=25 n_caps=20 minZ=0.022164 runtime=50.17s placement={0: 0, 16: 2814, 1: 0, 20: 1014, 10: 68}
