2026-03-21 02:34:44,916 INFO: particles=80 iter=40 n_caps=1 minZ=0.087365 runtime=135.59s placement={9: 1014}
2026-03-21 02:37:04,122 INFO: particles=80 iter=40 n_caps=2 minZ=0.051974 runtime=139.21s placement={0: 1014, 10: 1487}
2026-03-21 02:39:25,364 INFO: particles=80 iter=40 n_caps=3 minZ=0.056483 runtime=141.24s placement={9: 1244, 0: 1484, 15: 500}
2026-03-21 02:41:49,261 INFO: particles=80 iter=40 n_caps=4 minZ=0.051360 runtime=143.90s placement={0: 1291, 16: 1498, 5: 510, 15: 1344}
2026-03-21 02:44:15,669 INFO: particles=80 iter=40 n_caps=5 minZ=0.050667 runtime=146.41s placement={16: 1127, 5: 1495, 15: 510, 0: 1302, 7: 0}
2026-03-21 02:46:46,535 INFO: particles=80 iter=40 n_caps=6 minZ=0.041136 runtime=150.87s placement={9: 562, 15: 736, 0: 1014, 7: 723, 13: 321, 14: 1944}
2026-03-21 02:49:18,728 INFO: particles=80 iter=40 n_caps=7 minZ=0.038349 runtime=152.19s placement={14: 1725, 0: 1014, 10: 920, 15: 613, 11: 341, 16: 1508, 9: 1569}
2026-03-21 02:51:53,423 INFO: particles=80 iter=40 n_caps=8 minZ=0.034143 runtime=154.69s placement={0: 1012, 9: 889, 16: 1349, 15: 628, 14: 753, 1: 1441}
2026-03-21 02:54:30,028 INFO: particles=80 iter=40 n_caps=9 minZ=0.031675 runtime=156.61s placement={10: 1660, 16: 858, 14: 1346, 15: 617, 0: 92, 1: 1406}
2026-03-21 02:57:09,622 INFO: particles=80 iter=40 n_caps=10 minZ=0.027330 runtime=159.59s placement={16: 1658, 14: 855, 15: 1360, 0: 95, 1: 1132, 12: 1745}
2026-03-21 02:59:52,621 INFO: particles=80 iter=40 n_caps=11 minZ=0.026778 runtime=163.00s placement={14: 1328, 15: 877, 0: 2766, 1: 1117, 13: 57}
2026-03-21 03:02:38,688 INFO: particles=80 iter=40 n_caps=12 minZ=0.028368 runtime=166.07s placement={14: 1386, 0: 2148, 1: 1085, 12: 14}
2026-03-21 03:05:27,535 INFO: particles=80 iter=40 n_caps=13 minZ=0.023596 runtime=168.85s placement={0: 3347, 1: 0, 10: 895}
2026-03-21 03:08:17,039 INFO: particles=80 iter=40 n_caps=14 minZ=0.021921 runtime=169.50s placement={0: 0, 1: 0, 10: 529}
2026-03-21 03:11:08,859 INFO: particles=80 iter=40 n_caps=15 minZ=0.021866 runtime=171.82s placement={0: 0, 1: 0, 10: 739}
2026-03-21 03:14:03,743 INFO: particles=80 iter=40 n_caps=16 minZ=0.023354 runtime=174.88s placement={0: 0, 1: 0, 9: 992, 15: 0}
2026-03-21 03:17:00,278 INFO: particles=80 iter=40 n_caps=17 minZ=0.023465 runtime=176.53s placement={0: 0, 1: 0, 9: 1440, 15: 0}
2026-03-21 03:20:00,386 INFO: particles=80 iter=40 n_caps=18 minZ=0.021790 runtime=180.11s placement={0: 0, 11: 0, 1: 1509, 15: 0, 6: 0, 7: 0}
2026-03-21 03:23:02,679 INFO: particles=80 iter=40 n_caps=19 minZ=0.023076 runtime=182.29s placement={10: 893, 0: 0, 1: 1584, 14: 3347, 6: 0, 7: 0}
2026-03-21 03:26:07,127 INFO: particles=80 iter=40 n_caps=20 minZ=0.020270 runtime=184.45s placement={0: 1836, 1: 0, 15: 2368, 6: 0, 7: 0}
