2026-03-16 13:10:42,541 INFO: particles=20 iter=10 n_caps=1 minZ=0.105269 runtime=9.47s placement={6: 1012}
2026-03-16 13:10:51,895 INFO: particles=20 iter=10 n_caps=2 minZ=0.061276 runtime=9.35s placement={0: 1012, 10: 1044}
2026-03-16 13:11:01,371 INFO: particles=20 iter=10 n_caps=3 minZ=0.063145 runtime=9.48s placement={10: 1012, 0: 1044, 15: 0}
2026-03-16 13:11:11,024 INFO: particles=20 iter=10 n_caps=4 minZ=0.047979 runtime=9.65s placement={0: 1012, 15: 1044, 16: 0, 10: 1719}
2026-03-16 13:11:20,866 INFO: particles=20 iter=10 n_caps=5 minZ=0.059683 runtime=9.84s placement={15: 1012, 16: 1044, 10: 0, 0: 1719, 7: 0}
2026-03-16 13:11:30,828 INFO: particles=20 iter=10 n_caps=6 minZ=0.065618 runtime=9.96s placement={15: 1012, 10: 1044, 0: 0, 7: 1719, 6: 0, 9: 2654}
2026-03-16 13:11:40,898 INFO: particles=20 iter=10 n_caps=7 minZ=0.054942 runtime=10.07s placement={10: 1012, 0: 1044, 7: 0, 6: 1719, 9: 0, 14: 2654, 16: 2553}
2026-03-16 13:11:51,017 INFO: particles=20 iter=10 n_caps=8 minZ=0.043337 runtime=10.12s placement={0: 1012, 7: 1044, 6: 0, 9: 1719, 14: 0, 16: 2654, 5: 2553, 2: 1826}
2026-03-16 13:12:01,258 INFO: particles=20 iter=10 n_caps=9 minZ=0.052215 runtime=10.24s placement={9: 1464, 6: 587, 7: 679, 12: 1247, 16: 0, 5: 2599, 1: 1301, 0: 1615, 10: 0}
2026-03-16 13:12:11,700 INFO: particles=20 iter=10 n_caps=10 minZ=0.040106 runtime=10.44s placement={0: 509, 8: 757, 20: 27, 15: 1601, 9: 0, 1: 2319}
2026-03-16 13:12:22,281 INFO: particles=20 iter=10 n_caps=11 minZ=0.039482 runtime=10.58s placement={8: 1242, 20: 757, 15: 27, 9: 1601, 1: 0, 0: 509, 6: 80}
2026-03-16 13:12:33,033 INFO: particles=20 iter=10 n_caps=12 minZ=0.031343 runtime=10.75s placement={20: 1186, 19: 0, 9: 13, 0: 1658, 1: 0, 4: 110, 7: 451, 5: 546}
2026-03-16 13:12:43,913 INFO: particles=20 iter=10 n_caps=13 minZ=0.032666 runtime=10.88s placement={1: 3347, 17: 0, 11: 577, 0: 3347, 2: 0, 20: 0, 6: 326, 7: 1127}
2026-03-16 13:12:54,889 INFO: particles=20 iter=10 n_caps=14 minZ=0.028377 runtime=10.98s placement={17: 3347, 11: 0, 0: 3347, 1: 1582, 20: 2737, 6: 0, 7: 326, 15: 235}
2026-03-16 13:13:05,971 INFO: particles=20 iter=10 n_caps=15 minZ=0.028380 runtime=11.08s placement={11: 3347, 0: 235, 1: 577, 20: 2034, 6: 2737, 7: 0, 15: 3347, 9: 2878}
2026-03-16 13:13:17,181 INFO: particles=20 iter=10 n_caps=16 minZ=0.028483 runtime=11.21s placement={0: 1891, 1: 0, 20: 0, 6: 2034, 7: 2737, 15: 1532, 9: 235, 10: 2878}
2026-03-16 13:13:28,602 INFO: particles=20 iter=10 n_caps=17 minZ=0.031013 runtime=11.42s placement={1: 3298, 0: 2612, 20: 1589, 7: 24, 8: 105, 16: 1080, 9: 3347, 10: 203, 5: 1748}
2026-03-16 13:13:40,145 INFO: particles=20 iter=10 n_caps=18 minZ=0.032951 runtime=11.54s placement={0: 367, 1: 0, 20: 509, 7: 1665, 9: 0, 14: 1118, 10: 1637, 8: 3347, 6: 2605, 5: 1819}
2026-03-16 13:13:51,838 INFO: particles=20 iter=10 n_caps=19 minZ=0.032036 runtime=11.69s placement={0: 0, 20: 0, 7: 729, 9: 1405, 1: 0, 18: 0, 13: 1207, 16: 36, 8: 0, 4: 2748}
2026-03-16 13:14:03,797 INFO: particles=20 iter=10 n_caps=20 minZ=0.029337 runtime=11.96s placement={20: 3347, 6: 0, 7: 1275, 0: 0, 1: 0, 19: 0, 16: 1680, 17: 1367, 5: 3347, 2: 0, 9: 0}
