2026-03-26 17:07:37,633 INFO: particles=20 iter=10 n_caps=1 minZ=0.096111 runtime=6.30s placement={14: 1541}
2026-03-26 17:07:48,017 INFO: particles=20 iter=10 n_caps=2 minZ=0.062096 runtime=10.38s placement={0: 1472, 9: 2450}
2026-03-26 17:08:04,693 INFO: particles=20 iter=10 n_caps=3 minZ=0.051960 runtime=16.68s placement={10: 1811, 0: 2304, 16: 998}
2026-03-26 17:08:26,954 INFO: particles=20 iter=10 n_caps=4 minZ=0.050241 runtime=22.26s placement={0: 1811, 16: 2304, 5: 998, 7: 1765}
2026-03-26 17:08:54,451 INFO: particles=20 iter=10 n_caps=5 minZ=0.050138 runtime=27.50s placement={16: 1689, 5: 1906, 9: 1926, 0: 2940, 15: 1935}
2026-03-26 17:09:25,275 INFO: particles=20 iter=10 n_caps=6 minZ=0.046228 runtime=30.82s placement={6: 1740, 10: 1889, 0: 1881, 15: 2834, 14: 1567, 7: 2851}
2026-03-26 17:10:00,440 INFO: particles=20 iter=10 n_caps=7 minZ=0.045408 runtime=35.16s placement={14: 2361, 0: 1388, 15: 1225, 16: 1670, 6: 1818, 20: 3347, 9: 1913}
2026-03-26 17:10:38,835 INFO: particles=20 iter=10 n_caps=8 minZ=0.044650 runtime=38.39s placement={0: 2361, 15: 1388, 16: 1225, 6: 1670, 20: 1818, 9: 3347, 10: 1913, 14: 2449}
2026-03-26 17:11:19,481 INFO: particles=20 iter=10 n_caps=9 minZ=0.041533 runtime=40.65s placement={19: 2048, 15: 1459, 17: 1433, 1: 1324, 10: 2881, 6: 2992, 0: 472}
2026-03-26 17:12:04,244 INFO: particles=20 iter=10 n_caps=10 minZ=0.035650 runtime=44.76s placement={14: 2049, 18: 1758, 0: 3231, 5: 1161, 7: 2794, 1: 2469, 16: 400}
2026-03-26 17:12:53,590 INFO: particles=20 iter=10 n_caps=11 minZ=0.033795 runtime=49.35s placement={18: 1955, 0: 437, 5: 418, 7: 1169, 1: 2779, 15: 1478, 12: 3212, 9: 3028}
2026-03-26 17:13:47,373 INFO: particles=20 iter=10 n_caps=12 minZ=0.033398 runtime=53.78s placement={0: 1372, 5: 1743, 6: 425, 1: 1324, 16: 1161, 13: 490, 9: 3141, 14: 3063, 10: 3336}
2026-03-26 17:14:45,411 INFO: particles=20 iter=10 n_caps=13 minZ=0.033227 runtime=58.04s placement={5: 1841, 7: 1730, 0: 2986, 1: 1337, 3: 2979, 14: 1265, 6: 648, 19: 3347, 18: 1337, 15: 0}
2026-03-26 17:15:47,821 INFO: particles=20 iter=10 n_caps=14 minZ=0.028499 runtime=62.41s placement={9: 1441, 0: 618, 1: 507, 6: 1281, 14: 3347, 7: 1956, 19: 526, 17: 3347, 15: 2993, 18: 0}
2026-03-26 17:16:54,946 INFO: particles=20 iter=10 n_caps=15 minZ=0.031584 runtime=67.12s placement={0: 59, 1: 1933, 8: 579, 15: 1244, 9: 1194, 13: 0, 16: 598, 10: 1624, 6: 2193, 5: 1002, 14: 2335}
2026-03-26 17:18:06,720 INFO: particles=20 iter=10 n_caps=16 minZ=0.026792 runtime=71.77s placement={0: 0, 3: 2483, 1: 531, 7: 0, 10: 990, 16: 0, 11: 3147, 14: 0, 15: 0}
2026-03-26 17:19:22,341 INFO: particles=20 iter=10 n_caps=17 minZ=0.028752 runtime=75.62s placement={0: 0, 1: 2479, 7: 1065, 10: 0, 16: 1292, 11: 0, 14: 1654, 13: 0, 8: 0}
2026-03-26 17:20:47,795 INFO: particles=20 iter=10 n_caps=18 minZ=0.023590 runtime=85.45s placement={0: 332, 1: 3347, 7: 347, 17: 0, 11: 0, 2: 0, 16: 781, 14: 1382, 15: 56, 8: 1478, 10: 66}
2026-03-26 17:22:23,636 INFO: particles=20 iter=10 n_caps=19 minZ=0.027602 runtime=95.84s placement={0: 332, 1: 3347, 7: 1329, 17: 347, 11: 2829, 2: 0, 16: 3147, 14: 781, 15: 1382, 8: 765, 10: 581, 9: 0}
2026-03-26 17:24:06,133 INFO: particles=20 iter=10 n_caps=20 minZ=0.025746 runtime=102.50s placement={0: 392, 1: 3153, 8: 0, 17: 2072, 7: 617, 15: 630, 2: 3347, 9: 996, 4: 1629, 13: 0, 10: 362, 3: 0}
