2026-03-21 21:37:05,097 INFO: particles=50 iter=40 n_caps=1 minZ=0.080251 runtime=86.50s placement={0: 1014}
2026-03-21 21:38:33,421 INFO: particles=50 iter=40 n_caps=2 minZ=0.052851 runtime=88.32s placement={0: 1014, 9: 1480}
2026-03-21 21:40:03,490 INFO: particles=50 iter=40 n_caps=3 minZ=0.059097 runtime=90.07s placement={9: 1014, 0: 1476, 10: 3}
2026-03-21 21:41:35,297 INFO: particles=50 iter=40 n_caps=4 minZ=0.042449 runtime=91.81s placement={0: 1014, 10: 1465, 14: 387, 5: 1593}
2026-03-21 21:43:08,576 INFO: particles=50 iter=40 n_caps=5 minZ=0.051264 runtime=93.28s placement={10: 1014, 14: 1464, 5: 344, 0: 1688, 6: 0}
2026-03-21 21:44:43,504 INFO: particles=50 iter=40 n_caps=6 minZ=0.049409 runtime=94.93s placement={14: 1014, 5: 1464, 0: 344, 6: 1688, 7: 0, 10: 1810}
2026-03-21 21:46:20,037 INFO: particles=50 iter=40 n_caps=7 minZ=0.049804 runtime=96.53s placement={5: 884, 0: 1476, 6: 366, 7: 1686, 9: 0, 10: 1610, 16: 2215}
2026-03-21 21:47:58,402 INFO: particles=50 iter=40 n_caps=8 minZ=0.039192 runtime=98.36s placement={0: 1014, 5: 2351, 7: 1164, 14: 1362, 15: 1299, 16: 1371, 18: 2762}
2026-03-21 21:49:38,617 INFO: particles=50 iter=40 n_caps=9 minZ=0.034399 runtime=100.21s placement={0: 864, 1: 2221, 11: 942, 15: 1063, 17: 1094}
2026-03-21 21:51:20,548 INFO: particles=50 iter=40 n_caps=10 minZ=0.029649 runtime=101.93s placement={0: 1660, 1: 1644, 9: 1191, 12: 884, 2: 0}
2026-03-21 21:53:03,813 INFO: particles=50 iter=40 n_caps=11 minZ=0.027638 runtime=103.26s placement={0: 5, 1: 0, 7: 1680, 12: 1282}
2026-03-21 21:54:48,589 INFO: particles=50 iter=40 n_caps=12 minZ=0.025683 runtime=104.78s placement={0: 0, 1: 0, 8: 1554, 12: 457}
2026-03-21 21:56:34,682 INFO: particles=50 iter=40 n_caps=13 minZ=0.025140 runtime=106.09s placement={0: 4, 7: 0, 1: 1692, 12: 1190, 8: 20}
2026-03-21 21:58:23,003 INFO: particles=50 iter=40 n_caps=14 minZ=0.024654 runtime=108.32s placement={6: 812, 0: 419, 1: 1418, 9: 1127, 10: 685, 8: 115}
2026-03-21 22:00:12,522 INFO: particles=50 iter=40 n_caps=15 minZ=0.020973 runtime=109.52s placement={0: 1044, 1: 203, 9: 2188, 10: 0, 11: 365}
2026-03-21 22:02:03,219 INFO: particles=50 iter=40 n_caps=16 minZ=0.022589 runtime=110.70s placement={0: 1044, 1: 203, 9: 1532, 10: 1127, 11: 686, 15: 0}
2026-03-21 22:03:55,713 INFO: particles=50 iter=40 n_caps=17 minZ=0.020780 runtime=112.49s placement={0: 0, 9: 203, 1: 1532, 10: 1249, 11: 0, 15: 1044}
2026-03-21 22:05:49,485 INFO: particles=50 iter=40 n_caps=18 minZ=0.022352 runtime=113.77s placement={9: 773, 0: 0, 1: 1532, 10: 1014, 11: 1127, 15: 413}
2026-03-21 22:07:44,672 INFO: particles=50 iter=40 n_caps=19 minZ=0.020666 runtime=115.19s placement={0: 1549, 1: 203, 9: 1425, 10: 1249, 15: 91}
2026-03-21 22:09:41,342 INFO: particles=50 iter=40 n_caps=20 minZ=0.020551 runtime=116.67s placement={0: 0, 1: 203, 9: 753, 10: 1014, 15: 365}
