2026-03-21 03:50:29,929 INFO: particles=30 iter=50 n_caps=1 minZ=0.080251 runtime=64.85s placement={0: 1014}
2026-03-21 03:51:36,101 INFO: particles=30 iter=50 n_caps=2 minZ=0.056034 runtime=66.17s placement={0: 1012, 7: 1476}
2026-03-21 03:52:43,527 INFO: particles=30 iter=50 n_caps=3 minZ=0.059174 runtime=67.43s placement={0: 1303, 9: 1242, 5: 764}
2026-03-21 03:53:52,351 INFO: particles=30 iter=50 n_caps=4 minZ=0.054102 runtime=68.82s placement={9: 1300, 5: 1456, 0: 766, 6: 771}
2026-03-21 03:55:02,371 INFO: particles=30 iter=50 n_caps=5 minZ=0.042661 runtime=70.02s placement={6: 1113, 0: 1012, 7: 893, 11: 846, 14: 1591}
2026-03-21 03:56:13,520 INFO: particles=30 iter=50 n_caps=6 minZ=0.043053 runtime=71.15s placement={0: 1014, 5: 971, 12: 629, 14: 840, 16: 1609, 15: 1039}
2026-03-21 03:57:26,199 INFO: particles=30 iter=50 n_caps=7 minZ=0.046780 runtime=72.68s placement={6: 2569, 0: 1127, 7: 76, 14: 1045, 15: 1182, 18: 300, 10: 798}
2026-03-21 03:58:39,688 INFO: particles=30 iter=50 n_caps=8 minZ=0.047025 runtime=73.49s placement={0: 2592, 7: 1112, 14: 87, 15: 1056, 17: 1184, 10: 342, 9: 1092, 5: 765}
2026-03-21 03:59:54,387 INFO: particles=30 iter=50 n_caps=9 minZ=0.039845 runtime=74.70s placement={5: 2771, 14: 908, 15: 251, 17: 2021, 10: 1370, 9: 2028, 0: 1012, 1: 786, 3: 30}
2026-03-21 04:01:10,969 INFO: particles=30 iter=50 n_caps=10 minZ=0.029820 runtime=76.58s placement={0: 1012, 1: 25, 12: 877, 11: 781, 20: 3347}
2026-03-21 04:02:28,110 INFO: particles=30 iter=50 n_caps=11 minZ=0.027988 runtime=77.14s placement={0: 0, 12: 24, 1: 877, 13: 2626, 20: 669}
2026-03-21 04:03:46,317 INFO: particles=30 iter=50 n_caps=12 minZ=0.028767 runtime=78.21s placement={10: 1465, 0: 129, 12: 883, 1: 2643, 20: 913}
2026-03-21 04:05:05,798 INFO: particles=30 iter=50 n_caps=13 minZ=0.024099 runtime=79.48s placement={0: 1717, 11: 23, 1: 833, 20: 1264}
2026-03-21 04:06:26,709 INFO: particles=30 iter=50 n_caps=14 minZ=0.025856 runtime=80.91s placement={11: 1354, 0: 0, 1: 835, 20: 901}
2026-03-21 04:07:48,696 INFO: particles=30 iter=50 n_caps=15 minZ=0.022126 runtime=81.99s placement={0: 1990, 1: 34, 20: 2761}
2026-03-21 04:09:11,556 INFO: particles=30 iter=50 n_caps=16 minZ=0.019667 runtime=82.86s placement={0: 1978, 1: 32, 20: 904, 7: 1}
2026-03-21 04:10:35,719 INFO: particles=30 iter=50 n_caps=17 minZ=0.019999 runtime=84.16s placement={0: 0, 20: 32, 1: 904, 7: 1978}
2026-03-21 04:12:00,947 INFO: particles=30 iter=50 n_caps=18 minZ=0.020094 runtime=85.23s placement={20: 1352, 0: 0, 1: 904, 7: 0, 6: 0}
2026-03-21 04:13:27,331 INFO: particles=30 iter=50 n_caps=19 minZ=0.018895 runtime=86.38s placement={0: 3347, 1: 32, 7: 1676, 6: 0, 15: 0}
2026-03-21 04:14:54,567 INFO: particles=30 iter=50 n_caps=20 minZ=0.019016 runtime=87.24s placement={0: 0, 1: 32, 7: 110, 6: 1, 15: 0}
