2026-03-23 11:35:58,405 INFO: particles=80 iter=25 n_caps=1 minZ=0.085029 runtime=89.28s placement={0: 1317}
2026-03-23 11:37:30,798 INFO: particles=80 iter=25 n_caps=2 minZ=0.068389 runtime=92.39s placement={0: 1324, 10: 1012}
2026-03-23 11:39:08,087 INFO: particles=80 iter=25 n_caps=3 minZ=0.045579 runtime=97.29s placement={16: 1613, 0: 1012, 6: 433}
2026-03-23 11:40:46,932 INFO: particles=80 iter=25 n_caps=4 minZ=0.055249 runtime=98.84s placement={0: 1595, 10: 1088, 9: 433, 7: 1276}
2026-03-23 11:42:26,521 INFO: particles=80 iter=25 n_caps=5 minZ=0.049129 runtime=99.59s placement={6: 1564, 7: 2949, 10: 223, 0: 1014, 16: 139}
2026-03-23 11:44:07,361 INFO: particles=80 iter=25 n_caps=6 minZ=0.044148 runtime=100.84s placement={1: 2196, 9: 2560, 0: 1012, 16: 979, 7: 1145, 8: 651}
2026-03-23 11:45:49,783 INFO: particles=80 iter=25 n_caps=7 minZ=0.035307 runtime=102.42s placement={0: 1132, 1: 3347, 16: 1414, 7: 712, 9: 887}
2026-03-23 11:47:45,549 INFO: particles=80 iter=25 n_caps=8 minZ=0.031384 runtime=115.77s placement={0: 92, 15: 3347, 7: 1406, 6: 818, 1: 894}
2026-03-23 11:49:31,914 INFO: particles=80 iter=25 n_caps=9 minZ=0.031735 runtime=106.36s placement={15: 1615, 7: 3347, 6: 1406, 0: 0, 1: 894}
2026-03-23 11:51:18,634 INFO: particles=80 iter=25 n_caps=10 minZ=0.028543 runtime=106.72s placement={7: 1615, 6: 3347, 0: 2590, 1: 818}
2026-03-23 11:53:21,646 INFO: particles=80 iter=25 n_caps=11 minZ=0.024772 runtime=123.01s placement={6: 1579, 0: 1203, 1: 1382}
2026-03-23 11:55:08,607 INFO: particles=80 iter=25 n_caps=12 minZ=0.023022 runtime=106.96s placement={0: 1137, 1: 3347}
2026-03-23 11:56:58,117 INFO: particles=80 iter=25 n_caps=13 minZ=0.022688 runtime=109.51s placement={0: 1137, 1: 3347, 7: 0}
2026-03-23 11:58:49,943 INFO: particles=80 iter=25 n_caps=14 minZ=0.022754 runtime=111.83s placement={0: 0, 1: 3347, 7: 1137}
2026-03-23 12:00:43,488 INFO: particles=80 iter=25 n_caps=15 minZ=0.022560 runtime=113.55s placement={0: 0, 1: 3347, 7: 1203}
2026-03-23 12:02:38,928 INFO: particles=80 iter=25 n_caps=16 minZ=0.022144 runtime=115.44s placement={0: 0, 1: 3347, 7: 2596}
2026-03-23 12:04:34,405 INFO: particles=80 iter=25 n_caps=17 minZ=0.021485 runtime=115.48s placement={0: 0, 1: 3347, 7: 0, 10: 0}
2026-03-23 12:06:29,881 INFO: particles=80 iter=25 n_caps=18 minZ=0.022022 runtime=115.48s placement={0: 0, 1: 3347, 7: 95, 10: 0}
2026-03-23 12:08:26,959 INFO: particles=80 iter=25 n_caps=19 minZ=0.022313 runtime=117.08s placement={0: 0, 1: 3347, 7: 1127, 10: 0}
2026-03-23 12:10:27,136 INFO: particles=80 iter=25 n_caps=20 minZ=0.023038 runtime=120.18s placement={0: 0, 1: 3347, 7: 1012, 10: 0}
