2026-03-29 10:18:39,547 INFO: particles=20 iter=15 n_caps=1 minZ=0.062708 runtime=7.92s placement={0: 1230}
2026-03-29 10:18:54,207 INFO: particles=20 iter=15 n_caps=2 minZ=0.054535 runtime=14.66s placement={15: 2389, 0: 1070}
2026-03-29 10:19:15,420 INFO: particles=20 iter=15 n_caps=3 minZ=0.051746 runtime=21.21s placement={0: 2357, 9: 990, 10: 2657}
2026-03-29 10:19:44,043 INFO: particles=20 iter=15 n_caps=4 minZ=0.052436 runtime=28.62s placement={9: 2357, 10: 990, 0: 2657, 15: 0}
2026-03-29 10:20:18,495 INFO: particles=20 iter=15 n_caps=5 minZ=0.042185 runtime=34.45s placement={8: 2350, 0: 1012, 15: 2928, 10: 0, 14: 1695}
2026-03-29 10:20:59,927 INFO: particles=20 iter=15 n_caps=6 minZ=0.046536 runtime=41.43s placement={0: 990, 17: 373, 15: 2852, 19: 0, 7: 1919, 20: 1548}
2026-03-29 10:21:47,306 INFO: particles=20 iter=15 n_caps=7 minZ=0.037099 runtime=47.38s placement={0: 1662, 11: 2280, 9: 2042, 1: 2785, 20: 0}
2026-03-29 10:22:41,690 INFO: particles=20 iter=15 n_caps=8 minZ=0.041082 runtime=54.38s placement={15: 989, 10: 1909, 0: 2785, 20: 2887, 1: 0, 16: 1696, 19: 0}
2026-03-29 10:23:42,546 INFO: particles=20 iter=15 n_caps=9 minZ=0.044136 runtime=60.86s placement={0: 1666, 1: 2085, 16: 1012, 4: 450, 11: 1221, 14: 2277, 3: 178}
2026-03-29 10:24:53,813 INFO: particles=20 iter=15 n_caps=10 minZ=0.035669 runtime=71.27s placement={0: 1915, 16: 3229, 1: 455, 4: 1861, 7: 2827, 15: 3089, 5: 0}
2026-03-29 10:26:07,638 INFO: particles=20 iter=15 n_caps=11 minZ=0.030853 runtime=73.82s placement={16: 1053, 1: 3187, 0: 1071, 2: 1974, 7: 2359, 15: 3231, 5: 3128, 19: 974}
2026-03-29 10:27:27,869 INFO: particles=20 iter=15 n_caps=12 minZ=0.029655 runtime=80.23s placement={1: 1053, 0: 2828, 2: 54, 7: 1974, 15: 2359, 5: 3231, 19: 1071}
2026-03-29 10:28:54,328 INFO: particles=20 iter=15 n_caps=13 minZ=0.026062 runtime=86.46s placement={0: 0, 1: 3347, 7: 0, 16: 1164, 19: 3347, 17: 2895}
2026-03-29 10:30:27,290 INFO: particles=20 iter=15 n_caps=14 minZ=0.026739 runtime=92.96s placement={0: 2928, 1: 3347, 9: 1310, 18: 0, 19: 3347, 15: 543, 13: 0, 16: 0}
2026-03-29 10:32:08,096 INFO: particles=20 iter=15 n_caps=15 minZ=0.030309 runtime=100.80s placement={0: 0, 1: 3347, 9: 668, 18: 1310, 19: 1136, 15: 956, 13: 2928, 16: 0}
2026-03-29 10:33:58,751 INFO: particles=20 iter=15 n_caps=16 minZ=0.026299 runtime=110.65s placement={0: 2015, 6: 2006, 1: 924, 20: 0, 19: 1306, 9: 3347, 11: 1983, 16: 2915, 10: 618}
2026-03-29 10:35:56,112 INFO: particles=20 iter=15 n_caps=17 minZ=0.026111 runtime=117.36s placement={6: 683, 0: 837, 1: 567, 20: 1415, 16: 0, 7: 1775, 10: 683, 17: 2499, 19: 2119, 5: 637}
2026-03-29 10:38:02,223 INFO: particles=20 iter=15 n_caps=18 minZ=0.024350 runtime=126.11s placement={13: 776, 0: 957, 16: 1221, 14: 908, 1: 0, 10: 701, 11: 3347, 8: 946, 2: 3259, 19: 2029, 5: 1034, 7: 143}
2026-03-29 10:40:11,208 INFO: particles=20 iter=15 n_caps=19 minZ=0.024303 runtime=128.98s placement={0: 3186, 14: 3347, 15: 824, 1: 0, 10: 96, 11: 281, 17: 3347, 19: 0, 4: 1976, 9: 1264, 16: 488}
2026-03-29 10:42:26,462 INFO: particles=20 iter=15 n_caps=20 minZ=0.024745 runtime=135.25s placement={17: 974, 15: 3347, 0: 0, 1: 50, 9: 0, 14: 365, 18: 163, 20: 3099, 4: 0, 10: 1197, 16: 109, 8: 3167}
