2026-03-23 05:13:20,949 INFO: particles=30 iter=25 n_caps=1 minZ=0.089207 runtime=20.06s placement={0: 1488}
2026-03-23 05:13:41,899 INFO: particles=30 iter=25 n_caps=2 minZ=0.068019 runtime=20.95s placement={9: 610, 0: 1319}
2026-03-23 05:14:03,432 INFO: particles=30 iter=25 n_caps=3 minZ=0.048068 runtime=21.53s placement={0: 1012, 5: 1021, 16: 1725}
2026-03-23 05:14:24,823 INFO: particles=30 iter=25 n_caps=4 minZ=0.043245 runtime=21.39s placement={0: 1012, 7: 1014, 9: 1455, 15: 1754}
2026-03-23 05:14:46,759 INFO: particles=30 iter=25 n_caps=5 minZ=0.055083 runtime=21.94s placement={7: 1012, 9: 1014, 15: 1455, 0: 1754, 5: 0}
2026-03-23 05:15:09,194 INFO: particles=30 iter=25 n_caps=6 minZ=0.045830 runtime=22.43s placement={9: 1012, 15: 1014, 0: 1186, 5: 1754, 1: 0}
2026-03-23 05:15:32,565 INFO: particles=30 iter=25 n_caps=7 minZ=0.034315 runtime=23.37s placement={15: 1091, 0: 1415, 5: 1457, 1: 1771}
2026-03-23 05:15:56,325 INFO: particles=30 iter=25 n_caps=8 minZ=0.032867 runtime=23.76s placement={0: 1061, 5: 1226, 1: 2042}
2026-03-23 05:16:20,591 INFO: particles=30 iter=25 n_caps=9 minZ=0.028243 runtime=24.27s placement={0: 93, 1: 1485}
2026-03-23 05:16:45,497 INFO: particles=30 iter=25 n_caps=10 minZ=0.026687 runtime=24.91s placement={0: 82, 1: 1485}
2026-03-23 05:17:10,858 INFO: particles=30 iter=25 n_caps=11 minZ=0.026340 runtime=25.36s placement={0: 0, 1: 1485}
2026-03-23 05:17:36,477 INFO: particles=30 iter=25 n_caps=12 minZ=0.026132 runtime=25.62s placement={0: 0, 1: 1485}
2026-03-23 05:18:02,537 INFO: particles=30 iter=25 n_caps=13 minZ=0.025928 runtime=26.06s placement={0: 0, 1: 1485}
2026-03-23 05:18:29,373 INFO: particles=30 iter=25 n_caps=14 minZ=0.023053 runtime=26.83s placement={0: 0, 1: 1224, 10: 0, 12: 0}
2026-03-23 05:18:56,929 INFO: particles=30 iter=25 n_caps=15 minZ=0.022727 runtime=27.56s placement={0: 0, 1: 1224, 10: 0, 12: 0, 7: 0}
2026-03-23 05:19:24,538 INFO: particles=30 iter=25 n_caps=16 minZ=0.022420 runtime=27.61s placement={0: 0, 1: 1224, 10: 0, 12: 0, 7: 0}
2026-03-23 05:19:53,169 INFO: particles=30 iter=25 n_caps=17 minZ=0.022169 runtime=28.63s placement={0: 0, 1: 1224, 10: 101, 12: 0, 7: 0, 15: 0}
2026-03-23 05:20:22,342 INFO: particles=30 iter=25 n_caps=18 minZ=0.023037 runtime=29.17s placement={0: 0, 1: 1224, 10: 221, 12: 101, 7: 0, 15: 0}
2026-03-23 05:20:51,949 INFO: particles=30 iter=25 n_caps=19 minZ=0.025915 runtime=29.61s placement={0: 0, 1: 1164, 10: 954, 11: 24, 7: 538, 15: 217}
2026-03-23 05:21:22,665 INFO: particles=30 iter=25 n_caps=20 minZ=0.025417 runtime=30.72s placement={0: 0, 1: 1164, 10: 1388, 11: 954, 7: 256, 15: 0}
