2026-04-02 17:59:49,820 INFO: particles=30 iter=15 n_caps=1 minZ=0.105044 runtime=22.91s placement={0: 984}
2026-04-02 18:00:12,904 INFO: particles=30 iter=15 n_caps=2 minZ=0.091383 runtime=23.08s placement={0: 1376, 15: 0}
2026-04-02 18:00:37,606 INFO: particles=30 iter=15 n_caps=3 minZ=0.060453 runtime=24.70s placement={0: 1012, 12: 3244, 7: 2127}
2026-04-02 18:01:02,272 INFO: particles=30 iter=15 n_caps=4 minZ=0.060634 runtime=24.67s placement={10: 1209, 0: 1559, 15: 915, 6: 1348}
2026-04-02 18:01:26,292 INFO: particles=30 iter=15 n_caps=5 minZ=0.052707 runtime=24.02s placement={0: 1169, 15: 982, 6: 941, 7: 1403, 14: 1572}
2026-04-02 18:01:50,781 INFO: particles=30 iter=15 n_caps=6 minZ=0.048273 runtime=24.49s placement={14: 1293, 6: 807, 5: 916, 15: 1588, 0: 1455, 7: 587}
2026-04-02 18:02:16,374 INFO: particles=30 iter=15 n_caps=7 minZ=0.049738 runtime=25.59s placement={6: 1293, 5: 807, 14: 916, 0: 1588, 7: 1455, 10: 587, 9: 2351}
2026-04-02 18:02:43,920 INFO: particles=30 iter=15 n_caps=8 minZ=0.043979 runtime=27.55s placement={5: 1232, 15: 881, 0: 899, 6: 1460, 10: 1477, 9: 606, 13: 2203, 7: 1142}
2026-04-02 18:03:10,465 INFO: particles=30 iter=15 n_caps=9 minZ=0.045664 runtime=26.54s placement={15: 819, 0: 1020, 7: 867, 10: 1551, 4: 1497, 14: 499, 8: 1907, 6: 1017, 9: 898}
2026-04-02 18:03:37,279 INFO: particles=30 iter=15 n_caps=10 minZ=0.047193 runtime=26.81s placement={0: 965, 6: 899, 8: 860, 9: 1296, 16: 1832, 7: 510, 5: 1905, 14: 1018, 10: 124, 20: 2596}
2026-04-02 18:04:04,290 INFO: particles=30 iter=15 n_caps=11 minZ=0.047982 runtime=27.01s placement={6: 965, 8: 899, 9: 860, 16: 1296, 7: 1832, 5: 510, 14: 1905, 10: 1018, 20: 124, 0: 2596, 15: 0}
2026-04-02 18:04:32,289 INFO: particles=30 iter=15 n_caps=12 minZ=0.048150 runtime=28.00s placement={8: 965, 9: 0, 16: 860, 7: 1296, 6: 1832, 14: 510, 10: 1905, 20: 1018, 0: 124, 15: 2596, 5: 1080}
2026-04-02 18:05:02,444 INFO: particles=30 iter=15 n_caps=13 minZ=0.034435 runtime=30.15s placement={11: 930, 16: 504, 7: 1465, 5: 842, 14: 1818, 10: 1112, 1: 3347, 0: 1088, 15: 137, 12: 2737, 8: 0, 9: 1507}
2026-04-02 18:05:33,204 INFO: particles=30 iter=15 n_caps=14 minZ=0.034029 runtime=30.76s placement={16: 301, 11: 293, 6: 1501, 18: 294, 12: 2232, 0: 2043, 1: 3347, 15: 1184, 10: 201, 14: 183, 20: 0}
2026-04-02 18:06:03,588 INFO: particles=30 iter=15 n_caps=15 minZ=0.033610 runtime=30.38s placement={0: 1224, 20: 825, 18: 822, 12: 377, 1: 2036, 17: 3199, 16: 1353, 13: 532, 19: 0, 14: 1417}
2026-04-02 18:06:33,746 INFO: particles=30 iter=15 n_caps=16 minZ=0.030828 runtime=30.16s placement={20: 0, 19: 0, 11: 180, 0: 1482, 1: 2171, 18: 3347, 17: 3347, 12: 1601}
2026-04-02 18:07:01,241 INFO: particles=30 iter=15 n_caps=17 minZ=0.031463 runtime=27.49s placement={14: 426, 6: 3299, 1: 100, 0: 1291, 20: 1252, 10: 2209, 16: 3246, 11: 2715, 5: 0, 9: 887, 4: 3347, 12: 1272}
2026-04-02 18:07:33,128 INFO: particles=30 iter=15 n_caps=18 minZ=0.030547 runtime=31.89s placement={0: 2625, 1: 3347, 20: 0, 9: 1384, 18: 2430, 2: 3347, 10: 406, 6: 854, 5: 3347}
2026-04-02 18:08:05,488 INFO: particles=30 iter=15 n_caps=19 minZ=0.027975 runtime=32.36s placement={0: 2323, 1: 3347, 20: 0, 9: 0, 18: 2136, 2: 2408, 10: 0, 6: 391, 5: 921, 4: 2793, 8: 0}
2026-04-02 18:08:37,441 INFO: particles=30 iter=15 n_caps=20 minZ=0.028171 runtime=31.95s placement={0: 0, 20: 3347, 1: 0, 19: 1821, 9: 363, 8: 0, 6: 213, 7: 3015, 16: 0}
