2026-03-30 13:23:14,914 INFO: particles=20 iter=40 n_caps=1 minZ=0.062708 runtime=21.23s placement={0: 1229}
2026-03-30 13:23:53,859 INFO: particles=20 iter=40 n_caps=2 minZ=0.063287 runtime=38.94s placement={9: 1230, 15: 1070}
2026-03-30 13:24:53,379 INFO: particles=20 iter=40 n_caps=3 minZ=0.041163 runtime=59.52s placement={15: 1267, 0: 1012, 9: 1632}
2026-03-30 13:26:09,702 INFO: particles=20 iter=40 n_caps=4 minZ=0.042435 runtime=76.32s placement={0: 1014, 9: 943, 10: 1589, 15: 2645}
2026-03-30 13:27:41,289 INFO: particles=20 iter=40 n_caps=5 minZ=0.043759 runtime=91.59s placement={10: 1947, 14: 1091, 15: 1662, 0: 990, 12: 0}
2026-03-30 13:29:30,002 INFO: particles=20 iter=40 n_caps=6 minZ=0.041070 runtime=108.71s placement={15: 1773, 14: 1085, 0: 1297, 10: 998, 8: 0, 9: 1196}
2026-03-30 13:31:36,889 INFO: particles=20 iter=40 n_caps=7 minZ=0.035257 runtime=126.89s placement={14: 1756, 0: 1014, 9: 1365, 10: 1370, 2: 113, 5: 1428, 12: 2694}
2026-03-30 13:34:06,958 INFO: particles=20 iter=40 n_caps=8 minZ=0.042489 runtime=150.07s placement={0: 1721, 9: 1002, 10: 1487, 2: 1182, 5: 120, 12: 1440, 6: 2663, 15: 2452}
2026-03-30 13:36:53,873 INFO: particles=20 iter=40 n_caps=9 minZ=0.031828 runtime=166.91s placement={9: 1529, 10: 968, 0: 0, 1: 972, 12: 105, 15: 3239}
2026-03-30 13:39:59,078 INFO: particles=20 iter=40 n_caps=10 minZ=0.025274 runtime=185.20s placement={10: 363, 1: 2, 0: 2063, 9: 971, 6: 0}
2026-03-30 13:43:21,443 INFO: particles=20 iter=40 n_caps=11 minZ=0.024558 runtime=202.36s placement={1: 365, 0: 1765, 9: 1400, 6: 2002, 10: 2028}
2026-03-30 13:46:56,860 INFO: particles=20 iter=40 n_caps=12 minZ=0.023468 runtime=215.42s placement={0: 421, 8: 1, 1: 1434, 2: 1379, 9: 0, 6: 1458}
2026-03-30 13:50:51,919 INFO: particles=20 iter=40 n_caps=13 minZ=0.024960 runtime=235.06s placement={6: 69, 0: 0, 1: 0, 9: 2922, 2: 0}
2026-03-30 13:55:00,620 INFO: particles=20 iter=40 n_caps=14 minZ=0.022673 runtime=248.70s placement={0: 1136, 1: 12, 9: 359, 2: 2908}
2026-03-30 13:59:31,981 INFO: particles=20 iter=40 n_caps=15 minZ=0.022611 runtime=271.36s placement={0: 0, 1: 12, 9: 1776, 2: 359}
2026-03-30 14:04:20,443 INFO: particles=20 iter=40 n_caps=16 minZ=0.021779 runtime=288.46s placement={0: 0, 1: 10, 9: 1127, 2: 1273}
2026-03-30 14:09:27,325 INFO: particles=20 iter=40 n_caps=17 minZ=0.022978 runtime=306.88s placement={0: 0, 1: 10, 9: 951, 2: 0}
2026-03-30 14:14:54,282 INFO: particles=20 iter=40 n_caps=18 minZ=0.021710 runtime=326.96s placement={0: 0, 1: 9, 9: 0, 2: 0}
2026-03-30 14:20:42,509 INFO: particles=20 iter=40 n_caps=19 minZ=0.022152 runtime=348.23s placement={0: 0, 9: 9, 1: 0, 2: 727, 7: 0}
2026-03-30 14:26:58,631 INFO: particles=20 iter=40 n_caps=20 minZ=0.020064 runtime=376.12s placement={9: 49, 0: 0, 1: 0, 2: 0, 7: 0, 10: 0}
