2026-04-02 09:14:17,416 INFO: particles=20 iter=50 n_caps=1 minZ=0.080251 runtime=47.17s placement={0: 1014}
2026-04-02 09:15:02,641 INFO: particles=20 iter=50 n_caps=2 minZ=0.070802 runtime=45.22s placement={10: 2350, 0: 1300}
2026-04-02 09:15:52,884 INFO: particles=20 iter=50 n_caps=3 minZ=0.046779 runtime=50.24s placement={0: 1014, 9: 1185, 10: 1710}
2026-04-02 09:16:44,549 INFO: particles=20 iter=50 n_caps=4 minZ=0.055098 runtime=51.66s placement={9: 1012, 10: 1197, 0: 1705, 7: 0}
2026-04-02 09:17:41,983 INFO: particles=20 iter=50 n_caps=5 minZ=0.053728 runtime=57.43s placement={9: 1012, 0: 1197, 7: 1705, 6: 0, 10: 1564}
2026-04-02 09:18:31,085 INFO: particles=20 iter=50 n_caps=6 minZ=0.040195 runtime=49.10s placement={0: 1012, 7: 1388, 6: 1706, 9: 0, 10: 1565, 14: 1276}
2026-04-02 09:19:24,599 INFO: particles=20 iter=50 n_caps=7 minZ=0.036648 runtime=53.51s placement={10: 1086, 0: 852, 7: 1767, 1: 0, 18: 1862}
2026-04-02 09:20:25,359 INFO: particles=20 iter=50 n_caps=8 minZ=0.031765 runtime=60.76s placement={0: 837, 7: 1977, 1: 1562, 17: 0, 16: 1399}
2026-04-02 09:21:30,324 INFO: particles=20 iter=50 n_caps=9 minZ=0.032707 runtime=64.96s placement={7: 1085, 0: 1, 17: 1562, 1: 0, 16: 837}
2026-04-02 09:22:39,951 INFO: particles=20 iter=50 n_caps=10 minZ=0.031492 runtime=69.63s placement={0: 1258, 20: 2251, 1: 1657, 15: 840, 8: 0}
2026-04-02 09:23:43,115 INFO: particles=20 iter=50 n_caps=11 minZ=0.032125 runtime=63.16s placement={20: 769, 7: 1950, 0: 1612, 1: 0, 16: 1097, 9: 448, 5: 0}
2026-04-02 09:24:43,126 INFO: particles=20 iter=50 n_caps=12 minZ=0.032180 runtime=60.01s placement={1: 153, 0: 3347, 15: 0}
2026-04-02 09:25:45,472 INFO: particles=20 iter=50 n_caps=13 minZ=0.026449 runtime=62.35s placement={0: 858, 1: 1365, 16: 740, 8: 2824}
2026-04-02 09:26:47,292 INFO: particles=20 iter=50 n_caps=14 minZ=0.025540 runtime=61.82s placement={0: 0, 16: 1388, 1: 764, 8: 0, 10: 859}
2026-04-02 09:27:54,084 INFO: particles=20 iter=50 n_caps=15 minZ=0.023227 runtime=66.79s placement={16: 12, 0: 0, 1: 720, 8: 850, 11: 2838}
2026-04-02 09:28:58,311 INFO: particles=20 iter=50 n_caps=16 minZ=0.023128 runtime=64.23s placement={0: 2782, 1: 1391, 8: 1791, 11: 0}
2026-04-02 09:29:58,265 INFO: particles=20 iter=50 n_caps=17 minZ=0.022056 runtime=59.95s placement={0: 0, 1: 1392, 9: 657, 17: 833}
2026-04-02 09:30:59,546 INFO: particles=20 iter=50 n_caps=18 minZ=0.023394 runtime=61.28s placement={0: 0, 1: 1415, 9: 1016, 17: 2508}
2026-04-02 09:32:05,389 INFO: particles=20 iter=50 n_caps=19 minZ=0.021792 runtime=65.84s placement={0: 66, 1: 1416, 9: 3347, 16: 726}
2026-04-02 09:33:16,506 INFO: particles=20 iter=50 n_caps=20 minZ=0.024002 runtime=71.12s placement={0: 0, 1: 1714, 9: 993, 16: 1012}
