2026-03-27 14:01:49,967 INFO: particles=20 iter=25 n_caps=1 minZ=0.071104 runtime=15.91s placement={0: 1318}
2026-03-27 14:02:19,075 INFO: particles=20 iter=25 n_caps=2 minZ=0.059818 runtime=29.11s placement={6: 2657, 0: 910}
2026-03-27 14:03:01,298 INFO: particles=20 iter=25 n_caps=3 minZ=0.052243 runtime=42.22s placement={0: 2657, 9: 910, 10: 1098}
2026-03-27 14:03:55,012 INFO: particles=20 iter=25 n_caps=4 minZ=0.052787 runtime=53.71s placement={9: 2798, 10: 1316, 0: 1672, 8: 0}
2026-03-27 14:04:58,200 INFO: particles=20 iter=25 n_caps=5 minZ=0.045775 runtime=63.19s placement={10: 2798, 0: 1316, 9: 1672, 7: 0, 15: 1596}
2026-03-27 14:06:14,230 INFO: particles=20 iter=25 n_caps=6 minZ=0.045844 runtime=76.03s placement={0: 2782, 9: 1300, 7: 1673, 15: 0, 10: 1584, 16: 1809}
2026-03-27 14:07:42,187 INFO: particles=20 iter=25 n_caps=7 minZ=0.037197 runtime=87.96s placement={9: 2975, 6: 1630, 15: 1037, 10: 0, 16: 1499, 12: 2108, 0: 1014}
2026-03-27 14:09:26,866 INFO: particles=20 iter=25 n_caps=8 minZ=0.040274 runtime=104.68s placement={6: 1445, 16: 1128, 9: 1188, 10: 0, 15: 2393, 0: 1436, 7: 1991, 14: 1282}
2026-03-27 14:11:19,724 INFO: particles=20 iter=25 n_caps=9 minZ=0.038283 runtime=112.86s placement={16: 1445, 9: 1128, 10: 1188, 15: 0, 0: 2393, 6: 1436, 14: 1991, 5: 1282, 7: 1053}
2026-03-27 14:13:28,966 INFO: particles=20 iter=25 n_caps=10 minZ=0.034798 runtime=129.24s placement={7: 1982, 9: 3347, 1: 363, 0: 1245, 5: 1528, 16: 2734, 10: 2088, 11: 138, 17: 3065}
2026-03-27 14:15:45,810 INFO: particles=20 iter=25 n_caps=11 minZ=0.031189 runtime=136.84s placement={3: 1414, 19: 3290, 0: 2546, 10: 1102, 16: 2101, 1: 3347, 7: 1507, 15: 3236, 6: 0}
2026-03-27 14:18:22,656 INFO: particles=20 iter=25 n_caps=12 minZ=0.033889 runtime=156.84s placement={15: 1021, 10: 2435, 6: 766, 18: 1313, 12: 1045, 20: 3320, 0: 694, 13: 2836, 1: 3347, 2: 2837}
2026-03-27 14:21:10,476 INFO: particles=20 iter=25 n_caps=13 minZ=0.032288 runtime=167.82s placement={0: 2777, 1: 0, 14: 588, 7: 3347, 18: 2599, 9: 2829, 20: 1108, 2: 3231}
2026-03-27 14:24:12,198 INFO: particles=20 iter=25 n_caps=14 minZ=0.025821 runtime=181.72s placement={0: 3341, 15: 598, 1: 39, 6: 1718, 8: 3269, 9: 2758, 20: 0, 19: 3327, 7: 0}
2026-03-27 14:27:33,786 INFO: particles=20 iter=25 n_caps=15 minZ=0.029251 runtime=201.59s placement={15: 2223, 0: 0, 1: 39, 6: 899, 8: 2027, 9: 3269, 20: 2758, 19: 3341, 7: 3327}
2026-03-27 14:30:54,953 INFO: particles=20 iter=25 n_caps=16 minZ=0.028357 runtime=201.17s placement={0: 3319, 1: 0, 8: 887, 16: 998, 20: 0, 19: 653, 9: 3347}
2026-03-27 14:34:34,622 INFO: particles=20 iter=25 n_caps=17 minZ=0.028791 runtime=219.67s placement={0: 1014, 1: 1475, 12: 3258, 20: 230, 11: 591, 10: 902, 5: 236, 17: 3002, 13: 1063, 7: 2397, 2: 2233, 19: 2582, 6: 3181, 9: 70}
2026-03-27 14:38:18,964 INFO: particles=20 iter=25 n_caps=18 minZ=0.026252 runtime=224.34s placement={0: 1013, 14: 0, 1: 3347, 15: 1020, 7: 1261, 20: 387, 8: 2765, 5: 3043, 9: 2117, 13: 3181, 6: 1667, 3: 991, 2: 13, 10: 2043}
2026-03-27 14:42:21,279 INFO: particles=20 iter=25 n_caps=19 minZ=0.027774 runtime=242.31s placement={14: 665, 0: 0, 15: 3347, 7: 1020, 20: 1261, 8: 387, 5: 2765, 1: 3043, 9: 2201, 13: 599, 6: 1013, 3: 1667, 2: 991, 10: 13}
2026-03-27 14:46:33,931 INFO: particles=20 iter=25 n_caps=20 minZ=0.024406 runtime=252.65s placement={0: 0, 14: 0, 10: 3347, 20: 285, 8: 0, 1: 60, 15: 2165, 7: 3215, 9: 1481, 13: 623, 11: 2280}
