2026-03-23 09:37:43,725 INFO: particles=30 iter=40 n_caps=1 minZ=0.087365 runtime=31.50s placement={9: 1012}
2026-03-23 09:38:16,899 INFO: particles=30 iter=40 n_caps=2 minZ=0.061702 runtime=33.17s placement={9: 1012, 0: 1567}
2026-03-23 09:38:50,889 INFO: particles=30 iter=40 n_caps=3 minZ=0.045885 runtime=33.99s placement={0: 1012, 9: 1592, 10: 1456}
2026-03-23 09:39:26,472 INFO: particles=30 iter=40 n_caps=4 minZ=0.055228 runtime=35.58s placement={9: 1012, 10: 1592, 0: 1456, 15: 0}
2026-03-23 09:40:01,547 INFO: particles=30 iter=40 n_caps=5 minZ=0.042338 runtime=35.07s placement={9: 867, 0: 1012, 14: 1425, 7: 876, 10: 2019}
2026-03-23 09:40:37,448 INFO: particles=30 iter=40 n_caps=6 minZ=0.042435 runtime=35.90s placement={0: 1012, 14: 979, 6: 1417, 9: 889, 10: 2158, 3: 1572}
2026-03-23 09:41:14,893 INFO: particles=30 iter=40 n_caps=7 minZ=0.047804 runtime=37.44s placement={14: 1045, 7: 284, 9: 507, 10: 982, 8: 1612, 0: 1300, 16: 226}
2026-03-23 09:41:53,068 INFO: particles=30 iter=40 n_caps=8 minZ=0.047986 runtime=38.17s placement={5: 799, 9: 150, 10: 677, 8: 1422, 0: 1526, 16: 1462, 6: 1562}
2026-03-23 09:42:31,838 INFO: particles=30 iter=40 n_caps=9 minZ=0.044820 runtime=38.77s placement={10: 898, 6: 506, 8: 448, 0: 1455, 13: 1656, 9: 883, 7: 83, 5: 1522, 14: 1127}
2026-03-23 09:43:11,767 INFO: particles=30 iter=40 n_caps=10 minZ=0.027718 runtime=39.93s placement={0: 1574, 1: 1483, 3: 0}
2026-03-23 09:43:53,172 INFO: particles=30 iter=40 n_caps=11 minZ=0.026872 runtime=41.40s placement={0: 1123, 1: 1774, 3: 699, 15: 2039}
2026-03-23 09:44:35,027 INFO: particles=30 iter=40 n_caps=12 minZ=0.026964 runtime=41.85s placement={0: 345, 1: 1785, 16: 1104, 19: 2342}
2026-03-23 09:45:18,099 INFO: particles=30 iter=40 n_caps=13 minZ=0.026582 runtime=43.07s placement={0: 81, 1: 1986, 16: 1079, 19: 1000}
2026-03-23 09:46:01,231 INFO: particles=30 iter=40 n_caps=14 minZ=0.025897 runtime=43.13s placement={0: 66, 1: 1860, 16: 820, 19: 1062, 6: 55}
2026-03-23 09:46:44,694 INFO: particles=30 iter=40 n_caps=15 minZ=0.024817 runtime=43.46s placement={0: 0, 1: 1869, 16: 0, 19: 860, 6: 59}
2026-03-23 09:47:28,917 INFO: particles=30 iter=40 n_caps=16 minZ=0.024690 runtime=44.22s placement={0: 0, 1: 1869, 16: 0, 19: 0, 6: 439}
2026-03-23 09:48:13,766 INFO: particles=30 iter=40 n_caps=17 minZ=0.024507 runtime=44.85s placement={0: 0, 1: 1869, 16: 647, 19: 0, 6: 1419}
2026-03-23 09:48:59,769 INFO: particles=30 iter=40 n_caps=18 minZ=0.023099 runtime=46.00s placement={0: 0, 1: 1867, 15: 1742, 20: 648, 6: 1694}
2026-03-23 09:49:47,125 INFO: particles=30 iter=40 n_caps=19 minZ=0.024191 runtime=47.35s placement={0: 0, 1: 3347, 15: 1237, 20: 1745, 6: 1153, 8: 0}
2026-03-23 09:50:35,467 INFO: particles=30 iter=40 n_caps=20 minZ=0.022971 runtime=48.34s placement={0: 0, 15: 3347, 20: 1239, 1: 1737, 6: 1182, 8: 0}
