2026-03-26 18:04:30,800 INFO: particles=50 iter=15 n_caps=1 minZ=0.095240 runtime=17.13s placement={15: 1012}
2026-03-26 18:04:48,418 INFO: particles=50 iter=15 n_caps=2 minZ=0.056385 runtime=17.62s placement={0: 1012, 9: 2530}
2026-03-26 18:05:06,567 INFO: particles=50 iter=15 n_caps=3 minZ=0.070722 runtime=18.15s placement={9: 1012, 0: 2530, 7: 0}
2026-03-26 18:05:25,152 INFO: particles=50 iter=15 n_caps=4 minZ=0.043790 runtime=18.58s placement={0: 1568, 7: 2543, 1: 0}
2026-03-26 18:05:44,252 INFO: particles=50 iter=15 n_caps=5 minZ=0.052094 runtime=19.10s placement={9: 1012, 0: 0, 1: 0}
2026-03-26 18:06:03,835 INFO: particles=50 iter=15 n_caps=6 minZ=0.040875 runtime=19.58s placement={0: 1464, 1: 2588, 7: 8, 10: 2121}
2026-03-26 18:06:23,872 INFO: particles=50 iter=15 n_caps=7 minZ=0.041281 runtime=20.04s placement={0: 0, 1: 2588, 7: 1464, 10: 8}
2026-03-26 18:06:44,277 INFO: particles=50 iter=15 n_caps=8 minZ=0.039614 runtime=20.40s placement={0: 0, 1: 2588, 7: 0, 10: 1464}
2026-03-26 18:07:05,239 INFO: particles=50 iter=15 n_caps=9 minZ=0.035046 runtime=20.96s placement={0: 847, 6: 2412, 10: 0, 1: 2056, 16: 595, 11: 0}
2026-03-26 18:07:26,802 INFO: particles=50 iter=15 n_caps=10 minZ=0.040214 runtime=21.56s placement={0: 1014, 10: 3347, 1: 3347, 20: 1041, 12: 398, 6: 0}
2026-03-26 18:07:48,954 INFO: particles=50 iter=15 n_caps=11 minZ=0.038678 runtime=22.15s placement={11: 1685, 0: 981, 1: 2565, 2: 2761, 17: 2021, 9: 1077, 5: 664, 12: 901}
2026-03-26 18:08:12,055 INFO: particles=50 iter=15 n_caps=12 minZ=0.030258 runtime=23.10s placement={0: 1337, 1: 2944, 18: 0, 8: 1312, 2: 657, 4: 1722}
2026-03-26 18:08:34,934 INFO: particles=50 iter=15 n_caps=13 minZ=0.028355 runtime=22.88s placement={0: 0, 1: 3271, 19: 3240, 9: 811, 2: 678, 6: 864}
2026-03-26 18:08:58,166 INFO: particles=50 iter=15 n_caps=14 minZ=0.025085 runtime=23.23s placement={0: 269, 1: 3331, 18: 1317, 8: 3257, 7: 965}
2026-03-26 18:09:21,855 INFO: particles=50 iter=15 n_caps=15 minZ=0.022685 runtime=23.69s placement={0: 0, 18: 3341, 7: 1280, 1: 3249, 6: 805}
2026-03-26 18:09:45,905 INFO: particles=50 iter=15 n_caps=16 minZ=0.024076 runtime=24.05s placement={18: 1373, 7: 3341, 0: 0, 1: 3249, 6: 899, 10: 0}
2026-03-26 18:10:10,429 INFO: particles=50 iter=15 n_caps=17 minZ=0.023855 runtime=24.52s placement={7: 1373, 0: 3147, 1: 1280, 6: 1550, 10: 365}
2026-03-26 18:10:35,307 INFO: particles=50 iter=15 n_caps=18 minZ=0.021769 runtime=24.88s placement={0: 3147, 1: 3341, 6: 3249, 10: 0, 20: 1198}
2026-03-26 18:11:00,627 INFO: particles=50 iter=15 n_caps=19 minZ=0.022022 runtime=25.32s placement={0: 0, 1: 3341, 6: 1280, 10: 1628, 20: 3147}
2026-03-26 18:11:26,398 INFO: particles=50 iter=15 n_caps=20 minZ=0.023525 runtime=25.77s placement={0: 0, 6: 3341, 1: 1280, 10: 1014, 20: 0}
