2026-03-24 05:17:49,494 INFO: particles=50 iter=40 n_caps=1 minZ=0.094622 runtime=53.78s placement={16: 1012}
2026-03-24 05:18:46,003 INFO: particles=50 iter=40 n_caps=2 minZ=0.053032 runtime=56.51s placement={0: 1012, 9: 2590}
2026-03-24 05:19:42,286 INFO: particles=50 iter=40 n_caps=3 minZ=0.055910 runtime=56.28s placement={0: 1014, 5: 3190, 1: 0}
2026-03-24 05:20:39,203 INFO: particles=50 iter=40 n_caps=4 minZ=0.061552 runtime=56.92s placement={10: 1197, 0: 2087, 9: 909, 5: 0}
2026-03-24 05:21:40,828 INFO: particles=50 iter=40 n_caps=5 minZ=0.043802 runtime=61.62s placement={0: 1012, 9: 1159, 7: 817, 14: 0, 15: 1699}
2026-03-24 05:22:40,561 INFO: particles=50 iter=40 n_caps=6 minZ=0.049724 runtime=59.73s placement={9: 898, 5: 899, 15: 684, 14: 0, 0: 1695, 13: 0}
2026-03-24 05:23:42,470 INFO: particles=50 iter=40 n_caps=7 minZ=0.046391 runtime=61.91s placement={7: 853, 16: 1105, 15: 610, 0: 1014, 13: 1633, 3: 78, 8: 1780}
2026-03-24 05:24:46,449 INFO: particles=50 iter=40 n_caps=8 minZ=0.038724 runtime=63.98s placement={9: 1851, 14: 1036, 16: 354, 13: 888, 0: 1014, 6: 38, 15: 2123, 10: 1012}
2026-03-24 05:25:51,232 INFO: particles=50 iter=40 n_caps=9 minZ=0.036272 runtime=64.78s placement={1: 1134, 15: 1104, 14: 244, 0: 1627, 17: 0, 9: 2098}
2026-03-24 05:26:57,555 INFO: particles=50 iter=40 n_caps=10 minZ=0.030725 runtime=66.32s placement={15: 1523, 14: 1241, 0: 165, 1: 959, 16: 599, 9: 398}
2026-03-24 05:28:05,974 INFO: particles=50 iter=40 n_caps=11 minZ=0.027217 runtime=68.42s placement={12: 1532, 0: 143, 1: 495, 16: 956, 9: 555, 20: 2640}
2026-03-24 05:29:15,102 INFO: particles=50 iter=40 n_caps=12 minZ=0.025014 runtime=69.13s placement={0: 2007, 1: 1186, 16: 497, 9: 948, 20: 160}
2026-03-24 05:30:25,581 INFO: particles=50 iter=40 n_caps=13 minZ=0.025187 runtime=70.48s placement={0: 0, 16: 1186, 9: 497, 1: 948, 20: 1511}
2026-03-24 05:31:38,055 INFO: particles=50 iter=40 n_caps=14 minZ=0.027248 runtime=72.47s placement={16: 1571, 9: 1177, 0: 0, 1: 945, 20: 944, 5: 0}
2026-03-24 05:32:51,385 INFO: particles=50 iter=40 n_caps=15 minZ=0.026017 runtime=73.33s placement={9: 1571, 0: 2798, 1: 489, 20: 1660, 5: 0}
2026-03-24 05:34:07,909 INFO: particles=50 iter=40 n_caps=16 minZ=0.025138 runtime=76.52s placement={0: 1496, 1: 1684, 20: 456, 3: 1878}
2026-03-24 05:35:24,304 INFO: particles=50 iter=40 n_caps=17 minZ=0.024023 runtime=76.39s placement={0: 1496, 1: 1684, 20: 785, 3: 3094, 10: 0}
2026-03-24 05:36:42,557 INFO: particles=50 iter=40 n_caps=18 minZ=0.023901 runtime=78.25s placement={0: 0, 1: 1566, 20: 1168, 3: 607, 7: 1530}
2026-03-24 05:38:02,336 INFO: particles=50 iter=40 n_caps=19 minZ=0.024451 runtime=79.78s placement={0: 0, 1: 2372, 20: 58, 4: 1206, 7: 2576}
2026-03-24 05:39:22,231 INFO: particles=50 iter=40 n_caps=20 minZ=0.021767 runtime=79.89s placement={0: 0, 20: 2317, 1: 76, 4: 1723, 7: 0, 5: 0, 9: 0}
