2026-03-24 04:33:07,291 INFO: particles=50 iter=40 n_caps=1 minZ=0.080251 runtime=52.00s placement={0: 1014}
2026-03-24 04:34:01,689 INFO: particles=50 iter=40 n_caps=2 minZ=0.068045 runtime=54.40s placement={0: 1630, 7: 586}
2026-03-24 04:34:58,114 INFO: particles=50 iter=40 n_caps=3 minZ=0.061247 runtime=56.42s placement={0: 1627, 15: 1014, 10: 1645}
2026-03-24 04:35:55,771 INFO: particles=50 iter=40 n_caps=4 minZ=0.045104 runtime=57.66s placement={16: 1742, 9: 1102, 15: 1916, 0: 1014}
2026-03-24 04:36:55,327 INFO: particles=50 iter=40 n_caps=5 minZ=0.042663 runtime=59.56s placement={15: 1521, 7: 1222, 0: 1012, 5: 446, 10: 1684}
2026-03-24 04:37:57,112 INFO: particles=50 iter=40 n_caps=6 minZ=0.041392 runtime=61.78s placement={7: 1864, 0: 1014, 5: 967, 9: 596, 13: 1728, 6: 2535}
2026-03-24 04:38:59,604 INFO: particles=50 iter=40 n_caps=7 minZ=0.040596 runtime=62.49s placement={0: 1012, 13: 3347, 5: 745, 14: 649, 6: 1170, 7: 1365}
2026-03-24 04:40:02,811 INFO: particles=50 iter=40 n_caps=8 minZ=0.039233 runtime=63.21s placement={19: 0, 0: 150, 10: 367, 2: 821, 1: 39}
2026-03-24 04:41:11,340 INFO: particles=50 iter=40 n_caps=9 minZ=0.033193 runtime=68.53s placement={0: 3347, 10: 3346, 1: 491}
2026-03-24 04:42:17,772 INFO: particles=50 iter=40 n_caps=10 minZ=0.029898 runtime=66.43s placement={11: 0, 1: 3346, 0: 3347, 2: 0}
2026-03-24 04:43:24,837 INFO: particles=50 iter=40 n_caps=11 minZ=0.024589 runtime=67.06s placement={0: 1904, 1: 3347, 5: 0}
2026-03-24 04:44:32,539 INFO: particles=50 iter=40 n_caps=12 minZ=0.024366 runtime=67.70s placement={0: 70, 1: 3347, 5: 3347}
2026-03-24 04:45:41,347 INFO: particles=50 iter=40 n_caps=13 minZ=0.023708 runtime=68.81s placement={0: 1976, 1: 3347, 5: 50, 10: 71, 7: 30}
2026-03-24 04:46:53,106 INFO: particles=50 iter=40 n_caps=14 minZ=0.024790 runtime=71.76s placement={0: 0, 1: 3347, 5: 1463, 10: 1976, 7: 71, 6: 30}
2026-03-24 04:48:04,909 INFO: particles=50 iter=40 n_caps=15 minZ=0.028588 runtime=71.80s placement={0: 0, 1: 3347, 5: 1014, 10: 0, 7: 1976, 6: 71, 16: 0}
2026-03-24 04:49:19,773 INFO: particles=50 iter=40 n_caps=16 minZ=0.024548 runtime=74.86s placement={0: 0, 1: 3347, 5: 4, 10: 3347, 7: 0, 6: 1976, 16: 0, 15: 0}
2026-03-24 04:50:34,303 INFO: particles=50 iter=40 n_caps=17 minZ=0.027024 runtime=74.53s placement={0: 0, 1: 3347, 5: 1012, 10: 50, 7: 3347, 6: 0, 16: 30, 15: 0}
2026-03-24 04:51:50,406 INFO: particles=50 iter=40 n_caps=18 minZ=0.025286 runtime=76.10s placement={0: 0, 1: 3347, 5: 433, 10: 1463, 7: 50, 6: 3347, 16: 71, 15: 30}
2026-03-24 04:53:13,481 INFO: particles=50 iter=40 n_caps=19 minZ=0.024095 runtime=83.07s placement={0: 57, 5: 3347, 1: 637, 10: 959, 6: 2259, 11: 0, 19: 3347, 16: 452}
2026-03-24 04:54:33,665 INFO: particles=50 iter=40 n_caps=20 minZ=0.022604 runtime=80.18s placement={0: 0, 1: 3347, 20: 2564}
