2026-03-16 13:46:09,897 INFO: particles=20 iter=15 n_caps=1 minZ=0.109733 runtime=12.55s placement={16: 1003}
2026-03-16 13:46:22,706 INFO: particles=20 iter=15 n_caps=2 minZ=0.073600 runtime=12.81s placement={0: 1613, 7: 767}
2026-03-16 13:46:35,694 INFO: particles=20 iter=15 n_caps=3 minZ=0.059600 runtime=12.99s placement={5: 1345, 9: 1460, 0: 1167}
2026-03-16 13:46:49,230 INFO: particles=20 iter=15 n_caps=4 minZ=0.056335 runtime=13.54s placement={9: 1299, 0: 1409, 10: 1168, 15: 893}
2026-03-16 13:47:04,139 INFO: particles=20 iter=15 n_caps=5 minZ=0.053492 runtime=14.91s placement={0: 1303, 9: 1409, 15: 1305, 14: 955, 10: 1566}
2026-03-16 13:47:18,983 INFO: particles=20 iter=15 n_caps=6 minZ=0.052819 runtime=14.84s placement={9: 1005, 16: 1137, 15: 1250, 10: 923, 0: 1627, 17: 0}
2026-03-16 13:47:34,300 INFO: particles=20 iter=15 n_caps=7 minZ=0.044206 runtime=15.32s placement={16: 2206, 8: 2617, 13: 1152, 0: 1103, 17: 1489, 1: 88}
2026-03-16 13:47:49,565 INFO: particles=20 iter=15 n_caps=8 minZ=0.055802 runtime=15.27s placement={18: 2268, 9: 1464, 19: 0, 17: 0, 0: 1493, 5: 846, 20: 0, 16: 806}
2026-03-16 13:48:05,149 INFO: particles=20 iter=15 n_caps=9 minZ=0.040117 runtime=15.58s placement={0: 3347, 15: 963, 1: 1088, 9: 1616, 10: 1189, 16: 1570, 18: 3347}
2026-03-16 13:48:20,920 INFO: particles=20 iter=15 n_caps=10 minZ=0.043091 runtime=15.77s placement={14: 1015, 0: 595, 8: 1011, 9: 1615, 1: 1583, 15: 3347, 19: 3347}
2026-03-16 13:48:37,359 INFO: particles=20 iter=15 n_caps=11 minZ=0.043690 runtime=16.44s placement={0: 2443, 9: 922, 10: 995, 1: 1632, 13: 1617, 20: 1727, 11: 901}
2026-03-16 13:48:53,898 INFO: particles=20 iter=15 n_caps=12 minZ=0.037060 runtime=16.54s placement={7: 572, 8: 862, 0: 1983, 20: 8, 16: 1075, 19: 3347, 1: 1789, 10: 3347, 11: 2723, 6: 92}
2026-03-16 13:49:10,362 INFO: particles=20 iter=15 n_caps=13 minZ=0.032707 runtime=16.46s placement={7: 147, 0: 1340, 11: 1286, 13: 0, 15: 2501, 1: 3347, 10: 2395, 9: 101, 5: 3347}
2026-03-16 13:49:27,111 INFO: particles=20 iter=15 n_caps=14 minZ=0.036305 runtime=16.75s placement={0: 447, 11: 1043, 15: 1624, 13: 0, 4: 2665, 1: 3254, 7: 0, 9: 585, 3: 496, 10: 1182, 16: 413}
2026-03-16 13:49:44,039 INFO: particles=20 iter=15 n_caps=15 minZ=0.038630 runtime=16.93s placement={15: 2391, 14: 848, 13: 0, 12: 65, 0: 2983, 6: 3330, 1: 0, 8: 1959, 10: 0, 2: 229}
2026-03-16 13:50:01,218 INFO: particles=20 iter=15 n_caps=16 minZ=0.034574 runtime=17.18s placement={12: 2519, 0: 2366, 14: 1186, 1: 0, 5: 2179, 7: 0, 10: 3010, 15: 858, 13: 720, 2: 0, 20: 1594}
2026-03-16 13:50:18,426 INFO: particles=20 iter=15 n_caps=17 minZ=0.030318 runtime=17.21s placement={0: 961, 16: 860, 1: 1405, 6: 98, 7: 3347, 12: 1590, 17: 2983, 13: 1570, 20: 0}
2026-03-16 13:50:35,949 INFO: particles=20 iter=15 n_caps=18 minZ=0.031380 runtime=17.52s placement={20: 3244, 0: 1014, 6: 1020, 1: 0, 5: 1325, 4: 0, 15: 151, 14: 780, 10: 2921, 17: 2270, 11: 1660, 19: 505, 7: 0, 12: 643}
2026-03-16 13:50:53,556 INFO: particles=20 iter=15 n_caps=19 minZ=0.028457 runtime=17.61s placement={1: 3072, 0: 1592, 8: 0, 6: 756, 15: 0, 19: 0, 16: 0, 7: 740, 20: 3219, 3: 656}
2026-03-16 13:51:11,304 INFO: particles=20 iter=15 n_caps=20 minZ=0.029410 runtime=17.75s placement={0: 433, 1: 701, 9: 526, 4: 1220, 14: 1386, 19: 0, 18: 0, 10: 2201, 20: 1597, 3: 0}
