2026-03-31 07:14:10,348 INFO: particles=20 iter=50 n_caps=1 minZ=0.062708 runtime=29.89s placement={0: 1230}
2026-03-31 07:15:00,711 INFO: particles=20 iter=50 n_caps=2 minZ=0.061547 runtime=50.36s placement={0: 1230, 10: 0}
2026-03-31 07:16:14,338 INFO: particles=20 iter=50 n_caps=3 minZ=0.044288 runtime=73.63s placement={16: 3215, 0: 1014, 14: 1221}
2026-03-31 07:17:49,262 INFO: particles=20 iter=50 n_caps=4 minZ=0.048206 runtime=94.92s placement={0: 3192, 14: 990, 10: 939, 6: 2679}
2026-03-31 07:19:51,013 INFO: particles=20 iter=50 n_caps=5 minZ=0.040153 runtime=121.75s placement={14: 3347, 8: 910, 9: 2051, 0: 1012, 6: 344}
2026-03-31 07:22:35,739 INFO: particles=20 iter=50 n_caps=6 minZ=0.041931 runtime=164.72s placement={6: 3186, 9: 911, 0: 2037, 7: 1845, 10: 215, 14: 1995}
2026-03-31 07:25:22,140 INFO: particles=20 iter=50 n_caps=7 minZ=0.034258 runtime=166.40s placement={7: 3186, 0: 1012, 6: 2026, 9: 1871, 14: 100, 4: 2056, 15: 1354}
2026-03-31 07:28:35,995 INFO: particles=20 iter=50 n_caps=8 minZ=0.036901 runtime=193.85s placement={0: 1464, 9: 952, 7: 2763, 14: 2610, 1: 3, 16: 2084, 15: 1301}
2026-03-31 07:32:22,024 INFO: particles=20 iter=50 n_caps=9 minZ=0.038797 runtime=226.03s placement={9: 1415, 7: 951, 15: 2772, 0: 0, 16: 3, 14: 2087, 1: 1301}
2026-03-31 07:36:20,856 INFO: particles=20 iter=50 n_caps=10 minZ=0.029993 runtime=238.83s placement={0: 1486, 14: 948, 1: 2777, 19: 2658, 6: 3, 11: 29}
2026-03-31 07:41:07,886 INFO: particles=20 iter=50 n_caps=11 minZ=0.026836 runtime=287.03s placement={14: 1417, 0: 1521, 19: 2421, 6: 2906, 1: 0, 15: 666, 17: 0}
2026-03-31 07:46:29,559 INFO: particles=20 iter=50 n_caps=12 minZ=0.025665 runtime=321.67s placement={0: 1012, 15: 1805, 12: 2816, 5: 1435, 1: 0, 19: 2180, 20: 1640, 9: 1249}
2026-03-31 07:52:21,854 INFO: particles=20 iter=50 n_caps=13 minZ=0.024706 runtime=352.29s placement={14: 1476, 13: 1746, 5: 2818, 0: 0, 1: 0, 19: 1163, 20: 1253, 10: 1643}
2026-03-31 07:58:36,867 INFO: particles=20 iter=50 n_caps=14 minZ=0.024014 runtime=375.01s placement={15: 1437, 0: 0, 1: 2488, 20: 0, 19: 1566, 16: 1351, 17: 2459}
2026-03-31 08:05:09,046 INFO: particles=20 iter=50 n_caps=15 minZ=0.022114 runtime=392.18s placement={0: 2423, 1: 1192, 20: 0, 19: 2817, 16: 1565}
2026-03-31 08:11:51,016 INFO: particles=20 iter=50 n_caps=16 minZ=0.023663 runtime=401.97s placement={1: 1474, 0: 1804, 18: 1359, 20: 2368, 15: 2227, 19: 236, 17: 0}
2026-03-31 08:18:55,338 INFO: particles=20 iter=50 n_caps=17 minZ=0.022070 runtime=424.32s placement={0: 1012, 18: 2606, 1: 1347, 19: 63, 14: 1285, 20: 0, 16: 1129, 2: 153, 5: 1138}
2026-03-31 08:26:15,900 INFO: particles=20 iter=50 n_caps=18 minZ=0.020380 runtime=440.56s placement={19: 762, 0: 0, 1: 1408, 17: 2411, 13: 52, 20: 1716, 15: 988, 7: 1418}
2026-03-31 08:33:43,113 INFO: particles=20 iter=50 n_caps=19 minZ=0.019754 runtime=447.21s placement={0: 3315, 1: 2926, 13: 1301, 14: 2377, 20: 3347, 15: 899, 9: 1021}
2026-03-31 08:41:52,792 INFO: particles=20 iter=50 n_caps=20 minZ=0.019733 runtime=489.68s placement={0: 0, 13: 2878, 14: 773, 1: 2366, 20: 955, 15: 1111, 9: 836}
