2026-03-24 11:00:10,418 INFO: particles=50 iter=50 n_caps=1 minZ=0.080251 runtime=66.38s placement={0: 1012}
2026-03-24 11:01:17,979 INFO: particles=50 iter=50 n_caps=2 minZ=0.053158 runtime=67.56s placement={0: 1012, 5: 1751}
2026-03-24 11:02:27,989 INFO: particles=50 iter=50 n_caps=3 minZ=0.060251 runtime=70.01s placement={9: 1012, 0: 1583, 7: 0}
2026-03-24 11:03:39,238 INFO: particles=50 iter=50 n_caps=4 minZ=0.044270 runtime=71.25s placement={0: 1014, 7: 1014, 6: 0, 9: 1627}
2026-03-24 11:04:53,635 INFO: particles=50 iter=50 n_caps=5 minZ=0.049747 runtime=74.40s placement={7: 670, 9: 1014, 10: 0, 0: 1614, 6: 447}
2026-03-24 11:06:10,108 INFO: particles=50 iter=50 n_caps=6 minZ=0.033965 runtime=76.47s placement={0: 1014, 1: 0}
2026-03-24 11:07:27,211 INFO: particles=50 iter=50 n_caps=7 minZ=0.029151 runtime=77.10s placement={0: 0, 1: 0}
2026-03-24 11:08:46,876 INFO: particles=50 iter=50 n_caps=8 minZ=0.028644 runtime=79.67s placement={0: 0, 1: 0, 7: 0}
2026-03-24 11:10:08,311 INFO: particles=50 iter=50 n_caps=9 minZ=0.028962 runtime=81.43s placement={0: 149, 1: 0, 7: 1055}
2026-03-24 11:11:30,250 INFO: particles=50 iter=50 n_caps=10 minZ=0.028713 runtime=81.94s placement={0: 0, 1: 0, 7: 1432}
2026-03-24 11:12:54,166 INFO: particles=50 iter=50 n_caps=11 minZ=0.028001 runtime=83.92s placement={0: 0, 1: 0, 7: 3189}
2026-03-24 11:14:20,250 INFO: particles=50 iter=50 n_caps=12 minZ=0.029397 runtime=86.08s placement={0: 0, 1: 0, 7: 685}
2026-03-24 11:15:47,623 INFO: particles=50 iter=50 n_caps=13 minZ=0.029778 runtime=87.37s placement={0: 0, 7: 0, 1: 685}
2026-03-24 11:17:18,593 INFO: particles=50 iter=50 n_caps=14 minZ=0.026253 runtime=90.97s placement={5: 99, 0: 635, 1: 426, 14: 1594, 3: 300, 4: 0, 2: 0, 7: 854}
2026-03-24 11:18:50,628 INFO: particles=50 iter=50 n_caps=15 minZ=0.022702 runtime=92.03s placement={0: 922, 1: 536, 14: 426, 3: 126, 5: 301, 2: 0, 6: 633}
2026-03-24 11:20:24,350 INFO: particles=50 iter=50 n_caps=16 minZ=0.021160 runtime=93.72s placement={0: 0, 12: 711, 1: 5, 5: 3, 6: 1147}
2026-03-24 11:21:58,101 INFO: particles=50 iter=50 n_caps=17 minZ=0.021629 runtime=93.75s placement={12: 81, 0: 0, 1: 5, 5: 1966, 6: 1013}
2026-03-24 11:23:35,309 INFO: particles=50 iter=50 n_caps=18 minZ=0.021715 runtime=97.21s placement={0: 2164, 1: 709, 5: 1024, 6: 0}
2026-03-24 11:25:13,114 INFO: particles=50 iter=50 n_caps=19 minZ=0.021194 runtime=97.80s placement={0: 0, 1: 712, 6: 1594, 7: 0}
2026-03-24 11:26:52,646 INFO: particles=50 iter=50 n_caps=20 minZ=0.019903 runtime=99.53s placement={0: 0, 1: 711, 6: 4, 7: 954}
