2026-03-23 02:53:17,491 INFO: particles=30 iter=10 n_caps=1 minZ=0.080251 runtime=7.92s placement={0: 1014}
2026-03-23 02:53:25,579 INFO: particles=30 iter=10 n_caps=2 minZ=0.078668 runtime=8.09s placement={0: 1014, 6: 0}
2026-03-23 02:53:33,926 INFO: particles=30 iter=10 n_caps=3 minZ=0.068744 runtime=8.35s placement={0: 998, 8: 912, 9: 2320}
2026-03-23 02:53:42,537 INFO: particles=30 iter=10 n_caps=4 minZ=0.060531 runtime=8.61s placement={9: 2585, 16: 1426, 10: 1026, 0: 1167}
2026-03-23 02:53:51,338 INFO: particles=30 iter=10 n_caps=5 minZ=0.042980 runtime=8.80s placement={16: 1432, 7: 1476, 0: 1014, 14: 1282, 10: 1541}
2026-03-23 02:54:00,582 INFO: particles=30 iter=10 n_caps=6 minZ=0.053840 runtime=9.24s placement={7: 1432, 0: 1476, 14: 1014, 10: 1282, 5: 1541, 6: 2709}
2026-03-23 02:54:09,837 INFO: particles=30 iter=10 n_caps=7 minZ=0.050616 runtime=9.25s placement={0: 499, 15: 1480, 10: 892, 5: 1086, 7: 1591, 20: 3068, 9: 1071}
2026-03-23 02:54:19,240 INFO: particles=30 iter=10 n_caps=8 minZ=0.051106 runtime=9.40s placement={15: 499, 10: 1480, 5: 892, 7: 1086, 20: 1591, 9: 3068, 0: 1071, 6: 0}
2026-03-23 02:54:28,849 INFO: particles=30 iter=10 n_caps=9 minZ=0.050642 runtime=9.61s placement={10: 499, 5: 1480, 7: 892, 20: 1086, 9: 1591, 0: 3068, 6: 1071, 14: 0, 18: 2553}
2026-03-23 02:54:39,190 INFO: particles=30 iter=10 n_caps=10 minZ=0.045395 runtime=10.34s placement={0: 1901, 9: 1161, 13: 1142, 10: 1689, 11: 1588, 6: 1916, 1: 2454, 20: 538}
2026-03-23 02:54:49,276 INFO: particles=30 iter=10 n_caps=11 minZ=0.043320 runtime=10.09s placement={9: 0, 16: 1914, 3: 700, 1: 2156, 5: 1717, 0: 1493, 20: 3347, 6: 0}
2026-03-23 02:54:59,596 INFO: particles=30 iter=10 n_caps=12 minZ=0.042104 runtime=10.32s placement={15: 0, 0: 1663, 1: 672, 20: 1769, 6: 1544, 5: 0}
2026-03-23 02:55:10,152 INFO: particles=30 iter=10 n_caps=13 minZ=0.033616 runtime=10.55s placement={1: 0, 0: 901, 20: 1885, 12: 2970}
2026-03-23 02:55:20,993 INFO: particles=30 iter=10 n_caps=14 minZ=0.030158 runtime=10.84s placement={0: 245, 1: 1797, 20: 1710, 15: 835, 18: 2856}
2026-03-23 02:55:32,303 INFO: particles=30 iter=10 n_caps=15 minZ=0.029766 runtime=11.31s placement={0: 3028, 1: 2900, 20: 764, 14: 0, 19: 704, 9: 155, 18: 191}
2026-03-23 02:55:43,879 INFO: particles=30 iter=10 n_caps=16 minZ=0.028485 runtime=11.58s placement={0: 287, 20: 2787, 1: 1193, 15: 625, 19: 0, 12: 3102, 18: 27}
2026-03-23 02:55:55,386 INFO: particles=30 iter=10 n_caps=17 minZ=0.033811 runtime=11.51s placement={13: 1510, 0: 1014, 6: 1204, 1: 833, 2: 3189, 3: 1338, 12: 1599, 10: 576, 7: 0, 11: 1512, 20: 3217, 5: 1172, 9: 1220}
2026-03-23 02:56:07,149 INFO: particles=30 iter=10 n_caps=18 minZ=0.032256 runtime=11.76s placement={0: 1012, 1: 3232, 5: 1215, 20: 2905, 19: 0, 11: 561, 8: 3347, 9: 1401, 14: 1799}
2026-03-23 02:56:19,392 INFO: particles=30 iter=10 n_caps=19 minZ=0.031680 runtime=12.24s placement={0: 0, 5: 3232, 1: 1215, 20: 561, 19: 1795, 11: 0, 8: 0, 9: 1798, 14: 1401}
2026-03-23 02:56:31,358 INFO: particles=30 iter=10 n_caps=20 minZ=0.029534 runtime=11.97s placement={5: 1567, 0: 123, 1: 1536, 20: 0, 19: 3155, 12: 1736, 8: 2710, 9: 1169, 17: 2023, 4: 0}
