2026-03-20 14:55:10,489 INFO: particles=30 iter=25 n_caps=1 minZ=0.087365 runtime=32.71s placement={9: 1012}
2026-03-20 14:55:43,396 INFO: particles=30 iter=25 n_caps=2 minZ=0.052020 runtime=32.91s placement={0: 1012, 9: 1722}
2026-03-20 14:56:17,067 INFO: particles=30 iter=25 n_caps=3 minZ=0.060446 runtime=33.67s placement={9: 1012, 0: 1722, 7: 53}
2026-03-20 14:56:51,279 INFO: particles=30 iter=25 n_caps=4 minZ=0.049499 runtime=34.21s placement={0: 1014, 6: 1726, 20: 54, 5: 1664}
2026-03-20 14:57:26,384 INFO: particles=30 iter=25 n_caps=5 minZ=0.066784 runtime=35.10s placement={15: 685, 16: 1122, 7: 2081, 9: 3153, 14: 782}
2026-03-20 14:58:02,153 INFO: particles=30 iter=25 n_caps=6 minZ=0.060417 runtime=35.77s placement={10: 1090, 12: 2016, 6: 3273, 15: 3087, 0: 677, 1: 2699}
2026-03-20 14:58:38,528 INFO: particles=30 iter=25 n_caps=7 minZ=0.039444 runtime=36.37s placement={0: 1014, 15: 0, 1: 461, 11: 0, 14: 840}
2026-03-20 14:59:15,431 INFO: particles=30 iter=25 n_caps=8 minZ=0.039430 runtime=36.90s placement={16: 2731, 0: 145, 11: 487, 1: 0, 15: 1640}
2026-03-20 14:59:52,964 INFO: particles=30 iter=25 n_caps=9 minZ=0.035382 runtime=37.53s placement={0: 2739, 11: 51, 1: 487, 15: 0, 7: 145}
2026-03-20 15:00:31,336 INFO: particles=30 iter=25 n_caps=10 minZ=0.038519 runtime=38.37s placement={10: 2762, 0: 116, 15: 305, 1: 0, 7: 865, 2: 2896}
2026-03-20 15:01:10,315 INFO: particles=30 iter=25 n_caps=11 minZ=0.033486 runtime=38.98s placement={11: 2859, 20: 534, 0: 1659, 1: 0, 9: 1044, 15: 97}
2026-03-20 15:01:49,742 INFO: particles=30 iter=25 n_caps=12 minZ=0.031609 runtime=39.43s placement={20: 2933, 0: 1382, 1: 0, 9: 1196, 15: 2162}
2026-03-20 15:02:29,707 INFO: particles=30 iter=25 n_caps=13 minZ=0.029155 runtime=39.96s placement={0: 1401, 1: 1242, 15: 0, 17: 183, 2: 1911, 5: 3347}
2026-03-20 15:03:10,698 INFO: particles=30 iter=25 n_caps=14 minZ=0.030937 runtime=40.99s placement={4: 828, 0: 1014, 9: 3179, 1: 24, 17: 1932, 8: 183, 7: 867, 5: 1497}
2026-03-20 15:03:52,161 INFO: particles=30 iter=25 n_caps=15 minZ=0.030911 runtime=41.46s placement={0: 211, 20: 3163, 1: 3318, 19: 783, 7: 0, 8: 607, 11: 1456, 9: 0}
2026-03-20 15:04:34,100 INFO: particles=30 iter=25 n_caps=16 minZ=0.031104 runtime=41.94s placement={20: 0, 0: 0, 1: 3346, 7: 0, 19: 978, 8: 0, 9: 58, 14: 3347, 15: 171}
2026-03-20 15:05:16,625 INFO: particles=30 iter=25 n_caps=17 minZ=0.028128 runtime=42.52s placement={1: 82, 0: 0, 7: 3347, 13: 0, 5: 1405, 8: 0, 16: 532, 19: 274, 10: 3347}
2026-03-20 15:05:59,412 INFO: particles=30 iter=25 n_caps=18 minZ=0.024701 runtime=42.79s placement={0: 239, 7: 1163, 13: 3347, 1: 0, 5: 1612, 9: 1409, 16: 217, 19: 3347, 10: 0}
2026-03-20 15:06:42,895 INFO: particles=30 iter=25 n_caps=19 minZ=0.027655 runtime=43.48s placement={7: 0, 13: 1024, 0: 702, 1: 0, 5: 569, 9: 1629, 16: 0, 19: 809, 10: 891}
2026-03-20 15:07:27,082 INFO: particles=30 iter=25 n_caps=20 minZ=0.023706 runtime=44.19s placement={16: 1, 0: 1600, 1: 3347, 10: 1182, 20: 1412, 19: 349}
