2026-03-25 15:46:33,043 INFO: particles=20 iter=10 n_caps=1 minZ=0.101872 runtime=4.65s placement={0: 2590}
2026-03-25 15:46:37,790 INFO: particles=20 iter=10 n_caps=2 minZ=0.103053 runtime=4.75s placement={10: 3164, 14: 1992}
2026-03-25 15:46:42,703 INFO: particles=20 iter=10 n_caps=3 minZ=0.085095 runtime=4.91s placement={7: 2966, 10: 1637, 0: 2360}
2026-03-25 15:46:47,748 INFO: particles=20 iter=10 n_caps=4 minZ=0.072746 runtime=5.04s placement={10: 3318, 0: 1565, 16: 2381, 9: 1253}
2026-03-25 15:46:52,928 INFO: particles=20 iter=10 n_caps=5 minZ=0.056207 runtime=5.18s placement={1: 2669, 16: 893, 17: 2791, 0: 1185}
2026-03-25 15:46:58,222 INFO: particles=20 iter=10 n_caps=6 minZ=0.057758 runtime=5.29s placement={1: 3347, 0: 912, 11: 702, 9: 997, 10: 1715}
2026-03-25 15:47:03,635 INFO: particles=20 iter=10 n_caps=7 minZ=0.057098 runtime=5.41s placement={4: 2711, 16: 618, 0: 2918, 15: 1908, 14: 795, 6: 2879, 9: 1373}
2026-03-25 15:47:09,143 INFO: particles=20 iter=10 n_caps=8 minZ=0.048398 runtime=5.51s placement={18: 2712, 0: 1127, 14: 2914, 15: 693, 5: 837, 9: 2857, 10: 1663, 6: 725}
2026-03-25 15:47:14,775 INFO: particles=20 iter=10 n_caps=9 minZ=0.054263 runtime=5.63s placement={0: 2782, 14: 1081, 18: 3287, 6: 524, 12: 346, 13: 3008, 5: 2182, 7: 510, 1: 3347}
2026-03-25 15:47:20,584 INFO: particles=20 iter=10 n_caps=10 minZ=0.039249 runtime=5.81s placement={0: 1012, 1: 2944, 18: 1543, 7: 0, 14: 3347, 20: 314}
2026-03-25 15:47:26,491 INFO: particles=20 iter=10 n_caps=11 minZ=0.033914 runtime=5.91s placement={0: 391, 1: 3122, 19: 1182, 9: 926, 14: 0, 20: 3347, 7: 147}
2026-03-25 15:47:32,521 INFO: particles=20 iter=10 n_caps=12 minZ=0.037228 runtime=6.03s placement={0: 0, 20: 3224, 1: 1009, 9: 1910, 14: 0, 17: 0, 18: 311, 6: 0}
2026-03-25 15:47:38,714 INFO: particles=20 iter=10 n_caps=13 minZ=0.049443 runtime=6.19s placement={9: 2647, 8: 1301, 10: 893, 0: 1376, 6: 610, 15: 2367, 7: 982, 12: 2297, 11: 3118, 5: 1465, 13: 414, 14: 1227, 19: 1002}
2026-03-25 15:47:44,964 INFO: particles=20 iter=10 n_caps=14 minZ=0.045852 runtime=6.25s placement={8: 2647, 10: 1301, 0: 893, 6: 1376, 15: 610, 7: 2367, 12: 982, 11: 2297, 5: 3118, 13: 1465, 14: 1002, 19: 1227, 9: 1625}
2026-03-25 15:47:51,363 INFO: particles=20 iter=10 n_caps=15 minZ=0.039757 runtime=6.40s placement={14: 1914, 0: 1780, 1: 0, 7: 2682, 10: 2001, 2: 612, 19: 3268, 13: 1380, 15: 1187, 18: 637, 17: 755, 12: 1885, 11: 1150}
2026-03-25 15:47:57,912 INFO: particles=20 iter=10 n_caps=16 minZ=0.038217 runtime=6.55s placement={19: 1076, 4: 3347, 0: 1538, 1: 3162, 7: 0, 16: 3079, 14: 3347, 10: 297, 15: 1471, 20: 0, 2: 1803, 18: 404}
2026-03-25 15:48:04,614 INFO: particles=20 iter=10 n_caps=17 minZ=0.034934 runtime=6.70s placement={11: 2097, 0: 367, 5: 3347, 18: 2370, 1: 2931, 15: 0, 7: 203, 20: 2554, 2: 1206, 19: 1445}
2026-03-25 15:48:11,382 INFO: particles=20 iter=10 n_caps=18 minZ=0.032106 runtime=6.77s placement={0: 455, 6: 3347, 20: 496, 1: 3347, 10: 830, 11: 0, 19: 0, 2: 2368}
2026-03-25 15:48:18,289 INFO: particles=20 iter=10 n_caps=19 minZ=0.031772 runtime=6.91s placement={7: 508, 19: 3222, 10: 1196, 0: 2413, 1: 2678, 2: 2662, 6: 2116, 11: 111, 20: 1295, 9: 2387}
2026-03-25 15:48:25,285 INFO: particles=20 iter=10 n_caps=20 minZ=0.027403 runtime=7.00s placement={20: 508, 9: 3297, 0: 1312, 1: 3339, 7: 2478, 10: 2071, 19: 3261, 8: 17}
