2026-03-30 14:08:30,531 INFO: particles=30 iter=15 n_caps=1 minZ=0.085716 runtime=12.97s placement={0: 2376}
2026-03-30 14:08:57,123 INFO: particles=30 iter=15 n_caps=2 minZ=0.062852 runtime=26.59s placement={0: 1318, 10: 3022}
2026-03-30 14:09:33,888 INFO: particles=30 iter=15 n_caps=3 minZ=0.054875 runtime=36.77s placement={7: 1318, 0: 1007, 17: 155}
2026-03-30 14:10:22,722 INFO: particles=30 iter=15 n_caps=4 minZ=0.045864 runtime=48.83s placement={0: 990, 14: 1365, 9: 2122, 17: 711}
2026-03-30 14:11:24,241 INFO: particles=30 iter=15 n_caps=5 minZ=0.039450 runtime=61.52s placement={0: 1012, 14: 2399, 6: 3116, 16: 1362, 10: 1608}
2026-03-30 14:12:30,762 INFO: particles=30 iter=15 n_caps=6 minZ=0.039622 runtime=66.52s placement={15: 1029, 1: 1907, 16: 3160, 10: 1458, 0: 0}
2026-03-30 14:13:48,173 INFO: particles=30 iter=15 n_caps=7 minZ=0.033717 runtime=77.41s placement={1: 1029, 15: 1907, 10: 3160, 0: 0, 9: 2569}
2026-03-30 14:15:22,891 INFO: particles=30 iter=15 n_caps=8 minZ=0.033083 runtime=94.72s placement={15: 1029, 10: 1907, 0: 283, 1: 1458, 9: 0}
2026-03-30 14:16:58,212 INFO: particles=30 iter=15 n_caps=9 minZ=0.033532 runtime=95.32s placement={12: 1009, 0: 2622, 1: 3171, 9: 1029}
2026-03-30 14:18:56,812 INFO: particles=30 iter=15 n_caps=10 minZ=0.024180 runtime=118.60s placement={0: 1767, 1: 925, 9: 1473}
2026-03-30 14:21:07,870 INFO: particles=30 iter=15 n_caps=11 minZ=0.023906 runtime=131.06s placement={0: 1767, 1: 925, 9: 3019, 10: 0}
2026-03-30 14:23:16,337 INFO: particles=30 iter=15 n_caps=12 minZ=0.023357 runtime=128.47s placement={0: 0, 9: 925, 1: 3019, 10: 1767, 15: 0}
2026-03-30 14:25:42,405 INFO: particles=30 iter=15 n_caps=13 minZ=0.024973 runtime=146.07s placement={9: 1014, 0: 0, 1: 3019, 10: 2614, 15: 1767}
2026-03-30 14:28:26,440 INFO: particles=30 iter=15 n_caps=14 minZ=0.023057 runtime=164.03s placement={0: 1597, 1: 925, 10: 509, 15: 2614, 6: 0}
2026-03-30 14:31:16,035 INFO: particles=30 iter=15 n_caps=15 minZ=0.022946 runtime=169.59s placement={0: 0, 1: 925, 10: 2688, 15: 509, 6: 0}
2026-03-30 14:34:15,154 INFO: particles=30 iter=15 n_caps=16 minZ=0.022336 runtime=179.12s placement={0: 26, 1: 925, 10: 0, 15: 2688, 6: 0}
2026-03-30 14:37:20,390 INFO: particles=30 iter=15 n_caps=17 minZ=0.024473 runtime=185.24s placement={0: 0, 1: 925, 10: 1014, 15: 0, 6: 1767}
2026-03-30 14:40:40,340 INFO: particles=30 iter=15 n_caps=18 minZ=0.024397 runtime=199.95s placement={0: 0, 1: 925, 10: 1473, 15: 1014, 6: 2614, 9: 0}
2026-03-30 14:44:11,815 INFO: particles=30 iter=15 n_caps=19 minZ=0.022671 runtime=211.47s placement={0: 44, 1: 925, 10: 3019, 15: 1473, 6: 509, 9: 0}
2026-03-30 14:47:55,421 INFO: particles=30 iter=15 n_caps=20 minZ=0.021024 runtime=223.61s placement={0: 0, 10: 925, 15: 3019, 1: 1473, 6: 2688, 9: 26}
