2026-03-25 19:32:51,571 INFO: particles=20 iter=40 n_caps=1 minZ=0.093198 runtime=18.55s placement={14: 1014}
2026-03-25 19:33:10,665 INFO: particles=20 iter=40 n_caps=2 minZ=0.069553 runtime=19.09s placement={10: 901, 0: 1376}
2026-03-25 19:33:30,221 INFO: particles=20 iter=40 n_caps=3 minZ=0.048974 runtime=19.56s placement={0: 1012, 6: 1170, 16: 2588}
2026-03-25 19:33:50,344 INFO: particles=20 iter=40 n_caps=4 minZ=0.056841 runtime=20.12s placement={9: 1014, 15: 886, 17: 2232, 0: 1186}
2026-03-25 19:34:11,001 INFO: particles=20 iter=40 n_caps=5 minZ=0.053571 runtime=20.66s placement={15: 1332, 16: 767, 0: 2069, 9: 664, 10: 1612}
2026-03-25 19:34:32,030 INFO: particles=20 iter=40 n_caps=6 minZ=0.043108 runtime=21.03s placement={16: 1335, 0: 1014, 9: 2046, 10: 680, 5: 1612, 11: 2668}
2026-03-25 19:34:53,571 INFO: particles=20 iter=40 n_caps=7 minZ=0.047765 runtime=21.54s placement={0: 1012, 17: 962, 10: 2131, 6: 1243, 11: 1671, 12: 2620, 13: 2509}
2026-03-25 19:35:15,650 INFO: particles=20 iter=40 n_caps=8 minZ=0.048739 runtime=22.08s placement={0: 1012, 15: 3347, 17: 1276, 6: 1941, 7: 238, 3: 2033, 5: 259, 19: 539}
2026-03-25 19:35:38,277 INFO: particles=20 iter=40 n_caps=9 minZ=0.044940 runtime=22.63s placement={11: 2365, 18: 3065, 0: 1014, 13: 2537, 9: 1324, 6: 1028, 2: 408, 7: 82, 14: 165}
2026-03-25 19:36:01,358 INFO: particles=20 iter=40 n_caps=10 minZ=0.036542 runtime=23.08s placement={6: 2829, 0: 1014, 15: 799, 16: 2795, 1: 1314, 2: 418, 17: 616, 19: 1739}
2026-03-25 19:36:25,131 INFO: particles=20 iter=40 n_caps=11 minZ=0.032348 runtime=23.77s placement={0: 1042, 13: 3181, 5: 1077, 1: 3084, 6: 153, 19: 1606}
2026-03-25 19:36:49,259 INFO: particles=20 iter=40 n_caps=12 minZ=0.031925 runtime=24.13s placement={17: 3318, 0: 1162, 1: 1012, 13: 3347, 10: 602, 11: 1320, 9: 0}
2026-03-25 19:37:13,981 INFO: particles=20 iter=40 n_caps=13 minZ=0.029513 runtime=24.72s placement={0: 2943, 1: 3297, 12: 720, 10: 209, 11: 961, 9: 1036}
2026-03-25 19:37:38,905 INFO: particles=20 iter=40 n_caps=14 minZ=0.026002 runtime=24.92s placement={0: 2480, 12: 3328, 1: 719, 10: 1022, 11: 2348, 9: 1177, 7: 12}
2026-03-25 19:38:04,428 INFO: particles=20 iter=40 n_caps=15 minZ=0.027587 runtime=25.52s placement={13: 1449, 0: 434, 1: 760, 2: 3347, 10: 1055, 14: 1680, 11: 2285, 9: 1086, 6: 1198}
2026-03-25 19:38:30,515 INFO: particles=20 iter=40 n_caps=16 minZ=0.025361 runtime=26.09s placement={0: 3045, 1: 3347, 12: 3347, 14: 345, 5: 2281, 11: 0, 15: 202}
2026-03-25 19:38:56,856 INFO: particles=20 iter=40 n_caps=17 minZ=0.026460 runtime=26.34s placement={0: 0, 1: 3347, 12: 784, 14: 1044, 5: 294, 10: 840, 15: 1053, 8: 3045}
2026-03-25 19:39:23,685 INFO: particles=20 iter=40 n_caps=18 minZ=0.026046 runtime=26.83s placement={0: 0, 12: 3347, 1: 995, 15: 969, 5: 1144, 10: 2590, 16: 0}
2026-03-25 19:39:51,280 INFO: particles=20 iter=40 n_caps=19 minZ=0.023592 runtime=27.59s placement={0: 58, 1: 3347, 18: 3347, 10: 3347, 16: 388, 4: 2912, 8: 46}
2026-03-25 19:40:19,139 INFO: particles=20 iter=40 n_caps=20 minZ=0.023422 runtime=27.86s placement={0: 0, 1: 3347, 18: 544, 10: 661, 16: 1159, 5: 1229, 9: 55, 7: 50}
