2026-03-17 06:16:46,830 INFO: particles=30 iter=10 n_caps=1 minZ=0.089878 runtime=16.05s placement={10: 1012}
2026-03-17 06:17:03,104 INFO: particles=30 iter=10 n_caps=2 minZ=0.058644 runtime=16.27s placement={0: 1012, 10: 1718}
2026-03-17 06:17:19,808 INFO: particles=30 iter=10 n_caps=3 minZ=0.074247 runtime=16.70s placement={10: 1012, 9: 1718, 15: 0}
2026-03-17 06:17:36,779 INFO: particles=30 iter=10 n_caps=4 minZ=0.061397 runtime=16.97s placement={9: 1012, 15: 1718, 7: 0, 0: 1676}
2026-03-17 06:17:53,887 INFO: particles=30 iter=10 n_caps=5 minZ=0.053908 runtime=17.11s placement={5: 998, 7: 1960, 0: 685, 14: 1248, 12: 1419}
2026-03-17 06:18:11,314 INFO: particles=30 iter=10 n_caps=6 minZ=0.050158 runtime=17.43s placement={7: 998, 0: 1960, 14: 685, 12: 1248, 10: 1419, 9: 966}
2026-03-17 06:18:29,098 INFO: particles=30 iter=10 n_caps=7 minZ=0.050307 runtime=17.78s placement={0: 1464, 14: 686, 17: 653, 15: 1923, 5: 1112, 6: 792, 16: 600}
2026-03-17 06:18:46,784 INFO: particles=30 iter=10 n_caps=8 minZ=0.059352 runtime=17.69s placement={16: 1780, 17: 684, 15: 510, 5: 1739, 6: 653, 9: 341, 7: 49}
2026-03-17 06:19:04,692 INFO: particles=30 iter=10 n_caps=9 minZ=0.056094 runtime=17.91s placement={18: 1482, 16: 361, 5: 743, 6: 1785, 14: 677, 9: 1502, 7: 226, 0: 109, 20: 2762}
2026-03-17 06:19:22,923 INFO: particles=30 iter=10 n_caps=10 minZ=0.052324 runtime=18.23s placement={16: 1482, 5: 361, 6: 743, 14: 1785, 9: 677, 7: 1502, 0: 226, 20: 109, 10: 2762, 2: 3082}
2026-03-17 06:19:41,076 INFO: particles=30 iter=10 n_caps=11 minZ=0.042655 runtime=18.15s placement={5: 1494, 7: 195, 15: 754, 12: 1807, 6: 734, 0: 2696, 20: 236, 10: 146, 1: 2763}
2026-03-17 06:19:59,585 INFO: particles=30 iter=10 n_caps=12 minZ=0.041308 runtime=18.51s placement={7: 1427, 14: 275, 12: 551, 5: 1844, 0: 596, 20: 1532, 10: 103, 1: 153}
2026-03-17 06:20:18,478 INFO: particles=30 iter=10 n_caps=13 minZ=0.034001 runtime=18.89s placement={14: 1465, 19: 270, 5: 628, 0: 1388, 20: 784, 10: 1530, 1: 59}
2026-03-17 06:20:37,484 INFO: particles=30 iter=10 n_caps=14 minZ=0.033992 runtime=19.01s placement={19: 1465, 5: 270, 0: 2411, 20: 1346, 10: 784, 1: 1530, 9: 1388}
2026-03-17 06:20:56,588 INFO: particles=30 iter=10 n_caps=15 minZ=0.032928 runtime=19.10s placement={5: 1465, 0: 3193, 20: 628, 10: 1346, 1: 784, 9: 434}
2026-03-17 06:21:15,866 INFO: particles=30 iter=10 n_caps=16 minZ=0.027361 runtime=19.28s placement={0: 3193, 20: 270, 10: 628, 1: 1346, 9: 2488, 15: 883}
2026-03-17 06:21:35,497 INFO: particles=30 iter=10 n_caps=17 minZ=0.027330 runtime=19.63s placement={20: 1465, 10: 270, 1: 628, 0: 0, 9: 3094, 15: 3193}
2026-03-17 06:21:55,286 INFO: particles=30 iter=10 n_caps=18 minZ=0.025943 runtime=19.79s placement={10: 1465, 1: 270, 0: 883, 9: 2760, 15: 2411, 7: 0, 14: 3347}
2026-03-17 06:22:15,089 INFO: particles=30 iter=10 n_caps=19 minZ=0.025896 runtime=19.80s placement={1: 1465, 0: 3347, 9: 195, 15: 1388, 7: 883, 14: 0, 10: 1769}
2026-03-17 06:22:35,225 INFO: particles=30 iter=10 n_caps=20 minZ=0.026713 runtime=20.14s placement={0: 293, 1: 270, 9: 59, 15: 434, 7: 3193, 14: 883, 10: 3347}
