2026-03-25 15:21:00,412 INFO: particles=20 iter=10 n_caps=1 minZ=0.127893 runtime=5.99s placement={9: 1335}
2026-03-25 15:21:06,527 INFO: particles=20 iter=10 n_caps=2 minZ=0.071853 runtime=6.11s placement={10: 1169, 0: 1341}
2026-03-25 15:21:12,742 INFO: particles=20 iter=10 n_caps=3 minZ=0.066817 runtime=6.21s placement={0: 1167, 7: 665, 14: 1946}
2026-03-25 15:21:19,102 INFO: particles=20 iter=10 n_caps=4 minZ=0.058311 runtime=6.36s placement={9: 1122, 5: 1414, 0: 1992, 16: 422}
2026-03-25 15:21:25,591 INFO: particles=20 iter=10 n_caps=5 minZ=0.049206 runtime=6.49s placement={5: 767, 0: 1126, 10: 2197, 14: 921, 7: 1544}
2026-03-25 15:21:32,204 INFO: particles=20 iter=10 n_caps=6 minZ=0.045036 runtime=6.61s placement={0: 767, 10: 1126, 14: 2197, 7: 921, 15: 1544, 9: 887}
2026-03-25 15:21:38,931 INFO: particles=20 iter=10 n_caps=7 minZ=0.050796 runtime=6.73s placement={7: 665, 9: 894, 8: 763, 16: 527, 10: 1380, 17: 1601, 0: 1907}
2026-03-25 15:21:45,495 INFO: particles=20 iter=10 n_caps=8 minZ=0.048445 runtime=6.56s placement={9: 665, 7: 894, 16: 763, 10: 527, 17: 1380, 0: 1601, 6: 1907, 14: 1267}
2026-03-25 15:21:51,149 INFO: particles=20 iter=10 n_caps=9 minZ=0.050657 runtime=5.65s placement={9: 571, 16: 895, 14: 765, 15: 587, 0: 1336, 6: 1628, 13: 1924, 8: 1250, 20: 1550}
2026-03-25 15:21:56,903 INFO: particles=20 iter=10 n_caps=10 minZ=0.048509 runtime=5.75s placement={16: 571, 14: 895, 15: 765, 0: 587, 6: 1336, 13: 1628, 8: 1924, 20: 1250, 10: 1550, 9: 1583}
2026-03-25 15:22:02,800 INFO: particles=20 iter=10 n_caps=11 minZ=0.045322 runtime=5.90s placement={14: 587, 17: 1237, 0: 686, 7: 405, 15: 1281, 11: 1694, 18: 2025, 10: 1234, 9: 1510, 5: 1582, 8: 3258}
2026-03-25 15:22:08,825 INFO: particles=20 iter=10 n_caps=12 minZ=0.042501 runtime=6.03s placement={18: 147, 0: 1738, 1: 483, 15: 434, 8: 1404, 20: 984, 6: 1773, 10: 867, 9: 1500, 14: 3347, 5: 3347}
2026-03-25 15:22:15,026 INFO: particles=20 iter=10 n_caps=13 minZ=0.041068 runtime=6.20s placement={0: 3119, 1: 768, 13: 587, 7: 422, 16: 1597, 9: 386, 4: 3347, 10: 2064, 15: 1427, 2: 3170}
2026-03-25 15:22:21,297 INFO: particles=20 iter=10 n_caps=14 minZ=0.040255 runtime=6.27s placement={6: 561, 13: 757, 0: 2989, 20: 345, 3: 1148, 1: 0, 10: 1132, 14: 1150, 2: 3105, 19: 12}
2026-03-25 15:22:27,694 INFO: particles=20 iter=10 n_caps=15 minZ=0.031758 runtime=6.40s placement={13: 674, 0: 182, 20: 491, 1: 0, 12: 3347, 14: 974, 19: 3347, 6: 0}
2026-03-25 15:22:34,201 INFO: particles=20 iter=10 n_caps=16 minZ=0.031588 runtime=6.51s placement={0: 2203, 20: 556, 1: 491, 12: 0, 14: 3347, 19: 3031, 6: 3347}
2026-03-25 15:22:40,863 INFO: particles=20 iter=10 n_caps=17 minZ=0.031275 runtime=6.66s placement={20: 0, 0: 2032, 1: 0, 9: 2139, 19: 3347, 6: 0}
2026-03-25 15:22:47,559 INFO: particles=20 iter=10 n_caps=18 minZ=0.031011 runtime=6.70s placement={0: 3347, 1: 0, 9: 0, 20: 164, 6: 3239, 19: 2340, 2: 0}
2026-03-25 15:22:54,355 INFO: particles=20 iter=10 n_caps=19 minZ=0.032650 runtime=6.80s placement={0: 0, 1: 0, 9: 1623, 20: 969, 6: 3347, 19: 791, 2: 2340, 10: 3347}
2026-03-25 15:23:01,340 INFO: particles=20 iter=10 n_caps=20 minZ=0.024440 runtime=6.98s placement={0: 764, 1: 863, 14: 179, 2: 550, 9: 3071, 3: 0, 15: 44, 6: 41}
