2026-03-24 21:33:14,877 INFO: particles=80 iter=50 n_caps=1 minZ=0.085029 runtime=184.98s placement={0: 1316}
2026-03-24 21:36:12,438 INFO: particles=80 iter=50 n_caps=2 minZ=0.053237 runtime=177.56s placement={0: 1014, 9: 1012}
2026-03-24 21:39:21,992 INFO: particles=80 iter=50 n_caps=3 minZ=0.051730 runtime=189.55s placement={10: 1014, 0: 1012, 15: 0}
2026-03-24 21:42:17,609 INFO: particles=80 iter=50 n_caps=4 minZ=0.043007 runtime=175.62s placement={0: 1014, 15: 1012, 10: 0, 14: 1684}
2026-03-24 21:45:12,664 INFO: particles=80 iter=50 n_caps=5 minZ=0.051597 runtime=175.05s placement={15: 892, 9: 1012, 14: 0, 0: 1690, 7: 0}
2026-03-24 21:48:20,601 INFO: particles=80 iter=50 n_caps=6 minZ=0.039347 runtime=187.94s placement={0: 2396, 15: 615, 1: 775, 17: 0, 9: 1170}
2026-03-24 21:51:47,675 INFO: particles=80 iter=50 n_caps=7 minZ=0.030172 runtime=207.07s placement={15: 1161, 0: 1012, 1: 334, 7: 168}
2026-03-24 21:54:49,801 INFO: particles=80 iter=50 n_caps=8 minZ=0.026380 runtime=182.13s placement={0: 2608, 1: 1232, 7: 1765}
2026-03-24 21:57:54,980 INFO: particles=80 iter=50 n_caps=9 minZ=0.024243 runtime=185.18s placement={0: 11, 1: 1232, 7: 334}
2026-03-24 22:01:18,991 INFO: particles=80 iter=50 n_caps=10 minZ=0.024100 runtime=204.01s placement={0: 2, 7: 1231, 1: 345}
2026-03-24 22:04:47,392 INFO: particles=80 iter=50 n_caps=11 minZ=0.025321 runtime=208.40s placement={7: 1169, 0: 0, 1: 345}
2026-03-24 22:08:07,002 INFO: particles=80 iter=50 n_caps=12 minZ=0.023001 runtime=199.61s placement={0: 1327, 1: 1231, 7: 0}
2026-03-24 22:11:26,171 INFO: particles=80 iter=50 n_caps=13 minZ=0.020981 runtime=199.17s placement={0: 0, 1: 1232, 7: 2}
2026-03-24 22:15:04,028 INFO: particles=80 iter=50 n_caps=14 minZ=0.020635 runtime=217.86s placement={0: 0, 1: 1232, 7: 10}
2026-03-24 22:18:39,776 INFO: particles=80 iter=50 n_caps=15 minZ=0.020570 runtime=215.75s placement={0: 21, 1: 1228, 7: 2605}
2026-03-24 22:22:03,939 INFO: particles=80 iter=50 n_caps=16 minZ=0.022697 runtime=204.16s placement={0: 29, 1: 1215, 7: 1044}
2026-03-24 22:25:33,365 INFO: particles=80 iter=50 n_caps=17 minZ=0.020433 runtime=209.42s placement={0: 0, 1: 1262, 6: 965}
2026-03-24 22:29:11,528 INFO: particles=80 iter=50 n_caps=18 minZ=0.017659 runtime=218.16s placement={0: 214, 1: 1267, 6: 104}
2026-03-24 22:32:45,311 INFO: particles=80 iter=50 n_caps=19 minZ=0.017373 runtime=213.78s placement={0: 214, 1: 1267, 6: 684, 7: 31}
2026-03-24 22:36:19,879 INFO: particles=80 iter=50 n_caps=20 minZ=0.017683 runtime=214.57s placement={0: 0, 1: 1267, 6: 343, 7: 216}
