2026-03-22 17:12:01,505 INFO: particles=20 iter=15 n_caps=1 minZ=0.085029 runtime=8.96s placement={0: 1316}
2026-03-22 17:12:09,620 INFO: particles=20 iter=15 n_caps=2 minZ=0.074103 runtime=8.11s placement={0: 1487, 14: 2251}
2026-03-22 17:12:17,941 INFO: particles=20 iter=15 n_caps=3 minZ=0.076817 runtime=8.32s placement={14: 1487, 0: 2251, 15: 0}
2026-03-22 17:12:26,524 INFO: particles=20 iter=15 n_caps=4 minZ=0.066090 runtime=8.58s placement={0: 911, 15: 2330, 6: 0, 7: 2399}
2026-03-22 17:12:35,385 INFO: particles=20 iter=15 n_caps=5 minZ=0.065077 runtime=8.86s placement={4: 3347, 10: 2351, 7: 1324, 15: 2116, 0: 1417}
2026-03-22 17:12:44,552 INFO: particles=20 iter=15 n_caps=6 minZ=0.057214 runtime=9.17s placement={9: 2599, 10: 2452, 16: 2426, 0: 1972, 7: 1261, 5: 1080}
2026-03-22 17:12:53,744 INFO: particles=20 iter=15 n_caps=7 minZ=0.052239 runtime=9.19s placement={9: 2599, 16: 2452, 0: 2426, 7: 1972, 5: 1261, 10: 1080, 14: 1665}
2026-03-22 17:13:03,166 INFO: particles=20 iter=15 n_caps=8 minZ=0.052700 runtime=9.42s placement={16: 2599, 0: 2452, 7: 2426, 5: 1972, 10: 1261, 14: 1080, 9: 1665, 15: 1535}
2026-03-22 17:13:12,953 INFO: particles=20 iter=15 n_caps=9 minZ=0.051296 runtime=9.79s placement={0: 2599, 7: 2452, 5: 2426, 10: 1972, 14: 1261, 9: 1080, 15: 1665, 6: 1535, 2: 2737}
2026-03-22 17:13:22,923 INFO: particles=20 iter=15 n_caps=10 minZ=0.055959 runtime=9.97s placement={5: 2006, 6: 2421, 10: 2226, 17: 1977, 7: 1169, 12: 1322, 8: 1404, 0: 1666, 20: 2215, 14: 0}
2026-03-22 17:13:33,474 INFO: particles=20 iter=15 n_caps=11 minZ=0.051215 runtime=10.55s placement={5: 2245, 9: 1416, 16: 2387, 6: 1908, 10: 672, 7: 1009, 0: 1414, 20: 1743, 14: 2511, 13: 185, 12: 1041}
2026-03-22 17:13:43,947 INFO: particles=20 iter=15 n_caps=12 minZ=0.034343 runtime=10.47s placement={11: 2663, 15: 594, 7: 1919, 9: 1307, 0: 1012, 1: 1378, 20: 2389, 12: 1727, 14: 2298}
2026-03-22 17:13:54,612 INFO: particles=20 iter=15 n_caps=13 minZ=0.030680 runtime=10.66s placement={18: 3193, 0: 1014, 8: 1924, 1: 1582, 20: 1299, 13: 2669, 14: 1872, 12: 2190}
2026-03-22 17:14:06,529 INFO: particles=20 iter=15 n_caps=14 minZ=0.032902 runtime=11.92s placement={0: 2659, 10: 660, 1: 1511, 20: 85, 11: 1514, 13: 2528, 15: 1022, 9: 3124}
2026-03-22 17:14:17,532 INFO: particles=20 iter=15 n_caps=15 minZ=0.035608 runtime=11.00s placement={10: 3341, 0: 3203, 1: 1474, 20: 1109, 9: 0, 6: 1552, 11: 0, 7: 2771, 12: 0}
2026-03-22 17:14:28,858 INFO: particles=20 iter=15 n_caps=16 minZ=0.030604 runtime=11.33s placement={0: 1056, 1: 2285, 20: 2714, 14: 250, 13: 0, 4: 3347, 19: 211}
2026-03-22 17:14:40,231 INFO: particles=20 iter=15 n_caps=17 minZ=0.029386 runtime=11.37s placement={1: 3347, 20: 2285, 15: 3046, 0: 0, 16: 3347, 6: 0, 19: 574}
2026-03-22 17:14:51,738 INFO: particles=20 iter=15 n_caps=18 minZ=0.034257 runtime=11.51s placement={20: 3347, 15: 2285, 0: 1012, 1: 455, 16: 1484, 6: 3347, 19: 1490, 7: 0, 10: 172}
2026-03-22 17:15:03,942 INFO: particles=20 iter=15 n_caps=19 minZ=0.031324 runtime=12.20s placement={15: 2895, 0: 0, 1: 2830, 16: 3347, 6: 819, 19: 0, 9: 600, 11: 0, 10: 2392}
2026-03-22 17:15:16,332 INFO: particles=20 iter=15 n_caps=20 minZ=0.030347 runtime=12.39s placement={0: 2598, 1: 2290, 15: 2171, 6: 3347, 19: 3347, 9: 0, 11: 600, 10: 0, 20: 2392}
