2026-03-23 16:18:49,219 INFO: particles=80 iter=25 n_caps=1 minZ=0.080251 runtime=89.43s placement={0: 1012}
2026-03-23 16:20:21,267 INFO: particles=80 iter=25 n_caps=2 minZ=0.065600 runtime=92.05s placement={0: 1303, 10: 892}
2026-03-23 16:21:56,218 INFO: particles=80 iter=25 n_caps=3 minZ=0.053323 runtime=94.95s placement={7: 1316, 0: 1012, 10: 0}
2026-03-23 16:23:34,523 INFO: particles=80 iter=25 n_caps=4 minZ=0.044395 runtime=98.30s placement={0: 1776, 6: 1248, 1: 0}
2026-03-23 16:25:13,221 INFO: particles=80 iter=25 n_caps=5 minZ=0.047050 runtime=98.70s placement={6: 1073, 0: 1014, 1: 152, 8: 0}
2026-03-23 16:26:51,001 INFO: particles=80 iter=25 n_caps=6 minZ=0.063226 runtime=97.78s placement={15: 2251, 6: 617, 7: 2216, 14: 3076, 18: 62, 9: 765}
2026-03-23 16:28:29,518 INFO: particles=80 iter=25 n_caps=7 minZ=0.053447 runtime=98.52s placement={0: 1567, 8: 510, 14: 2280, 18: 2896, 9: 1183, 5: 666, 7: 2590}
2026-03-23 16:30:12,526 INFO: particles=80 iter=25 n_caps=8 minZ=0.047134 runtime=103.01s placement={0: 1012, 19: 1388, 14: 2054, 8: 879, 9: 0, 10: 1220, 7: 2633}
2026-03-23 16:31:55,912 INFO: particles=80 iter=25 n_caps=9 minZ=0.041440 runtime=103.39s placement={3: 110, 7: 1453, 0: 3223, 14: 610, 1: 946, 9: 0, 2: 0}
2026-03-23 16:33:43,722 INFO: particles=80 iter=25 n_caps=10 minZ=0.032933 runtime=107.81s placement={0: 1127, 1: 2561, 8: 3247, 6: 2368, 2: 3347, 9: 0}
2026-03-23 16:35:29,956 INFO: particles=80 iter=25 n_caps=11 minZ=0.030355 runtime=106.23s placement={0: 0, 16: 1268, 1: 3269, 6: 792, 11: 3347}
2026-03-23 16:37:20,880 INFO: particles=80 iter=25 n_caps=12 minZ=0.027194 runtime=110.92s placement={5: 2553, 0: 0, 1: 3347, 6: 89, 9: 1456, 17: 0}
2026-03-23 16:39:09,438 INFO: particles=80 iter=25 n_caps=13 minZ=0.025749 runtime=108.56s placement={0: 1012, 1: 1381, 9: 90, 17: 911}
2026-03-23 16:40:58,639 INFO: particles=80 iter=25 n_caps=14 minZ=0.024892 runtime=109.20s placement={0: 0, 1: 1214, 6: 954, 18: 970}
2026-03-23 16:42:49,192 INFO: particles=80 iter=25 n_caps=15 minZ=0.025450 runtime=110.55s placement={0: 0, 1: 1214, 6: 1125, 18: 1626}
2026-03-23 16:44:40,335 INFO: particles=80 iter=25 n_caps=16 minZ=0.026012 runtime=111.14s placement={0: 0, 1: 1214, 6: 887, 18: 91}
2026-03-23 16:46:32,223 INFO: particles=80 iter=25 n_caps=17 minZ=0.024078 runtime=111.89s placement={0: 0, 1: 1214, 6: 3347, 18: 954}
2026-03-23 16:48:26,777 INFO: particles=80 iter=25 n_caps=18 minZ=0.022467 runtime=114.55s placement={0: 0, 6: 1213, 1: 3347, 18: 1116}
2026-03-23 16:50:26,822 INFO: particles=80 iter=25 n_caps=19 minZ=0.021438 runtime=120.04s placement={6: 2481, 0: 21, 1: 3347, 18: 899}
2026-03-23 16:52:21,752 INFO: particles=80 iter=25 n_caps=20 minZ=0.019712 runtime=114.93s placement={0: 1146, 1: 1269, 18: 3347, 10: 21}
