2026-03-08 00:40:51,982 INFO: n_caps=1 | iter=15 | minZ=0.050000 | placement={12: 2820}
2026-03-08 00:40:51,983 INFO: init_n_caps=2 | seeded_previous_caps=1 | new_cap_random_init(cap=2037,port=15)
2026-03-08 00:41:07,161 INFO: n_caps=2 | iter=15 | minZ=0.050001 | placement={12: 1302, 0: 3347}
2026-03-08 00:41:07,161 INFO: init_n_caps=3 | seeded_previous_caps=2 | new_cap_random_init(cap=2114,port=0)
2026-03-08 00:41:22,614 INFO: n_caps=3 | iter=15 | minZ=0.050001 | placement={1: 1184, 8: 1923, 20: 1152}
2026-03-08 00:41:22,614 INFO: init_n_caps=4 | seeded_previous_caps=3 | new_cap_random_init(cap=196,port=7)
2026-03-08 00:41:38,589 INFO: n_caps=4 | iter=15 | minZ=0.050001 | placement={15: 2610, 12: 1911, 4: 852, 17: 409}
2026-03-08 00:41:38,590 INFO: init_n_caps=5 | seeded_previous_caps=4 | new_cap_random_init(cap=2651,port=18)
2026-03-08 00:41:55,144 INFO: n_caps=5 | iter=15 | minZ=0.050002 | placement={6: 2861, 4: 465, 11: 1167, 12: 1209, 7: 1432}
2026-03-08 00:41:55,145 INFO: init_n_caps=6 | seeded_previous_caps=5 | new_cap_random_init(cap=1076,port=4)
2026-03-08 00:42:12,072 INFO: n_caps=6 | iter=15 | minZ=0.050000 | placement={3: 2602, 20: 3014, 18: 0, 9: 145, 19: 2156}
2026-03-08 00:42:12,073 INFO: init_n_caps=7 | seeded_previous_caps=6 | new_cap_random_init(cap=509,port=3)
2026-03-08 00:42:29,288 INFO: n_caps=7 | iter=15 | minZ=0.050000 | placement={20: 1480, 19: 158, 14: 0, 18: 206, 10: 3176, 5: 681}
2026-03-08 00:42:29,288 INFO: init_n_caps=8 | seeded_previous_caps=7 | new_cap_random_init(cap=3347,port=10)
2026-03-08 00:42:47,321 INFO: n_caps=8 | iter=15 | minZ=0.050000 | placement={11: 2300, 7: 455, 2: 2268, 12: 704, 15: 2806, 8: 3347, 16: 0, 9: 1113}
2026-03-08 00:42:47,321 INFO: init_n_caps=9 | seeded_previous_caps=8 | new_cap_random_init(cap=1901,port=13)
2026-03-08 00:43:05,954 INFO: n_caps=9 | iter=15 | minZ=0.050003 | placement={7: 2637, 4: 0, 9: 2339, 15: 405, 8: 523, 16: 3347, 10: 2005, 1: 2134}
2026-03-08 00:43:05,954 INFO: init_n_caps=10 | seeded_previous_caps=9 | new_cap_random_init(cap=1302,port=18)
2026-03-08 00:43:24,931 INFO: n_caps=10 | iter=15 | minZ=0.050001 | placement={18: 0, 17: 1856, 12: 1161, 8: 2920, 14: 595, 7: 1450, 10: 586, 1: 2058, 6: 2628, 5: 2127}
2026-03-08 00:43:24,932 INFO: init_n_caps=11 | seeded_previous_caps=10 | new_cap_random_init(cap=3168,port=9)
2026-03-08 00:43:28,855 INFO: n_caps=11 | iter=3 | minZ=0.046676 | placement={4: 3347, 0: 0, 1: 3072, 8: 3347, 13: 1424, 16: 1779, 20: 3083, 11: 2158}
