2026-03-21 12:28:52,893 INFO: particles=80 iter=40 n_caps=1 minZ=0.080251 runtime=135.15s placement={0: 1014}
2026-03-21 12:31:12,081 INFO: particles=80 iter=40 n_caps=2 minZ=0.068728 runtime=139.19s placement={0: 1014, 10: 95}
2026-03-21 12:33:33,648 INFO: particles=80 iter=40 n_caps=3 minZ=0.056319 runtime=141.57s placement={7: 910, 0: 1012, 11: 5}
2026-03-21 12:35:58,918 INFO: particles=80 iter=40 n_caps=4 minZ=0.044302 runtime=145.27s placement={0: 1012, 5: 437, 14: 892, 7: 2565}
2026-03-21 12:38:26,560 INFO: particles=80 iter=40 n_caps=5 minZ=0.048383 runtime=147.64s placement={10: 1126, 14: 893, 6: 1107, 0: 2592, 5: 1127}
2026-03-21 12:40:57,161 INFO: particles=80 iter=40 n_caps=6 minZ=0.039559 runtime=150.60s placement={10: 1662, 6: 433, 0: 1014, 19: 2676, 8: 1962, 9: 1126}
2026-03-21 12:43:30,343 INFO: particles=80 iter=40 n_caps=7 minZ=0.042668 runtime=153.18s placement={6: 1571, 0: 1014, 12: 1794, 4: 2554, 5: 1567, 13: 212, 10: 1666}
2026-03-21 12:46:06,039 INFO: particles=80 iter=40 n_caps=8 minZ=0.030962 runtime=155.70s placement={0: 1014, 1: 1442, 6: 3278, 16: 98}
2026-03-21 12:48:43,950 INFO: particles=80 iter=40 n_caps=9 minZ=0.028511 runtime=157.91s placement={1: 2461, 0: 13, 6: 1103, 16: 1170}
2026-03-21 12:51:24,829 INFO: particles=80 iter=40 n_caps=10 minZ=0.028710 runtime=160.88s placement={0: 28, 1: 1148, 6: 914, 15: 690, 7: 306}
2026-03-21 12:54:39,552 INFO: particles=80 iter=40 n_caps=11 minZ=0.027473 runtime=194.72s placement={0: 0, 6: 1148, 1: 914, 15: 3330, 7: 28}
2026-03-21 12:57:28,487 INFO: particles=80 iter=40 n_caps=12 minZ=0.026798 runtime=168.93s placement={5: 2669, 0: 81, 1: 915, 15: 983, 7: 110}
2026-03-21 13:00:17,281 INFO: particles=80 iter=40 n_caps=13 minZ=0.027023 runtime=168.79s placement={0: 1012, 1: 1029, 15: 1066, 7: 1080}
2026-03-21 13:03:07,988 INFO: particles=80 iter=40 n_caps=14 minZ=0.023696 runtime=170.71s placement={0: 1012, 16: 1042, 1: 1052, 9: 705, 4: 69}
2026-03-21 13:06:01,828 INFO: particles=80 iter=40 n_caps=15 minZ=0.024532 runtime=173.84s placement={12: 1764, 0: 0, 1: 1274, 9: 3252, 7: 80, 3: 1484}
2026-03-21 13:08:58,137 INFO: particles=80 iter=40 n_caps=16 minZ=0.020892 runtime=176.31s placement={0: 2062, 1: 1219, 6: 1196, 7: 0}
2026-03-21 13:11:57,512 INFO: particles=80 iter=40 n_caps=17 minZ=0.022401 runtime=179.37s placement={0: 0, 1: 1219, 6: 1246, 7: 1012}
2026-03-21 13:14:57,766 INFO: particles=80 iter=40 n_caps=18 minZ=0.019814 runtime=180.25s placement={0: 0, 6: 1208, 1: 1248, 7: 0}
2026-03-21 13:18:00,962 INFO: particles=80 iter=40 n_caps=19 minZ=0.020773 runtime=183.20s placement={6: 1792, 0: 0, 1: 1248, 7: 343}
2026-03-21 13:21:05,152 INFO: particles=80 iter=40 n_caps=20 minZ=0.018932 runtime=184.19s placement={0: 992, 1: 1208, 7: 488}
