2026-03-17 16:35:30,978 INFO: particles=30 iter=40 n_caps=1 minZ=0.080251 runtime=57.68s placement={0: 1014}
2026-03-17 16:36:29,479 INFO: particles=30 iter=40 n_caps=2 minZ=0.052679 runtime=58.50s placement={0: 1012, 5: 1518}
2026-03-17 16:37:26,897 INFO: particles=30 iter=40 n_caps=3 minZ=0.046711 runtime=57.42s placement={0: 1012, 14: 1751, 10: 1100}
2026-03-17 16:38:23,718 INFO: particles=30 iter=40 n_caps=4 minZ=0.044040 runtime=56.82s placement={14: 766, 9: 1962, 0: 1014, 10: 156}
2026-03-17 16:39:22,228 INFO: particles=30 iter=40 n_caps=5 minZ=0.053024 runtime=58.51s placement={9: 966, 0: 1126, 6: 968, 10: 433, 17: 2340}
2026-03-17 16:40:23,888 INFO: particles=30 iter=40 n_caps=6 minZ=0.043278 runtime=61.66s placement={0: 1012, 7: 1045, 9: 637, 20: 256, 19: 2569, 10: 1710}
2026-03-17 16:41:25,848 INFO: particles=30 iter=40 n_caps=7 minZ=0.052154 runtime=61.96s placement={6: 1056, 9: 1022, 20: 1193, 19: 212, 10: 2511, 0: 911, 15: 0}
2026-03-17 16:42:27,026 INFO: particles=30 iter=40 n_caps=8 minZ=0.049949 runtime=61.18s placement={9: 1057, 20: 1022, 19: 1107, 6: 214, 0: 2515, 15: 906, 16: 0, 10: 1127}
2026-03-17 16:43:29,859 INFO: particles=30 iter=40 n_caps=9 minZ=0.053341 runtime=62.83s placement={20: 1057, 19: 1022, 6: 1107, 0: 214, 15: 2515, 16: 906, 9: 0, 10: 1127, 5: 1602}
2026-03-17 16:44:33,251 INFO: particles=30 iter=40 n_caps=10 minZ=0.039099 runtime=63.39s placement={19: 1955, 6: 848, 0: 1014, 14: 147, 16: 731, 9: 1347, 10: 0, 5: 1104, 15: 1570, 1: 3280}
2026-03-17 16:45:37,847 INFO: particles=30 iter=40 n_caps=11 minZ=0.040904 runtime=64.60s placement={5: 2319, 0: 3338, 14: 981, 20: 809, 10: 748, 7: 300, 1: 0, 9: 7}
2026-03-17 16:46:44,476 INFO: particles=30 iter=40 n_caps=12 minZ=0.033975 runtime=66.63s placement={0: 3347, 14: 441, 20: 427, 10: 820, 8: 626, 1: 0, 9: 966, 11: 3347}
2026-03-17 16:47:50,359 INFO: particles=30 iter=40 n_caps=13 minZ=0.029700 runtime=65.88s placement={10: 1863, 20: 625, 7: 734, 8: 847, 0: 333, 9: 105, 1: 0, 12: 3347, 6: 2596}
2026-03-17 16:48:57,230 INFO: particles=30 iter=40 n_caps=14 minZ=0.027683 runtime=66.87s placement={20: 1846, 7: 627, 8: 738, 0: 1783, 9: 507, 1: 105, 12: 1195, 6: 3347}
2026-03-17 16:50:05,130 INFO: particles=30 iter=40 n_caps=15 minZ=0.028132 runtime=67.90s placement={7: 1839, 8: 624, 0: 3347, 9: 744, 1: 490, 10: 1161, 6: 1345}
2026-03-17 16:51:13,987 INFO: particles=30 iter=40 n_caps=16 minZ=0.025059 runtime=68.86s placement={8: 1819, 0: 1188, 9: 578, 1: 708, 10: 142, 7: 1251}
2026-03-17 16:52:22,652 INFO: particles=30 iter=40 n_caps=17 minZ=0.023297 runtime=68.66s placement={0: 1497, 8: 619, 1: 578, 10: 95, 7: 142}
2026-03-17 16:53:33,345 INFO: particles=30 iter=40 n_caps=18 minZ=0.022522 runtime=70.69s placement={8: 2416, 0: 1441, 1: 518, 10: 434, 6: 100, 2: 9}
2026-03-17 16:54:44,149 INFO: particles=30 iter=40 n_caps=19 minZ=0.020934 runtime=70.80s placement={0: 1606, 1: 1007, 7: 894, 5: 341, 2: 1427}
2026-03-17 16:55:57,819 INFO: particles=30 iter=40 n_caps=20 minZ=0.020431 runtime=73.67s placement={0: 0, 1: 1007, 7: 437, 5: 894, 2: 2262, 14: 1606}
