2026-03-16 21:23:40,349 INFO: particles=20 iter=40 n_caps=1 minZ=0.087365 runtime=37.79s placement={9: 1012}
2026-03-16 21:24:17,983 INFO: particles=20 iter=40 n_caps=2 minZ=0.052132 runtime=37.63s placement={0: 1012, 10: 1518}
2026-03-16 21:24:56,160 INFO: particles=20 iter=40 n_caps=3 minZ=0.060768 runtime=38.18s placement={10: 1014, 0: 1518, 15: 67}
2026-03-16 21:25:35,237 INFO: particles=20 iter=40 n_caps=4 minZ=0.044582 runtime=39.08s placement={0: 1811, 15: 1518, 1: 67}
2026-03-16 21:26:14,248 INFO: particles=20 iter=40 n_caps=5 minZ=0.053558 runtime=39.01s placement={15: 1012, 0: 1811, 1: 62, 7: 46}
2026-03-16 21:26:53,947 INFO: particles=20 iter=40 n_caps=6 minZ=0.038860 runtime=39.70s placement={0: 2550, 1: 480, 5: 1812, 14: 22}
2026-03-16 21:27:34,753 INFO: particles=20 iter=40 n_caps=7 minZ=0.041682 runtime=40.81s placement={0: 0, 1: 480, 5: 91, 14: 1812, 9: 2550}
2026-03-16 21:28:15,883 INFO: particles=20 iter=40 n_caps=8 minZ=0.039840 runtime=41.13s placement={0: 61, 5: 480, 14: 92, 1: 1813, 9: 22}
2026-03-16 21:28:57,736 INFO: particles=20 iter=40 n_caps=9 minZ=0.035943 runtime=41.85s placement={5: 921, 14: 600, 0: 446, 9: 906, 1: 167}
2026-03-16 21:29:40,189 INFO: particles=20 iter=40 n_caps=10 minZ=0.033253 runtime=42.45s placement={14: 976, 0: 433, 8: 594, 1: 904, 9: 777}
2026-03-16 21:30:23,035 INFO: particles=20 iter=40 n_caps=11 minZ=0.030902 runtime=42.85s placement={0: 1012, 8: 179, 1: 462, 9: 57, 13: 208, 14: 2454}
2026-03-16 21:31:05,915 INFO: particles=20 iter=40 n_caps=12 minZ=0.028851 runtime=42.88s placement={9: 215, 0: 434, 1: 1558, 10: 1661, 15: 0, 14: 1864}
2026-03-16 21:31:50,311 INFO: particles=20 iter=40 n_caps=13 minZ=0.028823 runtime=44.40s placement={0: 1651, 1: 356, 8: 30, 15: 1530, 14: 0, 13: 168}
2026-03-16 21:32:36,374 INFO: particles=20 iter=40 n_caps=14 minZ=0.028344 runtime=46.06s placement={0: 1626, 1: 356, 8: 1594, 13: 30, 14: 1627, 15: 2197, 9: 0}
2026-03-16 21:33:20,799 INFO: particles=20 iter=40 n_caps=15 minZ=0.028393 runtime=44.42s placement={0: 0, 1: 476, 9: 643, 13: 1478, 14: 12, 15: 2087, 7: 1667}
2026-03-16 21:34:05,827 INFO: particles=20 iter=40 n_caps=16 minZ=0.026149 runtime=45.03s placement={0: 257, 1: 126, 10: 1056, 8: 784, 13: 1417, 2: 0, 6: 54}
2026-03-16 21:34:51,862 INFO: particles=20 iter=40 n_caps=17 minZ=0.023710 runtime=46.03s placement={0: 81, 1: 125, 10: 1412, 8: 1054, 14: 664, 2: 1529, 6: 2116}
2026-03-16 21:35:39,121 INFO: particles=20 iter=40 n_caps=18 minZ=0.022795 runtime=47.26s placement={0: 0, 9: 104, 8: 1361, 14: 1074, 1: 959, 2: 0, 6: 1051}
2026-03-16 21:36:27,216 INFO: particles=20 iter=40 n_caps=19 minZ=0.022702 runtime=48.09s placement={9: 272, 8: 104, 14: 1361, 0: 0, 1: 959, 2: 1405, 6: 0, 15: 0}
2026-03-16 21:37:15,693 INFO: particles=20 iter=40 n_caps=20 minZ=0.021182 runtime=48.48s placement={7: 301, 14: 67, 0: 1667, 1: 1071, 2: 773, 6: 1280, 15: 78}
