2026-03-08 04:16:40,681 INFO: n_caps=1 | iter=15 | minZ=0.045000 | placement={7: 1344}
2026-03-08 04:16:40,682 INFO: init_n_caps=2 | seeded_previous_caps=1 | new_cap_random_init(cap=1218,port=5)
2026-03-08 04:17:11,198 INFO: n_caps=2 | iter=15 | minZ=0.045001 | placement={16: 694, 0: 1489}
2026-03-08 04:17:11,198 INFO: init_n_caps=3 | seeded_previous_caps=2 | new_cap_random_init(cap=2749,port=2)
2026-03-08 04:17:42,402 INFO: n_caps=3 | iter=15 | minZ=0.045002 | placement={8: 3347, 10: 2745, 15: 0}
2026-03-08 04:17:42,403 INFO: init_n_caps=4 | seeded_previous_caps=3 | new_cap_random_init(cap=1483,port=15)
2026-03-08 04:18:13,862 INFO: n_caps=4 | iter=15 | minZ=0.045002 | placement={2: 2024, 19: 2006, 15: 134, 4: 1609}
2026-03-08 04:18:13,863 INFO: init_n_caps=5 | seeded_previous_caps=4 | new_cap_random_init(cap=466,port=15)
2026-03-08 04:18:46,301 INFO: n_caps=5 | iter=15 | minZ=0.045000 | placement={1: 3197, 0: 700, 20: 0}
2026-03-08 04:18:46,302 INFO: init_n_caps=6 | seeded_previous_caps=5 | new_cap_random_init(cap=227,port=2)
2026-03-08 04:19:18,897 INFO: n_caps=6 | iter=15 | minZ=0.045002 | placement={0: 1591, 6: 1217, 12: 357, 1: 2334, 17: 3161, 3: 977}
2026-03-08 04:19:18,897 INFO: init_n_caps=7 | seeded_previous_caps=6 | new_cap_random_init(cap=156,port=11)
2026-03-08 04:19:52,066 INFO: n_caps=7 | iter=15 | minZ=0.045000 | placement={7: 1837, 20: 0, 0: 0, 11: 3347, 1: 3347, 8: 3347}
2026-03-08 04:19:52,067 INFO: init_n_caps=8 | seeded_previous_caps=7 | new_cap_random_init(cap=1204,port=2)
2026-03-08 04:20:26,290 INFO: n_caps=8 | iter=15 | minZ=0.045001 | placement={19: 2767, 8: 1444, 0: 1533, 17: 679, 16: 3279, 13: 591, 15: 3347, 10: 1354}
2026-03-08 04:20:26,290 INFO: init_n_caps=9 | seeded_previous_caps=8 | new_cap_random_init(cap=3229,port=16)
2026-03-08 04:21:01,411 INFO: n_caps=9 | iter=15 | minZ=0.045001 | placement={17: 13, 0: 1503, 18: 756, 13: 957, 12: 3337, 5: 932, 9: 3165, 19: 538, 11: 2757}
2026-03-08 04:21:01,411 INFO: init_n_caps=10 | seeded_previous_caps=9 | new_cap_random_init(cap=2915,port=9)
2026-03-08 04:21:36,823 INFO: n_caps=10 | iter=15 | minZ=0.045001 | placement={0: 331, 19: 1365, 14: 0, 8: 979, 7: 3347, 9: 435, 15: 3347, 11: 667, 1: 3347, 20: 2921}
2026-03-08 04:21:36,824 INFO: init_n_caps=11 | seeded_previous_caps=10 | new_cap_random_init(cap=0,port=9)
2026-03-08 04:22:12,591 INFO: n_caps=11 | iter=15 | minZ=0.045000 | placement={18: 1470, 7: 2967, 8: 515, 5: 2840, 15: 2106, 20: 432, 12: 3347, 1: 677, 19: 676, 6: 2661, 17: 832}
2026-03-08 04:22:12,592 INFO: init_n_caps=12 | seeded_previous_caps=11 | new_cap_random_init(cap=3114,port=14)
2026-03-08 04:22:49,024 INFO: n_caps=12 | iter=15 | minZ=0.045001 | placement={4: 2975, 9: 3347, 10: 1895, 7: 3347, 5: 1969, 11: 2626, 8: 1358, 3: 209, 13: 2854, 15: 91}
2026-03-08 04:22:49,024 INFO: init_n_caps=13 | seeded_previous_caps=12 | new_cap_random_init(cap=674,port=3)
2026-03-08 04:23:25,666 INFO: n_caps=13 | iter=15 | minZ=0.045000 | placement={0: 302, 5: 2030, 9: 219, 10: 2842, 8: 1435, 2: 534, 20: 2526, 6: 3042, 7: 774, 16: 2998, 13: 1505}
2026-03-08 04:23:25,667 INFO: init_n_caps=14 | seeded_previous_caps=13 | new_cap_random_init(cap=0,port=12)
2026-03-08 04:24:03,178 INFO: n_caps=14 | iter=15 | minZ=0.045002 | placement={5: 685, 14: 1510, 19: 3078, 20: 1234, 6: 0, 13: 2060, 17: 3347, 16: 1519, 4: 0, 0: 82, 1: 2954, 7: 1426}
2026-03-08 04:24:03,178 INFO: init_n_caps=15 | seeded_previous_caps=14 | new_cap_random_init(cap=934,port=18)
2026-03-08 04:24:10,679 INFO: n_caps=15 | iter=3 | minZ=0.043450 | placement={10: 0, 19: 1491, 16: 3347, 20: 3347, 0: 838, 17: 360, 15: 1285, 1: 1570, 7: 3347, 8: 2060, 9: 144}
