2026-03-27 19:14:13,674 INFO: particles=80 iter=15 n_caps=1 minZ=0.087365 runtime=27.67s placement={9: 1012}
2026-03-27 19:14:42,299 INFO: particles=80 iter=15 n_caps=2 minZ=0.052546 runtime=28.62s placement={0: 1012, 9: 1613}
2026-03-27 19:15:11,816 INFO: particles=80 iter=15 n_caps=3 minZ=0.063563 runtime=29.52s placement={9: 1012, 0: 1613, 7: 0}
2026-03-27 19:15:41,989 INFO: particles=80 iter=15 n_caps=4 minZ=0.044137 runtime=30.17s placement={0: 1583, 7: 1613, 1: 0}
2026-03-27 19:16:12,761 INFO: particles=80 iter=15 n_caps=5 minZ=0.052865 runtime=30.77s placement={5: 1354, 0: 1394, 1: 13, 14: 149}
2026-03-27 19:16:44,448 INFO: particles=80 iter=15 n_caps=6 minZ=0.051375 runtime=31.69s placement={0: 0, 1: 1508, 14: 1142, 10: 344, 16: 1106}
2026-03-27 19:17:19,207 INFO: particles=80 iter=15 n_caps=7 minZ=0.042097 runtime=34.76s placement={0: 1189, 1: 1211, 20: 0, 4: 215, 16: 769}
2026-03-27 19:17:56,525 INFO: particles=80 iter=15 n_caps=8 minZ=0.041710 runtime=37.32s placement={14: 746, 12: 0, 7: 617, 17: 1154, 5: 1601, 9: 2963, 18: 412, 0: 1014}
2026-03-27 19:18:30,870 INFO: particles=80 iter=15 n_caps=9 minZ=0.034741 runtime=34.34s placement={14: 1552, 0: 1760, 1: 3347, 5: 2805, 15: 0}
2026-03-27 19:19:05,264 INFO: particles=80 iter=15 n_caps=10 minZ=0.031590 runtime=34.39s placement={0: 2565, 1: 70, 9: 3347, 15: 713}
2026-03-27 19:19:40,929 INFO: particles=80 iter=15 n_caps=11 minZ=0.028301 runtime=35.66s placement={0: 0, 9: 133, 1: 3347, 15: 2311}
2026-03-27 19:20:16,674 INFO: particles=80 iter=15 n_caps=12 minZ=0.029318 runtime=35.74s placement={9: 1667, 0: 0, 15: 3347, 1: 2311}
2026-03-27 19:20:53,494 INFO: particles=80 iter=15 n_caps=13 minZ=0.026543 runtime=36.82s placement={0: 1652, 15: 133, 1: 3347, 7: 0}
2026-03-27 19:21:30,987 INFO: particles=80 iter=15 n_caps=14 minZ=0.027302 runtime=37.49s placement={15: 1667, 0: 1652, 1: 3347, 7: 0, 6: 26}
2026-03-27 19:22:08,921 INFO: particles=80 iter=15 n_caps=15 minZ=0.027155 runtime=37.93s placement={0: 2645, 1: 133, 7: 2910, 6: 1652, 15: 26}
2026-03-27 19:22:47,651 INFO: particles=80 iter=15 n_caps=16 minZ=0.027212 runtime=38.73s placement={0: 0, 1: 133, 7: 1811, 6: 0, 15: 1652}
2026-03-27 19:23:26,974 INFO: particles=80 iter=15 n_caps=17 minZ=0.026536 runtime=39.32s placement={0: 0, 1: 133, 7: 1873, 6: 0, 15: 0}
2026-03-27 19:24:11,908 INFO: particles=80 iter=15 n_caps=18 minZ=0.026331 runtime=44.93s placement={0: 0, 1: 48, 7: 999, 4: 3087, 16: 0, 13: 0}
2026-03-27 19:24:52,762 INFO: particles=80 iter=15 n_caps=19 minZ=0.026769 runtime=40.85s placement={0: 0, 1: 48, 7: 0, 4: 1812, 16: 3087, 13: 0, 10: 0}
2026-03-27 19:25:35,915 INFO: particles=80 iter=15 n_caps=20 minZ=0.022379 runtime=43.15s placement={1: 3347, 0: 298, 16: 766, 12: 71, 7: 55}
