2026-03-23 00:23:49,206 INFO: particles=80 iter=10 n_caps=1 minZ=0.085029 runtime=36.88s placement={0: 1317}
2026-03-23 00:24:26,979 INFO: particles=80 iter=10 n_caps=2 minZ=0.072106 runtime=37.77s placement={16: 1126, 0: 1379}
2026-03-23 00:25:09,667 INFO: particles=80 iter=10 n_caps=3 minZ=0.054947 runtime=42.69s placement={0: 1012, 11: 1364, 16: 2620}
2026-03-23 00:25:48,192 INFO: particles=80 iter=10 n_caps=4 minZ=0.061796 runtime=38.52s placement={9: 874, 5: 686, 0: 2657, 6: 64}
2026-03-23 00:26:27,519 INFO: particles=80 iter=10 n_caps=5 minZ=0.055791 runtime=39.33s placement={5: 910, 0: 686, 6: 3119, 7: 60, 10: 1580}
2026-03-23 00:27:07,456 INFO: particles=80 iter=10 n_caps=6 minZ=0.047107 runtime=39.94s placement={0: 1074, 6: 761, 9: 2070, 10: 608, 1: 1869}
2026-03-23 00:27:50,109 INFO: particles=80 iter=10 n_caps=7 minZ=0.043392 runtime=42.65s placement={7: 869, 9: 433, 10: 1819, 0: 0, 1: 1689}
2026-03-23 00:28:31,902 INFO: particles=80 iter=10 n_caps=8 minZ=0.041960 runtime=41.79s placement={9: 869, 10: 433, 0: 0, 1: 980, 2: 1205}
2026-03-23 00:29:13,848 INFO: particles=80 iter=10 n_caps=9 minZ=0.033199 runtime=41.95s placement={9: 892, 0: 2089, 1: 1456}
2026-03-23 00:29:57,227 INFO: particles=80 iter=10 n_caps=10 minZ=0.029708 runtime=43.38s placement={0: 1545, 1: 451}
2026-03-23 00:30:41,338 INFO: particles=80 iter=10 n_caps=11 minZ=0.028672 runtime=44.11s placement={0: 1131, 1: 505, 2: 0}
2026-03-23 00:31:25,521 INFO: particles=80 iter=10 n_caps=12 minZ=0.028269 runtime=44.18s placement={0: 0, 1: 506, 5: 0}
2026-03-23 00:32:09,273 INFO: particles=80 iter=10 n_caps=13 minZ=0.027285 runtime=43.75s placement={0: 0, 1: 1000, 3: 0}
2026-03-23 00:32:53,646 INFO: particles=80 iter=10 n_caps=14 minZ=0.029930 runtime=44.37s placement={0: 0, 1: 3347, 9: 3347, 10: 370, 2: 0, 17: 1904, 6: 0}
2026-03-23 00:33:38,444 INFO: particles=80 iter=10 n_caps=15 minZ=0.031336 runtime=44.80s placement={0: 0, 1: 1314, 8: 1071, 7: 3347, 16: 0, 5: 1772}
2026-03-23 00:34:24,034 INFO: particles=80 iter=10 n_caps=16 minZ=0.031803 runtime=45.59s placement={0: 0, 8: 1314, 1: 1071, 7: 3347, 16: 1085, 5: 0}
2026-03-23 00:35:09,842 INFO: particles=80 iter=10 n_caps=17 minZ=0.029511 runtime=45.81s placement={0: 0, 1: 589, 12: 229, 15: 414}
2026-03-23 00:35:56,346 INFO: particles=80 iter=10 n_caps=18 minZ=0.024991 runtime=46.50s placement={0: 1196, 11: 0, 1: 278, 15: 2050, 4: 136, 14: 74}
2026-03-23 00:36:44,058 INFO: particles=80 iter=10 n_caps=19 minZ=0.025113 runtime=47.71s placement={9: 1246, 1: 463, 0: 587, 2: 3347, 3: 0, 12: 28}
2026-03-23 00:37:31,796 INFO: particles=80 iter=10 n_caps=20 minZ=0.023047 runtime=47.74s placement={0: 1102, 1: 340, 2: 567, 10: 0}
