2026-03-30 05:00:23,496 INFO: particles=30 iter=10 n_caps=1 minZ=0.087556 runtime=9.26s placement={10: 1287}
2026-03-30 05:00:40,127 INFO: particles=30 iter=10 n_caps=2 minZ=0.059795 runtime=16.63s placement={0: 1355, 14: 1518}
2026-03-30 05:01:02,105 INFO: particles=30 iter=10 n_caps=3 minZ=0.053118 runtime=21.98s placement={10: 1466, 0: 1517, 16: 3110}
2026-03-30 05:01:30,267 INFO: particles=30 iter=10 n_caps=4 minZ=0.049046 runtime=28.16s placement={0: 1133, 16: 1384, 11: 3115, 9: 970}
2026-03-30 05:02:05,400 INFO: particles=30 iter=10 n_caps=5 minZ=0.052482 runtime=35.13s placement={16: 1938, 20: 1572, 9: 2639, 13: 273, 0: 974}
2026-03-30 05:02:46,846 INFO: particles=30 iter=10 n_caps=6 minZ=0.044890 runtime=41.45s placement={0: 1934, 6: 1070, 15: 1050, 9: 3107, 14: 1252, 10: 2868}
2026-03-30 05:03:34,945 INFO: particles=30 iter=10 n_caps=7 minZ=0.046711 runtime=48.10s placement={6: 1934, 15: 1070, 9: 1050, 14: 3107, 10: 1252, 0: 2868, 7: 20}
2026-03-30 05:04:29,528 INFO: particles=30 iter=10 n_caps=8 minZ=0.041721 runtime=54.58s placement={15: 1934, 9: 1070, 14: 1050, 10: 3107, 0: 1252, 6: 2868, 7: 20, 5: 1051}
2026-03-30 05:05:30,806 INFO: particles=30 iter=10 n_caps=9 minZ=0.042181 runtime=61.28s placement={9: 2035, 14: 1044, 10: 853, 0: 3014, 5: 2181, 6: 2837, 4: 0, 15: 839, 16: 2629}
2026-03-30 05:06:39,116 INFO: particles=30 iter=10 n_caps=10 minZ=0.037533 runtime=68.31s placement={16: 1974, 10: 1056, 0: 1672, 5: 3014, 7: 2387, 6: 2828, 15: 0, 14: 762, 1: 2606}
2026-03-30 05:08:01,075 INFO: particles=30 iter=10 n_caps=11 minZ=0.035157 runtime=81.96s placement={16: 3125, 0: 1424, 5: 1775, 6: 2995, 1: 2054, 17: 3103, 15: 0, 2: 0, 9: 2608}
2026-03-30 05:09:22,122 INFO: particles=30 iter=10 n_caps=12 minZ=0.034589 runtime=81.05s placement={0: 1103, 5: 900, 1: 2387, 15: 1772, 7: 1407, 2: 2612}
2026-03-30 05:10:50,086 INFO: particles=30 iter=10 n_caps=13 minZ=0.031697 runtime=87.96s placement={6: 3347, 0: 141, 1: 3169, 15: 3347, 2: 3347, 18: 0, 8: 0}
2026-03-30 05:12:37,165 INFO: particles=30 iter=10 n_caps=14 minZ=0.029218 runtime=107.08s placement={0: 1599, 1: 993, 17: 3001, 8: 125, 14: 3347, 10: 0, 15: 0}
2026-03-30 05:14:19,771 INFO: particles=30 iter=10 n_caps=15 minZ=0.028038 runtime=102.60s placement={0: 1126, 6: 1286, 1: 2975, 10: 1507, 11: 1268, 16: 533, 8: 2315, 14: 1, 15: 957}
2026-03-30 05:16:11,437 INFO: particles=30 iter=10 n_caps=16 minZ=0.027565 runtime=111.67s placement={5: 2373, 0: 70, 6: 3347, 1: 360, 20: 0, 12: 750, 17: 1223, 9: 580, 19: 2367, 14: 784, 10: 906}
2026-03-30 05:18:14,349 INFO: particles=30 iter=10 n_caps=17 minZ=0.026505 runtime=122.91s placement={0: 1595, 1: 2895, 20: 857, 13: 0, 16: 604, 5: 766, 19: 1073, 18: 0, 9: 170}
2026-03-30 05:20:18,482 INFO: particles=30 iter=10 n_caps=18 minZ=0.027113 runtime=124.13s placement={0: 285, 1: 2793, 20: 1105, 16: 384, 6: 1494, 17: 446, 7: 2803, 18: 1083, 8: 258, 2: 245}
2026-03-30 05:22:35,059 INFO: particles=30 iter=10 n_caps=19 minZ=0.024591 runtime=136.58s placement={0: 7, 1: 2599, 20: 0, 16: 0, 8: 84, 17: 2087, 18: 3227, 6: 3030, 2: 594}
2026-03-30 05:24:58,344 INFO: particles=30 iter=10 n_caps=20 minZ=0.024557 runtime=143.28s placement={1: 929, 0: 0, 20: 1624, 16: 1301, 8: 0, 17: 84, 18: 1371, 6: 3227, 2: 3030}
