2026-03-10 01:07:29,368 INFO: n_caps=1 | iter=15 | minZ=0.030000 | placement={10: 1215}
2026-03-10 01:07:29,368 INFO: init_n_caps=2 | seeded_previous_caps=1 | new_cap_random_init(cap=1830,port=12)
2026-03-10 01:08:01,472 INFO: n_caps=2 | iter=15 | minZ=0.030000 | placement={0: 1280, 20: 1862}
2026-03-10 01:08:01,472 INFO: init_n_caps=3 | seeded_previous_caps=2 | new_cap_random_init(cap=0,port=3)
2026-03-10 01:08:32,258 INFO: n_caps=3 | iter=15 | minZ=0.030000 | placement={20: 1022, 1: 0, 8: 782}
2026-03-10 01:08:32,259 INFO: init_n_caps=4 | seeded_previous_caps=3 | new_cap_random_init(cap=3347,port=13)
2026-03-10 01:09:07,973 INFO: n_caps=4 | iter=15 | minZ=0.030000 | placement={0: 2968, 8: 3347, 11: 667, 15: 2179}
2026-03-10 01:09:07,973 INFO: init_n_caps=5 | seeded_previous_caps=4 | new_cap_random_init(cap=0,port=10)
2026-03-10 01:09:44,390 INFO: n_caps=5 | iter=15 | minZ=0.030001 | placement={20: 2482, 0: 1698, 1: 1860, 3: 671, 4: 2283}
2026-03-10 01:09:44,391 INFO: init_n_caps=6 | seeded_previous_caps=5 | new_cap_random_init(cap=3347,port=16)
2026-03-10 01:10:24,738 INFO: n_caps=6 | iter=15 | minZ=0.030000 | placement={5: 2995, 4: 2644, 2: 2419, 1: 2775, 13: 1173, 12: 1635}
2026-03-10 01:10:24,738 INFO: init_n_caps=7 | seeded_previous_caps=6 | new_cap_random_init(cap=854,port=3)
2026-03-10 01:11:03,382 INFO: n_caps=7 | iter=15 | minZ=0.030000 | placement={8: 0, 14: 1658, 17: 1329, 0: 1613, 2: 1432, 9: 2157, 20: 3347}
2026-03-10 01:11:03,383 INFO: init_n_caps=8 | seeded_previous_caps=7 | new_cap_random_init(cap=1493,port=5)
2026-03-10 01:11:41,220 INFO: n_caps=8 | iter=15 | minZ=0.030000 | placement={14: 1867, 12: 538, 15: 953, 2: 3300, 7: 1696, 3: 807, 8: 852, 13: 1307}
2026-03-10 01:11:41,221 INFO: init_n_caps=9 | seeded_previous_caps=8 | new_cap_random_init(cap=2419,port=5)
2026-03-10 01:12:20,275 INFO: n_caps=9 | iter=15 | minZ=0.030001 | placement={18: 1522, 8: 624, 7: 3347, 6: 3320, 2: 1781, 5: 834, 0: 2176, 10: 2394}
2026-03-10 01:12:20,276 INFO: init_n_caps=10 | seeded_previous_caps=9 | new_cap_random_init(cap=3159,port=19)
2026-03-10 01:13:04,946 INFO: n_caps=10 | iter=15 | minZ=0.030001 | placement={2: 0, 15: 930, 0: 1914, 1: 2549, 3: 1834, 4: 3347, 11: 2453, 12: 2992}
2026-03-10 01:13:04,946 INFO: init_n_caps=11 | seeded_previous_caps=10 | new_cap_random_init(cap=492,port=19)
2026-03-10 01:13:45,318 INFO: n_caps=11 | iter=15 | minZ=0.030001 | placement={3: 3347, 4: 0, 11: 1314, 5: 0, 15: 269, 8: 0, 12: 1221, 20: 0, 1: 832, 0: 1058}
2026-03-10 01:13:45,318 INFO: init_n_caps=12 | seeded_previous_caps=11 | new_cap_random_init(cap=655,port=15)
2026-03-10 01:14:25,538 INFO: n_caps=12 | iter=15 | minZ=0.030002 | placement={9: 0, 13: 3022, 15: 1222, 19: 827, 4: 3049, 10: 543, 20: 1198, 3: 0, 0: 0, 7: 0, 2: 218, 1: 530}
2026-03-10 01:14:25,539 INFO: init_n_caps=13 | seeded_previous_caps=12 | new_cap_random_init(cap=1529,port=6)
2026-03-10 01:15:07,944 INFO: n_caps=13 | iter=15 | minZ=0.030001 | placement={10: 1348, 20: 906, 15: 2013, 13: 0, 19: 1419, 14: 3347, 9: 2757, 6: 8, 0: 443, 11: 1954, 7: 297, 12: 2426, 1: 2534}
2026-03-10 01:15:07,945 INFO: init_n_caps=14 | seeded_previous_caps=13 | new_cap_random_init(cap=1811,port=9)
2026-03-10 01:15:51,954 INFO: n_caps=14 | iter=15 | minZ=0.030000 | placement={20: 1365, 17: 1249, 13: 1667, 18: 0, 10: 444, 7: 1551, 8: 3054, 0: 5, 9: 333, 6: 1930, 11: 582, 1: 2048, 12: 2511}
2026-03-10 01:15:51,955 INFO: init_n_caps=15 | seeded_previous_caps=14 | new_cap_random_init(cap=3347,port=5)
2026-03-10 01:16:37,999 INFO: n_caps=15 | iter=15 | minZ=0.030001 | placement={19: 2168, 0: 2042, 20: 1117, 9: 0, 3: 1983, 4: 3347, 15: 2190, 6: 2201, 10: 1312, 5: 0, 11: 0, 12: 2057}
2026-03-10 01:16:38,000 INFO: init_n_caps=16 | seeded_previous_caps=15 | new_cap_random_init(cap=3237,port=9)
2026-03-10 01:17:24,434 INFO: n_caps=16 | iter=15 | minZ=0.030001 | placement={9: 0, 19: 1706, 0: 853, 10: 1591, 15: 0, 8: 3288, 20: 176, 7: 3347, 1: 1832, 16: 1087, 18: 0, 14: 0, 6: 3347, 4: 2155}
2026-03-10 01:17:24,435 INFO: init_n_caps=17 | seeded_previous_caps=16 | new_cap_random_init(cap=1551,port=19)
2026-03-10 01:18:10,257 INFO: n_caps=17 | iter=15 | minZ=0.030001 | placement={20: 1073, 0: 1932, 10: 1293, 19: 3347, 1: 176, 18: 3347, 7: 663, 9: 3347, 2: 0, 15: 1674, 16: 0, 6: 0, 3: 1919, 14: 2178, 8: 970}
2026-03-10 01:18:10,258 INFO: init_n_caps=18 | seeded_previous_caps=17 | new_cap_random_init(cap=3347,port=15)
2026-03-10 01:18:57,773 INFO: n_caps=18 | iter=15 | minZ=0.030000 | placement={5: 1269, 2: 0, 3: 2701, 16: 1627, 4: 288, 17: 0, 6: 2030, 18: 2175, 7: 3347, 14: 1816, 11: 3347, 8: 870, 15: 3347, 20: 0, 9: 2550, 12: 1272, 10: 0}
2026-03-10 01:18:57,773 INFO: init_n_caps=19 | seeded_previous_caps=18 | new_cap_random_init(cap=932,port=19)
2026-03-10 01:19:44,903 INFO: n_caps=19 | iter=15 | minZ=0.030001 | placement={4: 1875, 5: 160, 14: 2524, 3: 1680, 6: 1028, 18: 0, 7: 970, 10: 973, 8: 420, 15: 3009, 11: 1755, 9: 2001, 16: 386, 19: 3347}
2026-03-10 01:19:44,903 INFO: init_n_caps=20 | seeded_previous_caps=19 | new_cap_random_init(cap=814,port=12)
2026-03-10 01:20:34,176 INFO: n_caps=20 | iter=15 | minZ=0.030000 | placement={7: 807, 18: 1125, 15: 3272, 16: 2028, 13: 741, 10: 1133, 14: 2860, 6: 914, 19: 312, 5: 2327, 9: 1879, 17: 1027, 8: 23, 11: 2019}
