2026-03-25 15:38:39,927 INFO: particles=20 iter=10 n_caps=1 minZ=0.096191 runtime=4.64s placement={0: 911}
2026-03-25 15:38:44,696 INFO: particles=20 iter=10 n_caps=2 minZ=0.074230 runtime=4.77s placement={0: 1012, 17: 1147}
2026-03-25 15:38:49,593 INFO: particles=20 iter=10 n_caps=3 minZ=0.067644 runtime=4.90s placement={0: 910, 17: 1916, 9: 2537}
2026-03-25 15:38:54,633 INFO: particles=20 iter=10 n_caps=4 minZ=0.064793 runtime=5.04s placement={15: 1007, 0: 1718, 9: 1425, 7: 1634}
2026-03-25 15:38:59,790 INFO: particles=20 iter=10 n_caps=5 minZ=0.044102 runtime=5.16s placement={0: 1012, 9: 1364, 7: 1003, 14: 1655, 11: 2592}
2026-03-25 15:39:05,092 INFO: particles=20 iter=10 n_caps=6 minZ=0.051985 runtime=5.30s placement={9: 1014, 10: 1343, 13: 673, 6: 1664, 7: 2607, 0: 366}
2026-03-25 15:39:10,519 INFO: particles=20 iter=10 n_caps=7 minZ=0.049780 runtime=5.43s placement={9: 353, 15: 1336, 5: 684, 11: 1378, 0: 1387, 14: 585, 10: 1633}
2026-03-25 15:39:16,030 INFO: particles=20 iter=10 n_caps=8 minZ=0.053101 runtime=5.51s placement={15: 353, 5: 1336, 11: 684, 0: 1378, 14: 1387, 10: 585, 1: 1633, 20: 1648}
2026-03-25 15:39:21,674 INFO: particles=20 iter=10 n_caps=9 minZ=0.054134 runtime=5.64s placement={14: 186, 9: 1137, 7: 3250, 15: 1389, 6: 1409, 0: 1112, 19: 1526, 13: 1750, 10: 2393}
2026-03-25 15:39:27,414 INFO: particles=20 iter=10 n_caps=10 minZ=0.044099 runtime=5.74s placement={6: 25, 7: 1628, 17: 3347, 3: 1679, 0: 1014, 4: 0, 14: 2480, 9: 1435, 5: 3342, 12: 2413}
2026-03-25 15:39:33,285 INFO: particles=20 iter=10 n_caps=11 minZ=0.042736 runtime=5.87s placement={0: 67, 15: 1571, 1: 3302, 8: 332, 6: 44, 7: 1805, 14: 3227, 12: 2591, 4: 3347}
2026-03-25 15:39:39,244 INFO: particles=20 iter=10 n_caps=12 minZ=0.050175 runtime=5.96s placement={15: 814, 0: 2425, 1: 3347, 6: 11, 7: 596, 8: 1209, 12: 3347, 11: 2542, 10: 3126, 3: 0}
2026-03-25 15:39:45,373 INFO: particles=20 iter=10 n_caps=13 minZ=0.041638 runtime=6.13s placement={0: 1498, 1: 2141, 15: 2704, 2: 2956, 8: 3321, 16: 940, 10: 3347}
2026-03-25 15:39:51,651 INFO: particles=20 iter=10 n_caps=14 minZ=0.033318 runtime=6.28s placement={1: 1774, 12: 2146, 0: 1012, 6: 3347, 20: 632, 10: 2704, 2: 0}
2026-03-25 15:39:58,014 INFO: particles=20 iter=10 n_caps=15 minZ=0.033015 runtime=6.36s placement={14: 1638, 0: 0, 7: 2950, 1: 3347, 20: 0, 11: 1338, 8: 379, 19: 0}
2026-03-25 15:40:04,544 INFO: particles=20 iter=10 n_caps=16 minZ=0.029158 runtime=6.53s placement={0: 1012, 1: 1956, 17: 3347, 10: 0, 16: 364, 20: 1277}
2026-03-25 15:40:11,217 INFO: particles=20 iter=10 n_caps=17 minZ=0.028096 runtime=6.67s placement={5: 1170, 0: 506, 13: 2200, 1: 2924, 12: 595, 15: 1672, 20: 41, 6: 1362, 14: 503, 7: 206}
2026-03-25 15:40:17,969 INFO: particles=20 iter=10 n_caps=18 minZ=0.026754 runtime=6.75s placement={0: 206, 13: 1390, 1: 2200, 12: 2924, 15: 2026, 20: 226, 6: 41, 14: 506, 7: 503, 10: 949}
2026-03-25 15:40:24,832 INFO: particles=20 iter=10 n_caps=19 minZ=0.028402 runtime=6.86s placement={12: 1146, 0: 90, 13: 2237, 1: 2913, 17: 2301, 20: 1675, 6: 0, 11: 898, 7: 232, 9: 204, 15: 893}
2026-03-25 15:40:31,801 INFO: particles=20 iter=10 n_caps=20 minZ=0.027348 runtime=6.97s placement={0: 2031, 12: 1393, 1: 2237, 17: 1879, 20: 2024, 6: 1675, 13: 1308, 7: 898, 9: 397, 15: 204, 18: 90}
