2026-03-20 00:24:46,894 INFO: particles=80 iter=10 n_caps=1 minZ=0.089878 runtime=33.89s placement={10: 1012}
2026-03-20 00:25:21,474 INFO: particles=80 iter=10 n_caps=2 minZ=0.054513 runtime=34.58s placement={0: 1012, 10: 1701}
2026-03-20 00:25:56,794 INFO: particles=80 iter=10 n_caps=3 minZ=0.060020 runtime=35.32s placement={0: 1012, 9: 2021, 8: 776}
2026-03-20 00:26:33,030 INFO: particles=80 iter=10 n_caps=4 minZ=0.050296 runtime=36.24s placement={11: 949, 6: 2149, 0: 1012, 14: 1354}
2026-03-20 00:27:09,740 INFO: particles=80 iter=10 n_caps=5 minZ=0.057239 runtime=36.71s placement={8: 1458, 0: 1364, 6: 782, 7: 2426, 9: 892}
2026-03-20 00:27:53,005 INFO: particles=80 iter=10 n_caps=6 minZ=0.054219 runtime=43.27s placement={0: 1460, 6: 527, 7: 766, 8: 2715, 9: 1019, 10: 1429}
2026-03-20 00:28:31,502 INFO: particles=80 iter=10 n_caps=7 minZ=0.044043 runtime=38.50s placement={0: 1483, 1: 73, 13: 0}
2026-03-20 00:29:10,120 INFO: particles=80 iter=10 n_caps=8 minZ=0.041901 runtime=38.62s placement={0: 980, 1: 64, 16: 1514, 2: 0}
2026-03-20 00:29:49,718 INFO: particles=80 iter=10 n_caps=9 minZ=0.035726 runtime=39.60s placement={0: 198, 1: 252, 20: 167, 5: 0, 15: 0}
2026-03-20 00:30:29,555 INFO: particles=80 iter=10 n_caps=10 minZ=0.036310 runtime=39.84s placement={0: 0, 1: 131, 20: 1889, 5: 1993, 15: 252}
2026-03-20 00:31:10,379 INFO: particles=80 iter=10 n_caps=11 minZ=0.033063 runtime=40.82s placement={0: 810, 1: 1079, 20: 1279, 5: 175, 9: 321, 6: 0}
2026-03-20 00:31:51,870 INFO: particles=80 iter=10 n_caps=12 minZ=0.031228 runtime=41.49s placement={6: 774, 20: 2023, 0: 846, 7: 1520, 1: 552, 9: 1303, 5: 2647, 4: 644}
2026-03-20 00:32:33,907 INFO: particles=80 iter=10 n_caps=13 minZ=0.030390 runtime=42.04s placement={20: 752, 0: 1345, 1: 1476, 9: 0, 5: 983, 6: 1327}
2026-03-20 00:33:16,546 INFO: particles=80 iter=10 n_caps=14 minZ=0.027991 runtime=42.64s placement={0: 611, 1: 2445, 9: 774, 20: 3347}
2026-03-20 00:33:59,519 INFO: particles=80 iter=10 n_caps=15 minZ=0.028383 runtime=42.97s placement={0: 0, 1: 2445, 9: 2048, 20: 611}
2026-03-20 00:34:43,056 INFO: particles=80 iter=10 n_caps=16 minZ=0.026460 runtime=43.54s placement={0: 0, 10: 2310, 1: 1693, 20: 0}
2026-03-20 00:35:27,632 INFO: particles=80 iter=10 n_caps=17 minZ=0.027753 runtime=44.58s placement={11: 84, 0: 171, 1: 2696, 20: 1277, 14: 251, 3: 0}
2026-03-20 00:36:13,047 INFO: particles=80 iter=10 n_caps=18 minZ=0.024088 runtime=45.41s placement={0: 1001, 1: 2553, 2: 2821, 20: 131, 3: 564, 7: 1280}
2026-03-20 00:36:58,800 INFO: particles=80 iter=10 n_caps=19 minZ=0.022499 runtime=45.75s placement={0: 0, 1: 3091, 20: 1021, 8: 3347, 5: 996}
2026-03-20 00:37:45,042 INFO: particles=80 iter=10 n_caps=20 minZ=0.022649 runtime=46.24s placement={0: 0, 1: 3091, 20: 1021, 8: 650, 5: 572}
