2026-03-25 16:39:00,787 INFO: particles=20 iter=15 n_caps=1 minZ=0.089255 runtime=8.91s placement={0: 1517}
2026-03-25 16:39:09,870 INFO: particles=20 iter=15 n_caps=2 minZ=0.075194 runtime=9.08s placement={9: 3347, 0: 990}
2026-03-25 16:39:19,156 INFO: particles=20 iter=15 n_caps=3 minZ=0.069095 runtime=9.29s placement={0: 2541, 14: 988, 15: 342}
2026-03-25 16:39:28,583 INFO: particles=20 iter=15 n_caps=4 minZ=0.075938 runtime=9.43s placement={14: 2541, 15: 988, 0: 342, 7: 0}
2026-03-25 16:39:38,242 INFO: particles=20 iter=15 n_caps=5 minZ=0.050435 runtime=9.66s placement={13: 2898, 0: 1014, 10: 110, 11: 557, 9: 2390}
2026-03-25 16:39:48,053 INFO: particles=20 iter=15 n_caps=6 minZ=0.061751 runtime=9.81s placement={0: 2989, 10: 1092, 14: 484, 8: 1721, 15: 848, 2: 2362}
2026-03-25 16:39:58,085 INFO: particles=20 iter=15 n_caps=7 minZ=0.047797 runtime=10.03s placement={3: 0, 0: 1014, 7: 1631, 12: 866, 15: 1520, 6: 0, 2: 265}
2026-03-25 16:40:08,121 INFO: particles=20 iter=15 n_caps=8 minZ=0.050707 runtime=10.04s placement={0: 1252, 11: 1372, 14: 1756, 10: 1242, 9: 2028, 5: 13, 6: 306, 15: 906}
2026-03-25 16:40:16,608 INFO: particles=20 iter=15 n_caps=9 minZ=0.040775 runtime=8.49s placement={10: 1502, 9: 952, 11: 1418, 6: 1807, 5: 25, 16: 539, 0: 1012, 17: 397}
2026-03-25 16:40:25,253 INFO: particles=20 iter=15 n_caps=10 minZ=0.044369 runtime=8.64s placement={11: 708, 9: 1356, 12: 983, 6: 1583, 10: 1900, 15: 0, 0: 1012, 8: 450, 3: 675}
2026-03-25 16:40:34,109 INFO: particles=20 iter=15 n_caps=11 minZ=0.038940 runtime=8.86s placement={20: 3347, 0: 331, 15: 216, 13: 3347, 1: 14, 16: 1170, 4: 2246}
2026-03-25 16:40:43,145 INFO: particles=20 iter=15 n_caps=12 minZ=0.035032 runtime=9.04s placement={0: 3347, 14: 1734, 15: 167, 1: 3347, 10: 924, 4: 407, 16: 1357}
2026-03-25 16:40:52,364 INFO: particles=20 iter=15 n_caps=13 minZ=0.031015 runtime=9.22s placement={14: 3347, 15: 931, 0: 0, 1: 1941, 10: 98, 2: 0, 16: 1499}
2026-03-25 16:41:01,736 INFO: particles=20 iter=15 n_caps=14 minZ=0.029958 runtime=9.37s placement={13: 3347, 0: 3347, 1: 420, 14: 1861, 15: 0, 17: 0, 8: 2627}
2026-03-25 16:41:11,293 INFO: particles=20 iter=15 n_caps=15 minZ=0.032168 runtime=9.56s placement={0: 1342, 1: 1127, 14: 420, 15: 778, 17: 3347, 8: 0, 20: 2627, 10: 2320}
2026-03-25 16:41:21,049 INFO: particles=20 iter=15 n_caps=16 minZ=0.031315 runtime=9.76s placement={0: 2029, 14: 1526, 1: 0, 15: 295, 16: 1266, 8: 3217, 20: 0, 11: 3037, 6: 2441, 4: 0}
2026-03-25 16:41:30,931 INFO: particles=20 iter=15 n_caps=17 minZ=0.035133 runtime=9.88s placement={20: 3347, 0: 0, 1: 0, 19: 1409, 16: 2733, 9: 1293, 12: 0, 6: 3347, 4: 2368}
2026-03-25 16:41:41,102 INFO: particles=20 iter=15 n_caps=18 minZ=0.030836 runtime=10.17s placement={0: 766, 1: 975, 12: 0, 8: 1104, 9: 3347, 18: 1653, 15: 861, 6: 0, 10: 2355, 7: 0, 13: 3347}
2026-03-25 16:41:51,658 INFO: particles=20 iter=15 n_caps=19 minZ=0.028840 runtime=10.56s placement={0: 0, 1: 150, 16: 1727, 8: 711, 9: 0, 19: 2682, 14: 759, 4: 1355, 5: 13}
2026-03-25 16:42:02,194 INFO: particles=20 iter=15 n_caps=20 minZ=0.026721 runtime=10.54s placement={0: 0, 1: 0, 20: 763, 2: 392, 14: 686, 19: 0, 9: 812, 7: 0, 6: 810}
