2026-03-31 14:35:26,939 INFO: particles=20 iter=50 n_caps=1 minZ=0.062708 runtime=33.72s placement={0: 1229}
2026-03-31 14:36:32,148 INFO: particles=20 iter=50 n_caps=2 minZ=0.064657 runtime=65.21s placement={9: 1012, 15: 1900}
2026-03-31 14:38:02,586 INFO: particles=20 iter=50 n_caps=3 minZ=0.051524 runtime=90.44s placement={14: 1070, 0: 1911, 10: 1070}
2026-03-31 14:39:57,851 INFO: particles=20 iter=50 n_caps=4 minZ=0.038764 runtime=115.26s placement={0: 1014, 10: 1162, 9: 1196, 6: 1990}
2026-03-31 14:42:22,050 INFO: particles=20 iter=50 n_caps=5 minZ=0.043481 runtime=144.20s placement={10: 1296, 9: 1246, 6: 1167, 0: 1775, 15: 1076}
2026-03-31 14:45:11,567 INFO: particles=20 iter=50 n_caps=6 minZ=0.038392 runtime=169.52s placement={9: 1366, 6: 1221, 0: 1169, 15: 1776, 14: 989, 10: 1819}
2026-03-31 14:48:36,896 INFO: particles=20 iter=50 n_caps=7 minZ=0.038469 runtime=205.33s placement={6: 1366, 0: 1221, 15: 1169, 14: 1776, 9: 989, 5: 1819, 10: 1651}
2026-03-31 14:52:19,300 INFO: particles=20 iter=50 n_caps=8 minZ=0.037056 runtime=222.40s placement={0: 1376, 15: 1070, 16: 1131, 9: 1581, 5: 967, 10: 1566, 6: 1821, 14: 810}
2026-03-31 14:56:40,149 INFO: particles=20 iter=50 n_caps=9 minZ=0.032117 runtime=260.85s placement={16: 1539, 14: 1057, 9: 1085, 5: 1471, 6: 984, 20: 1529, 15: 1832, 0: 1014, 7: 18}
2026-03-31 15:01:16,214 INFO: particles=20 iter=50 n_caps=10 minZ=0.038865 runtime=276.06s placement={14: 1459, 9: 974, 6: 1137, 7: 1272, 16: 975, 10: 1735, 0: 1837, 5: 813, 11: 0, 8: 2645}
2026-03-31 15:06:20,690 INFO: particles=20 iter=50 n_caps=11 minZ=0.036544 runtime=304.48s placement={9: 1452, 6: 897, 7: 1266, 16: 1187, 10: 1297, 0: 1721, 5: 1813, 11: 650, 8: 0, 15: 2590, 14: 2347}
2026-03-31 15:11:55,210 INFO: particles=20 iter=50 n_caps=12 minZ=0.035888 runtime=334.52s placement={6: 1452, 7: 897, 16: 1266, 9: 1187, 0: 1297, 5: 1721, 10: 1813, 8: 650, 15: 1546, 14: 2590}
2026-03-31 15:18:02,725 INFO: particles=20 iter=50 n_caps=13 minZ=0.028789 runtime=367.51s placement={1: 1329, 14: 790, 11: 557, 0: 1014, 8: 1476, 9: 2423, 5: 942, 7: 1271, 15: 2636, 10: 2304, 16: 210, 6: 380}
2026-03-31 15:24:36,588 INFO: particles=20 iter=50 n_caps=14 minZ=0.029206 runtime=393.86s placement={12: 1148, 10: 593, 0: 783, 9: 1547, 1: 1748, 5: 2300, 7: 955, 15: 1170, 8: 2494, 14: 3154, 6: 301}
2026-03-31 15:31:30,683 INFO: particles=20 iter=50 n_caps=15 minZ=0.025404 runtime=414.09s placement={9: 1015, 0: 615, 7: 850, 1: 1048, 5: 1741, 8: 3047, 19: 1402, 10: 922, 6: 3167, 14: 2116}
2026-03-31 15:39:06,424 INFO: particles=20 iter=50 n_caps=16 minZ=0.021730 runtime=455.74s placement={0: 1907, 1: 304, 7: 1988, 19: 873, 5: 2528, 6: 922, 15: 819}
2026-03-31 15:46:48,001 INFO: particles=20 iter=50 n_caps=17 minZ=0.024262 runtime=461.58s placement={0: 0, 1: 93, 7: 1322, 19: 3137, 5: 1072, 6: 379, 14: 618, 17: 1913}
2026-03-31 15:54:53,385 INFO: particles=20 iter=50 n_caps=18 minZ=0.022381 runtime=485.38s placement={0: 155, 1: 125, 6: 1454, 19: 1719, 7: 2635, 5: 3281, 14: 302, 17: 2818}
2026-03-31 16:03:39,416 INFO: particles=20 iter=50 n_caps=19 minZ=0.021334 runtime=526.03s placement={0: 2, 6: 222, 1: 1309, 19: 137, 14: 2186, 15: 3347, 13: 1087, 5: 0}
2026-03-31 16:12:30,676 INFO: particles=20 iter=50 n_caps=20 minZ=0.021872 runtime=531.26s placement={6: 1182, 0: 0, 19: 1309, 1: 137, 14: 1184, 15: 2186, 13: 764, 5: 0}
