2026-03-26 18:49:44,817 INFO: particles=50 iter=15 n_caps=1 minZ=0.088670 runtime=22.19s placement={0: 1300}
2026-03-26 18:50:07,448 INFO: particles=50 iter=15 n_caps=2 minZ=0.082029 runtime=22.63s placement={0: 1316, 15: 0}
2026-03-26 18:50:30,617 INFO: particles=50 iter=15 n_caps=3 minZ=0.049630 runtime=23.17s placement={15: 2242, 5: 952, 0: 1012}
2026-03-26 18:50:54,204 INFO: particles=50 iter=15 n_caps=4 minZ=0.043741 runtime=23.59s placement={7: 2145, 0: 1014, 9: 1012, 15: 2626}
2026-03-26 18:51:18,225 INFO: particles=50 iter=15 n_caps=5 minZ=0.057488 runtime=24.02s placement={0: 2145, 9: 1014, 15: 1012, 20: 2626, 10: 1203}
2026-03-26 18:51:42,851 INFO: particles=50 iter=15 n_caps=6 minZ=0.060289 runtime=24.63s placement={9: 2221, 16: 527, 20: 610, 8: 2798, 0: 1296, 1: 0}
2026-03-26 18:52:07,988 INFO: particles=50 iter=15 n_caps=7 minZ=0.051574 runtime=25.14s placement={9: 1377, 16: 1365, 10: 851, 0: 1524, 1: 1572, 18: 1004}
2026-03-26 18:52:32,623 INFO: particles=50 iter=15 n_caps=8 minZ=0.036894 runtime=24.63s placement={15: 1233, 13: 1475, 0: 1151, 1: 663, 6: 805}
2026-03-26 18:52:55,244 INFO: particles=50 iter=15 n_caps=9 minZ=0.030112 runtime=22.62s placement={9: 1946, 2: 1325, 0: 1467, 10: 1334, 1: 867}
2026-03-26 18:53:16,855 INFO: particles=50 iter=15 n_caps=10 minZ=0.029230 runtime=21.61s placement={0: 1322, 1: 2323, 10: 1186, 20: 2837}
2026-03-26 18:53:38,827 INFO: particles=50 iter=15 n_caps=11 minZ=0.031822 runtime=21.97s placement={0: 0, 10: 2323, 1: 1186, 20: 1322}
2026-03-26 18:54:01,320 INFO: particles=50 iter=15 n_caps=12 minZ=0.030434 runtime=22.49s placement={9: 1228, 0: 3030, 1: 1190, 20: 669, 11: 46, 10: 0}
2026-03-26 18:54:24,369 INFO: particles=50 iter=15 n_caps=13 minZ=0.028598 runtime=23.05s placement={0: 1398, 1: 2359, 20: 1024, 13: 3347, 10: 408, 8: 376, 14: 1528}
2026-03-26 18:54:47,763 INFO: particles=50 iter=15 n_caps=14 minZ=0.028728 runtime=23.39s placement={0: 0, 1: 2237, 20: 1340, 14: 1404, 6: 3347, 8: 296, 15: 38}
2026-03-26 18:55:11,632 INFO: particles=50 iter=15 n_caps=15 minZ=0.030199 runtime=23.87s placement={0: 150, 1: 2345, 20: 598, 19: 808, 6: 1041, 9: 3347, 14: 388, 5: 0}
2026-03-26 18:55:35,842 INFO: particles=50 iter=15 n_caps=16 minZ=0.028275 runtime=24.21s placement={0: 0, 1: 2315, 20: 1532, 19: 815, 6: 780, 9: 1045, 14: 3347, 5: 1263}
2026-03-26 18:56:00,532 INFO: particles=50 iter=15 n_caps=17 minZ=0.029587 runtime=24.69s placement={0: 11, 1: 672, 20: 394, 14: 936, 5: 435, 9: 630, 15: 926, 17: 118}
2026-03-26 18:56:25,561 INFO: particles=50 iter=15 n_caps=18 minZ=0.025905 runtime=25.03s placement={1: 3303, 20: 774, 0: 0, 14: 667, 5: 928, 8: 456, 15: 620, 17: 79, 6: 122}
2026-03-26 18:56:51,016 INFO: particles=50 iter=15 n_caps=19 minZ=0.026168 runtime=25.46s placement={20: 3303, 0: 192, 1: 605, 14: 1133, 5: 667, 8: 928, 15: 456, 17: 0, 6: 79}
2026-03-26 18:57:17,069 INFO: particles=50 iter=15 n_caps=20 minZ=0.024139 runtime=26.05s placement={6: 3252, 0: 194, 15: 471, 5: 1240, 8: 475, 16: 912, 1: 426, 17: 113, 7: 313, 20: 3302}
