2026-04-01 21:40:57,656 INFO: particles=20 iter=15 n_caps=1 minZ=0.106041 runtime=18.79s placement={5: 939}
2026-04-01 21:41:19,464 INFO: particles=20 iter=15 n_caps=2 minZ=0.084476 runtime=21.81s placement={9: 939, 15: 966}
2026-04-01 21:41:42,426 INFO: particles=20 iter=15 n_caps=3 minZ=0.066409 runtime=22.96s placement={6: 1416, 0: 1667, 14: 1583}
2026-04-01 21:42:06,929 INFO: particles=20 iter=15 n_caps=4 minZ=0.056290 runtime=24.50s placement={0: 1103, 14: 1667, 1: 1583}
2026-04-01 21:42:32,401 INFO: particles=20 iter=15 n_caps=5 minZ=0.060736 runtime=25.47s placement={14: 1416, 1: 1667, 0: 0, 10: 1103}
2026-04-01 21:42:58,786 INFO: particles=20 iter=15 n_caps=6 minZ=0.037453 runtime=26.38s placement={0: 861, 1: 2274, 10: 1855}
2026-04-01 21:43:25,709 INFO: particles=20 iter=15 n_caps=7 minZ=0.037356 runtime=26.92s placement={0: 861, 10: 2274, 1: 1855, 6: 0}
2026-04-01 21:43:54,253 INFO: particles=20 iter=15 n_caps=8 minZ=0.037175 runtime=28.54s placement={10: 1696, 0: 145, 1: 1855, 6: 861}
2026-04-01 21:44:25,488 INFO: particles=20 iter=15 n_caps=9 minZ=0.031676 runtime=31.23s placement={0: 1742, 1: 2392, 7: 18, 10: 133}
2026-04-01 21:44:57,913 INFO: particles=20 iter=15 n_caps=10 minZ=0.042226 runtime=32.42s placement={0: 0, 1: 2166, 7: 739, 9: 0, 14: 1744}
2026-04-01 21:45:31,719 INFO: particles=20 iter=15 n_caps=11 minZ=0.034301 runtime=33.81s placement={0: 0, 1: 2313, 5: 2062, 8: 1024, 15: 370, 2: 0}
2026-04-01 21:46:05,560 INFO: particles=20 iter=15 n_caps=12 minZ=0.031864 runtime=33.84s placement={0: 1627, 5: 2313, 1: 2062, 8: 60, 15: 0, 2: 0, 10: 0, 7: 0}
2026-04-01 21:46:40,904 INFO: particles=20 iter=15 n_caps=13 minZ=0.030241 runtime=35.34s placement={8: 0, 0: 618, 1: 668, 16: 0, 5: 1245, 19: 1635, 20: 0}
2026-04-01 21:47:16,339 INFO: particles=20 iter=15 n_caps=14 minZ=0.028033 runtime=35.43s placement={0: 1479, 1: 908, 15: 983, 4: 1570, 20: 1430, 19: 2129}
2026-04-01 21:47:54,033 INFO: particles=20 iter=15 n_caps=15 minZ=0.027998 runtime=37.69s placement={0: 158, 1: 905, 14: 1483, 5: 1235, 20: 1585, 19: 1486}
2026-04-01 21:48:31,689 INFO: particles=20 iter=15 n_caps=16 minZ=0.024246 runtime=37.66s placement={0: 171, 1: 1027, 14: 699, 5: 1340, 20: 1208, 19: 1569, 16: 45}
2026-04-01 21:49:18,105 INFO: particles=20 iter=15 n_caps=17 minZ=0.025244 runtime=46.42s placement={0: 0, 14: 1027, 1: 699, 5: 0, 20: 1340, 19: 1208, 16: 171, 7: 45}
2026-04-01 21:50:03,447 INFO: particles=20 iter=15 n_caps=18 minZ=0.025644 runtime=45.34s placement={14: 82, 0: 0, 1: 578, 5: 1120, 20: 0, 19: 1328, 17: 1411, 6: 206, 7: 0}
2026-04-01 21:50:50,780 INFO: particles=20 iter=15 n_caps=19 minZ=0.026327 runtime=47.33s placement={0: 0, 1: 916, 5: 1345, 20: 1120, 19: 0, 17: 900, 6: 1411, 7: 0, 14: 2504}
2026-04-01 21:51:38,371 INFO: particles=20 iter=15 n_caps=20 minZ=0.026252 runtime=47.59s placement={0: 0, 1: 916, 5: 578, 20: 1345, 19: 1120, 17: 585, 6: 900, 7: 51, 14: 0}
