2026-03-29 09:50:33,316 INFO: particles=20 iter=50 n_caps=1 minZ=0.080465 runtime=31.48s placement={9: 1230}
2026-03-29 09:51:27,594 INFO: particles=20 iter=50 n_caps=2 minZ=0.060004 runtime=54.28s placement={5: 1614, 0: 1618}
2026-03-29 09:52:48,417 INFO: particles=20 iter=50 n_caps=3 minZ=0.047741 runtime=80.82s placement={0: 1301, 14: 1632, 10: 990}
2026-03-29 09:54:34,234 INFO: particles=20 iter=50 n_caps=4 minZ=0.046616 runtime=105.82s placement={14: 1517, 0: 1686, 16: 978, 10: 1301}
2026-03-29 09:56:48,678 INFO: particles=20 iter=50 n_caps=5 minZ=0.043072 runtime=134.44s placement={0: 1494, 16: 1756, 9: 901, 14: 1290, 15: 2479}
2026-03-29 09:59:28,578 INFO: particles=20 iter=50 n_caps=6 minZ=0.042310 runtime=159.90s placement={16: 1496, 9: 1303, 14: 906, 15: 1356, 0: 2394, 10: 155}
2026-03-29 10:02:27,580 INFO: particles=20 iter=50 n_caps=7 minZ=0.038720 runtime=179.00s placement={9: 1494, 14: 1296, 15: 911, 0: 1344, 10: 2394, 16: 158, 7: 2696}
2026-03-29 10:05:54,578 INFO: particles=20 iter=50 n_caps=8 minZ=0.032490 runtime=207.00s placement={15: 1472, 14: 1868, 0: 1014, 9: 1265, 16: 2093, 8: 178, 5: 2657, 10: 2764}
2026-03-29 10:09:47,817 INFO: particles=20 iter=50 n_caps=9 minZ=0.039543 runtime=233.24s placement={14: 1472, 0: 1868, 9: 1014, 16: 1265, 8: 2093, 5: 178, 10: 2657, 7: 2764, 6: 2531}
2026-03-29 10:14:02,295 INFO: particles=20 iter=50 n_caps=10 minZ=0.028900 runtime=254.48s placement={0: 2251, 10: 1768, 16: 3347, 11: 967, 5: 1391, 14: 117, 6: 2989, 1: 2731}
2026-03-29 10:18:44,725 INFO: particles=20 iter=50 n_caps=11 minZ=0.029558 runtime=282.43s placement={12: 795, 16: 1362, 1: 2662, 0: 1074, 15: 1686, 8: 0, 10: 2186}
2026-03-29 10:23:55,769 INFO: particles=20 iter=50 n_caps=12 minZ=0.028334 runtime=311.04s placement={1: 2544, 0: 213, 14: 3325, 9: 425, 15: 913, 12: 2691}
2026-03-29 10:29:26,485 INFO: particles=20 iter=50 n_caps=13 minZ=0.027552 runtime=330.72s placement={0: 3347, 1: 1295, 14: 93, 7: 3347, 18: 196, 16: 857, 9: 2532, 20: 0}
2026-03-29 10:35:25,735 INFO: particles=20 iter=50 n_caps=14 minZ=0.025939 runtime=359.25s placement={0: 1, 14: 1292, 7: 92, 1: 3347, 18: 3347, 16: 212, 9: 856, 20: 2865}
2026-03-29 10:41:46,831 INFO: particles=20 iter=50 n_caps=15 minZ=0.023962 runtime=381.10s placement={14: 921, 0: 1918, 1: 271, 16: 3018, 17: 3311, 9: 108, 20: 3023, 10: 1981, 5: 631, 19: 190}
2026-03-29 10:48:43,300 INFO: particles=20 iter=50 n_caps=16 minZ=0.023605 runtime=416.47s placement={0: 213, 1: 1076, 17: 3347, 16: 2818, 8: 3319, 20: 274, 9: 1938, 4: 1980, 19: 719, 15: 2350}
2026-03-29 10:55:56,700 INFO: particles=20 iter=50 n_caps=17 minZ=0.023558 runtime=433.40s placement={0: 23, 1: 1076, 16: 1818, 17: 3347, 8: 2817, 20: 3320, 9: 2304, 4: 1938, 19: 1980, 15: 215, 10: 2347}
2026-03-29 11:03:34,692 INFO: particles=20 iter=50 n_caps=18 minZ=0.025474 runtime=457.99s placement={0: 494, 1: 2276, 16: 1816, 17: 2093, 8: 3347, 20: 2584, 7: 210, 4: 2289, 19: 1939, 15: 718, 10: 178}
2026-03-29 11:11:40,114 INFO: particles=20 iter=50 n_caps=19 minZ=0.024167 runtime=485.42s placement={0: 0, 1: 2276, 16: 3318, 17: 1816, 8: 2093, 20: 3347, 7: 3320, 4: 210, 19: 2289, 15: 2018, 10: 718}
2026-03-29 11:20:13,500 INFO: particles=20 iter=50 n_caps=20 minZ=0.021865 runtime=513.39s placement={0: 0, 1: 2297, 16: 303, 17: 3316, 8: 2329, 20: 2082, 7: 2584, 4: 3321, 19: 56, 15: 2093, 10: 1990}
