2026-03-24 23:32:38,232 INFO: particles=80 iter=15 n_caps=1 minZ=0.088670 runtime=31.93s placement={0: 1300}
2026-03-24 23:33:11,477 INFO: particles=80 iter=15 n_caps=2 minZ=0.069824 runtime=33.24s placement={0: 1302, 9: 1582}
2026-03-24 23:33:45,723 INFO: particles=80 iter=15 n_caps=3 minZ=0.062796 runtime=34.25s placement={9: 976, 0: 1857, 6: 685}
2026-03-24 23:34:20,789 INFO: particles=80 iter=15 n_caps=4 minZ=0.047552 runtime=35.07s placement={0: 1012, 6: 1794, 14: 1126, 20: 1858}
2026-03-24 23:34:56,728 INFO: particles=80 iter=15 n_caps=5 minZ=0.050827 runtime=35.94s placement={7: 2301, 8: 1527, 18: 2287, 9: 1533, 0: 1014}
2026-03-24 23:35:33,330 INFO: particles=80 iter=15 n_caps=6 minZ=0.052756 runtime=36.60s placement={6: 2315, 14: 1258, 9: 1357, 0: 1137, 10: 1170, 15: 1210}
2026-03-24 23:36:10,332 INFO: particles=80 iter=15 n_caps=7 minZ=0.048560 runtime=37.00s placement={15: 2124, 9: 1397, 0: 1251, 10: 1127, 14: 1016, 5: 1158, 7: 1081}
2026-03-24 23:36:48,614 INFO: particles=80 iter=15 n_caps=8 minZ=0.047749 runtime=38.28s placement={11: 2157, 0: 1424, 7: 1169, 14: 1113, 5: 1046, 6: 728, 15: 861, 10: 861}
2026-03-24 23:37:27,743 INFO: particles=80 iter=15 n_caps=9 minZ=0.032355 runtime=39.13s placement={0: 2429, 1: 0, 15: 1717, 13: 639, 14: 0}
2026-03-24 23:38:08,571 INFO: particles=80 iter=15 n_caps=10 minZ=0.032819 runtime=40.83s placement={0: 1012, 13: 1648, 1: 494, 10: 408, 11: 614, 4: 1022}
2026-03-24 23:38:49,765 INFO: particles=80 iter=15 n_caps=11 minZ=0.030700 runtime=41.19s placement={13: 2209, 0: 0, 1: 494, 10: 1300, 11: 408, 4: 3158}
2026-03-24 23:39:31,779 INFO: particles=80 iter=15 n_caps=12 minZ=0.027355 runtime=42.01s placement={0: 1960, 1: 1902, 10: 508, 11: 1323, 8: 1561}
2026-03-24 23:40:14,236 INFO: particles=80 iter=15 n_caps=13 minZ=0.026636 runtime=42.46s placement={0: 434, 10: 2304, 11: 400, 1: 1336, 20: 0}
2026-03-24 23:40:57,450 INFO: particles=80 iter=15 n_caps=14 minZ=0.029523 runtime=43.21s placement={10: 1168, 8: 2321, 0: 0, 1: 957, 20: 1630}
2026-03-24 23:41:41,995 INFO: particles=80 iter=15 n_caps=15 minZ=0.025101 runtime=44.54s placement={9: 1154, 0: 1662, 1: 1241, 20: 0, 7: 0}
2026-03-24 23:42:27,041 INFO: particles=80 iter=15 n_caps=16 minZ=0.023596 runtime=45.04s placement={0: 1676, 1: 2337, 20: 504, 6: 917}
2026-03-24 23:43:13,596 INFO: particles=80 iter=15 n_caps=17 minZ=0.022823 runtime=46.55s placement={0: 146, 1: 2025, 19: 1058, 5: 281, 6: 2381, 15: 1468}
2026-03-24 23:44:00,434 INFO: particles=80 iter=15 n_caps=18 minZ=0.022441 runtime=46.84s placement={0: 0, 1: 2025, 19: 3138, 5: 540, 6: 281, 15: 1870}
2026-03-24 23:44:48,292 INFO: particles=80 iter=15 n_caps=19 minZ=0.022600 runtime=47.86s placement={0: 2, 1: 2008, 19: 890, 6: 1038, 7: 716, 15: 101}
2026-03-24 23:45:38,224 INFO: particles=80 iter=15 n_caps=20 minZ=0.021693 runtime=49.93s placement={0: 0, 1: 1979, 19: 393, 6: 3128, 7: 1061, 15: 1127}
