2026-03-20 19:41:35,552 INFO: particles=30 iter=40 n_caps=1 minZ=0.093198 runtime=51.65s placement={14: 1012}
2026-03-20 19:42:28,183 INFO: particles=30 iter=40 n_caps=2 minZ=0.052893 runtime=52.63s placement={0: 1012, 9: 2495}
2026-03-20 19:43:21,918 INFO: particles=30 iter=40 n_caps=3 minZ=0.050009 runtime=53.73s placement={7: 1003, 10: 2577, 0: 1012}
2026-03-20 19:44:16,680 INFO: particles=30 iter=40 n_caps=4 minZ=0.052782 runtime=54.76s placement={9: 1044, 0: 2564, 10: 898, 15: 1044}
2026-03-20 19:45:12,310 INFO: particles=30 iter=40 n_caps=5 minZ=0.041432 runtime=55.63s placement={0: 1012, 9: 2554, 14: 898, 10: 1036, 15: 1602}
2026-03-20 19:46:09,036 INFO: particles=30 iter=40 n_caps=6 minZ=0.048437 runtime=56.72s placement={9: 1012, 14: 2561, 10: 781, 15: 512, 0: 1629, 7: 76}
2026-03-20 19:47:06,885 INFO: particles=30 iter=40 n_caps=7 minZ=0.041117 runtime=57.85s placement={7: 1255, 10: 2092, 12: 316, 0: 1012, 11: 2661, 9: 95, 5: 1514}
2026-03-20 19:48:05,759 INFO: particles=30 iter=40 n_caps=8 minZ=0.039685 runtime=58.87s placement={9: 1045, 14: 1881, 11: 0, 0: 1012, 10: 616, 8: 1148, 13: 1171, 7: 26}
2026-03-20 19:49:05,435 INFO: particles=30 iter=40 n_caps=9 minZ=0.032231 runtime=59.68s placement={6: 3141, 16: 321, 1: 93, 0: 2386, 10: 72, 7: 28, 2: 1434}
2026-03-20 19:50:06,303 INFO: particles=30 iter=40 n_caps=10 minZ=0.032559 runtime=60.87s placement={15: 3164, 0: 1012, 1: 133, 12: 850, 6: 2413}
2026-03-20 19:51:08,036 INFO: particles=30 iter=40 n_caps=11 minZ=0.027737 runtime=61.73s placement={0: 1012, 1: 369, 11: 105, 6: 899, 4: 2679}
2026-03-20 19:52:10,670 INFO: particles=30 iter=40 n_caps=12 minZ=0.027774 runtime=62.63s placement={0: 2695, 10: 436, 1: 111, 5: 898, 6: 12}
2026-03-20 19:53:14,193 INFO: particles=30 iter=40 n_caps=13 minZ=0.023949 runtime=63.52s placement={10: 3164, 0: 0, 1: 111, 5: 1467, 6: 2695}
2026-03-20 19:54:18,512 INFO: particles=30 iter=40 n_caps=14 minZ=0.025362 runtime=64.32s placement={0: 1766, 1: 433, 5: 0, 6: 898}
2026-03-20 19:55:23,847 INFO: particles=30 iter=40 n_caps=15 minZ=0.025228 runtime=65.33s placement={0: 15, 1: 433, 5: 2443, 6: 1467}
2026-03-20 19:56:30,093 INFO: particles=30 iter=40 n_caps=16 minZ=0.023677 runtime=66.25s placement={0: 0, 1: 433, 5: 899, 6: 0, 7: 15}
2026-03-20 19:57:37,400 INFO: particles=30 iter=40 n_caps=17 minZ=0.024381 runtime=67.31s placement={0: 0, 1: 433, 5: 838, 6: 2443, 7: 1766}
2026-03-20 19:58:45,450 INFO: particles=30 iter=40 n_caps=18 minZ=0.024826 runtime=68.05s placement={0: 0, 1: 433, 5: 893, 6: 899, 7: 0}
2026-03-20 19:59:54,458 INFO: particles=30 iter=40 n_caps=19 minZ=0.022770 runtime=69.01s placement={0: 0, 1: 433, 5: 110, 6: 838, 7: 12, 10: 0, 15: 0}
2026-03-20 20:01:10,060 INFO: particles=30 iter=40 n_caps=20 minZ=0.023083 runtime=75.60s placement={0: 0, 5: 433, 1: 110, 6: 893, 7: 2710, 10: 0, 15: 0, 16: 0}
