2026-03-30 14:27:20,282 INFO: particles=20 iter=40 n_caps=1 minZ=0.086674 runtime=21.47s placement={10: 1289}
2026-03-30 14:27:59,504 INFO: particles=20 iter=40 n_caps=2 minZ=0.055418 runtime=39.22s placement={9: 1433, 0: 1229}
2026-03-30 14:28:56,933 INFO: particles=20 iter=40 n_caps=3 minZ=0.050742 runtime=57.43s placement={0: 1380, 14: 1168, 9: 1229}
2026-03-30 14:30:11,152 INFO: particles=20 iter=40 n_caps=4 minZ=0.042486 runtime=74.22s placement={15: 1317, 10: 1188, 0: 1014, 16: 168}
2026-03-30 14:31:44,106 INFO: particles=20 iter=40 n_caps=5 minZ=0.041547 runtime=92.95s placement={10: 1290, 0: 2590, 16: 1032, 1: 154}
2026-03-30 14:33:33,137 INFO: particles=20 iter=40 n_caps=6 minZ=0.035010 runtime=109.03s placement={0: 1934, 16: 1129, 1: 1007}
2026-03-30 14:35:43,813 INFO: particles=20 iter=40 n_caps=7 minZ=0.029543 runtime=130.68s placement={16: 1251, 1: 1108, 0: 1776, 8: 0}
2026-03-30 14:38:14,621 INFO: particles=20 iter=40 n_caps=8 minZ=0.028504 runtime=150.81s placement={1: 1261, 0: 2825, 9: 1776, 6: 0}
2026-03-30 14:40:56,500 INFO: particles=20 iter=40 n_caps=9 minZ=0.027031 runtime=161.88s placement={0: 314, 1: 1151, 9: 2921, 6: 1776}
2026-03-30 14:43:59,962 INFO: particles=20 iter=40 n_caps=10 minZ=0.026938 runtime=183.46s placement={0: 0, 1: 1151, 9: 890, 6: 2921}
2026-03-30 14:47:19,157 INFO: particles=20 iter=40 n_caps=11 minZ=0.029510 runtime=199.19s placement={0: 0, 1: 1128, 9: 1014, 5: 896}
2026-03-30 14:51:00,433 INFO: particles=20 iter=40 n_caps=12 minZ=0.027927 runtime=221.28s placement={0: 0, 9: 2251, 1: 741, 19: 9}
2026-03-30 14:55:06,659 INFO: particles=20 iter=40 n_caps=13 minZ=0.024610 runtime=246.23s placement={9: 1121, 1: 2227, 0: 10, 19: 0, 5: 0, 12: 0}
2026-03-30 14:59:24,669 INFO: particles=20 iter=40 n_caps=14 minZ=0.024395 runtime=258.01s placement={1: 1121, 0: 1635, 19: 452, 5: 10, 12: 0, 15: 0}
2026-03-30 15:03:58,665 INFO: particles=20 iter=40 n_caps=15 minZ=0.021071 runtime=273.99s placement={0: 345, 1: 1782, 19: 2607, 5: 0, 12: 9, 15: 0}
2026-03-30 15:09:22,220 INFO: particles=20 iter=40 n_caps=16 minZ=0.020889 runtime=323.55s placement={0: 0, 1: 1782, 19: 128, 5: 445, 12: 0, 15: 9}
2026-03-30 15:15:27,925 INFO: particles=20 iter=40 n_caps=17 minZ=0.021656 runtime=365.70s placement={0: 0, 1: 1782, 19: 1870, 5: 2607, 12: 445, 15: 0}
2026-03-30 15:21:35,898 INFO: particles=20 iter=40 n_caps=18 minZ=0.020895 runtime=367.97s placement={0: 56, 1: 1783, 19: 2641, 7: 139, 13: 2597, 14: 433}
2026-03-30 15:28:11,797 INFO: particles=20 iter=40 n_caps=19 minZ=0.024437 runtime=395.90s placement={0: 56, 1: 1783, 19: 1012, 7: 1789, 13: 139, 14: 2597, 15: 0}
2026-03-30 15:34:48,817 INFO: particles=20 iter=40 n_caps=20 minZ=0.021316 runtime=397.02s placement={0: 0, 1: 1783, 19: 886, 7: 2641, 13: 1789, 14: 139, 15: 56}
