2026-03-20 15:59:15,784 INFO: particles=30 iter=40 n_caps=1 minZ=0.085029 runtime=51.18s placement={0: 1317}
2026-03-20 16:00:08,110 INFO: particles=30 iter=40 n_caps=2 minZ=0.053241 runtime=52.32s placement={0: 1012, 9: 2515}
2026-03-20 16:01:01,246 INFO: particles=30 iter=40 n_caps=3 minZ=0.061535 runtime=53.14s placement={9: 1012, 0: 2515, 7: 0}
2026-03-20 16:01:55,551 INFO: particles=30 iter=40 n_caps=4 minZ=0.047076 runtime=54.30s placement={0: 1012, 7: 2515, 15: 0, 9: 1544}
2026-03-20 16:02:50,880 INFO: particles=30 iter=40 n_caps=5 minZ=0.054118 runtime=55.33s placement={9: 1012, 15: 2814, 8: 0, 0: 1583, 5: 82}
2026-03-20 16:03:47,103 INFO: particles=30 iter=40 n_caps=6 minZ=0.044105 runtime=56.22s placement={14: 1234, 3: 2738, 0: 1014, 10: 856, 15: 1314, 8: 1800}
2026-03-20 16:04:44,317 INFO: particles=30 iter=40 n_caps=7 minZ=0.038793 runtime=57.21s placement={0: 1455, 1: 3338, 14: 941, 16: 2028, 10: 1263}
2026-03-20 16:05:42,533 INFO: particles=30 iter=40 n_caps=8 minZ=0.033753 runtime=58.22s placement={0: 0, 1: 3345, 14: 666, 16: 1345, 9: 1908}
2026-03-20 16:06:41,499 INFO: particles=30 iter=40 n_caps=9 minZ=0.034050 runtime=58.97s placement={0: 0, 14: 3345, 1: 666, 16: 1081, 9: 1345}
2026-03-20 16:07:41,527 INFO: particles=30 iter=40 n_caps=10 minZ=0.034998 runtime=60.03s placement={14: 1347, 0: 0, 16: 665, 9: 1045, 1: 1348}
2026-03-20 16:08:42,575 INFO: particles=30 iter=40 n_caps=11 minZ=0.030541 runtime=61.05s placement={0: 2548, 17: 3347, 9: 669, 1: 1037}
2026-03-20 16:09:44,218 INFO: particles=30 iter=40 n_caps=12 minZ=0.029070 runtime=61.64s placement={13: 1394, 9: 3347, 0: 587, 1: 1045}
2026-03-20 16:10:46,996 INFO: particles=30 iter=40 n_caps=13 minZ=0.027221 runtime=62.78s placement={9: 1394, 0: 2208, 1: 847}
2026-03-20 16:11:50,759 INFO: particles=30 iter=40 n_caps=14 minZ=0.023899 runtime=63.76s placement={0: 1525, 1: 3347}
2026-03-20 16:12:55,283 INFO: particles=30 iter=40 n_caps=15 minZ=0.023547 runtime=64.52s placement={0: 1525, 1: 3347, 7: 0}
2026-03-20 16:14:01,013 INFO: particles=30 iter=40 n_caps=16 minZ=0.023695 runtime=65.73s placement={0: 0, 1: 3347, 7: 1525}
2026-03-20 16:15:07,357 INFO: particles=30 iter=40 n_caps=17 minZ=0.023268 runtime=66.34s placement={0: 0, 1: 3347, 7: 2132, 15: 0}
2026-03-20 16:16:14,811 INFO: particles=30 iter=40 n_caps=18 minZ=0.022410 runtime=67.45s placement={0: 0, 1: 3347, 7: 492, 15: 0, 10: 0}
2026-03-20 16:17:22,959 INFO: particles=30 iter=40 n_caps=19 minZ=0.022870 runtime=68.15s placement={0: 0, 1: 3347, 7: 2564, 15: 1523, 10: 0}
2026-03-20 16:18:32,225 INFO: particles=30 iter=40 n_caps=20 minZ=0.021545 runtime=69.27s placement={0: 0, 1: 3347, 7: 0, 15: 2118, 10: 0, 5: 24}
