2026-03-23 14:32:51,899 INFO: particles=80 iter=25 n_caps=1 minZ=0.080251 runtime=97.06s placement={0: 1012}
2026-03-23 14:34:26,079 INFO: particles=80 iter=25 n_caps=2 minZ=0.066923 runtime=94.18s placement={0: 1559, 5: 1012}
2026-03-23 14:36:03,980 INFO: particles=80 iter=25 n_caps=3 minZ=0.052225 runtime=97.90s placement={5: 1721, 0: 1012, 7: 0}
2026-03-23 14:37:43,451 INFO: particles=80 iter=25 n_caps=4 minZ=0.049264 runtime=99.47s placement={0: 1014, 8: 527, 9: 1388, 10: 1003}
2026-03-23 14:39:21,874 INFO: particles=80 iter=25 n_caps=5 minZ=0.047692 runtime=98.42s placement={7: 1242, 8: 485, 9: 1509, 0: 1014, 5: 1152}
2026-03-23 14:41:03,720 INFO: particles=80 iter=25 n_caps=6 minZ=0.045686 runtime=101.85s placement={10: 1472, 9: 1173, 0: 1014, 6: 1049, 2: 1127, 20: 1584}
2026-03-23 14:42:44,697 INFO: particles=80 iter=25 n_caps=7 minZ=0.039534 runtime=100.98s placement={8: 433, 0: 1012, 9: 1472, 6: 342, 20: 581, 7: 1060, 15: 527}
2026-03-23 14:44:26,814 INFO: particles=80 iter=25 n_caps=8 minZ=0.041929 runtime=102.12s placement={0: 433, 9: 1012, 6: 1472, 20: 342, 8: 581, 15: 1060, 5: 527, 10: 1403}
2026-03-23 14:46:10,245 INFO: particles=80 iter=25 n_caps=9 minZ=0.043376 runtime=103.43s placement={9: 433, 6: 1012, 20: 1472, 8: 342, 15: 581, 5: 1060, 10: 527, 0: 1403, 7: 0}
2026-03-23 14:47:54,860 INFO: particles=80 iter=25 n_caps=10 minZ=0.042443 runtime=104.61s placement={6: 509, 20: 1626, 1: 1285, 16: 332, 5: 980, 10: 1012, 0: 344, 7: 1415, 14: 0, 17: 1523}
2026-03-23 14:49:40,617 INFO: particles=80 iter=25 n_caps=11 minZ=0.031906 runtime=105.76s placement={20: 508, 1: 1626, 15: 1275, 5: 330, 10: 958, 0: 1100, 7: 344, 14: 1427, 16: 0}
2026-03-23 14:51:29,442 INFO: particles=80 iter=25 n_caps=12 minZ=0.030512 runtime=108.82s placement={0: 3347, 15: 1470, 6: 1147, 18: 1182, 1: 488, 11: 1014, 12: 375, 16: 1391}
2026-03-23 14:53:20,416 INFO: particles=80 iter=25 n_caps=13 minZ=0.028111 runtime=110.97s placement={15: 344, 6: 1432, 18: 1157, 0: 86, 1: 460, 16: 967, 17: 391}
2026-03-23 14:55:13,973 INFO: particles=80 iter=25 n_caps=14 minZ=0.026478 runtime=113.56s placement={6: 344, 18: 1432, 0: 2632, 1: 1162, 16: 484, 17: 969}
2026-03-23 14:57:10,099 INFO: particles=80 iter=25 n_caps=15 minZ=0.023333 runtime=116.13s placement={18: 355, 0: 1014, 1: 1129, 16: 1176, 17: 663}
2026-03-23 14:59:04,314 INFO: particles=80 iter=25 n_caps=16 minZ=0.022582 runtime=114.21s placement={0: 3140, 1: 1476, 16: 1129, 17: 1176}
2026-03-23 15:00:57,970 INFO: particles=80 iter=25 n_caps=17 minZ=0.022140 runtime=113.66s placement={1: 355, 16: 1476, 17: 1129, 0: 0}
2026-03-23 15:02:54,777 INFO: particles=80 iter=25 n_caps=18 minZ=0.021449 runtime=116.81s placement={16: 442, 17: 1467, 0: 272, 1: 1171, 10: 0}
2026-03-23 15:04:55,121 INFO: particles=80 iter=25 n_caps=19 minZ=0.020619 runtime=120.34s placement={16: 441, 0: 2633, 1: 1328, 10: 3142}
2026-03-23 15:06:57,241 INFO: particles=80 iter=25 n_caps=20 minZ=0.019613 runtime=122.12s placement={0: 2579, 1: 1459, 10: 1016, 3: 2750}
