2026-03-10 05:15:55,586 INFO: n_caps=1 | iter=15 | minZ=0.030001 | placement={9: 2602}
2026-03-10 05:15:55,587 INFO: init_n_caps=2 | seeded_previous_caps=1 | new_cap_random_init(cap=1587,port=0)
2026-03-10 05:16:28,448 INFO: n_caps=2 | iter=15 | minZ=0.030000 | placement={9: 1352, 7: 2183}
2026-03-10 05:16:28,448 INFO: init_n_caps=3 | seeded_previous_caps=2 | new_cap_random_init(cap=1583,port=9)
2026-03-10 05:16:59,791 INFO: n_caps=3 | iter=15 | minZ=0.030001 | placement={5: 282, 20: 3347, 19: 1151}
2026-03-10 05:16:59,791 INFO: init_n_caps=4 | seeded_previous_caps=3 | new_cap_random_init(cap=903,port=18)
2026-03-10 05:17:32,497 INFO: n_caps=4 | iter=15 | minZ=0.030001 | placement={16: 0, 19: 3347, 17: 1268, 15: 1208}
2026-03-10 05:17:32,497 INFO: init_n_caps=5 | seeded_previous_caps=4 | new_cap_random_init(cap=2728,port=8)
2026-03-10 05:18:07,448 INFO: n_caps=5 | iter=15 | minZ=0.030001 | placement={19: 2816, 16: 1557, 6: 1372, 1: 1188, 0: 1299}
2026-03-10 05:18:07,448 INFO: init_n_caps=6 | seeded_previous_caps=5 | new_cap_random_init(cap=3276,port=0)
2026-03-10 05:18:44,559 INFO: n_caps=6 | iter=15 | minZ=0.030000 | placement={17: 2418, 6: 1885, 0: 910, 3: 973, 20: 1109, 8: 2996}
2026-03-10 05:18:44,559 INFO: init_n_caps=7 | seeded_previous_caps=6 | new_cap_random_init(cap=2849,port=11)
2026-03-10 05:19:22,320 INFO: n_caps=7 | iter=15 | minZ=0.030000 | placement={15: 3347, 7: 1521, 1: 1813, 20: 709, 8: 646, 17: 3236, 13: 2053}
2026-03-10 05:19:22,321 INFO: init_n_caps=8 | seeded_previous_caps=7 | new_cap_random_init(cap=2604,port=12)
2026-03-10 05:20:00,589 INFO: n_caps=8 | iter=15 | minZ=0.030001 | placement={5: 2218, 3: 872, 7: 2515, 10: 576, 17: 1302, 12: 2677, 13: 1588, 14: 2823}
2026-03-10 05:20:00,589 INFO: init_n_caps=9 | seeded_previous_caps=8 | new_cap_random_init(cap=878,port=5)
2026-03-10 05:20:40,794 INFO: n_caps=9 | iter=15 | minZ=0.030000 | placement={0: 1922, 11: 3179, 1: 1281, 6: 1625, 12: 1332, 14: 3149, 7: 2936, 3: 1857, 20: 1674}
2026-03-10 05:20:40,795 INFO: init_n_caps=10 | seeded_previous_caps=9 | new_cap_random_init(cap=0,port=3)
2026-03-10 05:21:20,862 INFO: n_caps=10 | iter=15 | minZ=0.030000 | placement={17: 473, 14: 481, 9: 2005, 8: 1128, 10: 2729, 3: 1665, 20: 2907, 4: 2818, 19: 690, 5: 940}
2026-03-10 05:21:20,863 INFO: init_n_caps=11 | seeded_previous_caps=10 | new_cap_random_init(cap=2936,port=13)
2026-03-10 05:22:03,143 INFO: n_caps=11 | iter=15 | minZ=0.030001 | placement={13: 84, 9: 0, 19: 2299, 18: 1432, 3: 2825, 20: 3181, 5: 2721, 14: 3347, 2: 2490, 11: 549}
2026-03-10 05:22:03,144 INFO: init_n_caps=12 | seeded_previous_caps=11 | new_cap_random_init(cap=2340,port=12)
2026-03-10 05:22:45,908 INFO: n_caps=12 | iter=15 | minZ=0.030000 | placement={9: 469, 20: 469, 17: 1789, 6: 1337, 16: 1266, 1: 0, 15: 3089, 0: 2911, 12: 3347, 8: 168}
2026-03-10 05:22:45,908 INFO: init_n_caps=13 | seeded_previous_caps=12 | new_cap_random_init(cap=1652,port=3)
2026-03-10 05:23:29,890 INFO: n_caps=13 | iter=15 | minZ=0.030002 | placement={19: 1032, 13: 1490, 17: 1245, 20: 2032, 4: 1191, 14: 0, 10: 3347, 6: 1270, 5: 2886, 11: 1917, 18: 1347, 2: 591, 16: 3186}
2026-03-10 05:23:29,891 INFO: init_n_caps=14 | seeded_previous_caps=13 | new_cap_random_init(cap=3246,port=3)
2026-03-10 05:24:12,840 INFO: n_caps=14 | iter=15 | minZ=0.030001 | placement={20: 896, 10: 1876, 7: 574, 8: 984, 19: 2004, 9: 811, 5: 1198, 1: 966, 0: 0, 6: 2945, 12: 1445}
2026-03-10 05:24:12,841 INFO: init_n_caps=15 | seeded_previous_caps=14 | new_cap_random_init(cap=3347,port=8)
2026-03-10 05:24:57,242 INFO: n_caps=15 | iter=15 | minZ=0.030004 | placement={10: 2741, 7: 1876, 8: 574, 20: 1198, 9: 2004, 19: 811, 5: 3306, 1: 896, 0: 1445, 6: 667, 12: 2945, 11: 0, 17: 3347}
2026-03-10 05:24:57,242 INFO: init_n_caps=16 | seeded_previous_caps=15 | new_cap_random_init(cap=1789,port=0)
2026-03-10 05:25:43,981 INFO: n_caps=16 | iter=15 | minZ=0.030000 | placement={1: 1043, 4: 1045, 6: 2605, 20: 1525, 18: 2775, 13: 1907, 10: 1949, 19: 701, 11: 1735, 17: 2032, 12: 3347, 14: 711, 0: 732, 9: 566, 15: 1779}
2026-03-10 05:25:43,981 INFO: init_n_caps=17 | seeded_previous_caps=16 | new_cap_random_init(cap=319,port=5)
2026-03-10 05:26:33,193 INFO: n_caps=17 | iter=15 | minZ=0.030000 | placement={20: 3347, 8: 234, 19: 545, 18: 2299, 13: 1605, 6: 1729, 3: 1575, 15: 1520, 9: 3087, 0: 0, 5: 299, 7: 3347, 16: 3108, 12: 2999, 4: 1594}
2026-03-10 05:26:33,194 INFO: init_n_caps=18 | seeded_previous_caps=17 | new_cap_random_init(cap=3347,port=17)
2026-03-10 05:27:24,160 INFO: n_caps=18 | iter=15 | minZ=0.030000 | placement={11: 1141, 0: 2421, 20: 3347, 3: 2598, 16: 1124, 14: 0, 12: 2541, 8: 0, 17: 847, 10: 1603, 5: 2200, 9: 560, 6: 1635, 1: 3347, 4: 469, 7: 1236}
2026-03-10 05:27:24,160 INFO: init_n_caps=19 | seeded_previous_caps=18 | new_cap_random_init(cap=1987,port=2)
2026-03-10 05:28:15,116 INFO: n_caps=19 | iter=15 | minZ=0.030001 | placement={7: 579, 12: 2404, 14: 3176, 3: 1967, 17: 2849, 13: 2878, 4: 375, 16: 3185, 18: 1643, 2: 3044, 20: 3055, 5: 2234, 8: 480, 19: 1024, 1: 315, 15: 3023, 11: 1649}
2026-03-10 05:28:15,117 INFO: init_n_caps=20 | seeded_previous_caps=19 | new_cap_random_init(cap=1244,port=3)
2026-03-10 05:29:05,345 INFO: n_caps=20 | iter=15 | minZ=0.030001 | placement={11: 3347, 1: 452, 9: 3347, 13: 2447, 20: 2754, 12: 1190, 16: 1343, 19: 2971, 17: 1614, 6: 2932, 5: 3226, 7: 1457, 18: 636, 14: 1561, 15: 541, 10: 41}
