2026-04-01 23:05:28,859 INFO: particles=20 iter=25 n_caps=1 minZ=0.087365 runtime=24.45s placement={9: 1012}
2026-04-01 23:05:54,151 INFO: particles=20 iter=25 n_caps=2 minZ=0.070467 runtime=25.29s placement={15: 527, 0: 1613}
2026-04-01 23:06:21,693 INFO: particles=20 iter=25 n_caps=3 minZ=0.053604 runtime=27.54s placement={0: 1012, 10: 505, 15: 2398}
2026-04-01 23:06:50,011 INFO: particles=20 iter=25 n_caps=4 minZ=0.056432 runtime=28.32s placement={9: 1014, 15: 524, 0: 2091, 6: 0}
2026-04-01 23:07:17,861 INFO: particles=20 iter=25 n_caps=5 minZ=0.058018 runtime=27.85s placement={15: 1012, 0: 609, 6: 1914, 1: 0, 10: 1641}
2026-04-01 23:07:45,241 INFO: particles=20 iter=25 n_caps=6 minZ=0.039919 runtime=27.38s placement={0: 1626, 6: 635, 1: 1911, 10: 0, 15: 2596}
2026-04-01 23:08:13,968 INFO: particles=20 iter=25 n_caps=7 minZ=0.044266 runtime=28.73s placement={0: 1012, 14: 1723, 8: 1600, 1: 630, 5: 1810, 7: 3347, 10: 1818}
2026-04-01 23:08:41,901 INFO: particles=20 iter=25 n_caps=8 minZ=0.042464 runtime=27.93s placement={16: 1159, 14: 1759, 1: 347, 5: 338, 8: 1238, 7: 3347, 0: 1014}
2026-04-01 23:09:09,587 INFO: particles=20 iter=25 n_caps=9 minZ=0.043201 runtime=27.69s placement={16: 1901, 0: 3255, 1: 0, 13: 555, 3: 1549, 11: 1733}
2026-04-01 23:09:37,657 INFO: particles=20 iter=25 n_caps=10 minZ=0.037567 runtime=28.07s placement={0: 524, 1: 1048, 9: 2299, 16: 2108, 10: 3282, 5: 2468}
2026-04-01 23:10:04,742 INFO: particles=20 iter=25 n_caps=11 minZ=0.036391 runtime=27.08s placement={0: 342, 8: 1544, 1: 1535, 16: 3075, 18: 0, 5: 50, 10: 2309}
2026-04-01 23:10:32,341 INFO: particles=20 iter=25 n_caps=12 minZ=0.040488 runtime=27.60s placement={8: 1756, 0: 2309, 1: 1535, 16: 1401, 18: 1921, 5: 0, 10: 50, 14: 342, 15: 4}
2026-04-01 23:11:00,228 INFO: particles=20 iter=25 n_caps=13 minZ=0.031909 runtime=27.89s placement={0: 1014, 1: 1880, 15: 1195, 19: 3086, 5: 1349, 6: 0, 17: 2117, 16: 89}
2026-04-01 23:11:28,675 INFO: particles=20 iter=25 n_caps=14 minZ=0.030241 runtime=28.45s placement={0: 1492, 1: 3065, 15: 732, 16: 1066, 8: 2764, 18: 2062, 14: 1464, 11: 1105, 10: 3030}
2026-04-01 23:11:58,435 INFO: particles=20 iter=25 n_caps=15 minZ=0.033465 runtime=29.76s placement={0: 3030, 15: 3065, 1: 732, 16: 1268, 8: 1066, 18: 1496, 14: 2062, 11: 1464, 10: 1492, 7: 0}
2026-04-01 23:12:28,909 INFO: particles=20 iter=25 n_caps=16 minZ=0.030717 runtime=30.47s placement={0: 0, 1: 3328, 15: 726, 8: 1257, 14: 2955, 19: 1302, 9: 1770, 11: 324, 13: 2961}
2026-04-01 23:12:59,262 INFO: particles=20 iter=25 n_caps=17 minZ=0.025044 runtime=30.35s placement={0: 0, 20: 0, 1: 1766, 13: 1002, 9: 2614, 2: 1369, 14: 1072}
2026-04-01 23:13:33,723 INFO: particles=20 iter=25 n_caps=18 minZ=0.025513 runtime=34.46s placement={20: 1565, 0: 0, 1: 1896, 13: 1005, 6: 1004, 16: 875}
2026-04-01 23:14:08,043 INFO: particles=20 iter=25 n_caps=19 minZ=0.022520 runtime=34.32s placement={0: 3347, 1: 0, 14: 1889, 6: 1133, 15: 1170}
2026-04-01 23:14:39,973 INFO: particles=20 iter=25 n_caps=20 minZ=0.021215 runtime=31.93s placement={0: 0, 14: 0, 6: 1889, 1: 1133, 15: 332, 20: 3347}
