2026-04-01 20:38:28,485 INFO: particles=20 iter=10 n_caps=1 minZ=0.088670 runtime=11.43s placement={0: 1300}
2026-04-01 20:38:40,725 INFO: particles=20 iter=10 n_caps=2 minZ=0.072417 runtime=12.24s placement={0: 990, 5: 1387}
2026-04-01 20:38:53,599 INFO: particles=20 iter=10 n_caps=3 minZ=0.072813 runtime=12.87s placement={9: 976, 0: 1878, 16: 0}
2026-04-01 20:39:07,447 INFO: particles=20 iter=10 n_caps=4 minZ=0.061737 runtime=13.85s placement={0: 1085, 15: 2431, 16: 0, 10: 893}
2026-04-01 20:39:21,778 INFO: particles=20 iter=10 n_caps=5 minZ=0.067016 runtime=14.33s placement={15: 1085, 16: 2431, 10: 0, 0: 893, 14: 0}
2026-04-01 20:39:36,134 INFO: particles=20 iter=10 n_caps=6 minZ=0.046044 runtime=14.35s placement={14: 1121, 7: 1739, 0: 1014, 18: 790, 6: 769, 1: 2637}
2026-04-01 20:39:50,999 INFO: particles=20 iter=10 n_caps=7 minZ=0.055419 runtime=14.86s placement={7: 1289, 14: 1169, 15: 2967, 1: 1622, 0: 1900, 6: 527, 13: 1014}
2026-04-01 20:40:06,479 INFO: particles=20 iter=10 n_caps=8 minZ=0.039423 runtime=15.48s placement={14: 1289, 15: 1169, 1: 2967, 0: 1014, 6: 1900, 13: 527, 10: 1272}
2026-04-01 20:40:23,765 INFO: particles=20 iter=10 n_caps=9 minZ=0.044856 runtime=17.28s placement={15: 1289, 1: 1169, 0: 1272, 6: 1622, 13: 1900, 10: 1014, 14: 2493}
2026-04-01 20:40:40,990 INFO: particles=20 iter=10 n_caps=10 minZ=0.032305 runtime=17.22s placement={1: 1289, 0: 2669, 6: 2967, 13: 1622, 10: 527, 14: 1272}
2026-04-01 20:40:59,155 INFO: particles=20 iter=10 n_caps=11 minZ=0.032194 runtime=18.16s placement={0: 296, 7: 1165, 13: 3100, 1: 983, 10: 1964, 14: 1037}
2026-04-01 20:41:17,820 INFO: particles=20 iter=10 n_caps=12 minZ=0.034049 runtime=18.66s placement={7: 870, 13: 1165, 0: 296, 10: 983, 1: 1964, 14: 473, 15: 0}
2026-04-01 20:41:37,955 INFO: particles=20 iter=10 n_caps=13 minZ=0.031946 runtime=20.13s placement={13: 870, 0: 2610, 10: 3100, 1: 983, 14: 1964, 15: 296, 6: 0, 9: 1253}
2026-04-01 20:41:57,980 INFO: particles=20 iter=10 n_caps=14 minZ=0.029783 runtime=20.02s placement={0: 1253, 10: 1165, 1: 3100, 13: 983, 14: 2610, 6: 296, 9: 0, 15: 2219}
2026-04-01 20:42:19,507 INFO: particles=20 iter=10 n_caps=15 minZ=0.029834 runtime=21.53s placement={9: 888, 0: 0, 13: 3347, 1: 1073, 14: 2378, 4: 2607, 8: 11, 16: 868, 20: 2370}
2026-04-01 20:42:40,945 INFO: particles=20 iter=10 n_caps=16 minZ=0.031790 runtime=21.44s placement={0: 1592, 13: 315, 1: 3347, 14: 1012, 4: 2378, 8: 2607, 16: 0, 20: 868, 10: 0}
2026-04-01 20:43:10,574 INFO: particles=20 iter=10 n_caps=17 minZ=0.031822 runtime=29.63s placement={14: 765, 0: 1520, 1: 3079, 15: 1585, 4: 1224, 9: 2781, 17: 14, 20: 0, 7: 2901, 8: 225}
2026-04-01 20:43:40,892 INFO: particles=20 iter=10 n_caps=18 minZ=0.033933 runtime=30.32s placement={0: 0, 1: 0, 13: 993, 7: 1396, 17: 2453, 20: 0, 5: 1037, 6: 2483, 8: 0, 19: 2609}
2026-04-01 20:44:11,343 INFO: particles=20 iter=10 n_caps=19 minZ=0.031075 runtime=30.45s placement={0: 1135, 1: 0, 12: 1213, 3: 1839, 18: 2736, 19: 2436, 5: 0, 4: 0, 7: 2396, 20: 0, 6: 2603, 15: 0}
2026-04-01 20:44:40,899 INFO: particles=20 iter=10 n_caps=20 minZ=0.030619 runtime=29.55s placement={20: 3347, 0: 944, 16: 3347, 19: 2019, 1: 3347, 13: 8, 8: 362, 5: 305, 15: 1028, 18: 3347}
