2026-03-23 20:33:06,950 INFO: particles=50 iter=15 n_caps=1 minZ=0.085029 runtime=19.64s placement={0: 1316}
2026-03-23 20:33:27,253 INFO: particles=50 iter=15 n_caps=2 minZ=0.069512 runtime=20.30s placement={0: 1473, 10: 527}
2026-03-23 20:33:48,799 INFO: particles=50 iter=15 n_caps=3 minZ=0.062236 runtime=21.55s placement={9: 1344, 6: 783, 0: 1517}
2026-03-23 20:34:10,261 INFO: particles=50 iter=15 n_caps=4 minZ=0.057952 runtime=21.46s placement={7: 1001, 0: 864, 15: 1345, 14: 1663}
2026-03-23 20:34:32,384 INFO: particles=50 iter=15 n_caps=5 minZ=0.040370 runtime=22.12s placement={0: 1014, 16: 864, 14: 1353, 10: 1661, 9: 1246}
2026-03-23 20:34:55,520 INFO: particles=50 iter=15 n_caps=6 minZ=0.051772 runtime=23.14s placement={16: 1014, 14: 864, 10: 1353, 9: 1661, 0: 1246, 15: 0}
2026-03-23 20:35:19,142 INFO: particles=50 iter=15 n_caps=7 minZ=0.049395 runtime=23.62s placement={15: 972, 6: 1201, 9: 1260, 0: 2825, 16: 1320, 1: 0}
2026-03-23 20:35:43,073 INFO: particles=50 iter=15 n_caps=8 minZ=0.044861 runtime=23.93s placement={6: 742, 9: 1349, 0: 1818, 15: 1598, 1: 693}
2026-03-23 20:36:07,528 INFO: particles=50 iter=15 n_caps=9 minZ=0.034376 runtime=24.46s placement={10: 1495, 0: 893, 15: 1793, 1: 1437}
2026-03-23 20:36:32,413 INFO: particles=50 iter=15 n_caps=10 minZ=0.031277 runtime=24.88s placement={0: 1692, 15: 1511, 1: 1793}
2026-03-23 20:36:58,020 INFO: particles=50 iter=15 n_caps=11 minZ=0.030701 runtime=25.61s placement={15: 1495, 0: 136, 1: 1793}
2026-03-23 20:37:24,421 INFO: particles=50 iter=15 n_caps=12 minZ=0.028033 runtime=26.40s placement={0: 2715, 1: 1648}
2026-03-23 20:37:51,193 INFO: particles=50 iter=15 n_caps=13 minZ=0.027544 runtime=26.77s placement={0: 2715, 1: 1648, 7: 0}
2026-03-23 20:38:18,582 INFO: particles=50 iter=15 n_caps=14 minZ=0.027322 runtime=27.39s placement={0: 0, 1: 1648, 7: 2715, 15: 0}
2026-03-23 20:38:45,946 INFO: particles=50 iter=15 n_caps=15 minZ=0.026537 runtime=27.36s placement={0: 22, 1: 1648, 7: 113, 15: 2715, 10: 0}
2026-03-23 20:39:13,788 INFO: particles=50 iter=15 n_caps=16 minZ=0.026799 runtime=27.84s placement={0: 0, 1: 1648, 7: 1566, 15: 113, 10: 0}
2026-03-23 20:39:42,948 INFO: particles=50 iter=15 n_caps=17 minZ=0.027231 runtime=29.16s placement={0: 0, 1: 1586, 16: 1580, 12: 3307}
2026-03-23 20:40:12,406 INFO: particles=50 iter=15 n_caps=18 minZ=0.024238 runtime=29.46s placement={0: 99, 1: 1856, 15: 684, 12: 348}
2026-03-23 20:40:42,543 INFO: particles=50 iter=15 n_caps=19 minZ=0.023818 runtime=30.14s placement={0: 53, 1: 1856, 3: 12, 15: 667, 12: 1411, 7: 92, 9: 362}
2026-03-23 20:41:12,489 INFO: particles=50 iter=15 n_caps=20 minZ=0.022934 runtime=29.95s placement={0: 362, 1: 1856, 3: 1307, 15: 343, 12: 733, 7: 53, 9: 92, 10: 0}
