2026-03-30 22:05:05,267 INFO: particles=30 iter=25 n_caps=1 minZ=0.071104 runtime=24.22s placement={0: 1318}
2026-03-30 22:05:43,008 INFO: particles=30 iter=25 n_caps=2 minZ=0.050793 runtime=37.74s placement={0: 990, 7: 2333}
2026-03-30 22:06:44,274 INFO: particles=30 iter=25 n_caps=3 minZ=0.055696 runtime=61.26s placement={15: 3269, 7: 3347, 0: 1384}
2026-03-30 22:08:01,126 INFO: particles=30 iter=25 n_caps=4 minZ=0.049176 runtime=76.85s placement={7: 3285, 0: 1071, 5: 1323, 8: 2605}
2026-03-30 22:09:32,028 INFO: particles=30 iter=25 n_caps=5 minZ=0.050237 runtime=90.90s placement={0: 3230, 5: 1036, 7: 1300, 9: 2621, 10: 1135}
2026-03-30 22:11:24,901 INFO: particles=30 iter=25 n_caps=6 minZ=0.037827 runtime=112.87s placement={7: 3240, 9: 1711, 10: 1374, 2: 2813, 0: 1012, 5: 718}
2026-03-30 22:13:37,803 INFO: particles=30 iter=25 n_caps=7 minZ=0.035918 runtime=132.90s placement={1: 3204, 10: 1737, 0: 678, 6: 983, 20: 1124}
2026-03-30 22:16:00,174 INFO: particles=30 iter=25 n_caps=8 minZ=0.030120 runtime=142.37s placement={6: 3240, 0: 1012, 1: 1002, 20: 368, 16: 3347}
2026-03-30 22:18:50,732 INFO: particles=30 iter=25 n_caps=9 minZ=0.035010 runtime=170.56s placement={0: 0, 1: 1850, 20: 1337, 16: 719, 11: 3347, 10: 1464}
2026-03-30 22:21:53,244 INFO: particles=30 iter=25 n_caps=10 minZ=0.025112 runtime=182.51s placement={7: 1167, 0: 1552, 1: 3347, 20: 974, 10: 1121, 9: 3347}
2026-03-30 22:25:18,035 INFO: particles=30 iter=25 n_caps=11 minZ=0.026170 runtime=204.79s placement={0: 1521, 1: 2156, 20: 1134, 10: 1002, 9: 1121, 16: 1338}
2026-03-30 22:28:55,146 INFO: particles=30 iter=25 n_caps=12 minZ=0.030584 runtime=217.11s placement={0: 0, 1: 2177, 20: 1100, 12: 1203, 7: 1677, 16: 1129, 14: 1473}
2026-03-30 22:32:45,928 INFO: particles=30 iter=25 n_caps=13 minZ=0.028677 runtime=230.78s placement={0: 1797, 1: 2099, 20: 1863, 10: 384, 7: 1681, 15: 2791, 16: 850, 5: 100, 8: 0}
2026-03-30 22:37:10,274 INFO: particles=30 iter=25 n_caps=14 minZ=0.023123 runtime=264.35s placement={0: 0, 20: 2059, 10: 1853, 6: 356, 1: 1795, 15: 3347, 16: 2832, 5: 1743, 7: 149}
2026-03-30 22:41:42,476 INFO: particles=30 iter=25 n_caps=15 minZ=0.027470 runtime=272.20s placement={20: 0, 9: 2007, 8: 1972, 1: 354, 0: 1014, 17: 3276, 3: 445, 6: 1201, 18: 96, 7: 0}
2026-03-30 22:46:32,883 INFO: particles=30 iter=25 n_caps=16 minZ=0.029478 runtime=290.41s placement={13: 675, 0: 138, 1: 2412, 20: 246, 11: 0, 14: 2742, 7: 0, 19: 235, 3: 3347}
2026-03-30 22:51:39,381 INFO: particles=30 iter=25 n_caps=17 minZ=0.026039 runtime=306.50s placement={0: 3139, 1: 1855, 18: 2535, 10: 1414, 4: 0, 15: 1695, 20: 122, 13: 650}
2026-03-30 22:56:58,965 INFO: particles=30 iter=25 n_caps=18 minZ=0.022493 runtime=319.58s placement={0: 275, 17: 2240, 1: 3249, 11: 0, 16: 3302, 3: 1495, 9: 0, 12: 1600, 15: 1574, 10: 2307}
2026-03-30 23:02:34,786 INFO: particles=30 iter=25 n_caps=19 minZ=0.025773 runtime=335.82s placement={17: 3347, 0: 0, 11: 3318, 1: 0, 18: 977, 3: 3322, 10: 1495, 12: 0, 7: 1603, 16: 1355, 14: 304}
2026-03-30 23:08:34,685 INFO: particles=30 iter=25 n_caps=20 minZ=0.022381 runtime=359.90s placement={0: 2980, 7: 2627, 1: 3321, 17: 88, 3: 992, 10: 3328, 12: 0, 6: 0, 15: 328, 14: 3347}
