2026-03-20 16:12:17,769 INFO: particles=80 iter=25 n_caps=1 minZ=0.080251 runtime=84.59s placement={0: 1014}
2026-03-20 16:13:44,526 INFO: particles=80 iter=25 n_caps=2 minZ=0.052212 runtime=86.76s placement={0: 1014, 15: 1012}
2026-03-20 16:15:13,350 INFO: particles=80 iter=25 n_caps=3 minZ=0.051632 runtime=88.82s placement={15: 1014, 0: 1012, 16: 0}
2026-03-20 16:16:43,766 INFO: particles=80 iter=25 n_caps=4 minZ=0.043033 runtime=90.42s placement={0: 2633, 16: 1012, 1: 0}
2026-03-20 16:18:15,436 INFO: particles=80 iter=25 n_caps=5 minZ=0.037803 runtime=91.67s placement={16: 1196, 0: 344, 1: 0}
2026-03-20 16:19:56,194 INFO: particles=80 iter=25 n_caps=6 minZ=0.035347 runtime=100.76s placement={0: 1012, 1: 435, 6: 2775}
2026-03-20 16:21:31,901 INFO: particles=80 iter=25 n_caps=7 minZ=0.037608 runtime=95.71s placement={0: 2783, 1: 507, 6: 697, 15: 0}
2026-03-20 16:23:08,957 INFO: particles=80 iter=25 n_caps=8 minZ=0.031319 runtime=97.06s placement={0: 149, 1: 500, 6: 2474, 14: 2743}
2026-03-20 16:24:47,037 INFO: particles=80 iter=25 n_caps=9 minZ=0.030944 runtime=98.08s placement={0: 772, 1: 553, 4: 2132, 15: 807, 5: 463}
2026-03-20 16:26:27,435 INFO: particles=80 iter=25 n_caps=10 minZ=0.028469 runtime=100.40s placement={0: 110, 4: 543, 1: 2483, 15: 2435, 5: 448}
2026-03-20 16:28:10,233 INFO: particles=80 iter=25 n_caps=11 minZ=0.030100 runtime=102.80s placement={8: 779, 0: 1941, 16: 3214, 1: 2366, 10: 67, 5: 375}
2026-03-20 16:29:54,278 INFO: particles=80 iter=25 n_caps=12 minZ=0.024795 runtime=104.04s placement={0: 1373, 17: 153, 1: 3236, 10: 1705}
2026-03-20 16:31:39,546 INFO: particles=80 iter=25 n_caps=13 minZ=0.026283 runtime=105.27s placement={15: 800, 0: 387, 1: 3271, 12: 927}
2026-03-20 16:33:26,371 INFO: particles=80 iter=25 n_caps=14 minZ=0.026345 runtime=106.83s placement={0: 2608, 1: 105, 12: 758}
2026-03-20 16:35:14,135 INFO: particles=80 iter=25 n_caps=15 minZ=0.023691 runtime=107.76s placement={0: 2577, 1: 63, 10: 3346, 9: 2}
2026-03-20 16:37:04,404 INFO: particles=80 iter=25 n_caps=16 minZ=0.023769 runtime=110.27s placement={0: 0, 1: 63, 10: 918, 9: 2577, 7: 2}
2026-03-20 16:38:55,201 INFO: particles=80 iter=25 n_caps=17 minZ=0.023506 runtime=110.80s placement={0: 0, 1: 63, 10: 2813, 9: 204, 7: 2577}
2026-03-20 16:40:48,086 INFO: particles=80 iter=25 n_caps=18 minZ=0.025202 runtime=112.88s placement={0: 60, 1: 63, 10: 3264, 9: 1012, 7: 204}
2026-03-20 16:42:42,757 INFO: particles=80 iter=25 n_caps=19 minZ=0.024325 runtime=114.67s placement={0: 0, 10: 70, 1: 3315, 9: 675, 5: 1274}
2026-03-20 16:44:39,019 INFO: particles=80 iter=25 n_caps=20 minZ=0.023429 runtime=116.26s placement={9: 342, 1: 0, 0: 65, 15: 0, 6: 343}
