2026-03-23 07:36:53,743 INFO: particles=30 iter=40 n_caps=1 minZ=0.080251 runtime=31.62s placement={0: 1012}
2026-03-23 07:37:26,576 INFO: particles=30 iter=40 n_caps=2 minZ=0.067573 runtime=32.83s placement={0: 1301, 9: 1120}
2026-03-23 07:38:00,334 INFO: particles=30 iter=40 n_caps=3 minZ=0.066326 runtime=33.76s placement={9: 1300, 0: 1120, 15: 0}
2026-03-23 07:38:35,174 INFO: particles=30 iter=40 n_caps=4 minZ=0.053251 runtime=34.84s placement={0: 1583, 15: 1126, 1: 0}
2026-03-23 07:39:11,795 INFO: particles=30 iter=40 n_caps=5 minZ=0.047272 runtime=36.62s placement={15: 1821, 0: 615, 1: 0}
2026-03-23 07:39:48,619 INFO: particles=30 iter=40 n_caps=6 minZ=0.037361 runtime=36.82s placement={0: 615, 1: 1082}
2026-03-23 07:40:26,384 INFO: particles=30 iter=40 n_caps=7 minZ=0.031744 runtime=37.76s placement={0: 3, 1: 973}
2026-03-23 07:41:04,559 INFO: particles=30 iter=40 n_caps=8 minZ=0.027337 runtime=38.17s placement={0: 150, 1: 962, 10: 1}
2026-03-23 07:41:43,039 INFO: particles=30 iter=40 n_caps=9 minZ=0.033193 runtime=38.48s placement={0: 0, 1: 962, 10: 1012, 16: 150}
2026-03-23 07:42:22,478 INFO: particles=30 iter=40 n_caps=10 minZ=0.030667 runtime=39.44s placement={0: 0, 1: 925, 10: 1014, 16: 1}
2026-03-23 07:43:02,967 INFO: particles=30 iter=40 n_caps=11 minZ=0.031830 runtime=40.49s placement={0: 43, 1: 925, 10: 2121, 16: 1012}
2026-03-23 07:43:44,957 INFO: particles=30 iter=40 n_caps=12 minZ=0.029769 runtime=41.99s placement={0: 0, 1: 925, 10: 0, 16: 1014}
2026-03-23 07:44:26,412 INFO: particles=30 iter=40 n_caps=13 minZ=0.027568 runtime=41.45s placement={0: 0, 10: 925, 1: 0, 16: 2121}
2026-03-23 07:45:09,093 INFO: particles=30 iter=40 n_caps=14 minZ=0.030610 runtime=42.68s placement={9: 1542, 0: 0, 16: 0, 1: 2152}
2026-03-23 07:45:53,137 INFO: particles=30 iter=40 n_caps=15 minZ=0.026592 runtime=44.04s placement={0: 1372, 16: 355, 1: 0}
2026-03-23 07:46:37,065 INFO: particles=30 iter=40 n_caps=16 minZ=0.026103 runtime=43.93s placement={16: 1363, 0: 0, 1: 0, 10: 1192, 7: 58}
2026-03-23 07:47:22,310 INFO: particles=30 iter=40 n_caps=17 minZ=0.027173 runtime=45.24s placement={0: 58, 1: 343, 10: 0, 7: 1192, 2: 2795}
2026-03-23 07:48:09,454 INFO: particles=30 iter=40 n_caps=18 minZ=0.025867 runtime=47.14s placement={0: 2799, 1: 362, 10: 0, 6: 0, 2: 57, 15: 0}
2026-03-23 07:48:56,172 INFO: particles=30 iter=40 n_caps=19 minZ=0.025087 runtime=46.72s placement={0: 6, 1: 363, 10: 0, 6: 0, 15: 2795}
2026-03-23 07:49:43,842 INFO: particles=30 iter=40 n_caps=20 minZ=0.023908 runtime=47.67s placement={1: 1401, 0: 0, 10: 30, 5: 0, 15: 131, 2: 169, 6: 10}
