2026-03-26 15:12:51,855 INFO: particles=20 iter=10 n_caps=1 minZ=0.072654 runtime=5.41s placement={0: 1320}
2026-03-26 15:13:01,734 INFO: particles=20 iter=10 n_caps=2 minZ=0.067574 runtime=9.88s placement={7: 2380, 0: 1291}
2026-03-26 15:13:16,081 INFO: particles=20 iter=10 n_caps=3 minZ=0.055806 runtime=14.35s placement={0: 2564, 7: 1907, 5: 1037}
2026-03-26 15:13:34,742 INFO: particles=20 iter=10 n_caps=4 minZ=0.057277 runtime=18.66s placement={5: 2583, 9: 1574, 15: 1024, 10: 1012}
2026-03-26 15:13:57,908 INFO: particles=20 iter=10 n_caps=5 minZ=0.036990 runtime=23.17s placement={9: 2583, 15: 1574, 10: 1024, 0: 1012, 14: 966}
2026-03-26 15:14:25,281 INFO: particles=20 iter=10 n_caps=6 minZ=0.041057 runtime=27.37s placement={17: 3168, 9: 1423, 0: 1014, 14: 2276, 8: 964, 10: 2066}
2026-03-26 15:14:57,437 INFO: particles=20 iter=10 n_caps=7 minZ=0.044029 runtime=32.16s placement={17: 3347, 0: 1458, 14: 1543, 15: 2274, 9: 1478, 5: 2882, 16: 2898}
2026-03-26 15:15:33,580 INFO: particles=20 iter=10 n_caps=8 minZ=0.045697 runtime=36.14s placement={0: 3347, 14: 1458, 15: 2966, 9: 2274, 5: 1478, 16: 2882, 10: 2898}
2026-03-26 15:16:14,529 INFO: particles=20 iter=10 n_caps=9 minZ=0.046368 runtime=40.95s placement={14: 3347, 15: 2898, 9: 1543, 5: 2274, 16: 1478, 10: 2882, 0: 2966, 7: 0}
2026-03-26 15:16:59,433 INFO: particles=20 iter=10 n_caps=10 minZ=0.042606 runtime=44.90s placement={14: 3347, 9: 1458, 5: 1543, 16: 2274, 10: 1478, 15: 2882, 0: 2898, 7: 2966, 6: 2460}
2026-03-26 15:17:48,908 INFO: particles=20 iter=10 n_caps=11 minZ=0.041541 runtime=49.47s placement={9: 3347, 5: 1458, 16: 1543, 10: 2274, 15: 1478, 0: 2882, 7: 2898, 6: 2460, 14: 2360}
2026-03-26 15:18:42,689 INFO: particles=20 iter=10 n_caps=12 minZ=0.039618 runtime=53.78s placement={5: 3347, 16: 1458, 9: 1543, 15: 2274, 0: 1478, 7: 2882, 6: 0, 14: 2460, 10: 2360, 8: 1635}
2026-03-26 15:19:41,145 INFO: particles=20 iter=10 n_caps=13 minZ=0.039161 runtime=58.46s placement={16: 3347, 9: 857, 15: 1543, 0: 2274, 7: 1478, 5: 2882, 6: 1635, 14: 0, 10: 2460, 8: 2360}
2026-03-26 15:20:44,186 INFO: particles=20 iter=10 n_caps=14 minZ=0.038594 runtime=63.04s placement={5: 2648, 14: 1418, 0: 798, 6: 2181, 15: 1197, 9: 815, 10: 2053, 13: 2913, 7: 0, 11: 2628, 8: 2552, 12: 913, 16: 1787}
2026-03-26 15:21:51,642 INFO: particles=20 iter=10 n_caps=15 minZ=0.037851 runtime=67.45s placement={14: 2628, 0: 1418, 5: 798, 15: 2181, 9: 1197, 10: 815, 13: 2053, 7: 2913, 11: 1787, 8: 2596, 12: 2552, 16: 913, 6: 977}
2026-03-26 15:23:03,976 INFO: particles=20 iter=10 n_caps=16 minZ=0.039695 runtime=72.33s placement={0: 2648, 5: 1418, 14: 798, 9: 977, 10: 1197, 15: 815, 7: 2053, 11: 913, 8: 0, 12: 2596, 16: 2552, 13: 1787, 6: 2438}
2026-03-26 15:24:20,469 INFO: particles=20 iter=10 n_caps=17 minZ=0.033480 runtime=76.49s placement={5: 1442, 0: 527, 11: 2088, 9: 2495, 14: 1067, 6: 1926, 12: 2163, 10: 3010, 15: 0, 16: 2758, 13: 864, 7: 1821, 4: 2772, 1: 2448}
2026-03-26 15:25:41,489 INFO: particles=20 iter=10 n_caps=18 minZ=0.029553 runtime=81.02s placement={0: 946, 11: 2758, 9: 1000, 14: 2495, 6: 2772, 12: 273, 10: 2163, 15: 3010, 16: 0, 13: 2088, 7: 864, 5: 1821, 1: 1926}
2026-03-26 15:27:06,836 INFO: particles=20 iter=10 n_caps=19 minZ=0.030193 runtime=85.35s placement={11: 0, 9: 1384, 14: 1000, 6: 1821, 12: 1067, 10: 273, 15: 946, 16: 3010, 13: 2758, 7: 2088, 5: 864, 0: 0, 1: 1926}
2026-03-26 15:28:39,316 INFO: particles=20 iter=10 n_caps=20 minZ=0.026080 runtime=92.48s placement={10: 1506, 14: 2195, 0: 948, 15: 2371, 12: 1356, 13: 0, 11: 1913, 9: 3068, 1: 0, 3: 3342, 5: 587, 16: 1211, 17: 2701}
