2026-03-17 10:01:02,766 INFO: particles=30 iter=15 n_caps=1 minZ=0.080251 runtime=21.63s placement={0: 1012}
2026-03-17 10:01:24,537 INFO: particles=30 iter=15 n_caps=2 minZ=0.079645 runtime=21.77s placement={0: 1012, 1: 0}
2026-03-17 10:01:46,248 INFO: particles=30 iter=15 n_caps=3 minZ=0.063912 runtime=21.71s placement={15: 892, 0: 2069, 5: 888}
2026-03-17 10:02:09,012 INFO: particles=30 iter=15 n_caps=4 minZ=0.056291 runtime=22.76s placement={0: 910, 7: 3307, 6: 838, 14: 1935}
2026-03-17 10:02:31,947 INFO: particles=30 iter=15 n_caps=5 minZ=0.049265 runtime=22.93s placement={2: 2024, 14: 2535, 0: 1014, 19: 2181, 9: 1446}
2026-03-17 10:02:54,963 INFO: particles=30 iter=15 n_caps=6 minZ=0.059252 runtime=23.02s placement={10: 1476, 0: 2453, 19: 1029, 11: 1503, 14: 1159, 9: 268}
2026-03-17 10:03:18,246 INFO: particles=30 iter=15 n_caps=7 minZ=0.050270 runtime=23.28s placement={0: 1493, 20: 1984, 9: 1027, 15: 1536, 10: 906, 16: 268, 6: 1559}
2026-03-17 10:03:41,311 INFO: particles=30 iter=15 n_caps=8 minZ=0.052733 runtime=23.06s placement={19: 1928, 8: 1770, 12: 851, 9: 1813, 15: 845, 6: 288, 0: 1464, 10: 912}
2026-03-17 10:04:04,941 INFO: particles=30 iter=15 n_caps=9 minZ=0.040894 runtime=23.63s placement={15: 2760, 0: 1392, 1: 1663, 16: 91, 20: 2274, 3: 2606}
2026-03-17 10:04:29,343 INFO: particles=30 iter=15 n_caps=10 minZ=0.037332 runtime=24.40s placement={0: 488, 1: 141, 15: 2590, 20: 0, 9: 3059, 2: 3315}
2026-03-17 10:04:53,708 INFO: particles=30 iter=15 n_caps=11 minZ=0.033401 runtime=24.36s placement={0: 3330, 15: 282, 20: 3162, 1: 0, 9: 892, 5: 108}
2026-03-17 10:05:18,578 INFO: particles=30 iter=15 n_caps=12 minZ=0.033277 runtime=24.87s placement={15: 1330, 20: 282, 0: 0, 1: 0, 9: 1419, 5: 3330}
2026-03-17 10:05:43,171 INFO: particles=30 iter=15 n_caps=13 minZ=0.034808 runtime=24.59s placement={20: 1330, 0: 2643, 1: 3162, 9: 1342, 5: 3181}
2026-03-17 10:06:08,496 INFO: particles=30 iter=15 n_caps=14 minZ=0.027642 runtime=25.32s placement={0: 528, 1: 1894, 3: 646, 4: 2691}
2026-03-17 10:06:33,905 INFO: particles=30 iter=15 n_caps=15 minZ=0.024626 runtime=25.41s placement={0: 783, 1: 2600, 2: 1878, 6: 495, 20: 0}
2026-03-17 10:06:59,819 INFO: particles=30 iter=15 n_caps=16 minZ=0.025625 runtime=25.91s placement={0: 0, 1: 2600, 2: 1329, 6: 729, 20: 783}
2026-03-17 10:07:25,846 INFO: particles=30 iter=15 n_caps=17 minZ=0.024539 runtime=26.03s placement={0: 0, 2: 2600, 1: 1329, 6: 2026, 20: 3347}
2026-03-17 10:07:52,554 INFO: particles=30 iter=15 n_caps=18 minZ=0.024619 runtime=26.71s placement={2: 0, 0: 0, 1: 1908, 5: 1641, 20: 542, 3: 0}
2026-03-17 10:08:19,398 INFO: particles=30 iter=15 n_caps=19 minZ=0.022623 runtime=26.84s placement={0: 452, 1: 2750, 5: 182, 20: 783, 2: 0}
2026-03-17 10:08:46,736 INFO: particles=30 iter=15 n_caps=20 minZ=0.026389 runtime=27.34s placement={0: 0, 1: 2750, 5: 1012, 20: 269, 2: 0}
