2026-03-31 21:02:56,490 INFO: particles=30 iter=40 n_caps=1 minZ=0.071104 runtime=35.47s placement={0: 1318}
2026-03-31 21:04:01,357 INFO: particles=30 iter=40 n_caps=2 minZ=0.049776 runtime=64.87s placement={0: 990, 7: 1472}
2026-03-31 21:05:37,700 INFO: particles=30 iter=40 n_caps=3 minZ=0.047390 runtime=96.34s placement={0: 1012, 5: 1690, 14: 1679}
2026-03-31 21:07:42,476 INFO: particles=30 iter=40 n_caps=4 minZ=0.042510 runtime=124.78s placement={15: 2831, 10: 1672, 0: 1012, 8: 0}
2026-03-31 21:10:13,840 INFO: particles=30 iter=40 n_caps=5 minZ=0.038933 runtime=151.36s placement={6: 2259, 0: 1014, 9: 3278, 15: 1101, 10: 384}
2026-03-31 21:13:14,901 INFO: particles=30 iter=40 n_caps=6 minZ=0.038038 runtime=181.06s placement={0: 1014, 9: 924, 16: 3265, 11: 779, 8: 368, 6: 1101}
2026-03-31 21:16:47,706 INFO: particles=30 iter=40 n_caps=7 minZ=0.034214 runtime=212.80s placement={9: 940, 16: 912, 14: 3288, 6: 816, 7: 1022, 0: 1014, 8: 0}
2026-03-31 21:20:47,569 INFO: particles=30 iter=40 n_caps=8 minZ=0.032057 runtime=239.86s placement={16: 1042, 7: 913, 8: 3317, 6: 838, 0: 1012, 9: 1126, 10: 0, 5: 1640}
2026-03-31 21:25:15,448 INFO: particles=30 iter=40 n_caps=9 minZ=0.033923 runtime=267.88s placement={6: 1246, 4: 895, 7: 3305, 0: 1012, 8: 745, 10: 1291, 9: 469, 14: 1689, 12: 2697}
2026-03-31 21:30:11,270 INFO: particles=30 iter=40 n_caps=10 minZ=0.032009 runtime=295.82s placement={1: 3276, 13: 1388, 2: 3347, 10: 495, 0: 1014, 5: 1691, 16: 3271}
2026-03-31 21:35:31,593 INFO: particles=30 iter=40 n_caps=11 minZ=0.028481 runtime=320.32s placement={16: 3330, 0: 294, 1: 3347, 17: 3130, 20: 593}
2026-03-31 21:41:27,796 INFO: particles=30 iter=40 n_caps=12 minZ=0.028146 runtime=356.20s placement={0: 1960, 1: 531, 9: 1344, 19: 2837, 2: 685}
2026-03-31 21:47:47,252 INFO: particles=30 iter=40 n_caps=13 minZ=0.027588 runtime=379.46s placement={0: 18, 1: 531, 9: 1012, 19: 3347, 2: 2837}
2026-03-31 21:54:38,206 INFO: particles=30 iter=40 n_caps=14 minZ=0.024540 runtime=410.95s placement={0: 0, 1: 531, 9: 1354, 19: 3084, 2: 3347}
2026-03-31 22:01:57,247 INFO: particles=30 iter=40 n_caps=15 minZ=0.025980 runtime=439.04s placement={0: 0, 1: 531, 9: 3347, 19: 1344, 2: 3084, 7: 0}
2026-03-31 22:09:43,970 INFO: particles=30 iter=40 n_caps=16 minZ=0.025526 runtime=466.72s placement={1: 3341, 8: 753, 0: 0, 19: 1058, 7: 0, 11: 0}
2026-03-31 22:18:05,089 INFO: particles=30 iter=40 n_caps=17 minZ=0.021785 runtime=501.12s placement={8: 3341, 0: 166, 1: 3347, 19: 1497, 7: 0, 11: 0}
2026-03-31 22:26:56,347 INFO: particles=30 iter=40 n_caps=18 minZ=0.020449 runtime=531.26s placement={0: 1481, 1: 899, 19: 3347, 7: 1940, 11: 0}
2026-03-31 22:36:13,122 INFO: particles=30 iter=40 n_caps=19 minZ=0.019629 runtime=556.77s placement={0: 0, 19: 894, 1: 3347, 7: 96, 11: 1925}
2026-03-31 22:45:54,865 INFO: particles=30 iter=40 n_caps=20 minZ=0.021163 runtime=581.74s placement={19: 3341, 0: 0, 1: 3347, 6: 1020, 11: 92, 8: 0}
