2026-03-20 04:42:38,327 INFO: particles=20 iter=50 n_caps=1 minZ=0.085029 runtime=42.97s placement={0: 1316}
2026-03-20 04:43:22,327 INFO: particles=20 iter=50 n_caps=2 minZ=0.070145 runtime=44.00s placement={7: 745, 0: 1317}
2026-03-20 04:44:07,122 INFO: particles=20 iter=50 n_caps=3 minZ=0.060666 runtime=44.79s placement={0: 1415, 10: 1310, 16: 1014}
2026-03-20 04:44:52,845 INFO: particles=20 iter=50 n_caps=4 minZ=0.056371 runtime=45.72s placement={10: 1751, 15: 1854, 0: 1376, 5: 615}
2026-03-20 04:45:39,207 INFO: particles=20 iter=50 n_caps=5 minZ=0.051534 runtime=46.36s placement={15: 1604, 0: 1517, 6: 1349, 10: 499, 14: 1580}
2026-03-20 04:46:26,285 INFO: particles=20 iter=50 n_caps=6 minZ=0.049150 runtime=47.08s placement={0: 1625, 6: 1522, 10: 1348, 14: 499, 9: 1580, 5: 2620}
2026-03-20 04:47:14,217 INFO: particles=20 iter=50 n_caps=7 minZ=0.050269 runtime=47.93s placement={6: 1625, 10: 901, 14: 1403, 9: 499, 5: 1563, 0: 2633, 7: 0}
2026-03-20 04:48:03,013 INFO: particles=20 iter=50 n_caps=8 minZ=0.045478 runtime=48.80s placement={10: 1627, 14: 898, 9: 1400, 5: 499, 0: 1565, 7: 2633, 6: 0, 15: 1036}
2026-03-20 04:48:52,664 INFO: particles=20 iter=50 n_caps=9 minZ=0.043270 runtime=49.65s placement={8: 2065, 9: 935, 4: 1398, 0: 1012, 1: 1574, 5: 2771, 15: 0, 10: 897, 16: 1738}
2026-03-20 04:49:43,055 INFO: particles=20 iter=50 n_caps=10 minZ=0.035588 runtime=50.39s placement={17: 3347, 14: 837, 0: 1359, 1: 3038, 9: 9, 15: 2265, 7: 0, 19: 0}
2026-03-20 04:50:34,427 INFO: particles=20 iter=50 n_caps=11 minZ=0.034983 runtime=51.37s placement={15: 2931, 0: 1477, 1: 1618, 9: 3347, 14: 0, 7: 2221, 19: 0, 13: 3347}
2026-03-20 04:51:26,690 INFO: particles=20 iter=50 n_caps=12 minZ=0.030581 runtime=52.26s placement={13: 1867, 0: 1012, 9: 95, 14: 3347, 6: 0, 20: 2497, 1: 1351, 10: 1348, 7: 3075}
2026-03-20 04:52:19,630 INFO: particles=20 iter=50 n_caps=13 minZ=0.029908 runtime=52.94s placement={0: 2358, 9: 1588, 12: 136, 5: 3347, 20: 0, 1: 2141, 6: 1941}
2026-03-20 04:53:13,930 INFO: particles=20 iter=50 n_caps=14 minZ=0.029774 runtime=54.30s placement={9: 1868, 12: 1588, 5: 92, 20: 3347, 0: 2359, 1: 2142, 6: 1511, 15: 0}
2026-03-20 04:54:10,259 INFO: particles=20 iter=50 n_caps=15 minZ=0.030304 runtime=56.33s placement={12: 1868, 5: 1588, 20: 92, 0: 1541, 1: 0, 6: 1398, 15: 2359}
2026-03-20 04:55:05,624 INFO: particles=20 iter=50 n_caps=16 minZ=0.029174 runtime=55.36s placement={3: 1877, 20: 1928, 0: 1063, 1: 3347, 6: 915, 15: 1145, 5: 2335}
2026-03-20 04:56:02,035 INFO: particles=20 iter=50 n_caps=17 minZ=0.023614 runtime=56.41s placement={20: 1841, 0: 1247, 1: 0, 15: 578, 17: 3026, 10: 1128, 13: 166}
2026-03-20 04:56:58,963 INFO: particles=20 iter=50 n_caps=18 minZ=0.022419 runtime=56.93s placement={0: 110, 1: 1991, 15: 194, 16: 883, 10: 1248, 14: 679, 20: 3347}
2026-03-20 04:57:56,549 INFO: particles=20 iter=50 n_caps=19 minZ=0.021878 runtime=57.58s placement={0: 0, 1: 1991, 15: 3347, 16: 1413, 10: 883, 14: 1379, 20: 125}
2026-03-20 04:58:54,843 INFO: particles=20 iter=50 n_caps=20 minZ=0.022920 runtime=58.29s placement={0: 0, 1: 1992, 15: 0, 16: 269, 10: 1520, 14: 863, 20: 695}
