2026-03-28 12:39:49,190 INFO: particles=20 iter=40 n_caps=1 minZ=0.062708 runtime=23.78s placement={0: 1230}
2026-03-28 12:40:30,534 INFO: particles=20 iter=40 n_caps=2 minZ=0.058350 runtime=41.34s placement={0: 1479, 10: 1633}
2026-03-28 12:41:34,668 INFO: particles=20 iter=40 n_caps=3 minZ=0.051792 runtime=64.13s placement={9: 1378, 0: 1696, 5: 1344}
2026-03-28 12:43:04,306 INFO: particles=20 iter=40 n_caps=4 minZ=0.044712 runtime=89.64s placement={0: 1317, 5: 1543, 9: 989, 14: 1590}
2026-03-28 12:44:47,956 INFO: particles=20 iter=40 n_caps=5 minZ=0.039354 runtime=103.65s placement={5: 1943, 6: 907, 14: 2029, 0: 1012, 20: 819}
2026-03-28 12:46:51,029 INFO: particles=20 iter=40 n_caps=6 minZ=0.033592 runtime=123.07s placement={12: 3347, 0: 1366, 1: 2061, 6: 2771}
2026-03-28 12:49:17,272 INFO: particles=20 iter=40 n_caps=7 minZ=0.033666 runtime=146.24s placement={0: 1753, 1: 913, 7: 2358}
2026-03-28 12:51:58,103 INFO: particles=20 iter=40 n_caps=8 minZ=0.033828 runtime=160.83s placement={0: 1978, 1: 1927, 6: 1873, 10: 1808, 5: 0}
2026-03-28 12:55:02,680 INFO: particles=20 iter=40 n_caps=9 minZ=0.035513 runtime=184.58s placement={0: 0, 1: 1927, 6: 1751, 10: 1978, 5: 1808, 9: 0}
2026-03-28 12:58:21,819 INFO: particles=20 iter=40 n_caps=10 minZ=0.035334 runtime=199.14s placement={0: 0, 6: 1156, 1: 1803, 10: 2230, 9: 798, 2: 0}
2026-03-28 13:02:04,746 INFO: particles=20 iter=40 n_caps=11 minZ=0.028398 runtime=222.93s placement={6: 1605, 0: 0, 1: 2618, 10: 1461, 8: 1820, 2: 0}
2026-03-28 13:06:10,694 INFO: particles=20 iter=40 n_caps=12 minZ=0.024028 runtime=245.95s placement={0: 1014, 1: 22, 6: 1726, 7: 554, 13: 352}
2026-03-28 13:10:34,446 INFO: particles=20 iter=40 n_caps=13 minZ=0.025290 runtime=263.75s placement={0: 19, 6: 22, 1: 1726, 7: 780, 13: 0}
2026-03-28 13:15:10,864 INFO: particles=20 iter=40 n_caps=14 minZ=0.021676 runtime=276.42s placement={5: 1089, 0: 0, 6: 1698, 1: 786, 15: 146}
2026-03-28 13:20:16,887 INFO: particles=20 iter=40 n_caps=15 minZ=0.020283 runtime=306.02s placement={0: 1012, 7: 0, 1: 1693, 16: 3347}
2026-03-28 13:25:38,482 INFO: particles=20 iter=40 n_caps=16 minZ=0.021127 runtime=321.59s placement={7: 671, 0: 0, 1: 1693, 16: 1255}
2026-03-28 13:31:20,232 INFO: particles=20 iter=40 n_caps=17 minZ=0.019282 runtime=341.75s placement={0: 1231, 1: 0, 15: 1512}
2026-03-28 13:37:30,629 INFO: particles=20 iter=40 n_caps=18 minZ=0.019124 runtime=370.40s placement={0: 0, 1: 0, 15: 367}
2026-03-28 13:43:51,710 INFO: particles=20 iter=40 n_caps=19 minZ=0.018716 runtime=381.08s placement={0: 0, 1: 0, 15: 1315}
2026-03-28 13:50:28,702 INFO: particles=20 iter=40 n_caps=20 minZ=0.018639 runtime=396.99s placement={0: 0, 1: 0, 15: 1711}
