2026-03-28 21:43:57,111 INFO: particles=80 iter=50 n_caps=1 minZ=0.080251 runtime=99.84s placement={0: 1014}
2026-03-28 21:45:32,725 INFO: particles=80 iter=50 n_caps=2 minZ=0.052423 runtime=95.61s placement={0: 1014, 14: 1517}
2026-03-28 21:47:15,470 INFO: particles=80 iter=50 n_caps=3 minZ=0.052004 runtime=102.74s placement={14: 1014, 0: 1012, 7: 12}
2026-03-28 21:49:01,139 INFO: particles=80 iter=50 n_caps=4 minZ=0.043584 runtime=105.67s placement={0: 1014, 7: 1012, 6: 12, 9: 2495}
2026-03-28 21:50:48,742 INFO: particles=80 iter=50 n_caps=5 minZ=0.042761 runtime=107.60s placement={6: 1126, 0: 1012, 9: 1625, 1: 2884, 10: 251}
2026-03-28 21:52:35,726 INFO: particles=80 iter=50 n_caps=6 minZ=0.039043 runtime=106.98s placement={0: 1170, 9: 1012, 1: 1657, 10: 2884}
2026-03-28 21:54:24,811 INFO: particles=80 iter=50 n_caps=7 minZ=0.032714 runtime=109.08s placement={9: 1127, 0: 0, 10: 1595, 1: 2870}
2026-03-28 21:56:23,329 INFO: particles=80 iter=50 n_caps=8 minZ=0.029981 runtime=118.52s placement={0: 1461, 9: 764, 1: 1723, 15: 0}
2026-03-28 21:58:18,074 INFO: particles=80 iter=50 n_caps=9 minZ=0.033976 runtime=114.74s placement={10: 1626, 0: 0, 1: 1707, 15: 1498}
2026-03-28 22:00:17,342 INFO: particles=80 iter=50 n_caps=10 minZ=0.030148 runtime=119.27s placement={0: 1126, 1: 641, 18: 1204}
2026-03-28 22:02:15,447 INFO: particles=80 iter=50 n_caps=11 minZ=0.023958 runtime=118.10s placement={0: 0, 1: 647, 18: 2593}
2026-03-28 22:04:17,807 INFO: particles=80 iter=50 n_caps=12 minZ=0.023705 runtime=122.36s placement={0: 0, 1: 647, 18: 1400, 7: 0}
2026-03-28 22:06:19,950 INFO: particles=80 iter=50 n_caps=13 minZ=0.022762 runtime=122.14s placement={0: 0, 18: 648, 1: 1400, 7: 0}
2026-03-28 22:08:31,531 INFO: particles=80 iter=50 n_caps=14 minZ=0.025705 runtime=131.58s placement={16: 1223, 0: 298, 1: 971, 7: 1327, 14: 0}
2026-03-28 22:10:39,898 INFO: particles=80 iter=50 n_caps=15 minZ=0.022476 runtime=128.37s placement={0: 3119, 1: 463, 20: 2118, 15: 0}
2026-03-28 22:12:53,365 INFO: particles=80 iter=50 n_caps=16 minZ=0.020660 runtime=133.47s placement={0: 0, 1: 565, 20: 851, 15: 0}
2026-03-28 22:15:06,447 INFO: particles=80 iter=50 n_caps=17 minZ=0.020649 runtime=133.08s placement={0: 0, 1: 565, 20: 93, 15: 1441}
2026-03-28 22:17:20,420 INFO: particles=80 iter=50 n_caps=18 minZ=0.019804 runtime=133.97s placement={0: 0, 1: 565, 20: 1013, 15: 2118}
2026-03-28 22:19:36,889 INFO: particles=80 iter=50 n_caps=19 minZ=0.020412 runtime=136.47s placement={0: 0, 1: 565, 20: 1013, 15: 883}
2026-03-28 22:22:00,683 INFO: particles=80 iter=50 n_caps=20 minZ=0.018613 runtime=143.79s placement={0: 0, 1: 540, 20: 1278, 15: 94}
