2026-03-25 17:13:34,049 INFO: particles=20 iter=25 n_caps=1 minZ=0.094292 runtime=11.50s placement={5: 1014}
2026-03-25 17:13:45,898 INFO: particles=20 iter=25 n_caps=2 minZ=0.052772 runtime=11.85s placement={0: 1014, 9: 1321}
2026-03-25 17:13:58,071 INFO: particles=20 iter=25 n_caps=3 minZ=0.061214 runtime=12.17s placement={9: 1014, 0: 1752, 7: 0}
2026-03-25 17:14:10,561 INFO: particles=20 iter=25 n_caps=4 minZ=0.047059 runtime=12.49s placement={0: 1014, 7: 1753, 5: 0, 15: 1626}
2026-03-25 17:14:23,379 INFO: particles=20 iter=25 n_caps=5 minZ=0.057074 runtime=12.82s placement={1: 1149, 0: 0, 16: 1105}
2026-03-25 17:14:36,503 INFO: particles=20 iter=25 n_caps=6 minZ=0.052055 runtime=13.12s placement={0: 1615, 16: 655, 1: 1114, 14: 0, 15: 150}
2026-03-25 17:14:49,900 INFO: particles=20 iter=25 n_caps=7 minZ=0.048894 runtime=13.40s placement={14: 1223, 0: 678, 1: 640, 15: 1369, 13: 0}
2026-03-25 17:15:03,738 INFO: particles=20 iter=25 n_caps=8 minZ=0.037187 runtime=13.84s placement={0: 1510, 1: 427, 15: 883, 19: 2754, 3: 289}
2026-03-25 17:15:17,766 INFO: particles=20 iter=25 n_caps=9 minZ=0.038257 runtime=14.03s placement={0: 1510, 15: 427, 19: 883, 3: 2754, 1: 289, 6: 0}
2026-03-25 17:15:32,131 INFO: particles=20 iter=25 n_caps=10 minZ=0.036170 runtime=14.36s placement={14: 856, 19: 328, 0: 0, 1: 3194, 5: 1432, 12: 0}
2026-03-25 17:15:46,788 INFO: particles=20 iter=25 n_caps=11 minZ=0.032867 runtime=14.66s placement={19: 841, 0: 2479, 1: 1478, 5: 1849, 12: 0, 2: 0}
2026-03-25 17:16:01,829 INFO: particles=20 iter=25 n_caps=12 minZ=0.031822 runtime=15.04s placement={0: 3333, 1: 809, 5: 434, 14: 1357, 2: 0, 9: 2479}
2026-03-25 17:16:17,104 INFO: particles=20 iter=25 n_caps=13 minZ=0.027954 runtime=15.27s placement={0: 0, 1: 68, 12: 498, 10: 1937, 9: 0, 2: 3339}
2026-03-25 17:16:32,536 INFO: particles=20 iter=25 n_caps=14 minZ=0.026970 runtime=15.43s placement={0: 0, 1: 68, 12: 3341, 10: 522, 9: 0, 2: 2596}
2026-03-25 17:16:48,303 INFO: particles=20 iter=25 n_caps=15 minZ=0.031088 runtime=15.77s placement={0: 0, 1: 68, 12: 831, 10: 498, 9: 1012, 2: 0}
2026-03-25 17:17:04,305 INFO: particles=20 iter=25 n_caps=16 minZ=0.026266 runtime=16.00s placement={0: 0, 12: 68, 1: 831, 10: 3341, 9: 1937, 2: 0, 15: 0}
2026-03-25 17:17:21,667 INFO: particles=20 iter=25 n_caps=17 minZ=0.030341 runtime=17.36s placement={14: 1940, 6: 371, 0: 201, 1: 2670, 9: 671, 7: 1931, 10: 634, 5: 779, 4: 92, 2: 538, 11: 364}
2026-03-25 17:17:38,655 INFO: particles=20 iter=25 n_caps=18 minZ=0.025346 runtime=16.99s placement={6: 1907, 0: 0, 1: 0, 7: 3033, 9: 831, 15: 994, 17: 2328}
2026-03-25 17:17:55,740 INFO: particles=20 iter=25 n_caps=19 minZ=0.023727 runtime=17.08s placement={0: 1160, 1: 1333, 6: 1405, 9: 302, 16: 846, 17: 0, 7: 2269}
2026-03-25 17:18:13,186 INFO: particles=20 iter=25 n_caps=20 minZ=0.023218 runtime=17.45s placement={0: 0, 1: 1343, 6: 431, 9: 1074, 16: 274, 17: 2272, 5: 0}
