2026-03-20 01:32:55,175 INFO: particles=80 iter=10 n_caps=1 minZ=0.085029 runtime=34.44s placement={0: 1316}
2026-03-20 01:33:30,287 INFO: particles=80 iter=10 n_caps=2 minZ=0.071365 runtime=35.11s placement={0: 1100, 7: 1659}
2026-03-20 01:34:05,994 INFO: particles=80 iter=10 n_caps=3 minZ=0.069843 runtime=35.71s placement={14: 686, 0: 1717, 10: 3167}
2026-03-20 01:34:42,298 INFO: particles=80 iter=10 n_caps=4 minZ=0.062441 runtime=36.30s placement={0: 677, 10: 1752, 16: 3164, 17: 2608}
2026-03-20 01:35:19,400 INFO: particles=80 iter=10 n_caps=5 minZ=0.060648 runtime=37.10s placement={7: 1458, 14: 13, 15: 910, 10: 776, 0: 684}
2026-03-20 01:35:57,231 INFO: particles=80 iter=10 n_caps=6 minZ=0.055957 runtime=37.83s placement={5: 500, 9: 983, 10: 555, 8: 3224, 7: 2134, 6: 512}
2026-03-20 01:36:35,397 INFO: particles=80 iter=10 n_caps=7 minZ=0.051659 runtime=38.17s placement={9: 500, 10: 983, 8: 555, 7: 3224, 6: 2134, 0: 512, 14: 953}
2026-03-20 01:37:14,119 INFO: particles=80 iter=10 n_caps=8 minZ=0.047839 runtime=38.72s placement={8: 1569, 7: 1541, 6: 419, 9: 2384, 0: 1012, 16: 0, 1: 1659, 13: 2095}
2026-03-20 01:37:53,779 INFO: particles=80 iter=10 n_caps=9 minZ=0.035960 runtime=39.66s placement={0: 1014, 5: 3347, 6: 0, 1: 2781, 2: 2444, 17: 1564}
2026-03-20 01:38:33,772 INFO: particles=80 iter=10 n_caps=10 minZ=0.033834 runtime=39.99s placement={1: 2423, 5: 3347, 0: 0, 15: 624}
2026-03-20 01:39:14,281 INFO: particles=80 iter=10 n_caps=11 minZ=0.033780 runtime=40.51s placement={5: 2423, 0: 233, 1: 245, 15: 2487}
2026-03-20 01:39:55,348 INFO: particles=80 iter=10 n_caps=12 minZ=0.028083 runtime=41.07s placement={0: 757, 1: 3347, 11: 3347}
2026-03-20 01:40:37,020 INFO: particles=80 iter=10 n_caps=13 minZ=0.027938 runtime=41.67s placement={0: 757, 1: 3347, 11: 242, 7: 0}
2026-03-20 01:41:19,533 INFO: particles=80 iter=10 n_caps=14 minZ=0.027305 runtime=42.51s placement={0: 81, 11: 3347, 1: 242, 7: 757}
2026-03-20 01:42:02,314 INFO: particles=80 iter=10 n_caps=15 minZ=0.026357 runtime=42.78s placement={11: 2620, 0: 81, 1: 242, 7: 86, 10: 0}
2026-03-20 01:42:46,048 INFO: particles=80 iter=10 n_caps=16 minZ=0.026087 runtime=43.73s placement={0: 1868, 1: 3340, 7: 189, 10: 59}
2026-03-20 01:43:30,455 INFO: particles=80 iter=10 n_caps=17 minZ=0.027608 runtime=44.41s placement={0: 0, 1: 3340, 7: 605, 10: 0}
2026-03-20 01:44:15,882 INFO: particles=80 iter=10 n_caps=18 minZ=0.025800 runtime=45.43s placement={0: 0, 1: 3347, 7: 1293, 9: 606}
2026-03-20 01:45:02,073 INFO: particles=80 iter=10 n_caps=19 minZ=0.025325 runtime=46.19s placement={0: 0, 1: 3347, 7: 1045, 9: 0}
2026-03-20 01:45:48,692 INFO: particles=80 iter=10 n_caps=20 minZ=0.024226 runtime=46.62s placement={0: 0, 1: 3347, 7: 737, 9: 297}
