2026-03-18 07:30:59,757 INFO: particles=50 iter=10 n_caps=1 minZ=0.111735 runtime=23.62s placement={9: 989}
2026-03-18 07:31:23,030 INFO: particles=50 iter=10 n_caps=2 minZ=0.073222 runtime=23.27s placement={5: 1021, 0: 1488}
2026-03-18 07:31:47,108 INFO: particles=50 iter=10 n_caps=3 minZ=0.047603 runtime=24.08s placement={0: 1014, 10: 1459, 9: 1626}
2026-03-18 07:32:11,551 INFO: particles=50 iter=10 n_caps=4 minZ=0.058029 runtime=24.44s placement={10: 1014, 9: 1459, 0: 1626, 6: 128}
2026-03-18 07:32:35,765 INFO: particles=50 iter=10 n_caps=5 minZ=0.056442 runtime=24.21s placement={9: 1014, 0: 1459, 6: 1626, 7: 128, 10: 1757}
2026-03-18 07:33:00,525 INFO: particles=50 iter=10 n_caps=6 minZ=0.042018 runtime=24.76s placement={0: 1014, 6: 1459, 7: 1626, 10: 128, 14: 1757, 9: 1651}
2026-03-18 07:33:25,802 INFO: particles=50 iter=10 n_caps=7 minZ=0.051520 runtime=25.28s placement={6: 1257, 7: 1515, 9: 1626, 14: 214, 10: 1874, 0: 1529, 8: 69}
2026-03-18 07:33:51,455 INFO: particles=50 iter=10 n_caps=8 minZ=0.044809 runtime=25.65s placement={0: 1085, 7: 2646, 1: 1936, 11: 134, 15: 2545, 5: 606}
2026-03-18 07:34:17,619 INFO: particles=50 iter=10 n_caps=9 minZ=0.042474 runtime=26.16s placement={0: 1064, 1: 1890, 9: 1927, 13: 1374, 6: 1704}
2026-03-18 07:34:44,073 INFO: particles=50 iter=10 n_caps=10 minZ=0.034077 runtime=26.45s placement={0: 1593, 9: 1155, 1: 2976, 13: 0, 10: 0, 5: 0}
2026-03-18 07:35:10,564 INFO: particles=50 iter=10 n_caps=11 minZ=0.034524 runtime=26.49s placement={7: 717, 0: 554, 20: 3347, 1: 0, 9: 1890, 5: 9, 13: 0, 8: 0}
2026-03-18 07:35:38,058 INFO: particles=50 iter=10 n_caps=12 minZ=0.036116 runtime=27.49s placement={0: 1014, 20: 1114, 1: 3347, 6: 1206, 7: 569, 14: 0, 12: 0, 13: 0, 19: 1689}
2026-03-18 07:36:05,309 INFO: particles=50 iter=10 n_caps=13 minZ=0.038370 runtime=27.25s placement={0: 1014, 9: 275, 1: 3347, 2: 3347, 11: 2286, 10: 0, 17: 1252, 14: 2084, 18: 416}
2026-03-18 07:36:33,426 INFO: particles=50 iter=10 n_caps=14 minZ=0.034912 runtime=28.12s placement={9: 3347, 0: 0, 1: 3347, 2: 0, 11: 3347, 10: 1252, 17: 2264, 14: 0, 18: 1196}
2026-03-18 07:37:01,592 INFO: particles=50 iter=10 n_caps=15 minZ=0.032132 runtime=28.17s placement={0: 1552, 1: 275, 2: 3347, 11: 0, 9: 3347, 17: 2286, 10: 2264, 14: 1252, 18: 2084, 6: 0}
2026-03-18 07:37:29,844 INFO: particles=50 iter=10 n_caps=16 minZ=0.029619 runtime=28.25s placement={0: 1380, 1: 795, 13: 592, 9: 3347, 14: 2232, 10: 2391, 15: 2244, 17: 439, 6: 1014, 18: 0}
2026-03-18 07:37:58,806 INFO: particles=50 iter=10 n_caps=17 minZ=0.026561 runtime=28.96s placement={0: 0, 13: 795, 9: 592, 14: 3347, 10: 2232, 15: 2391, 1: 2244, 17: 1272, 6: 483, 18: 1380}
2026-03-18 07:38:27,994 INFO: particles=50 iter=10 n_caps=18 minZ=0.028522 runtime=29.19s placement={13: 1331, 9: 795, 14: 592, 10: 3347, 15: 2232, 0: 0, 17: 2244, 1: 1272, 6: 1247, 18: 344}
2026-03-18 07:38:57,205 INFO: particles=50 iter=10 n_caps=19 minZ=0.026027 runtime=29.21s placement={9: 1511, 15: 787, 10: 499, 14: 3347, 0: 2568, 17: 2311, 1: 2249, 7: 2176, 18: 881}
2026-03-18 07:39:27,233 INFO: particles=50 iter=10 n_caps=20 minZ=0.023235 runtime=30.03s placement={16: 1563, 1: 661, 14: 545, 0: 1525, 18: 2778, 17: 202, 19: 2613}
