2026-03-20 20:22:27,924 INFO: particles=30 iter=40 n_caps=1 minZ=0.080251 runtime=51.99s placement={0: 1012}
2026-03-20 20:23:20,717 INFO: particles=30 iter=40 n_caps=2 minZ=0.053057 runtime=52.79s placement={0: 1012, 10: 1899}
2026-03-20 20:24:14,472 INFO: particles=30 iter=40 n_caps=3 minZ=0.061497 runtime=53.75s placement={9: 1012, 0: 1866, 15: 0}
2026-03-20 20:25:09,212 INFO: particles=30 iter=40 n_caps=4 minZ=0.045888 runtime=54.74s placement={0: 1012, 15: 1866, 7: 0, 9: 1626}
2026-03-20 20:26:05,146 INFO: particles=30 iter=40 n_caps=5 minZ=0.057450 runtime=55.93s placement={15: 1012, 0: 1625, 14: 0, 6: 892, 1: 0}
2026-03-20 20:27:02,009 INFO: particles=30 iter=40 n_caps=6 minZ=0.032518 runtime=56.86s placement={0: 0, 14: 1707, 1: 0, 9: 2532}
2026-03-20 20:27:59,796 INFO: particles=30 iter=40 n_caps=7 minZ=0.035871 runtime=57.79s placement={14: 615, 0: 0, 1: 0, 9: 0}
2026-03-20 20:28:59,494 INFO: particles=30 iter=40 n_caps=8 minZ=0.041042 runtime=59.70s placement={0: 2487, 1: 1724, 9: 1014}
2026-03-20 20:29:59,722 INFO: particles=30 iter=40 n_caps=9 minZ=0.032595 runtime=60.23s placement={0: 0, 1: 1724, 9: 0}
2026-03-20 20:31:00,440 INFO: particles=30 iter=40 n_caps=10 minZ=0.031872 runtime=60.72s placement={0: 0, 9: 1724, 1: 0}
2026-03-20 20:32:02,099 INFO: particles=30 iter=40 n_caps=11 minZ=0.032794 runtime=61.66s placement={9: 615, 0: 0, 1: 0, 7: 15}
2026-03-20 20:33:04,537 INFO: particles=30 iter=40 n_caps=12 minZ=0.030103 runtime=62.44s placement={0: 1529, 1: 1701, 7: 0, 5: 13}
2026-03-20 20:34:07,762 INFO: particles=30 iter=40 n_caps=13 minZ=0.029621 runtime=63.22s placement={0: 0, 1: 1701, 7: 0, 5: 0}
2026-03-20 20:35:11,969 INFO: particles=30 iter=40 n_caps=14 minZ=0.028715 runtime=64.21s placement={0: 260, 1: 1701, 7: 2480, 5: 0}
2026-03-20 20:36:17,320 INFO: particles=30 iter=40 n_caps=15 minZ=0.027749 runtime=65.35s placement={0: 57, 1: 1701, 7: 0, 5: 2480}
2026-03-20 20:37:23,773 INFO: particles=30 iter=40 n_caps=16 minZ=0.027340 runtime=66.45s placement={0: 366, 1: 371, 6: 2338, 5: 0, 15: 465}
2026-03-20 20:38:31,126 INFO: particles=30 iter=40 n_caps=17 minZ=0.025736 runtime=67.35s placement={0: 1012, 1: 291, 5: 0, 12: 880, 16: 374, 9: 0}
2026-03-20 20:39:39,530 INFO: particles=30 iter=40 n_caps=18 minZ=0.023481 runtime=68.40s placement={0: 0, 1: 49, 17: 0, 16: 0, 10: 1981}
2026-03-20 20:40:48,654 INFO: particles=30 iter=40 n_caps=19 minZ=0.024258 runtime=69.12s placement={0: 0, 1: 46, 17: 1308, 16: 157, 10: 344}
2026-03-20 20:41:58,804 INFO: particles=30 iter=40 n_caps=20 minZ=0.020753 runtime=70.15s placement={0: 23, 1: 52, 17: 0, 16: 817, 10: 0}
