2026-03-25 00:53:39,529 INFO: particles=80 iter=15 n_caps=1 minZ=0.089207 runtime=33.21s placement={0: 1488}
2026-03-25 00:54:13,409 INFO: particles=80 iter=15 n_caps=2 minZ=0.070561 runtime=33.88s placement={0: 1488, 10: 555}
2026-03-25 00:54:48,052 INFO: particles=80 iter=15 n_caps=3 minZ=0.052842 runtime=34.64s placement={16: 1480, 7: 3347, 0: 1012}
2026-03-25 00:55:24,452 INFO: particles=80 iter=15 n_caps=4 minZ=0.063633 runtime=36.40s placement={6: 1386, 0: 2668, 14: 1012, 9: 2753}
2026-03-25 00:56:00,378 INFO: particles=80 iter=15 n_caps=5 minZ=0.042836 runtime=35.93s placement={0: 1014, 16: 2274, 9: 1180, 12: 2774, 10: 1033}
2026-03-25 00:56:37,342 INFO: particles=80 iter=15 n_caps=6 minZ=0.044116 runtime=36.96s placement={15: 1413, 16: 2443, 12: 1174, 10: 2371, 0: 1014, 17: 20}
2026-03-25 00:57:15,101 INFO: particles=80 iter=15 n_caps=7 minZ=0.051278 runtime=37.76s placement={16: 1256, 9: 1403, 5: 898, 0: 1625, 18: 1045, 6: 761, 13: 2194}
2026-03-25 00:57:53,046 INFO: particles=80 iter=15 n_caps=8 minZ=0.045130 runtime=37.94s placement={9: 1307, 5: 1438, 0: 1014, 18: 1495, 6: 1072, 13: 989, 8: 2195, 14: 2570}
2026-03-25 00:58:31,693 INFO: particles=80 iter=15 n_caps=9 minZ=0.042422 runtime=38.65s placement={0: 1414, 1: 1622, 14: 419, 6: 1793, 9: 723, 11: 1578, 15: 3347}
2026-03-25 00:59:11,233 INFO: particles=80 iter=15 n_caps=10 minZ=0.035174 runtime=39.54s placement={0: 1365, 15: 292, 2: 419, 9: 1693, 7: 866, 14: 1616, 1: 3347, 8: 0}
2026-03-25 00:59:51,431 INFO: particles=80 iter=15 n_caps=11 minZ=0.036673 runtime=40.20s placement={15: 1179, 2: 292, 9: 419, 7: 1693, 14: 866, 0: 9, 1: 3347, 8: 1365}
2026-03-25 01:00:33,799 INFO: particles=80 iter=15 n_caps=12 minZ=0.031418 runtime=42.37s placement={0: 1012, 7: 113, 12: 0, 15: 2818, 1: 273, 6: 3347, 13: 671, 16: 3052}
2026-03-25 01:01:16,132 INFO: particles=80 iter=15 n_caps=13 minZ=0.031008 runtime=42.33s placement={0: 1014, 14: 377, 15: 73, 1: 2499, 10: 489, 20: 0, 11: 3347, 19: 0}
2026-03-25 01:02:00,053 INFO: particles=80 iter=15 n_caps=14 minZ=0.033317 runtime=43.92s placement={10: 860, 20: 191, 0: 1014, 1: 2587, 16: 257, 17: 0, 5: 3347, 9: 488, 6: 821}
2026-03-25 01:02:44,290 INFO: particles=80 iter=15 n_caps=15 minZ=0.025377 runtime=44.24s placement={20: 1546, 0: 1351, 1: 0, 16: 52, 8: 3347}
2026-03-25 01:03:28,563 INFO: particles=80 iter=15 n_caps=16 minZ=0.024401 runtime=44.27s placement={0: 1255, 1: 977, 16: 822, 5: 409, 12: 3347}
2026-03-25 01:04:14,063 INFO: particles=80 iter=15 n_caps=17 minZ=0.023795 runtime=45.50s placement={0: 3347, 1: 977, 16: 3347, 5: 14, 12: 1255, 10: 0}
2026-03-25 01:05:00,691 INFO: particles=80 iter=15 n_caps=18 minZ=0.025362 runtime=46.63s placement={0: 0, 1: 977, 16: 3347, 5: 822, 12: 341, 10: 3347}
2026-03-25 01:05:47,461 INFO: particles=80 iter=15 n_caps=19 minZ=0.026404 runtime=46.77s placement={0: 95, 1: 995, 16: 837, 5: 3347, 12: 640, 10: 1266, 2: 3347}
2026-03-25 01:06:35,405 INFO: particles=80 iter=15 n_caps=20 minZ=0.026120 runtime=47.94s placement={0: 0, 1: 995, 16: 996, 5: 3347, 12: 3347, 10: 341, 2: 1266}
