2026-03-17 06:52:14,374 INFO: particles=30 iter=10 n_caps=1 minZ=0.090924 runtime=13.57s placement={0: 1318}
2026-03-17 06:52:28,129 INFO: particles=30 iter=10 n_caps=2 minZ=0.087313 runtime=13.75s placement={0: 1318, 7: 0}
2026-03-17 06:52:42,466 INFO: particles=30 iter=10 n_caps=3 minZ=0.066258 runtime=14.34s placement={0: 1116, 9: 2080, 10: 1501}
2026-03-17 06:52:56,930 INFO: particles=30 iter=10 n_caps=4 minZ=0.064482 runtime=14.46s placement={10: 1358, 14: 983, 0: 1518, 15: 0}
2026-03-17 06:53:11,598 INFO: particles=30 iter=10 n_caps=5 minZ=0.054661 runtime=14.67s placement={0: 1756, 7: 1273, 15: 687, 6: 1064, 9: 1002}
2026-03-17 06:53:26,464 INFO: particles=30 iter=10 n_caps=6 minZ=0.050568 runtime=14.87s placement={7: 1419, 15: 1193, 5: 556, 9: 1592, 0: 1126, 10: 24}
2026-03-17 06:53:41,685 INFO: particles=30 iter=10 n_caps=7 minZ=0.052781 runtime=15.22s placement={15: 1419, 5: 1193, 9: 556, 0: 1592, 10: 1126, 6: 24, 20: 1214}
2026-03-17 06:53:56,872 INFO: particles=30 iter=10 n_caps=8 minZ=0.045352 runtime=15.19s placement={0: 334, 1: 1049, 14: 1851, 20: 0, 16: 1658}
2026-03-17 06:54:12,470 INFO: particles=30 iter=10 n_caps=9 minZ=0.040254 runtime=15.60s placement={1: 1498, 0: 0, 11: 505, 20: 3287, 16: 320}
2026-03-17 06:54:28,397 INFO: particles=30 iter=10 n_caps=10 minZ=0.054201 runtime=15.93s placement={9: 1290, 10: 2292, 0: 1001, 19: 0, 4: 3228, 5: 502, 17: 3347, 7: 1625, 11: 3347, 16: 95}
2026-03-17 06:54:44,337 INFO: particles=30 iter=10 n_caps=11 minZ=0.045360 runtime=15.94s placement={7: 711, 0: 1424, 19: 0, 1: 1144, 20: 0, 14: 1364, 15: 2461, 16: 641, 9: 0}
2026-03-17 06:55:00,681 INFO: particles=30 iter=10 n_caps=12 minZ=0.040826 runtime=16.34s placement={0: 1971, 20: 0, 19: 387, 1: 1226, 14: 3347, 15: 1992, 16: 0}
2026-03-17 06:55:17,196 INFO: particles=30 iter=10 n_caps=13 minZ=0.038246 runtime=16.51s placement={16: 0, 20: 2852, 0: 156, 6: 201, 1: 3243, 19: 267, 15: 2666, 18: 1815, 5: 811}
2026-03-17 06:55:33,853 INFO: particles=30 iter=10 n_caps=14 minZ=0.033246 runtime=16.66s placement={20: 0, 0: 811, 6: 552, 1: 201, 19: 3243, 15: 560, 18: 1978, 5: 156, 9: 2811}
2026-03-17 06:55:50,405 INFO: particles=30 iter=10 n_caps=15 minZ=0.033728 runtime=16.55s placement={0: 3347, 9: 1402, 1: 283, 20: 0, 14: 1856, 16: 2706, 5: 1231, 10: 2589}
2026-03-17 06:56:07,325 INFO: particles=30 iter=10 n_caps=16 minZ=0.032129 runtime=16.92s placement={11: 0, 0: 3, 20: 0, 1: 0, 14: 580, 16: 293, 5: 1870, 6: 3068}
2026-03-17 06:56:24,685 INFO: particles=30 iter=10 n_caps=17 minZ=0.029659 runtime=17.36s placement={0: 1125, 20: 1309, 1: 0, 14: 3347, 18: 1952, 7: 3122}
2026-03-17 06:56:42,132 INFO: particles=30 iter=10 n_caps=18 minZ=0.029484 runtime=17.45s placement={20: 513, 0: 173, 1: 0, 15: 69, 19: 546, 9: 297, 2: 985}
2026-03-17 06:56:59,548 INFO: particles=30 iter=10 n_caps=19 minZ=0.026198 runtime=17.42s placement={0: 3347, 1: 1063, 15: 0, 20: 3347, 9: 738, 2: 28}
2026-03-17 06:57:17,332 INFO: particles=30 iter=10 n_caps=20 minZ=0.024299 runtime=17.78s placement={0: 686, 16: 1798, 1: 0, 20: 134, 8: 455, 2: 3347, 17: 3347, 9: 414}
