2026-03-31 01:16:34,247 INFO: particles=30 iter=25 n_caps=1 minZ=0.086428 runtime=20.33s placement={14: 1230}
2026-03-31 01:17:13,985 INFO: particles=30 iter=25 n_caps=2 minZ=0.055279 runtime=39.74s placement={0: 1230, 9: 2504}
2026-03-31 01:18:11,597 INFO: particles=30 iter=25 n_caps=3 minZ=0.053281 runtime=57.61s placement={9: 1278, 0: 2088, 7: 735}
2026-03-31 01:19:27,349 INFO: particles=30 iter=25 n_caps=4 minZ=0.044788 runtime=75.75s placement={0: 1302, 7: 2314, 9: 974, 10: 1466}
2026-03-31 01:20:58,191 INFO: particles=30 iter=25 n_caps=5 minZ=0.044954 runtime=90.84s placement={7: 1312, 9: 2314, 10: 990, 0: 1301, 8: 81}
2026-03-31 01:22:47,503 INFO: particles=30 iter=25 n_caps=6 minZ=0.039759 runtime=109.31s placement={9: 1312, 10: 2314, 0: 990, 7: 1301, 14: 81, 5: 1269}
2026-03-31 01:24:56,582 INFO: particles=30 iter=25 n_caps=7 minZ=0.041308 runtime=129.08s placement={9: 910, 0: 2549, 5: 965, 14: 1325, 6: 5, 10: 873, 15: 1850}
2026-03-31 01:27:19,540 INFO: particles=30 iter=25 n_caps=8 minZ=0.031951 runtime=142.96s placement={0: 1012, 5: 3265, 14: 1445, 10: 1487, 8: 0, 15: 941, 9: 1873, 6: 1297}
2026-03-31 01:29:59,122 INFO: particles=30 iter=25 n_caps=9 minZ=0.032908 runtime=159.58s placement={0: 0, 14: 3272, 10: 1439, 7: 1358, 15: 0, 9: 983, 5: 1788, 1: 1530}
2026-03-31 01:32:56,266 INFO: particles=30 iter=25 n_caps=10 minZ=0.033238 runtime=177.14s placement={0: 1344, 1: 2827, 15: 0, 5: 2029, 9: 1168, 12: 0, 8: 3347}
2026-03-31 01:36:10,971 INFO: particles=30 iter=25 n_caps=11 minZ=0.030287 runtime=194.70s placement={0: 1014, 1: 2795, 12: 1021, 4: 185, 9: 1983, 10: 1177, 11: 0, 8: 3347, 16: 0}
2026-03-31 01:39:56,833 INFO: particles=30 iter=25 n_caps=12 minZ=0.028255 runtime=225.86s placement={0: 1538, 1: 3347, 11: 2510, 15: 0, 16: 3347, 14: 0, 9: 3202}
2026-03-31 01:43:57,447 INFO: particles=30 iter=25 n_caps=13 minZ=0.025119 runtime=240.61s placement={0: 225, 10: 3347, 1: 2924, 15: 532, 16: 1018, 17: 3347, 8: 0, 14: 3347}
2026-03-31 01:48:22,035 INFO: particles=30 iter=25 n_caps=14 minZ=0.030751 runtime=264.59s placement={9: 1851, 0: 382, 18: 2819, 1: 814, 17: 1040, 14: 940, 12: 3347, 13: 1195, 5: 197}
2026-03-31 01:52:52,370 INFO: particles=30 iter=25 n_caps=15 minZ=0.025673 runtime=270.33s placement={0: 2081, 11: 3293, 1: 2329, 16: 927, 12: 2327, 10: 1060, 20: 3307, 17: 2049, 2: 2235, 13: 30}
2026-03-31 01:57:38,608 INFO: particles=30 iter=25 n_caps=16 minZ=0.025662 runtime=286.24s placement={10: 954, 0: 780, 1: 2330, 16: 2686, 14: 20, 20: 1495, 17: 1156, 18: 2879, 19: 0}
2026-03-31 02:02:33,959 INFO: particles=30 iter=25 n_caps=17 minZ=0.025674 runtime=295.35s placement={0: 504, 1: 544, 16: 2337, 15: 1009, 20: 17, 14: 1611, 17: 2323, 18: 3073, 19: 862, 2: 0, 8: 1750}
2026-03-31 02:08:02,781 INFO: particles=30 iter=25 n_caps=18 minZ=0.025271 runtime=328.82s placement={0: 1014, 10: 542, 1: 623, 12: 3078, 14: 1050, 15: 1060, 16: 1644, 19: 2981, 7: 1295, 18: 1900, 8: 0, 2: 2935, 3: 0}
2026-03-31 02:13:49,061 INFO: particles=30 iter=25 n_caps=19 minZ=0.024271 runtime=346.28s placement={6: 1354, 1: 599, 20: 579, 13: 3347, 0: 0, 15: 3088, 14: 2228, 7: 1092, 3: 3347, 19: 957, 2: 247, 8: 0}
2026-03-31 02:20:01,521 INFO: particles=30 iter=25 n_caps=20 minZ=0.021216 runtime=372.46s placement={0: 1416, 20: 676, 9: 611, 1: 3347, 15: 1294, 14: 533, 19: 3347, 16: 58, 6: 0}
