2026-04-01 10:51:51,460 INFO: particles=30 iter=40 n_caps=1 minZ=0.062708 runtime=35.04s placement={0: 1229}
2026-04-01 10:52:55,525 INFO: particles=30 iter=40 n_caps=2 minZ=0.055199 runtime=64.06s placement={0: 1321, 9: 953}
2026-04-01 10:54:30,171 INFO: particles=30 iter=40 n_caps=3 minZ=0.044882 runtime=94.65s placement={9: 1473, 0: 1014, 10: 0}
2026-04-01 10:56:35,156 INFO: particles=30 iter=40 n_caps=4 minZ=0.047691 runtime=124.98s placement={0: 1467, 10: 1601, 14: 523, 15: 1518}
2026-04-01 10:59:09,105 INFO: particles=30 iter=40 n_caps=5 minZ=0.045830 runtime=153.95s placement={20: 966, 15: 1590, 16: 543, 0: 1014, 7: 0}
2026-04-01 11:02:09,859 INFO: particles=30 iter=40 n_caps=6 minZ=0.033227 runtime=180.75s placement={0: 3226, 15: 1424, 1: 3347, 14: 2972}
2026-04-01 11:05:43,493 INFO: particles=30 iter=40 n_caps=7 minZ=0.034562 runtime=213.63s placement={16: 1164, 0: 678, 1: 3347, 15: 822}
2026-04-01 11:09:40,048 INFO: particles=30 iter=40 n_caps=8 minZ=0.029798 runtime=236.55s placement={0: 2670, 1: 1262, 10: 3197}
2026-04-01 11:14:09,315 INFO: particles=30 iter=40 n_caps=9 minZ=0.028362 runtime=269.27s placement={0: 0, 1: 1279, 10: 3347}
2026-04-01 11:19:13,326 INFO: particles=30 iter=40 n_caps=10 minZ=0.026013 runtime=304.01s placement={0: 96, 10: 1530, 1: 3347}
2026-04-01 11:24:45,650 INFO: particles=30 iter=40 n_caps=11 minZ=0.025550 runtime=332.32s placement={9: 1149, 0: 0, 1: 3347}
2026-04-01 11:30:39,351 INFO: particles=30 iter=40 n_caps=12 minZ=0.025033 runtime=353.70s placement={0: 1526, 1: 1521}
2026-04-01 11:37:05,143 INFO: particles=30 iter=40 n_caps=13 minZ=0.024767 runtime=385.79s placement={0: 1526, 1: 1521, 10: 0}
2026-04-01 11:43:43,129 INFO: particles=30 iter=40 n_caps=14 minZ=0.024887 runtime=397.99s placement={0: 0, 1: 1521, 10: 1526, 6: 0, 15: 0}
2026-04-01 11:51:04,522 INFO: particles=30 iter=40 n_caps=15 minZ=0.024745 runtime=441.39s placement={0: 0, 1: 1521, 10: 0, 6: 1526, 15: 0}
2026-04-01 11:58:49,655 INFO: particles=30 iter=40 n_caps=16 minZ=0.024016 runtime=465.13s placement={0: 71, 1: 1408, 9: 96, 6: 0, 16: 1550}
2026-04-01 12:07:11,206 INFO: particles=30 iter=40 n_caps=17 minZ=0.023312 runtime=501.55s placement={0: 52, 1: 1408, 9: 0, 6: 96, 16: 0}
2026-04-01 12:16:00,409 INFO: particles=30 iter=40 n_caps=18 minZ=0.023224 runtime=529.20s placement={0: 0, 1: 1408, 9: 2420, 6: 0, 16: 96}
2026-04-01 12:25:22,944 INFO: particles=30 iter=40 n_caps=19 minZ=0.023016 runtime=562.53s placement={0: 0, 1: 1408, 9: 1566, 6: 2420, 16: 0}
2026-04-01 12:35:07,647 INFO: particles=30 iter=40 n_caps=20 minZ=0.021412 runtime=584.70s placement={0: 0, 1: 1456, 11: 2988, 16: 2669, 7: 1858, 8: 12}
