2026-03-26 09:45:44,283 INFO: particles=80 iter=50 n_caps=1 minZ=0.080251 runtime=104.85s placement={0: 1012}
2026-03-26 09:47:28,049 INFO: particles=80 iter=50 n_caps=2 minZ=0.051974 runtime=103.77s placement={0: 1012, 10: 1487}
2026-03-26 09:49:05,125 INFO: particles=80 iter=50 n_caps=3 minZ=0.053544 runtime=97.07s placement={9: 1012, 0: 1672, 10: 344}
2026-03-26 09:50:45,216 INFO: particles=80 iter=50 n_caps=4 minZ=0.040216 runtime=100.09s placement={0: 1012, 9: 1673, 10: 344, 15: 1667}
2026-03-26 09:52:26,899 INFO: particles=80 iter=50 n_caps=5 minZ=0.047126 runtime=101.68s placement={9: 1012, 10: 1662, 15: 344, 0: 1667, 6: 0}
2026-03-26 09:54:11,552 INFO: particles=80 iter=50 n_caps=6 minZ=0.044336 runtime=104.65s placement={9: 1012, 15: 1662, 0: 1615, 6: 1667, 1: 0}
2026-03-26 09:55:59,371 INFO: particles=80 iter=50 n_caps=7 minZ=0.033118 runtime=107.82s placement={9: 740, 0: 1510, 1: 703}
2026-03-26 09:57:58,551 INFO: particles=80 iter=50 n_caps=8 minZ=0.028133 runtime=119.18s placement={0: 1104, 1: 1068}
2026-03-26 10:00:09,670 INFO: particles=80 iter=50 n_caps=9 minZ=0.025723 runtime=131.12s placement={0: 1012, 1: 1009, 7: 0}
2026-03-26 10:02:17,830 INFO: particles=80 iter=50 n_caps=10 minZ=0.028229 runtime=128.16s placement={0: 0, 1: 1009, 7: 921}
2026-03-26 10:04:31,270 INFO: particles=80 iter=50 n_caps=11 minZ=0.028566 runtime=133.44s placement={0: 0, 1: 1009, 7: 2323}
2026-03-26 10:06:47,562 INFO: particles=80 iter=50 n_caps=12 minZ=0.026051 runtime=136.29s placement={0: 0, 1: 999, 7: 1901}
2026-03-26 10:09:05,692 INFO: particles=80 iter=50 n_caps=13 minZ=0.022730 runtime=138.13s placement={0: 0, 1: 999, 7: 12}
2026-03-26 10:11:29,933 INFO: particles=80 iter=50 n_caps=14 minZ=0.027078 runtime=144.24s placement={0: 2, 1: 999, 7: 1014}
2026-03-26 10:13:52,147 INFO: particles=80 iter=50 n_caps=15 minZ=0.023997 runtime=142.21s placement={0: 0, 1: 999, 7: 899}
2026-03-26 10:16:21,656 INFO: particles=80 iter=50 n_caps=16 minZ=0.023759 runtime=149.51s placement={0: 0, 7: 1044, 1: 899}
2026-03-26 10:18:33,350 INFO: particles=80 iter=50 n_caps=17 minZ=0.023973 runtime=131.69s placement={7: 1126, 0: 0, 1: 899, 6: 75}
2026-03-26 10:20:49,283 INFO: particles=80 iter=50 n_caps=18 minZ=0.020459 runtime=135.93s placement={0: 1310, 1: 1044, 6: 0, 7: 75}
2026-03-26 10:23:23,717 INFO: particles=80 iter=50 n_caps=19 minZ=0.020334 runtime=154.43s placement={0: 0, 1: 1044, 6: 0, 7: 0}
2026-03-26 10:25:58,933 INFO: particles=80 iter=50 n_caps=20 minZ=0.020106 runtime=155.22s placement={0: 0, 1: 1044, 6: 2, 7: 0}
