2026-03-10 02:02:27,482 INFO: n_caps=1 | iter=15 | minZ=0.030001 | placement={0: 1406}
2026-03-10 02:02:27,482 INFO: init_n_caps=2 | seeded_previous_caps=1 | new_cap_random_init(cap=0,port=13)
2026-03-10 02:03:00,181 INFO: n_caps=2 | iter=15 | minZ=0.030001 | placement={10: 1948, 20: 1523}
2026-03-10 02:03:00,181 INFO: init_n_caps=3 | seeded_previous_caps=2 | new_cap_random_init(cap=1678,port=9)
2026-03-10 02:03:33,248 INFO: n_caps=3 | iter=15 | minZ=0.030000 | placement={20: 3347, 0: 940, 1: 1608}
2026-03-10 02:03:33,248 INFO: init_n_caps=4 | seeded_previous_caps=3 | new_cap_random_init(cap=3347,port=17)
2026-03-10 02:04:07,282 INFO: n_caps=4 | iter=15 | minZ=0.030000 | placement={19: 2672, 2: 888, 6: 1759, 12: 1111}
2026-03-10 02:04:07,282 INFO: init_n_caps=5 | seeded_previous_caps=4 | new_cap_random_init(cap=3277,port=7)
2026-03-10 02:04:42,814 INFO: n_caps=5 | iter=15 | minZ=0.030000 | placement={9: 1016, 7: 860, 18: 2336, 16: 173, 8: 1133}
2026-03-10 02:04:42,815 INFO: init_n_caps=6 | seeded_previous_caps=5 | new_cap_random_init(cap=1609,port=11)
2026-03-10 02:05:21,712 INFO: n_caps=6 | iter=15 | minZ=0.030001 | placement={8: 2837, 10: 24, 16: 0, 0: 3347, 1: 3347, 20: 373}
2026-03-10 02:05:21,713 INFO: init_n_caps=7 | seeded_previous_caps=6 | new_cap_random_init(cap=1391,port=2)
2026-03-10 02:05:58,776 INFO: n_caps=7 | iter=15 | minZ=0.030000 | placement={10: 875, 9: 1422, 4: 591, 19: 2904, 18: 1272, 8: 1169, 7: 2155}
2026-03-10 02:05:58,776 INFO: init_n_caps=8 | seeded_previous_caps=7 | new_cap_random_init(cap=1821,port=6)
2026-03-10 02:06:36,221 INFO: n_caps=8 | iter=15 | minZ=0.030000 | placement={10: 1778, 20: 1543, 19: 414, 3: 2839, 4: 709, 6: 1172, 18: 2748, 16: 1801}
2026-03-10 02:06:36,222 INFO: init_n_caps=9 | seeded_previous_caps=8 | new_cap_random_init(cap=1798,port=11)
2026-03-10 02:07:15,754 INFO: n_caps=9 | iter=15 | minZ=0.030001 | placement={13: 1840, 2: 2006, 7: 551, 1: 2852, 5: 753, 19: 1116, 15: 3347, 8: 1298, 0: 1652}
2026-03-10 02:07:15,755 INFO: init_n_caps=10 | seeded_previous_caps=9 | new_cap_random_init(cap=2260,port=17)
2026-03-10 02:07:57,565 INFO: n_caps=10 | iter=15 | minZ=0.030001 | placement={11: 1937, 0: 2534, 9: 449, 14: 2723, 2: 2062, 20: 1750, 12: 2945, 7: 1806, 15: 2841, 4: 1669}
2026-03-10 02:07:57,565 INFO: init_n_caps=11 | seeded_previous_caps=10 | new_cap_random_init(cap=1849,port=4)
2026-03-10 02:08:39,134 INFO: n_caps=11 | iter=15 | minZ=0.030000 | placement={7: 2619, 12: 3161, 13: 2888, 14: 722, 6: 2408, 9: 700, 17: 2899, 10: 818, 11: 1197, 5: 2474, 19: 452}
2026-03-10 02:08:39,135 INFO: init_n_caps=12 | seeded_previous_caps=11 | new_cap_random_init(cap=1207,port=0)
2026-03-10 02:09:20,711 INFO: n_caps=12 | iter=15 | minZ=0.030000 | placement={4: 773, 7: 2496, 8: 2077, 11: 1356, 14: 330, 18: 711, 12: 1673, 10: 2934, 19: 2549, 9: 1232, 13: 656, 0: 1316}
2026-03-10 02:09:20,711 INFO: init_n_caps=13 | seeded_previous_caps=12 | new_cap_random_init(cap=707,port=6)
2026-03-10 02:10:01,493 INFO: n_caps=13 | iter=15 | minZ=0.030001 | placement={7: 773, 8: 1316, 11: 2077, 14: 1356, 18: 330, 12: 711, 10: 1673, 19: 2934, 9: 2549, 13: 1232, 0: 656, 1: 707}
2026-03-10 02:10:01,493 INFO: init_n_caps=14 | seeded_previous_caps=13 | new_cap_random_init(cap=1229,port=17)
2026-03-10 02:10:47,370 INFO: n_caps=14 | iter=15 | minZ=0.030001 | placement={8: 503, 20: 3030, 13: 2873, 14: 1492, 10: 1348, 9: 2307, 6: 3347, 7: 2012, 11: 507, 5: 885, 4: 821, 15: 0}
2026-03-10 02:10:47,371 INFO: init_n_caps=15 | seeded_previous_caps=14 | new_cap_random_init(cap=1355,port=19)
2026-03-10 02:11:32,914 INFO: n_caps=15 | iter=15 | minZ=0.030000 | placement={20: 1274, 5: 2266, 14: 2203, 11: 1373, 9: 2387, 2: 3306, 10: 3331, 0: 0, 15: 435, 8: 1107, 12: 1016, 17: 787, 13: 2050, 6: 1327, 4: 1296}
2026-03-10 02:11:32,915 INFO: init_n_caps=16 | seeded_previous_caps=15 | new_cap_random_init(cap=3347,port=7)
2026-03-10 02:12:25,039 INFO: n_caps=16 | iter=15 | minZ=0.030002 | placement={0: 1293, 17: 2285, 1: 1346, 12: 2983, 2: 2498, 13: 3311, 18: 0, 3: 0, 20: 1032, 11: 1605, 15: 1039, 9: 3267}
2026-03-10 02:12:25,039 INFO: init_n_caps=17 | seeded_previous_caps=16 | new_cap_random_init(cap=0,port=7)
2026-03-10 02:13:15,870 INFO: n_caps=17 | iter=15 | minZ=0.030000 | placement={20: 221, 8: 2278, 11: 1927, 9: 2480, 17: 1624, 14: 3162, 16: 3347, 10: 1773, 0: 894, 18: 1194, 7: 829, 5: 1975, 3: 1691, 6: 1020, 4: 3347, 15: 2}
2026-03-10 02:13:15,870 INFO: init_n_caps=18 | seeded_previous_caps=17 | new_cap_random_init(cap=3347,port=6)
2026-03-10 02:14:04,278 INFO: n_caps=18 | iter=15 | minZ=0.030000 | placement={19: 0, 9: 2690, 20: 1000, 10: 1221, 12: 0, 8: 1617, 18: 3347, 7: 1568, 1: 2331, 3: 495, 0: 126, 5: 3347, 16: 1513, 11: 3347, 15: 860}
2026-03-10 02:14:04,279 INFO: init_n_caps=19 | seeded_previous_caps=18 | new_cap_random_init(cap=3221,port=8)
2026-03-10 02:14:54,594 INFO: n_caps=19 | iter=15 | minZ=0.030001 | placement={2: 3290, 14: 0, 3: 1947, 19: 1077, 9: 1082, 16: 2340, 13: 3347, 0: 1016, 20: 2542, 17: 272, 15: 2562, 6: 1, 10: 1570, 12: 3060, 8: 2671, 7: 2259}
2026-03-10 02:14:54,594 INFO: init_n_caps=20 | seeded_previous_caps=19 | new_cap_random_init(cap=415,port=10)
2026-03-10 02:15:43,327 INFO: n_caps=20 | iter=15 | minZ=0.030000 | placement={6: 3146, 13: 3296, 7: 1167, 8: 1456, 14: 1574, 5: 2346, 18: 1676, 15: 1828, 17: 1389, 19: 2930, 2: 2362, 9: 1730, 16: 0, 20: 606, 1: 1342, 12: 1294}
