2026-03-20 01:13:04,757 INFO: particles=20 iter=40 n_caps=1 minZ=0.085029 runtime=34.04s placement={0: 1316}
2026-03-20 01:13:39,622 INFO: particles=20 iter=40 n_caps=2 minZ=0.076877 runtime=34.86s placement={0: 1014, 10: 220}
2026-03-20 01:14:15,152 INFO: particles=20 iter=40 n_caps=3 minZ=0.055617 runtime=35.53s placement={9: 1012, 10: 951, 0: 1121}
2026-03-20 01:14:51,348 INFO: particles=20 iter=40 n_caps=4 minZ=0.043762 runtime=36.20s placement={9: 1267, 0: 1012, 10: 1127, 11: 1517}
2026-03-20 01:15:28,110 INFO: particles=20 iter=40 n_caps=5 minZ=0.049540 runtime=36.76s placement={0: 1127, 10: 1019, 14: 1012, 7: 1516, 18: 1684}
2026-03-20 01:16:05,611 INFO: particles=20 iter=40 n_caps=6 minZ=0.054963 runtime=37.50s placement={10: 1127, 14: 1019, 7: 1012, 18: 1516, 0: 1684, 6: 0}
2026-03-20 01:16:43,994 INFO: particles=20 iter=40 n_caps=7 minZ=0.044132 runtime=38.38s placement={0: 1417, 1: 811, 14: 984, 12: 23, 10: 2016}
2026-03-20 01:17:22,748 INFO: particles=20 iter=40 n_caps=8 minZ=0.040590 runtime=38.75s placement={1: 699, 14: 798, 0: 1014, 11: 1373, 7: 46, 15: 2019, 8: 1047}
2026-03-20 01:18:02,377 INFO: particles=20 iter=40 n_caps=9 minZ=0.040970 runtime=39.63s placement={15: 865, 0: 1126, 1: 599, 10: 1549, 17: 160, 6: 2465, 8: 307}
2026-03-20 01:18:42,972 INFO: particles=20 iter=40 n_caps=10 minZ=0.027182 runtime=40.60s placement={0: 3192, 1: 3, 12: 1593, 9: 458}
2026-03-20 01:19:23,990 INFO: particles=20 iter=40 n_caps=11 minZ=0.026885 runtime=41.02s placement={0: 0, 12: 3, 1: 1593, 9: 1659}
2026-03-20 01:20:05,634 INFO: particles=20 iter=40 n_caps=12 minZ=0.030210 runtime=41.64s placement={9: 1123, 0: 0, 10: 1436, 1: 1724, 15: 0}
2026-03-20 01:20:47,868 INFO: particles=20 iter=40 n_caps=13 minZ=0.026183 runtime=42.23s placement={0: 1637, 10: 2, 1: 1436, 15: 3207}
2026-03-20 01:21:30,867 INFO: particles=20 iter=40 n_caps=14 minZ=0.027847 runtime=43.00s placement={10: 1123, 0: 0, 1: 1436, 15: 96, 9: 1637, 7: 0}
2026-03-20 01:22:14,834 INFO: particles=20 iter=40 n_caps=15 minZ=0.029113 runtime=43.97s placement={0: 1850, 1: 0, 15: 843, 9: 0, 7: 1400}
2026-03-20 01:23:00,973 INFO: particles=20 iter=40 n_caps=16 minZ=0.025015 runtime=46.14s placement={0: 0, 1: 0, 15: 1550, 9: 0, 8: 2253, 7: 10}
2026-03-20 01:23:47,655 INFO: particles=20 iter=40 n_caps=17 minZ=0.023658 runtime=46.68s placement={0: 7, 1: 0, 15: 109, 10: 3270, 7: 0, 8: 2491}
2026-03-20 01:24:33,370 INFO: particles=20 iter=40 n_caps=18 minZ=0.022738 runtime=45.72s placement={0: 0, 1: 0, 15: 284, 9: 95, 7: 1527, 8: 0}
2026-03-20 01:25:19,297 INFO: particles=20 iter=40 n_caps=19 minZ=0.024049 runtime=45.93s placement={0: 0, 1: 0, 15: 1531, 9: 686, 7: 0, 8: 1527}
2026-03-20 01:26:05,950 INFO: particles=20 iter=40 n_caps=20 minZ=0.021072 runtime=46.65s placement={0: 0, 1: 0, 15: 1156, 9: 1251, 7: 0, 8: 0}
