2026-03-28 20:21:25,726 INFO: particles=20 iter=50 n_caps=1 minZ=0.071104 runtime=29.08s placement={0: 1318}
2026-03-28 20:22:19,603 INFO: particles=20 iter=50 n_caps=2 minZ=0.048057 runtime=53.88s placement={9: 2193, 0: 1012}
2026-03-28 20:23:43,370 INFO: particles=20 iter=50 n_caps=3 minZ=0.050333 runtime=83.77s placement={0: 2193, 9: 1012, 10: 1570}
2026-03-28 20:25:32,343 INFO: particles=20 iter=50 n_caps=4 minZ=0.044635 runtime=108.97s placement={16: 1297, 10: 3262, 0: 1012, 8: 0}
2026-03-28 20:27:39,397 INFO: particles=20 iter=50 n_caps=5 minZ=0.046300 runtime=127.05s placement={6: 1103, 0: 1229, 9: 2551, 10: 1522, 16: 3347}
2026-03-28 20:30:12,803 INFO: particles=20 iter=50 n_caps=6 minZ=0.035328 runtime=153.41s placement={0: 1012, 10: 1204, 9: 2550, 16: 1576, 6: 3347, 14: 1119}
2026-03-28 20:33:11,559 INFO: particles=20 iter=50 n_caps=7 minZ=0.034602 runtime=178.76s placement={9: 1462, 10: 1884, 15: 2360, 7: 2502, 13: 2697, 0: 1014, 14: 984}
2026-03-28 20:36:30,685 INFO: particles=20 iter=50 n_caps=8 minZ=0.028720 runtime=199.13s placement={16: 1296, 0: 782, 1: 640, 6: 2028}
2026-03-28 20:40:18,736 INFO: particles=20 iter=50 n_caps=9 minZ=0.024800 runtime=228.05s placement={0: 785, 1: 514, 7: 2166, 16: 2673}
2026-03-28 20:44:28,756 INFO: particles=20 iter=50 n_caps=10 minZ=0.025825 runtime=250.02s placement={1: 1514, 0: 0, 7: 1717, 16: 785, 15: 2673}
2026-03-28 20:49:07,018 INFO: particles=20 iter=50 n_caps=11 minZ=0.024695 runtime=278.26s placement={0: 976, 1: 402, 8: 1024, 15: 1813, 16: 1771}
2026-03-28 20:54:05,654 INFO: particles=20 iter=50 n_caps=12 minZ=0.023397 runtime=298.63s placement={0: 1, 1: 402, 8: 608, 15: 1744, 16: 1813}
2026-03-28 20:59:18,875 INFO: particles=20 iter=50 n_caps=13 minZ=0.023169 runtime=313.22s placement={0: 0, 8: 402, 1: 608, 15: 1150, 16: 1744}
2026-03-28 21:05:07,158 INFO: particles=20 iter=50 n_caps=14 minZ=0.024609 runtime=348.28s placement={0: 52, 1: 645, 15: 1049, 14: 1397}
2026-03-28 21:11:29,653 INFO: particles=20 iter=50 n_caps=15 minZ=0.023159 runtime=382.49s placement={0: 114, 1: 359, 16: 747, 14: 1985, 4: 205, 17: 0}
2026-03-28 21:18:01,255 INFO: particles=20 iter=50 n_caps=16 minZ=0.021802 runtime=391.60s placement={0: 99, 16: 272, 14: 761, 1: 2045, 6: 191, 17: 244, 7: 0, 5: 21}
2026-03-28 21:25:12,463 INFO: particles=20 iter=50 n_caps=17 minZ=0.019787 runtime=431.21s placement={16: 1909, 14: 272, 0: 1296, 1: 2067, 6: 96, 17: 268, 7: 236, 5: 0, 15: 21, 2: 0}
2026-03-28 21:32:56,999 INFO: particles=20 iter=50 n_caps=18 minZ=0.020372 runtime=464.54s placement={14: 1913, 0: 0, 1: 892, 6: 1297, 16: 96, 7: 268, 5: 236, 15: 0, 2: 21, 9: 2722}
2026-03-28 21:41:02,246 INFO: particles=20 iter=50 n_caps=19 minZ=0.019349 runtime=485.25s placement={0: 2466, 1: 272, 6: 92, 16: 1297, 7: 96, 5: 268, 14: 236, 2: 0, 9: 0}
2026-03-28 21:49:16,932 INFO: particles=20 iter=50 n_caps=20 minZ=0.019213 runtime=494.69s placement={0: 0, 1: 272, 6: 2480, 16: 92, 7: 1297, 5: 96, 14: 268, 2: 236, 9: 21, 10: 2466}
