2026-03-22 17:15:24,704 INFO: particles=20 iter=15 n_caps=1 minZ=0.103332 runtime=8.37s placement={0: 2193}
2026-03-22 17:15:32,816 INFO: particles=20 iter=15 n_caps=2 minZ=0.087320 runtime=8.11s placement={10: 1488, 16: 952}
2026-03-22 17:15:41,204 INFO: particles=20 iter=15 n_caps=3 minZ=0.064374 runtime=8.39s placement={14: 1242, 0: 1365, 10: 975}
2026-03-22 17:15:49,825 INFO: particles=20 iter=15 n_caps=4 minZ=0.060562 runtime=8.62s placement={7: 528, 9: 1209, 0: 910, 13: 1415}
2026-03-22 17:15:59,612 INFO: particles=20 iter=15 n_caps=5 minZ=0.053938 runtime=9.79s placement={9: 558, 0: 1281, 15: 1035, 10: 1417, 14: 1341}
2026-03-22 17:16:08,986 INFO: particles=20 iter=15 n_caps=6 minZ=0.052949 runtime=9.37s placement={6: 718, 16: 1175, 12: 482, 7: 1177, 10: 982, 0: 1567}
2026-03-22 17:16:18,278 INFO: particles=20 iter=15 n_caps=7 minZ=0.046746 runtime=9.29s placement={20: 380, 14: 1982, 3: 450, 10: 1177, 0: 1014, 11: 967, 2: 0}
2026-03-22 17:16:27,813 INFO: particles=20 iter=15 n_caps=8 minZ=0.056719 runtime=9.53s placement={10: 1272, 0: 2914, 11: 872, 2: 58, 16: 888, 5: 1187, 9: 786, 20: 3347}
2026-03-22 17:16:37,543 INFO: particles=20 iter=15 n_caps=9 minZ=0.052232 runtime=9.73s placement={9: 1410, 10: 716, 0: 1002, 17: 12, 6: 994, 7: 1225, 20: 1741, 13: 3347, 5: 1866}
2026-03-22 17:16:47,861 INFO: particles=20 iter=15 n_caps=10 minZ=0.048793 runtime=10.32s placement={7: 2648, 16: 331, 14: 1802, 6: 1118, 0: 766, 15: 1025, 13: 1831, 9: 2029, 2: 3347}
2026-03-22 17:16:58,084 INFO: particles=20 iter=15 n_caps=11 minZ=0.045298 runtime=10.22s placement={12: 3173, 15: 1303, 10: 684, 20: 999, 8: 3347, 0: 2737, 5: 798, 1: 1539, 14: 1094}
2026-03-22 17:17:08,565 INFO: particles=20 iter=15 n_caps=12 minZ=0.034526 runtime=10.48s placement={12: 2947, 9: 1300, 20: 531, 10: 639, 0: 303, 7: 3347, 1: 136, 14: 2535}
2026-03-22 17:17:19,184 INFO: particles=20 iter=15 n_caps=13 minZ=0.035188 runtime=10.62s placement={9: 3005, 20: 1545, 10: 532, 0: 1014, 7: 3347, 1: 3347, 14: 451, 16: 341, 19: 2157}
2026-03-22 17:17:30,146 INFO: particles=20 iter=15 n_caps=14 minZ=0.032078 runtime=10.96s placement={14: 3347, 9: 1559, 0: 2355, 10: 1338, 1: 2406, 15: 150, 17: 2295, 5: 357, 8: 2519, 6: 0}
2026-03-22 17:17:41,232 INFO: particles=20 iter=15 n_caps=15 minZ=0.035686 runtime=11.09s placement={10: 3347, 0: 2242, 11: 1040, 1: 992, 17: 91, 18: 3319, 5: 2385, 16: 425, 6: 2643}
2026-03-22 17:17:52,744 INFO: particles=20 iter=15 n_caps=16 minZ=0.034086 runtime=11.51s placement={0: 1350, 10: 175, 1: 2572, 19: 2650, 18: 2752, 20: 2079, 11: 1705}
2026-03-22 17:18:05,154 INFO: particles=20 iter=15 n_caps=17 minZ=0.033913 runtime=12.41s placement={8: 3347, 0: 982, 1: 2612, 20: 2791, 19: 235, 11: 1155, 12: 0}
2026-03-22 17:18:16,913 INFO: particles=20 iter=15 n_caps=18 minZ=0.034397 runtime=11.76s placement={1: 2843, 0: 1169, 6: 2055, 20: 2036, 5: 0, 16: 1503, 18: 3347, 3: 3347, 12: 0, 13: 2510, 8: 7, 7: 1483}
2026-03-22 17:18:29,201 INFO: particles=20 iter=15 n_caps=19 minZ=0.034586 runtime=12.29s placement={0: 456, 10: 2133, 20: 836, 7: 2930, 1: 0, 19: 2511, 11: 3347, 15: 1370, 8: 2196, 9: 92}
2026-03-22 17:18:41,568 INFO: particles=20 iter=15 n_caps=20 minZ=0.032995 runtime=12.37s placement={12: 3309, 20: 1361, 7: 3347, 0: 89, 19: 0, 1: 2427, 8: 3347, 14: 0, 10: 1265}
