2026-03-27 01:05:21,605 INFO: particles=20 iter=15 n_caps=1 minZ=0.072657 runtime=9.21s placement={0: 1466}
2026-03-27 01:05:37,657 INFO: particles=20 iter=15 n_caps=2 minZ=0.070984 runtime=16.05s placement={0: 1466, 7: 0}
2026-03-27 01:06:01,826 INFO: particles=20 iter=15 n_caps=3 minZ=0.059727 runtime=24.17s placement={14: 1400, 8: 1113, 0: 1321}
2026-03-27 01:06:32,650 INFO: particles=20 iter=15 n_caps=4 minZ=0.044749 runtime=30.82s placement={10: 2428, 0: 910, 5: 1716, 9: 2464}
2026-03-27 01:07:11,707 INFO: particles=20 iter=15 n_caps=5 minZ=0.045439 runtime=39.06s placement={0: 2420, 6: 1466, 9: 1421, 16: 2451, 10: 1702}
2026-03-27 01:07:56,808 INFO: particles=20 iter=15 n_caps=6 minZ=0.045041 runtime=45.10s placement={5: 2354, 9: 1745, 15: 1478, 10: 2516, 0: 1689, 7: 0}
2026-03-27 01:08:48,033 INFO: particles=20 iter=15 n_caps=7 minZ=0.041319 runtime=51.22s placement={9: 2389, 15: 1866, 10: 1321, 0: 2514, 7: 1534, 16: 0, 14: 893}
2026-03-27 01:09:49,307 INFO: particles=20 iter=15 n_caps=8 minZ=0.040820 runtime=61.27s placement={15: 2389, 10: 1866, 0: 1321, 7: 2514, 16: 1534, 14: 0, 9: 893, 5: 1535}
2026-03-27 01:10:57,824 INFO: particles=20 iter=15 n_caps=9 minZ=0.038568 runtime=68.52s placement={10: 2389, 0: 1866, 7: 1321, 16: 2514, 15: 1534, 9: 0, 5: 893, 6: 1535, 14: 2657}
2026-03-27 01:12:12,802 INFO: particles=20 iter=15 n_caps=10 minZ=0.031466 runtime=74.98s placement={1: 1819, 7: 2019, 17: 3249, 13: 2253, 5: 1392, 9: 1522, 0: 1319, 10: 1953, 14: 2011}
2026-03-27 01:13:34,266 INFO: particles=20 iter=15 n_caps=11 minZ=0.038813 runtime=81.46s placement={7: 1259, 14: 2044, 20: 3223, 5: 1991, 10: 1425, 6: 1662, 9: 982, 0: 2028, 15: 1458, 13: 2051, 18: 286}
2026-03-27 01:15:07,352 INFO: particles=20 iter=15 n_caps=12 minZ=0.031257 runtime=93.09s placement={14: 1167, 20: 2050, 4: 3225, 10: 2005, 6: 1419, 9: 1666, 0: 1014, 15: 2030, 12: 1457, 18: 2165, 3: 276, 16: 1316}
2026-03-27 01:16:41,640 INFO: particles=20 iter=15 n_caps=13 minZ=0.038164 runtime=94.29s placement={20: 1167, 4: 2050, 10: 3225, 6: 2005, 9: 1419, 0: 1666, 14: 1014, 12: 2030, 18: 1457, 3: 2165, 15: 276, 5: 1316, 16: 2444}
2026-03-27 01:18:31,996 INFO: particles=20 iter=15 n_caps=14 minZ=0.038497 runtime=110.36s placement={5: 3347, 10: 2093, 6: 3225, 9: 2003, 0: 1409, 14: 1667, 13: 1226, 18: 2029, 3: 1457, 16: 2092, 4: 241, 15: 1314, 7: 2432}
2026-03-27 01:20:25,342 INFO: particles=20 iter=15 n_caps=15 minZ=0.035462 runtime=113.35s placement={16: 1121, 10: 2080, 9: 3347, 0: 1261, 6: 2407, 7: 490, 17: 1697, 5: 2122, 15: 1307, 1: 3183, 19: 164, 8: 1419, 14: 3347}
2026-03-27 01:22:23,747 INFO: particles=20 iter=15 n_caps=16 minZ=0.026810 runtime=118.40s placement={0: 1267, 1: 1469, 11: 980, 7: 1076, 18: 0, 6: 631, 5: 1468, 13: 725, 20: 3347, 8: 872}
2026-03-27 01:24:31,434 INFO: particles=20 iter=15 n_caps=17 minZ=0.027033 runtime=127.69s placement={1: 1148, 0: 763, 8: 495, 9: 0, 18: 964, 5: 0, 6: 485, 13: 1489, 20: 325, 10: 3347, 15: 893, 7: 0}
2026-03-27 01:26:47,676 INFO: particles=20 iter=15 n_caps=18 minZ=0.027489 runtime=136.24s placement={0: 0, 8: 1538, 9: 495, 18: 0, 5: 964, 1: 0, 6: 838, 13: 485, 20: 763, 10: 325, 15: 3347, 7: 893, 14: 268}
2026-03-27 01:29:07,758 INFO: particles=20 iter=15 n_caps=19 minZ=0.027006 runtime=140.08s placement={15: 148, 13: 0, 16: 764, 3: 2, 0: 1012, 1: 0, 7: 986, 12: 219, 19: 1492, 11: 1720, 14: 1667, 9: 2817, 10: 1164, 5: 0}
2026-03-27 01:31:40,449 INFO: particles=20 iter=15 n_caps=20 minZ=0.023933 runtime=152.69s placement={0: 1026, 1: 2326, 20: 2081, 2: 2466, 19: 0, 9: 2676, 12: 1548, 14: 1397, 15: 1297, 13: 1935, 11: 297}
