2026-04-02 16:57:51,991 INFO: particles=20 iter=50 n_caps=1 minZ=0.080251 runtime=59.85s placement={0: 1014}
2026-04-02 16:58:57,389 INFO: particles=20 iter=50 n_caps=2 minZ=0.066022 runtime=65.40s placement={0: 1012, 5: 268}
2026-04-02 17:00:08,249 INFO: particles=20 iter=50 n_caps=3 minZ=0.049599 runtime=70.86s placement={5: 1449, 0: 1014, 7: 749}
2026-04-02 17:01:22,135 INFO: particles=20 iter=50 n_caps=4 minZ=0.054869 runtime=73.89s placement={0: 1345, 7: 1047, 16: 892, 10: 1094}
2026-04-02 17:02:39,974 INFO: particles=20 iter=50 n_caps=5 minZ=0.051726 runtime=77.84s placement={0: 1303, 6: 744, 15: 1425, 7: 698, 16: 362}
2026-04-02 17:04:00,158 INFO: particles=20 iter=50 n_caps=6 minZ=0.040915 runtime=80.18s placement={5: 1248, 15: 1340, 6: 1497, 14: 887, 0: 1014, 19: 0}
2026-04-02 17:05:24,945 INFO: particles=20 iter=50 n_caps=7 minZ=0.047786 runtime=84.79s placement={15: 1150, 6: 1396, 16: 2132, 0: 1127, 5: 1393, 17: 433, 10: 1813}
2026-04-02 17:06:52,558 INFO: particles=20 iter=50 n_caps=8 minZ=0.046878 runtime=87.61s placement={6: 1150, 15: 1396, 0: 2132, 5: 1127, 16: 1393, 10: 433, 9: 1813, 20: 2626}
2026-04-02 17:08:26,731 INFO: particles=20 iter=50 n_caps=9 minZ=0.043030 runtime=94.17s placement={15: 1153, 0: 2627, 1: 2243, 16: 1193, 10: 1418, 9: 499, 20: 1943, 14: 1015}
2026-04-02 17:10:06,132 INFO: particles=20 iter=50 n_caps=10 minZ=0.042711 runtime=99.40s placement={0: 655, 1: 1093, 19: 2489, 10: 585, 9: 1052, 15: 979, 16: 2627, 14: 898, 20: 2648}
2026-04-02 17:11:48,077 INFO: particles=20 iter=50 n_caps=11 minZ=0.038897 runtime=101.94s placement={0: 300, 19: 1086, 10: 1994, 9: 555, 15: 500, 1: 797, 16: 988, 14: 2636, 20: 1104}
2026-04-02 17:13:30,094 INFO: particles=20 iter=50 n_caps=12 minZ=0.038366 runtime=102.02s placement={19: 1352, 10: 1099, 9: 1955, 16: 499, 0: 128, 17: 822, 15: 1103, 20: 2649, 1: 1109}
2026-04-02 17:15:19,812 INFO: particles=20 iter=50 n_caps=13 minZ=0.027574 runtime=109.72s placement={11: 1255, 9: 893, 15: 1798, 0: 3244, 16: 295, 14: 610, 20: 1334, 1: 2745}
2026-04-02 17:17:10,450 INFO: particles=20 iter=50 n_caps=14 minZ=0.027107 runtime=110.64s placement={9: 1275, 15: 891, 0: 1871, 16: 685, 14: 284, 20: 613, 1: 1335, 19: 3244}
2026-04-02 17:19:09,929 INFO: particles=20 iter=50 n_caps=15 minZ=0.025801 runtime=119.48s placement={15: 1353, 0: 1852, 16: 2093, 17: 761, 20: 1593, 1: 591, 19: 455}
2026-04-02 17:21:05,549 INFO: particles=20 iter=50 n_caps=16 minZ=0.025435 runtime=115.62s placement={0: 3245, 20: 1801, 16: 1960, 19: 868, 1: 247, 10: 1592, 15: 2668}
2026-04-02 17:23:57,581 INFO: particles=20 iter=50 n_caps=17 minZ=0.022554 runtime=172.03s placement={20: 3222, 16: 873, 19: 1960, 0: 19, 1: 275, 9: 1749, 15: 1571}
2026-04-02 17:26:30,826 INFO: particles=20 iter=50 n_caps=18 minZ=0.023627 runtime=153.24s placement={16: 3314, 20: 493, 0: 3347, 1: 963, 19: 1012, 9: 3222, 15: 1749}
2026-04-02 17:29:10,256 INFO: particles=20 iter=50 n_caps=19 minZ=0.022489 runtime=159.43s placement={20: 2761, 0: 13, 1: 1967, 19: 1039, 10: 489, 16: 3229}
2026-04-02 17:31:50,676 INFO: particles=20 iter=50 n_caps=20 minZ=0.024698 runtime=160.42s placement={0: 2761, 1: 743, 20: 3347, 19: 1062, 10: 128, 16: 489}
