2026-03-19 22:17:32,606 INFO: particles=20 iter=40 n_caps=1 minZ=0.105269 runtime=34.13s placement={6: 1012}
2026-03-19 22:18:07,539 INFO: particles=20 iter=40 n_caps=2 minZ=0.065114 runtime=34.93s placement={10: 935, 0: 1012}
2026-03-19 22:18:43,101 INFO: particles=20 iter=40 n_caps=3 minZ=0.046865 runtime=35.56s placement={0: 1012, 9: 980, 14: 1916}
2026-03-19 22:19:19,342 INFO: particles=20 iter=40 n_caps=4 minZ=0.053566 runtime=36.24s placement={9: 1012, 14: 899, 0: 1941, 7: 0}
2026-03-19 22:19:56,469 INFO: particles=20 iter=40 n_caps=5 minZ=0.047824 runtime=37.13s placement={20: 647, 0: 1672, 12: 1834, 1: 281}
2026-03-19 22:20:34,213 INFO: particles=20 iter=40 n_caps=6 minZ=0.045457 runtime=37.74s placement={0: 3347, 14: 1347, 1: 2267}
2026-03-19 22:21:12,489 INFO: particles=20 iter=40 n_caps=7 minZ=0.035834 runtime=38.28s placement={16: 1791, 0: 138, 1: 2266, 7: 3347}
2026-03-19 22:21:51,459 INFO: particles=20 iter=40 n_caps=8 minZ=0.032381 runtime=38.97s placement={0: 980, 1: 1153, 9: 561}
2026-03-19 22:22:31,031 INFO: particles=20 iter=40 n_caps=9 minZ=0.030566 runtime=39.57s placement={0: 0, 1: 850, 9: 3347}
2026-03-19 22:23:11,312 INFO: particles=20 iter=40 n_caps=10 minZ=0.027784 runtime=40.28s placement={0: 0, 1: 844, 9: 1151, 7: 0}
2026-03-19 22:23:52,206 INFO: particles=20 iter=40 n_caps=11 minZ=0.029739 runtime=40.89s placement={0: 0, 1: 484, 9: 865, 8: 0}
2026-03-19 22:24:33,906 INFO: particles=20 iter=40 n_caps=12 minZ=0.029073 runtime=41.70s placement={0: 0, 1: 0, 8: 447, 7: 542, 14: 0}
2026-03-19 22:25:16,124 INFO: particles=20 iter=40 n_caps=13 minZ=0.026801 runtime=42.22s placement={0: 0, 8: 0, 1: 326, 9: 692, 14: 0}
2026-03-19 22:25:58,991 INFO: particles=20 iter=40 n_caps=14 minZ=0.023149 runtime=42.87s placement={8: 2380, 0: 91, 1: 311, 9: 3020, 15: 509}
2026-03-19 22:26:42,597 INFO: particles=20 iter=40 n_caps=15 minZ=0.024882 runtime=43.61s placement={0: 91, 1: 5, 8: 1014, 15: 22, 9: 1465}
2026-03-19 22:27:26,808 INFO: particles=20 iter=40 n_caps=16 minZ=0.023527 runtime=44.21s placement={0: 1468, 1: 5, 8: 522, 14: 1012, 9: 93, 7: 27}
2026-03-19 22:28:11,451 INFO: particles=20 iter=40 n_caps=17 minZ=0.024453 runtime=44.64s placement={0: 100, 1: 4, 8: 163, 14: 707, 9: 17, 7: 1416, 6: 49, 10: 0}
2026-03-19 22:28:56,760 INFO: particles=20 iter=40 n_caps=18 minZ=0.024279 runtime=45.31s placement={0: 0, 8: 4, 1: 168, 14: 3088, 9: 351, 7: 99, 6: 1474, 10: 49}
2026-03-19 22:29:42,878 INFO: particles=20 iter=40 n_caps=19 minZ=0.025827 runtime=46.12s placement={9: 2278, 0: 196, 5: 213, 1: 355, 14: 1017, 10: 327, 7: 0, 8: 12, 6: 169, 2: 63}
2026-03-19 22:30:29,747 INFO: particles=20 iter=40 n_caps=20 minZ=0.023603 runtime=46.87s placement={0: 2017, 5: 1, 1: 65, 9: 381, 10: 1141, 6: 570, 8: 393, 7: 100, 2: 1893}
