2026-04-02 14:59:16,955 INFO: particles=30 iter=10 n_caps=1 minZ=0.089207 runtime=15.92s placement={0: 1488}
2026-04-02 14:59:35,059 INFO: particles=30 iter=10 n_caps=2 minZ=0.078670 runtime=18.10s placement={0: 1012, 10: 0}
2026-04-02 14:59:53,828 INFO: particles=30 iter=10 n_caps=3 minZ=0.084173 runtime=18.77s placement={10: 1012, 0: 0, 6: 0}
2026-04-02 15:00:12,886 INFO: particles=30 iter=10 n_caps=4 minZ=0.054403 runtime=19.06s placement={0: 1688, 7: 344, 5: 1014, 6: 1543}
2026-04-02 15:00:31,210 INFO: particles=30 iter=10 n_caps=5 minZ=0.062827 runtime=18.32s placement={7: 1688, 5: 344, 6: 1014, 9: 1543, 15: 0}
2026-04-02 15:00:50,004 INFO: particles=30 iter=10 n_caps=6 minZ=0.057103 runtime=18.79s placement={5: 1688, 6: 344, 9: 1014, 15: 1543, 0: 0, 2: 1219}
2026-04-02 15:01:08,470 INFO: particles=30 iter=10 n_caps=7 minZ=0.041948 runtime=18.47s placement={0: 1459, 9: 983, 15: 1778, 1: 1222, 4: 1236, 10: 429}
2026-04-02 15:01:27,669 INFO: particles=30 iter=10 n_caps=8 minZ=0.047666 runtime=19.20s placement={7: 363, 15: 713, 0: 301, 1: 1136, 5: 1454, 20: 0, 9: 269}
2026-04-02 15:01:43,680 INFO: particles=30 iter=10 n_caps=9 minZ=0.044450 runtime=16.01s placement={5: 2218, 0: 303, 1: 1768, 6: 1149, 20: 150, 9: 0, 7: 1291}
2026-04-02 15:02:00,198 INFO: particles=30 iter=10 n_caps=10 minZ=0.036863 runtime=16.52s placement={0: 1001, 1: 1031, 5: 1768, 20: 1627, 9: 150, 6: 303}
2026-04-02 15:02:16,716 INFO: particles=30 iter=10 n_caps=11 minZ=0.034066 runtime=16.52s placement={0: 75, 5: 1031, 1: 1768, 20: 1149, 9: 1627, 6: 0}
2026-04-02 15:02:33,349 INFO: particles=30 iter=10 n_caps=12 minZ=0.033943 runtime=16.63s placement={5: 2218, 0: 1001, 20: 1768, 9: 1149, 1: 1627, 6: 150, 7: 75, 15: 56}
2026-04-02 15:02:50,113 INFO: particles=30 iter=10 n_caps=13 minZ=0.034116 runtime=16.76s placement={0: 994, 20: 1031, 9: 1768, 1: 1149, 6: 1627, 7: 1001, 15: 75}
2026-04-02 15:03:08,369 INFO: particles=30 iter=10 n_caps=14 minZ=0.034496 runtime=18.26s placement={20: 2218, 9: 1031, 0: 104, 6: 1149, 1: 1627, 7: 1291, 15: 1001}
2026-04-02 15:03:25,649 INFO: particles=30 iter=10 n_caps=15 minZ=0.030528 runtime=17.28s placement={9: 2218, 0: 3347, 6: 1768, 1: 1149, 7: 303, 15: 1291}
2026-04-02 15:03:43,001 INFO: particles=30 iter=10 n_caps=16 minZ=0.026527 runtime=17.35s placement={0: 1564, 6: 1031, 1: 1768, 7: 0, 15: 303}
2026-04-02 15:04:00,839 INFO: particles=30 iter=10 n_caps=17 minZ=0.025583 runtime=17.84s placement={6: 2218, 0: 0, 1: 1768, 7: 150, 15: 0}
2026-04-02 15:04:18,446 INFO: particles=30 iter=10 n_caps=18 minZ=0.025017 runtime=17.61s placement={0: 1148, 1: 1031, 6: 1627, 15: 150}
2026-04-02 15:04:35,193 INFO: particles=30 iter=10 n_caps=19 minZ=0.023741 runtime=16.75s placement={0: 212, 1: 936, 5: 1057, 15: 1456}
2026-04-02 15:04:55,646 INFO: particles=30 iter=10 n_caps=20 minZ=0.023037 runtime=20.45s placement={0: 1, 1: 936, 5: 1670, 15: 1057}
