2026-03-29 11:20:44,545 INFO: particles=20 iter=50 n_caps=1 minZ=0.085915 runtime=31.04s placement={10: 1284}
2026-03-29 11:21:41,627 INFO: particles=20 iter=50 n_caps=2 minZ=0.048978 runtime=57.08s placement={10: 2087, 0: 1014}
2026-03-29 11:23:04,228 INFO: particles=20 iter=50 n_caps=3 minZ=0.048152 runtime=82.60s placement={0: 2121, 9: 1014, 15: 1467}
2026-03-29 11:24:53,457 INFO: particles=20 iter=50 n_caps=4 minZ=0.045519 runtime=109.23s placement={10: 1667, 14: 875, 0: 1230, 6: 615}
2026-03-29 11:27:07,089 INFO: particles=20 iter=50 n_caps=5 minZ=0.040763 runtime=133.63s placement={14: 1667, 0: 875, 6: 1230, 5: 615, 10: 1693}
2026-03-29 11:29:42,096 INFO: particles=20 iter=50 n_caps=6 minZ=0.041038 runtime=155.01s placement={0: 1667, 6: 875, 5: 1230, 10: 615, 9: 1693, 14: 2382}
2026-03-29 11:32:45,851 INFO: particles=20 iter=50 n_caps=7 minZ=0.042335 runtime=183.75s placement={6: 1449, 5: 1036, 10: 1268, 7: 621, 16: 2026, 14: 2097, 0: 753}
2026-03-29 11:36:11,407 INFO: particles=20 iter=50 n_caps=8 minZ=0.035643 runtime=205.56s placement={8: 1408, 7: 1127, 9: 1823, 16: 692, 6: 1490, 0: 1014, 5: 1224, 20: 1354}
2026-03-29 11:40:09,623 INFO: particles=20 iter=50 n_caps=9 minZ=0.037276 runtime=238.22s placement={10: 1744, 5: 1598, 16: 1497, 7: 1293, 0: 1666, 6: 998, 19: 1154, 9: 1446, 14: 1400}
2026-03-29 11:44:25,836 INFO: particles=20 iter=50 n_caps=10 minZ=0.031837 runtime=256.21s placement={6: 2193, 10: 1988, 7: 1680, 0: 1012, 14: 2686, 1: 3347, 20: 3347, 16: 2017, 11: 2417}
2026-03-29 11:49:08,175 INFO: particles=20 iter=50 n_caps=11 minZ=0.031193 runtime=282.34s placement={6: 1145, 10: 2785, 0: 1350, 11: 886, 1: 3338, 14: 1463, 20: 3347, 15: 1753}
2026-03-29 11:54:19,146 INFO: particles=20 iter=50 n_caps=12 minZ=0.025918 runtime=310.97s placement={5: 1206, 0: 1014, 7: 1543, 1: 651, 13: 3347, 20: 1678, 15: 1468}
2026-03-29 11:59:53,077 INFO: particles=20 iter=50 n_caps=13 minZ=0.021574 runtime=333.93s placement={0: 1168, 6: 2300, 1: 1563, 13: 1283, 20: 3347, 15: 3347}
2026-03-29 12:05:56,363 INFO: particles=20 iter=50 n_caps=14 minZ=0.021473 runtime=363.29s placement={6: 1230, 0: 0, 13: 1563, 20: 1283, 1: 3347, 15: 1751}
2026-03-29 12:12:15,971 INFO: particles=20 iter=50 n_caps=15 minZ=0.021069 runtime=379.61s placement={0: 1157, 13: 2299, 20: 1563, 1: 1283, 15: 3347}
2026-03-29 12:18:55,300 INFO: particles=20 iter=50 n_caps=16 minZ=0.019415 runtime=399.33s placement={9: 1251, 20: 2274, 1: 1553, 15: 1274, 0: 0}
2026-03-29 12:26:14,160 INFO: particles=20 iter=50 n_caps=17 minZ=0.018790 runtime=438.86s placement={20: 1249, 1: 2274, 15: 1553, 0: 1614}
2026-03-29 12:33:53,794 INFO: particles=20 iter=50 n_caps=18 minZ=0.018675 runtime=459.63s placement={1: 1249, 15: 2274, 0: 3347}
2026-03-29 12:41:57,959 INFO: particles=20 iter=50 n_caps=19 minZ=0.018618 runtime=484.16s placement={15: 1249, 0: 175, 1: 1553}
2026-03-29 12:50:32,204 INFO: particles=20 iter=50 n_caps=20 minZ=0.018382 runtime=514.24s placement={0: 175, 1: 2332, 10: 2530}
