2026-03-17 21:18:27,136 INFO: particles=30 iter=40 n_caps=1 minZ=0.080251 runtime=57.12s placement={0: 1012}
2026-03-17 21:19:25,440 INFO: particles=30 iter=40 n_caps=2 minZ=0.062173 runtime=58.30s placement={9: 1012, 0: 1003}
2026-03-17 21:20:26,505 INFO: particles=30 iter=40 n_caps=3 minZ=0.045553 runtime=61.06s placement={0: 1012, 14: 911, 9: 1568}
2026-03-17 21:21:34,561 INFO: particles=30 iter=40 n_caps=4 minZ=0.057633 runtime=68.06s placement={14: 1012, 9: 911, 0: 1568, 7: 0}
2026-03-17 21:22:44,498 INFO: particles=30 iter=40 n_caps=5 minZ=0.049530 runtime=69.94s placement={9: 1014, 0: 911, 7: 1569, 5: 362, 1: 2376}
2026-03-17 21:23:56,477 INFO: particles=30 iter=40 n_caps=6 minZ=0.035030 runtime=71.98s placement={0: 1511, 6: 873, 5: 1569, 1: 359}
2026-03-17 21:25:04,671 INFO: particles=30 iter=40 n_caps=7 minZ=0.037120 runtime=68.19s placement={0: 0, 5: 810, 1: 1358}
2026-03-17 21:26:06,685 INFO: particles=30 iter=40 n_caps=8 minZ=0.032306 runtime=62.01s placement={5: 1432, 0: 0, 1: 1327, 16: 184}
2026-03-17 21:27:10,768 INFO: particles=30 iter=40 n_caps=9 minZ=0.029458 runtime=64.08s placement={0: 1014, 1: 0, 16: 0, 5: 187}
2026-03-17 21:28:14,925 INFO: particles=30 iter=40 n_caps=10 minZ=0.029020 runtime=64.16s placement={0: 0, 1: 0, 16: 1348, 5: 0}
2026-03-17 21:29:20,727 INFO: particles=30 iter=40 n_caps=11 minZ=0.029318 runtime=65.80s placement={0: 0, 1: 0, 16: 1196, 5: 1348}
2026-03-17 21:30:27,837 INFO: particles=30 iter=40 n_caps=12 minZ=0.028627 runtime=67.11s placement={0: 0, 1: 0, 16: 838, 5: 1183}
2026-03-17 21:31:33,542 INFO: particles=30 iter=40 n_caps=13 minZ=0.026646 runtime=65.70s placement={0: 0, 1: 0, 16: 1517, 8: 0, 6: 32}
2026-03-17 21:32:41,127 INFO: particles=30 iter=40 n_caps=14 minZ=0.028700 runtime=67.58s placement={0: 718, 16: 378, 1: 2094, 7: 1139, 8: 0, 6: 24}
2026-03-17 21:33:49,742 INFO: particles=30 iter=40 n_caps=15 minZ=0.028681 runtime=68.61s placement={15: 1308, 1: 390, 0: 0, 7: 341, 8: 0, 5: 0}
2026-03-17 21:34:57,153 INFO: particles=30 iter=40 n_caps=16 minZ=0.027447 runtime=67.41s placement={1: 1308, 0: 2669, 7: 92, 8: 1543, 5: 0}
2026-03-17 21:36:07,211 INFO: particles=30 iter=40 n_caps=17 minZ=0.025581 runtime=70.06s placement={0: 163, 1: 704, 9: 409, 5: 1185}
2026-03-17 21:37:17,893 INFO: particles=30 iter=40 n_caps=18 minZ=0.024050 runtime=70.68s placement={0: 0, 1: 737, 8: 83, 5: 513}
2026-03-17 21:38:30,734 INFO: particles=30 iter=40 n_caps=19 minZ=0.022701 runtime=72.84s placement={0: 0, 1: 725, 8: 1377, 5: 95}
2026-03-17 21:39:51,861 INFO: particles=30 iter=40 n_caps=20 minZ=0.022871 runtime=81.13s placement={0: 0, 1: 725, 8: 1364, 5: 1377}
