2026-03-17 13:27:32,503 INFO: particles=30 iter=25 n_caps=1 minZ=0.085029 runtime=35.18s placement={0: 1316}
2026-03-17 13:28:08,404 INFO: particles=30 iter=25 n_caps=2 minZ=0.072433 runtime=35.90s placement={0: 1320, 5: 455}
2026-03-17 13:28:45,314 INFO: particles=30 iter=25 n_caps=3 minZ=0.060155 runtime=36.91s placement={6: 1765, 10: 1126, 0: 1290}
2026-03-17 13:29:22,077 INFO: particles=30 iter=25 n_caps=4 minZ=0.055092 runtime=36.76s placement={10: 1765, 0: 1126, 9: 1290, 15: 1055}
2026-03-17 13:29:58,865 INFO: particles=30 iter=25 n_caps=5 minZ=0.057876 runtime=36.79s placement={0: 1765, 9: 1126, 15: 1290, 5: 1055, 10: 1707}
2026-03-17 13:30:37,103 INFO: particles=30 iter=25 n_caps=6 minZ=0.040921 runtime=38.24s placement={6: 1252, 15: 921, 5: 1301, 13: 1072, 0: 1012, 10: 671}
2026-03-17 13:31:15,823 INFO: particles=30 iter=25 n_caps=7 minZ=0.038411 runtime=38.72s placement={16: 1273, 5: 1518, 14: 740, 0: 1014, 8: 1274, 15: 718, 6: 605}
2026-03-17 13:31:54,606 INFO: particles=30 iter=25 n_caps=8 minZ=0.045916 runtime=38.78s placement={3: 1511, 9: 925, 5: 67, 0: 1014, 12: 2008, 7: 568, 10: 1492, 1: 3347}
2026-03-17 13:32:33,767 INFO: particles=30 iter=25 n_caps=9 minZ=0.042401 runtime=39.16s placement={0: 1863, 1: 1998, 12: 1323, 18: 0, 8: 1751, 16: 43, 19: 1667}
2026-03-17 13:33:13,267 INFO: particles=30 iter=25 n_caps=10 minZ=0.037832 runtime=39.50s placement={0: 0, 10: 1978, 19: 1319, 8: 0, 1: 2090, 15: 1293, 20: 1928}
2026-03-17 13:33:53,854 INFO: particles=30 iter=25 n_caps=11 minZ=0.038539 runtime=40.59s placement={9: 869, 19: 2737, 0: 95, 1: 0, 15: 1173, 20: 11, 4: 0}
2026-03-17 13:34:34,673 INFO: particles=30 iter=25 n_caps=12 minZ=0.039023 runtime=40.82s placement={20: 906, 0: 1272, 1: 2245, 18: 9, 19: 1365, 2: 0}
2026-03-17 13:35:16,218 INFO: particles=30 iter=25 n_caps=13 minZ=0.028325 runtime=41.55s placement={0: 1177, 1: 2788, 19: 1614, 15: 1162, 12: 3340}
2026-03-17 13:35:57,770 INFO: particles=30 iter=25 n_caps=14 minZ=0.025282 runtime=41.55s placement={0: 2167, 19: 2623, 1: 1734, 16: 0, 10: 1314, 7: 0}
2026-03-17 13:36:41,003 INFO: particles=30 iter=25 n_caps=15 minZ=0.026342 runtime=43.23s placement={19: 222, 0: 10, 16: 1588, 1: 0, 10: 596, 7: 2044, 14: 0}
2026-03-17 13:37:23,867 INFO: particles=30 iter=25 n_caps=16 minZ=0.025352 runtime=42.86s placement={0: 3251, 16: 892, 1: 1588, 10: 857, 7: 1554, 14: 10}
2026-03-17 13:38:06,998 INFO: particles=30 iter=25 n_caps=17 minZ=0.024419 runtime=43.13s placement={16: 222, 0: 0, 1: 1588, 10: 1304, 7: 596, 14: 2044}
2026-03-17 13:38:50,291 INFO: particles=30 iter=25 n_caps=18 minZ=0.025025 runtime=43.29s placement={0: 2690, 1: 892, 10: 1772, 7: 857, 14: 1554}
2026-03-17 13:39:34,335 INFO: particles=30 iter=25 n_caps=19 minZ=0.025285 runtime=44.04s placement={0: 0, 1: 892, 10: 653, 7: 1304, 14: 596}
2026-03-17 13:40:18,626 INFO: particles=30 iter=25 n_caps=20 minZ=0.024470 runtime=44.29s placement={0: 0, 1: 892, 10: 1475, 7: 1772, 14: 857, 15: 15}
