2026-03-17 23:50:17,242 INFO: particles=30 iter=50 n_caps=1 minZ=0.087365 runtime=71.41s placement={9: 1012}
2026-03-17 23:51:29,618 INFO: particles=30 iter=50 n_caps=2 minZ=0.052108 runtime=72.38s placement={0: 1012, 9: 1695}
2026-03-17 23:52:41,409 INFO: particles=30 iter=50 n_caps=3 minZ=0.060375 runtime=71.79s placement={9: 1012, 0: 1667, 7: 0}
2026-03-17 23:53:53,559 INFO: particles=30 iter=50 n_caps=4 minZ=0.045776 runtime=72.15s placement={0: 1014, 6: 1940, 16: 0, 9: 1291}
2026-03-17 23:55:08,022 INFO: particles=30 iter=50 n_caps=5 minZ=0.040247 runtime=74.46s placement={0: 1014, 15: 2598, 9: 1666, 16: 893, 6: 858}
2026-03-17 23:56:23,231 INFO: particles=30 iter=50 n_caps=6 minZ=0.041560 runtime=75.21s placement={15: 1014, 9: 3347, 13: 2163, 6: 893, 0: 1014, 7: 3}
2026-03-17 23:57:38,243 INFO: particles=30 iter=50 n_caps=7 minZ=0.040989 runtime=75.01s placement={9: 972, 13: 3347, 7: 1908, 0: 1012, 5: 757, 6: 16, 10: 2540}
2026-03-17 23:58:55,039 INFO: particles=30 iter=50 n_caps=8 minZ=0.050901 runtime=76.79s placement={13: 939, 8: 3314, 0: 1907, 6: 586, 5: 880, 10: 777, 1: 2335, 9: 1690}
2026-03-18 00:00:14,630 INFO: particles=30 iter=50 n_caps=9 minZ=0.036043 runtime=79.59s placement={8: 945, 0: 2308, 1: 1758, 5: 271, 9: 705, 7: 2359}
2026-03-18 00:01:33,629 INFO: particles=30 iter=50 n_caps=10 minZ=0.032148 runtime=79.00s placement={0: 2015, 1: 3347, 12: 1916, 9: 29, 10: 843, 18: 3217}
2026-03-18 00:02:54,382 INFO: particles=30 iter=50 n_caps=11 minZ=0.030214 runtime=80.75s placement={0: 0, 12: 3347, 7: 1182, 1: 32, 5: 663, 19: 329}
2026-03-18 00:04:16,057 INFO: particles=30 iter=50 n_caps=12 minZ=0.031055 runtime=81.67s placement={11: 1193, 7: 3347, 0: 0, 1: 0, 19: 445}
2026-03-18 00:05:38,235 INFO: particles=30 iter=50 n_caps=13 minZ=0.027302 runtime=82.18s placement={9: 1164, 0: 1960, 1: 2300, 19: 1114}
2026-03-18 00:07:01,288 INFO: particles=30 iter=50 n_caps=14 minZ=0.025166 runtime=83.05s placement={0: 1045, 1: 3347, 19: 788}
2026-03-18 00:08:25,749 INFO: particles=30 iter=50 n_caps=15 minZ=0.023660 runtime=84.46s placement={0: 1013, 1: 3347, 19: 0, 7: 0}
2026-03-18 00:10:03,147 INFO: particles=30 iter=50 n_caps=16 minZ=0.024553 runtime=97.40s placement={0: 0, 1: 3347, 19: 2350, 7: 1013}
2026-03-18 00:11:36,373 INFO: particles=30 iter=50 n_caps=17 minZ=0.021549 runtime=93.22s placement={0: 0, 19: 3347, 1: 2348, 7: 1876, 14: 0}
2026-03-18 00:13:03,595 INFO: particles=30 iter=50 n_caps=18 minZ=0.020879 runtime=87.22s placement={19: 1024, 0: 0, 1: 2348, 7: 0, 14: 0, 10: 0}
2026-03-18 00:14:31,164 INFO: particles=30 iter=50 n_caps=19 minZ=0.020047 runtime=87.57s placement={0: 3307, 1: 3347, 7: 0, 14: 0, 10: 0, 15: 0}
2026-03-18 00:15:59,943 INFO: particles=30 iter=50 n_caps=20 minZ=0.022572 runtime=88.78s placement={0: 0, 1: 3347, 6: 1014, 14: 1014, 10: 0, 15: 0}
