2026-03-25 17:08:41,499 INFO: particles=20 iter=25 n_caps=1 minZ=0.088670 runtime=11.57s placement={0: 1300}
2026-03-25 17:08:54,660 INFO: particles=20 iter=25 n_caps=2 minZ=0.079728 runtime=13.16s placement={0: 1014, 11: 20}
2026-03-25 17:09:06,919 INFO: particles=20 iter=25 n_caps=3 minZ=0.067647 runtime=12.26s placement={0: 2394, 7: 2162, 15: 967}
2026-03-25 17:09:19,522 INFO: particles=20 iter=25 n_caps=4 minZ=0.060253 runtime=12.60s placement={0: 2088, 1: 2455, 7: 365}
2026-03-25 17:09:32,424 INFO: particles=20 iter=25 n_caps=5 minZ=0.044591 runtime=12.90s placement={0: 617, 1: 2053, 9: 2141}
2026-03-25 17:09:45,527 INFO: particles=20 iter=25 n_caps=6 minZ=0.043552 runtime=13.10s placement={0: 617, 9: 2053, 1: 2141, 10: 24}
2026-03-25 17:09:58,939 INFO: particles=20 iter=25 n_caps=7 minZ=0.046793 runtime=13.41s placement={9: 997, 0: 24, 1: 2141, 10: 617, 15: 95}
2026-03-25 17:10:12,703 INFO: particles=20 iter=25 n_caps=8 minZ=0.039009 runtime=13.76s placement={0: 1662, 1: 2053, 10: 1666, 15: 24, 14: 95}
2026-03-25 17:10:27,017 INFO: particles=20 iter=25 n_caps=9 minZ=0.037836 runtime=14.31s placement={0: 0, 1: 2020, 10: 2162, 15: 607, 14: 20}
2026-03-25 17:10:41,352 INFO: particles=20 iter=25 n_caps=10 minZ=0.040912 runtime=14.33s placement={0: 0, 10: 2020, 1: 2162, 15: 1536, 14: 607}
2026-03-25 17:10:55,981 INFO: particles=20 iter=25 n_caps=11 minZ=0.042375 runtime=14.63s placement={9: 511, 0: 99, 15: 2243, 14: 195, 1: 687, 13: 0}
2026-03-25 17:11:11,051 INFO: particles=20 iter=25 n_caps=12 minZ=0.027932 runtime=15.07s placement={0: 1521, 15: 1453, 16: 2229, 1: 137, 12: 0}
2026-03-25 17:11:26,359 INFO: particles=20 iter=25 n_caps=13 minZ=0.027536 runtime=15.31s placement={15: 512, 16: 1453, 0: 1521, 1: 137, 12: 1678, 7: 73}
2026-03-25 17:11:41,926 INFO: particles=20 iter=25 n_caps=14 minZ=0.029474 runtime=15.57s placement={16: 512, 0: 2549, 1: 2229, 12: 845, 7: 1521, 6: 73}
2026-03-25 17:11:57,901 INFO: particles=20 iter=25 n_caps=15 minZ=0.026717 runtime=15.97s placement={0: 3213, 1: 1384, 9: 1327, 7: 92, 6: 1486, 2: 2724}
2026-03-25 17:12:14,181 INFO: particles=20 iter=25 n_caps=16 minZ=0.028269 runtime=16.28s placement={0: 0, 1: 1719, 4: 438, 11: 934, 3: 2, 2: 2707}
2026-03-25 17:12:30,665 INFO: particles=20 iter=25 n_caps=17 minZ=0.026814 runtime=16.48s placement={0: 2696, 1: 3342, 5: 0, 11: 28, 3: 920, 2: 187, 14: 0, 4: 0}
2026-03-25 17:12:47,642 INFO: particles=20 iter=25 n_caps=18 minZ=0.024421 runtime=16.98s placement={0: 1497, 1: 968, 5: 0, 13: 355, 19: 2559, 6: 0, 14: 373}
2026-03-25 17:13:04,936 INFO: particles=20 iter=25 n_caps=19 minZ=0.024583 runtime=17.29s placement={0: 664, 1: 1277, 5: 911, 2: 0, 14: 1643, 18: 1470, 3: 2155, 15: 362, 7: 1619, 16: 0}
2026-03-25 17:13:22,353 INFO: particles=20 iter=25 n_caps=20 minZ=0.025256 runtime=17.42s placement={0: 0, 5: 1277, 2: 911, 1: 0, 14: 1028, 18: 0, 3: 1470, 15: 2155, 7: 664, 16: 1619}
