2026-03-23 09:56:41,945 INFO: particles=80 iter=15 n_caps=1 minZ=0.085029 runtime=54.66s placement={0: 1316}
2026-03-23 09:57:37,709 INFO: particles=80 iter=15 n_caps=2 minZ=0.065136 runtime=55.76s placement={9: 1690, 0: 910}
2026-03-23 09:58:35,521 INFO: particles=80 iter=15 n_caps=3 minZ=0.062549 runtime=57.81s placement={0: 1690, 9: 910, 10: 1592}
2026-03-23 09:59:34,396 INFO: particles=80 iter=15 n_caps=4 minZ=0.057740 runtime=58.87s placement={7: 1818, 9: 1184, 0: 1576, 5: 618}
2026-03-23 10:00:34,444 INFO: particles=80 iter=15 n_caps=5 minZ=0.048427 runtime=60.05s placement={14: 1734, 0: 1170, 5: 1044, 10: 749, 16: 1012}
2026-03-23 10:01:34,781 INFO: particles=80 iter=15 n_caps=6 minZ=0.049440 runtime=60.34s placement={0: 1734, 5: 1170, 10: 1044, 16: 749, 9: 1012, 6: 2452}
2026-03-23 10:02:34,980 INFO: particles=80 iter=15 n_caps=7 minZ=0.047014 runtime=60.20s placement={0: 876, 10: 1170, 20: 335, 7: 1228, 6: 927, 1: 2560}
2026-03-23 10:03:35,951 INFO: particles=80 iter=15 n_caps=8 minZ=0.039458 runtime=60.97s placement={5: 1325, 20: 1965, 8: 457, 10: 1342, 0: 965, 1: 3347, 13: 1731}
2026-03-23 10:04:38,224 INFO: particles=80 iter=15 n_caps=9 minZ=0.034430 runtime=62.27s placement={20: 1428, 9: 2499, 14: 483, 0: 894, 1: 1005, 13: 3347}
2026-03-23 10:05:41,013 INFO: particles=80 iter=15 n_caps=10 minZ=0.032567 runtime=62.79s placement={9: 1428, 14: 2499, 0: 3347, 1: 1351, 13: 1005}
2026-03-23 10:06:44,337 INFO: particles=80 iter=15 n_caps=11 minZ=0.027493 runtime=63.32s placement={14: 1440, 0: 1075, 1: 228, 12: 1430}
2026-03-23 10:07:50,132 INFO: particles=80 iter=15 n_caps=12 minZ=0.025554 runtime=65.79s placement={0: 2427, 1: 2526, 12: 228}
2026-03-23 10:08:56,248 INFO: particles=80 iter=15 n_caps=13 minZ=0.025252 runtime=66.12s placement={0: 2427, 12: 2526, 1: 228, 7: 0}
2026-03-23 10:10:02,928 INFO: particles=80 iter=15 n_caps=14 minZ=0.025928 runtime=66.68s placement={12: 1440, 0: 0, 1: 228, 7: 2427}
2026-03-23 10:11:10,261 INFO: particles=80 iter=15 n_caps=15 minZ=0.024693 runtime=67.33s placement={0: 2126, 1: 2526, 7: 1075}
2026-03-23 10:12:17,819 INFO: particles=80 iter=15 n_caps=16 minZ=0.023753 runtime=67.56s placement={0: 0, 1: 2518, 9: 3347}
2026-03-23 10:13:24,039 INFO: particles=80 iter=15 n_caps=17 minZ=0.021322 runtime=66.22s placement={0: 342, 1: 2211, 3: 3347, 7: 1142, 2: 2260}
2026-03-23 10:14:33,680 INFO: particles=80 iter=15 n_caps=18 minZ=0.025603 runtime=69.64s placement={0: 342, 1: 2211, 3: 1014, 7: 1014, 2: 0, 16: 0}
2026-03-23 10:15:44,285 INFO: particles=80 iter=15 n_caps=19 minZ=0.023068 runtime=70.60s placement={0: 0, 1: 2211, 3: 1176, 7: 1035, 2: 0, 16: 342}
2026-03-23 10:16:55,187 INFO: particles=80 iter=15 n_caps=20 minZ=0.021735 runtime=70.90s placement={0: 0, 1: 2211, 3: 95, 7: 3347, 2: 2425, 16: 0}
