2026-03-18 17:29:03,819 INFO: particles=50 iter=25 n_caps=1 minZ=0.087365 runtime=57.24s placement={9: 1014}
2026-03-18 17:30:03,498 INFO: particles=50 iter=25 n_caps=2 minZ=0.066227 runtime=59.68s placement={16: 1014, 0: 1242}
2026-03-18 17:31:04,189 INFO: particles=50 iter=25 n_caps=3 minZ=0.047081 runtime=60.69s placement={0: 1014, 9: 1242, 10: 2747}
2026-03-18 17:32:04,104 INFO: particles=50 iter=25 n_caps=4 minZ=0.060749 runtime=59.92s placement={9: 1014, 10: 1242, 0: 2747, 6: 0}
2026-03-18 17:33:05,407 INFO: particles=50 iter=25 n_caps=5 minZ=0.046381 runtime=61.30s placement={9: 1631, 0: 1012, 7: 2852, 19: 134, 10: 1493}
2026-03-18 17:34:08,300 INFO: particles=50 iter=25 n_caps=6 minZ=0.048914 runtime=62.89s placement={0: 1012, 6: 979, 19: 3103, 9: 9, 16: 1497, 14: 761}
2026-03-18 17:35:11,928 INFO: particles=50 iter=25 n_caps=7 minZ=0.048441 runtime=63.63s placement={0: 1580, 15: 471, 10: 617, 5: 1061, 1: 0, 16: 1263, 9: 1596}
2026-03-18 17:36:16,844 INFO: particles=50 iter=25 n_caps=8 minZ=0.042622 runtime=64.91s placement={6: 1738, 11: 608, 4: 1861, 0: 1014, 8: 0, 9: 609, 7: 1502, 5: 50}
2026-03-18 17:37:21,505 INFO: particles=50 iter=25 n_caps=9 minZ=0.044698 runtime=64.66s placement={0: 1012, 20: 689, 5: 3065, 10: 3347, 12: 1911, 15: 0, 1: 59, 8: 1996}
2026-03-18 17:38:27,308 INFO: particles=50 iter=25 n_caps=10 minZ=0.044021 runtime=65.80s placement={1: 2947, 2: 194, 5: 0, 16: 2825, 0: 1014, 18: 3069, 17: 43, 4: 2102, 14: 2540}
2026-03-18 17:39:35,012 INFO: particles=50 iter=25 n_caps=11 minZ=0.037329 runtime=67.70s placement={1: 2967, 6: 196, 15: 884, 0: 2542, 19: 2354, 20: 3038, 14: 1152, 7: 126}
2026-03-18 17:40:43,149 INFO: particles=50 iter=25 n_caps=12 minZ=0.037497 runtime=68.14s placement={8: 3347, 20: 1382, 0: 685, 18: 3347, 15: 1634, 1: 3347, 16: 957, 4: 2541, 19: 74}
2026-03-18 17:41:52,783 INFO: particles=50 iter=25 n_caps=13 minZ=0.036599 runtime=69.63s placement={20: 870, 0: 2888, 19: 509, 14: 3347, 1: 2421, 15: 271, 4: 2556, 5: 67, 3: 2423}
2026-03-18 17:43:02,469 INFO: particles=50 iter=25 n_caps=14 minZ=0.028651 runtime=69.69s placement={0: 1382, 1: 18, 11: 3142, 15: 1516, 20: 383, 19: 3259, 16: 0}
2026-03-18 17:44:12,107 INFO: particles=50 iter=25 n_caps=15 minZ=0.025812 runtime=69.64s placement={0: 0, 1: 11, 11: 1284, 16: 3125, 20: 1513, 17: 1535, 15: 3253, 2: 0}
2026-03-18 17:45:23,176 INFO: particles=50 iter=25 n_caps=16 minZ=0.025974 runtime=71.07s placement={0: 0, 10: 11, 16: 1287, 20: 3125, 1: 1517, 17: 1013, 15: 1553, 2: 3253}
2026-03-18 17:46:35,285 INFO: particles=50 iter=25 n_caps=17 minZ=0.026935 runtime=72.11s placement={0: 73, 16: 3, 18: 1381, 1: 2605, 19: 314, 17: 1118}
2026-03-18 17:47:47,982 INFO: particles=50 iter=25 n_caps=18 minZ=0.023579 runtime=72.70s placement={16: 1450, 18: 3, 0: 0, 1: 2627, 19: 872, 17: 299, 7: 75, 2: 0}
2026-03-18 17:49:01,496 INFO: particles=50 iter=25 n_caps=19 minZ=0.024341 runtime=73.51s placement={18: 1359, 0: 2772, 1: 1361, 19: 1172, 16: 913, 6: 0}
2026-03-18 17:50:15,511 INFO: particles=50 iter=25 n_caps=20 minZ=0.022463 runtime=74.01s placement={0: 3049, 1: 0, 18: 134, 16: 1230, 6: 0}
