2026-03-17 18:42:58,156 INFO: particles=30 iter=40 n_caps=1 minZ=0.080251 runtime=57.27s placement={0: 1012}
2026-03-17 18:44:02,792 INFO: particles=30 iter=40 n_caps=2 minZ=0.070443 runtime=64.64s placement={0: 1487, 6: 367}
2026-03-17 18:45:11,292 INFO: particles=30 iter=40 n_caps=3 minZ=0.061079 runtime=68.50s placement={0: 1518, 10: 367, 15: 503}
2026-03-17 18:46:19,808 INFO: particles=30 iter=40 n_caps=4 minZ=0.046812 runtime=68.52s placement={9: 1028, 14: 198, 0: 1014, 5: 1725}
2026-03-17 18:47:28,436 INFO: particles=30 iter=40 n_caps=5 minZ=0.051572 runtime=68.63s placement={14: 596, 0: 1464, 6: 941, 9: 1713, 15: 1774}
2026-03-17 18:48:39,009 INFO: particles=30 iter=40 n_caps=6 minZ=0.051214 runtime=70.57s placement={0: 678, 7: 1403, 6: 957, 14: 968, 1: 2624, 10: 1627}
2026-03-17 18:49:48,101 INFO: particles=30 iter=40 n_caps=7 minZ=0.042197 runtime=69.09s placement={7: 661, 5: 1413, 12: 767, 0: 1012, 10: 3113, 9: 1536, 13: 0}
2026-03-17 18:50:52,833 INFO: particles=30 iter=40 n_caps=8 minZ=0.041038 runtime=64.73s placement={7: 670, 12: 1472, 0: 1564, 9: 783, 10: 3009, 13: 1848, 1: 0}
2026-03-17 18:52:05,113 INFO: particles=30 iter=40 n_caps=9 minZ=0.035593 runtime=72.28s placement={12: 803, 0: 1031, 7: 1353, 9: 1137, 14: 3067, 1: 1728}
2026-03-17 18:53:16,608 INFO: particles=30 iter=40 n_caps=10 minZ=0.025264 runtime=71.49s placement={0: 1677, 7: 126, 9: 806, 13: 0, 1: 3103}
2026-03-17 18:54:30,265 INFO: particles=30 iter=40 n_caps=11 minZ=0.030295 runtime=73.66s placement={7: 1012, 9: 126, 13: 806, 0: 1677, 1: 3103, 16: 0}
2026-03-17 18:55:45,165 INFO: particles=30 iter=40 n_caps=12 minZ=0.025419 runtime=74.90s placement={9: 1010, 13: 120, 0: 1175, 1: 0, 16: 1680}
2026-03-17 18:56:59,114 INFO: particles=30 iter=40 n_caps=13 minZ=0.028187 runtime=73.95s placement={13: 1010, 0: 1582, 1: 765, 16: 1014}
2026-03-17 18:58:15,229 INFO: particles=30 iter=40 n_caps=14 minZ=0.025809 runtime=76.11s placement={0: 2329, 1: 94, 16: 607}
2026-03-17 18:59:32,546 INFO: particles=30 iter=40 n_caps=15 minZ=0.024854 runtime=77.32s placement={0: 2329, 1: 94, 16: 10, 7: 0}
2026-03-17 19:00:49,283 INFO: particles=30 iter=40 n_caps=16 minZ=0.023278 runtime=76.74s placement={0: 0, 1: 88, 16: 1827, 7: 2279}
2026-03-17 19:02:07,027 INFO: particles=30 iter=40 n_caps=17 minZ=0.023566 runtime=77.74s placement={0: 0, 1: 88, 16: 3029, 7: 2007}
2026-03-17 19:03:24,980 INFO: particles=30 iter=40 n_caps=18 minZ=0.022421 runtime=77.95s placement={0: 1, 1: 88, 16: 0, 7: 1279}
2026-03-17 19:04:34,921 INFO: particles=30 iter=40 n_caps=19 minZ=0.023339 runtime=69.94s placement={0: 0, 1: 88, 16: 892, 7: 0}
2026-03-17 19:05:46,333 INFO: particles=30 iter=40 n_caps=20 minZ=0.022279 runtime=71.41s placement={0: 20, 16: 91, 1: 909, 7: 1979}
