2026-03-19 11:24:42,682 INFO: particles=50 iter=50 n_caps=1 minZ=0.080251 runtime=115.49s placement={0: 1014}
2026-03-19 11:26:49,714 INFO: particles=50 iter=50 n_caps=2 minZ=0.055049 runtime=127.03s placement={0: 1014, 7: 1583}
2026-03-19 11:28:53,518 INFO: particles=50 iter=50 n_caps=3 minZ=0.059809 runtime=123.80s placement={5: 850, 0: 1291, 6: 1012}
2026-03-19 11:31:00,502 INFO: particles=50 iter=50 n_caps=4 minZ=0.043498 runtime=126.98s placement={0: 1014, 9: 922, 10: 2937, 6: 982}
2026-03-19 11:33:07,749 INFO: particles=50 iter=50 n_caps=5 minZ=0.043061 runtime=127.25s placement={9: 1255, 10: 1126, 6: 3184, 0: 1012, 11: 0}
2026-03-19 11:35:17,734 INFO: particles=50 iter=50 n_caps=6 minZ=0.043808 runtime=129.98s placement={8: 1459, 7: 1316, 0: 1012, 9: 1505, 10: 907, 19: 732}
2026-03-19 11:37:26,450 INFO: particles=50 iter=50 n_caps=7 minZ=0.044821 runtime=128.72s placement={7: 538, 0: 1169, 9: 1012, 10: 1492, 16: 952, 5: 623, 6: 925}
2026-03-19 11:39:36,794 INFO: particles=50 iter=50 n_caps=8 minZ=0.038376 runtime=130.34s placement={0: 1014, 14: 923, 16: 1037, 17: 1695, 6: 1677, 7: 658, 10: 583, 15: 700}
2026-03-19 11:42:02,611 INFO: particles=50 iter=50 n_caps=9 minZ=0.035611 runtime=145.82s placement={15: 811, 16: 917, 9: 1045, 7: 1567, 6: 1485, 10: 1266, 14: 262, 0: 1014, 5: 13}
2026-03-19 11:44:36,073 INFO: particles=50 iter=50 n_caps=10 minZ=0.030603 runtime=153.46s placement={0: 1903, 7: 1190, 1: 1433, 14: 61, 4: 2574}
2026-03-19 11:47:11,300 INFO: particles=50 iter=50 n_caps=11 minZ=0.027776 runtime=155.23s placement={0: 344, 1: 1359, 16: 888, 5: 1809}
2026-03-19 11:49:51,760 INFO: particles=50 iter=50 n_caps=12 minZ=0.024642 runtime=160.46s placement={0: 8, 1: 1585, 16: 1991, 2: 1600}
2026-03-19 11:52:32,387 INFO: particles=50 iter=50 n_caps=13 minZ=0.024337 runtime=160.63s placement={0: 0, 16: 1585, 1: 1991, 2: 488}
2026-03-19 11:55:14,113 INFO: particles=50 iter=50 n_caps=14 minZ=0.024326 runtime=161.73s placement={17: 608, 1: 1528, 0: 0, 2: 0}
2026-03-19 11:57:57,346 INFO: particles=50 iter=50 n_caps=15 minZ=0.021986 runtime=163.23s placement={1: 602, 0: 2944, 2: 0, 10: 0}
2026-03-19 12:00:42,629 INFO: particles=50 iter=50 n_caps=16 minZ=0.022249 runtime=165.28s placement={0: 2944, 1: 1615, 2: 1, 10: 0, 7: 236}
2026-03-19 12:03:28,804 INFO: particles=50 iter=50 n_caps=17 minZ=0.021479 runtime=166.17s placement={0: 7, 1: 1605, 2: 314, 10: 1, 7: 2930}
2026-03-19 12:06:19,289 INFO: particles=50 iter=50 n_caps=18 minZ=0.020062 runtime=170.48s placement={0: 0, 1: 1575, 2: 1667, 10: 343, 7: 0}
2026-03-19 12:09:09,448 INFO: particles=50 iter=50 n_caps=19 minZ=0.020148 runtime=170.16s placement={0: 0, 1: 1575, 2: 744, 10: 1667, 7: 22}
2026-03-19 12:11:40,395 INFO: particles=50 iter=50 n_caps=20 minZ=0.019984 runtime=150.95s placement={0: 0, 1: 1575, 2: 1012, 10: 743, 7: 1, 15: 0}
