2026-03-28 00:15:12,358 INFO: particles=80 iter=25 n_caps=1 minZ=0.080251 runtime=46.16s placement={0: 1012}
2026-03-28 00:16:03,076 INFO: particles=80 iter=25 n_caps=2 minZ=0.065223 runtime=50.72s placement={0: 983, 5: 1012}
2026-03-28 00:16:52,482 INFO: particles=80 iter=25 n_caps=3 minZ=0.051481 runtime=49.41s placement={0: 1014, 5: 1487, 10: 0}
2026-03-28 00:17:44,581 INFO: particles=80 iter=25 n_caps=4 minZ=0.052512 runtime=52.10s placement={6: 1223, 10: 711, 16: 674, 0: 1014}
2026-03-28 00:18:36,763 INFO: particles=80 iter=25 n_caps=5 minZ=0.042114 runtime=52.18s placement={9: 1112, 15: 1083, 0: 1014, 14: 1541, 16: 807}
2026-03-28 00:19:29,112 INFO: particles=80 iter=25 n_caps=6 minZ=0.040091 runtime=52.35s placement={15: 690, 0: 1631, 14: 1296, 16: 1628, 1: 810}
2026-03-28 00:20:22,992 INFO: particles=80 iter=25 n_caps=7 minZ=0.036753 runtime=53.88s placement={0: 2382, 1: 865, 14: 667}
2026-03-28 00:21:20,879 INFO: particles=80 iter=25 n_caps=8 minZ=0.034103 runtime=57.89s placement={0: 2919, 14: 1682, 1: 1590, 15: 0}
2026-03-28 00:22:17,873 INFO: particles=80 iter=25 n_caps=9 minZ=0.033718 runtime=56.99s placement={14: 886, 0: 0, 1: 1568, 15: 2921}
2026-03-28 00:23:15,206 INFO: particles=80 iter=25 n_caps=10 minZ=0.027762 runtime=57.33s placement={0: 2383, 1: 1399, 14: 1660}
2026-03-28 00:24:13,653 INFO: particles=80 iter=25 n_caps=11 minZ=0.026834 runtime=58.45s placement={0: 0, 1: 1191, 14: 818}
2026-03-28 00:25:14,058 INFO: particles=80 iter=25 n_caps=12 minZ=0.026053 runtime=60.40s placement={0: 2620, 1: 1191, 14: 0, 7: 0, 10: 4}
2026-03-28 00:26:15,425 INFO: particles=80 iter=25 n_caps=13 minZ=0.028951 runtime=61.37s placement={0: 0, 1: 1197, 14: 1016, 8: 2612, 10: 0}
2026-03-28 00:27:18,234 INFO: particles=80 iter=25 n_caps=14 minZ=0.027472 runtime=62.81s placement={0: 0, 14: 1197, 1: 1011, 8: 0, 9: 2636}
2026-03-28 00:28:22,023 INFO: particles=80 iter=25 n_caps=15 minZ=0.028398 runtime=63.79s placement={10: 1394, 0: 0, 1: 1218, 15: 1417, 16: 0}
2026-03-28 00:29:29,561 INFO: particles=80 iter=25 n_caps=16 minZ=0.024603 runtime=67.54s placement={0: 1773, 1: 1607, 15: 1499, 16: 1345}
2026-03-28 00:30:37,766 INFO: particles=80 iter=25 n_caps=17 minZ=0.022196 runtime=68.20s placement={0: 7, 1: 1402, 15: 2565, 16: 1581}
2026-03-28 00:31:49,499 INFO: particles=80 iter=25 n_caps=18 minZ=0.021874 runtime=71.73s placement={0: 0, 1: 1402, 15: 697, 16: 2565}
2026-03-28 00:32:59,057 INFO: particles=80 iter=25 n_caps=19 minZ=0.021331 runtime=69.56s placement={0: 0, 1: 1402, 15: 0, 16: 697}
2026-03-28 00:34:08,964 INFO: particles=80 iter=25 n_caps=20 minZ=0.022051 runtime=69.91s placement={0: 0, 1: 1402, 15: 1169, 16: 0}
