2026-03-20 13:23:22,037 INFO: particles=80 iter=25 n_caps=1 minZ=0.080251 runtime=85.65s placement={0: 1012}
2026-03-20 13:24:49,788 INFO: particles=80 iter=25 n_caps=2 minZ=0.070004 runtime=87.75s placement={0: 1466, 9: 528}
2026-03-20 13:26:19,820 INFO: particles=80 iter=25 n_caps=3 minZ=0.060443 runtime=90.03s placement={10: 837, 0: 1317, 9: 1562}
2026-03-20 13:27:50,796 INFO: particles=80 iter=25 n_caps=4 minZ=0.047420 runtime=90.98s placement={0: 1012, 7: 1056, 1: 755, 9: 1717}
2026-03-20 13:29:22,871 INFO: particles=80 iter=25 n_caps=5 minZ=0.051358 runtime=92.07s placement={9: 511, 0: 1103, 11: 879, 5: 1003, 6: 2479}
2026-03-20 13:30:57,220 INFO: particles=80 iter=25 n_caps=6 minZ=0.048184 runtime=94.35s placement={0: 1291, 10: 1126, 6: 685, 7: 877, 15: 2479, 9: 1516}
2026-03-20 13:32:33,364 INFO: particles=80 iter=25 n_caps=7 minZ=0.042656 runtime=96.14s placement={10: 597, 6: 1333, 7: 1858, 16: 608, 9: 956, 0: 1012, 1: 91}
2026-03-20 13:34:11,712 INFO: particles=80 iter=25 n_caps=8 minZ=0.036904 runtime=98.35s placement={0: 1014, 1: 1524, 16: 893, 14: 0, 15: 19, 18: 1191}
2026-03-20 13:35:50,126 INFO: particles=80 iter=25 n_caps=9 minZ=0.034424 runtime=98.41s placement={0: 0, 13: 1480, 14: 812, 1: 0, 15: 1203, 19: 0}
2026-03-20 13:37:31,340 INFO: particles=80 iter=25 n_caps=10 minZ=0.032850 runtime=101.21s placement={13: 707, 15: 1348, 0: 159, 1: 953, 9: 2034, 19: 391, 6: 686}
2026-03-20 13:39:14,696 INFO: particles=80 iter=25 n_caps=11 minZ=0.030184 runtime=103.36s placement={14: 848, 0: 100, 1: 330, 9: 1318, 19: 1537, 6: 1015, 4: 1651}
2026-03-20 13:40:59,925 INFO: particles=80 iter=25 n_caps=12 minZ=0.026038 runtime=105.23s placement={0: 2122, 1: 1387, 17: 377, 19: 1851, 4: 1058, 5: 44}
2026-03-20 13:42:45,299 INFO: particles=80 iter=25 n_caps=13 minZ=0.027300 runtime=105.37s placement={1: 663, 17: 1649, 19: 377, 0: 0, 2: 374, 6: 1391}
2026-03-20 13:44:32,878 INFO: particles=80 iter=25 n_caps=14 minZ=0.026437 runtime=107.58s placement={17: 573, 19: 1669, 0: 268, 1: 1474, 2: 1595, 7: 1078}
2026-03-20 13:46:22,564 INFO: particles=80 iter=25 n_caps=15 minZ=0.025577 runtime=109.68s placement={16: 879, 0: 2090, 1: 25, 12: 1754, 19: 226}
2026-03-20 13:48:13,521 INFO: particles=80 iter=25 n_caps=16 minZ=0.023463 runtime=110.96s placement={0: 2681, 1: 1847, 12: 14, 19: 1279}
2026-03-20 13:50:05,851 INFO: particles=80 iter=25 n_caps=17 minZ=0.022624 runtime=112.33s placement={0: 132, 1: 1977, 14: 1514, 19: 538}
2026-03-20 13:52:00,321 INFO: particles=80 iter=25 n_caps=18 minZ=0.023083 runtime=114.47s placement={0: 0, 1: 2645, 10: 292, 20: 1376}
2026-03-20 13:53:55,488 INFO: particles=80 iter=25 n_caps=19 minZ=0.022129 runtime=115.17s placement={0: 0, 1: 2656, 9: 0, 20: 230, 4: 0}
2026-03-20 13:55:51,763 INFO: particles=80 iter=25 n_caps=20 minZ=0.021896 runtime=116.27s placement={0: 0, 9: 2608, 1: 0, 20: 1423, 4: 0}
