2026-03-26 00:41:35,492 INFO: particles=30 iter=10 n_caps=1 minZ=0.089207 runtime=8.91s placement={0: 1487}
2026-03-26 00:41:44,545 INFO: particles=30 iter=10 n_caps=2 minZ=0.077509 runtime=9.05s placement={0: 1589, 6: 615}
2026-03-26 00:41:53,857 INFO: particles=30 iter=10 n_caps=3 minZ=0.070407 runtime=9.31s placement={15: 1014, 12: 2497, 0: 1329}
2026-03-26 00:42:03,345 INFO: particles=30 iter=10 n_caps=4 minZ=0.066074 runtime=9.49s placement={15: 1789, 0: 981, 16: 2889, 14: 1598}
2026-03-26 00:42:13,023 INFO: particles=30 iter=10 n_caps=5 minZ=0.062146 runtime=9.68s placement={0: 1103, 10: 975, 5: 2628, 8: 1609, 9: 1878}
2026-03-26 00:42:22,893 INFO: particles=30 iter=10 n_caps=6 minZ=0.052960 runtime=9.87s placement={0: 1244, 9: 595, 13: 3152, 10: 1014, 5: 2474, 14: 2035}
2026-03-26 00:42:32,926 INFO: particles=30 iter=10 n_caps=7 minZ=0.055249 runtime=10.03s placement={7: 1203, 13: 608, 9: 3148, 6: 585, 14: 2568, 0: 2028, 5: 0}
2026-03-26 00:42:43,160 INFO: particles=30 iter=10 n_caps=8 minZ=0.052820 runtime=10.23s placement={13: 1203, 9: 608, 6: 3148, 14: 585, 0: 2568, 7: 2028, 5: 0, 10: 1194}
2026-03-26 00:42:53,543 INFO: particles=30 iter=10 n_caps=9 minZ=0.051708 runtime=10.38s placement={9: 1203, 6: 608, 14: 3148, 0: 585, 7: 2568, 5: 2028, 10: 0, 15: 1194, 16: 2264}
2026-03-26 00:43:04,144 INFO: particles=30 iter=10 n_caps=10 minZ=0.050560 runtime=10.60s placement={20: 744, 9: 1973, 0: 678, 15: 1913, 5: 1045, 3: 2260, 6: 148, 8: 768, 7: 1022, 10: 3112}
2026-03-26 00:43:14,969 INFO: particles=30 iter=10 n_caps=11 minZ=0.046512 runtime=10.82s placement={9: 1143, 0: 1583, 20: 1123, 8: 57, 1: 1591, 7: 2238, 5: 0, 19: 3347}
2026-03-26 00:43:25,923 INFO: particles=30 iter=10 n_caps=12 minZ=0.036226 runtime=10.95s placement={0: 987, 20: 400, 10: 1108, 1: 264, 6: 3347, 13: 361, 19: 0}
2026-03-26 00:43:37,061 INFO: particles=30 iter=10 n_caps=13 minZ=0.036786 runtime=11.14s placement={14: 342, 11: 0, 0: 815, 1: 0, 7: 588, 17: 3347, 20: 1639, 8: 0}
2026-03-26 00:43:48,406 INFO: particles=30 iter=10 n_caps=14 minZ=0.031727 runtime=11.35s placement={11: 0, 1: 0, 0: 1582, 20: 371, 19: 542, 12: 3194, 16: 625, 2: 3166, 10: 363, 14: 975, 9: 2286}
2026-03-26 00:43:59,952 INFO: particles=30 iter=10 n_caps=15 minZ=0.036146 runtime=11.55s placement={6: 1260, 15: 1468, 11: 3251, 8: 2488, 2: 597, 0: 1622, 3: 2352, 12: 529, 19: 3071, 1: 2017, 16: 311, 13: 1336, 9: 2356}
2026-03-26 00:44:11,673 INFO: particles=30 iter=10 n_caps=16 minZ=0.032967 runtime=11.72s placement={18: 128, 10: 1416, 6: 3257, 1: 1785, 0: 1416, 19: 599, 3: 3020, 20: 2938, 15: 163, 8: 3055, 9: 2192}
2026-03-26 00:44:23,545 INFO: particles=30 iter=10 n_caps=17 minZ=0.031394 runtime=11.87s placement={10: 46, 0: 798, 1: 3347, 17: 3347, 20: 3347, 15: 3347, 12: 0, 3: 415, 8: 3343, 9: 3347}
2026-03-26 00:44:35,537 INFO: particles=30 iter=10 n_caps=18 minZ=0.032855 runtime=11.99s placement={0: 2091, 1: 3347, 17: 599, 20: 273, 16: 3347, 12: 3347, 2: 289, 8: 263, 6: 0}
2026-03-26 00:44:47,752 INFO: particles=30 iter=10 n_caps=19 minZ=0.032028 runtime=12.21s placement={0: 2352, 1: 1448, 11: 768, 20: 3347, 15: 259, 12: 3347, 7: 382, 9: 3078, 4: 0}
2026-03-26 00:45:00,145 INFO: particles=30 iter=10 n_caps=20 minZ=0.031668 runtime=12.39s placement={0: 0, 1: 956, 12: 479, 3: 475, 20: 1091, 13: 3347, 14: 311, 6: 0, 5: 3347, 16: 0}
