2026-03-23 19:00:19,809 INFO: particles=50 iter=10 n_caps=1 minZ=0.085029 runtime=13.10s placement={0: 1317}
2026-03-23 19:00:33,368 INFO: particles=50 iter=10 n_caps=2 minZ=0.072658 runtime=13.56s placement={0: 1300, 7: 1055}
2026-03-23 19:00:47,777 INFO: particles=50 iter=10 n_caps=3 minZ=0.070081 runtime=14.41s placement={9: 2155, 7: 1695, 0: 1282}
2026-03-23 19:01:02,775 INFO: particles=50 iter=10 n_caps=4 minZ=0.050228 runtime=15.00s placement={14: 2369, 0: 1012, 7: 1108, 6: 376}
2026-03-23 19:01:17,583 INFO: particles=50 iter=10 n_caps=5 minZ=0.045378 runtime=14.81s placement={0: 2665, 15: 988, 1: 839, 13: 0}
2026-03-23 19:01:32,704 INFO: particles=50 iter=10 n_caps=6 minZ=0.050706 runtime=15.12s placement={0: 1363, 9: 606, 17: 1302, 1: 1248, 5: 1604}
2026-03-23 19:01:49,149 INFO: particles=50 iter=10 n_caps=7 minZ=0.040089 runtime=16.44s placement={0: 1508, 15: 617, 1: 1017, 6: 0}
2026-03-23 19:02:04,908 INFO: particles=50 iter=10 n_caps=8 minZ=0.040894 runtime=15.76s placement={15: 1169, 0: 35, 1: 1017, 6: 1508}
2026-03-23 19:02:21,159 INFO: particles=50 iter=10 n_caps=9 minZ=0.030975 runtime=16.25s placement={0: 2668, 1: 624}
2026-03-23 19:02:38,416 INFO: particles=50 iter=10 n_caps=10 minZ=0.030451 runtime=17.26s placement={0: 2668, 1: 624, 7: 0}
2026-03-23 19:02:55,205 INFO: particles=50 iter=10 n_caps=11 minZ=0.031257 runtime=16.79s placement={0: 34, 1: 624, 7: 2668}
2026-03-23 19:03:12,332 INFO: particles=50 iter=10 n_caps=12 minZ=0.030011 runtime=17.13s placement={0: 0, 1: 624, 7: 82, 6: 34}
2026-03-23 19:03:30,181 INFO: particles=50 iter=10 n_caps=13 minZ=0.031898 runtime=17.85s placement={0: 0, 1: 624, 7: 798, 6: 0}
2026-03-23 19:03:48,999 INFO: particles=50 iter=10 n_caps=14 minZ=0.029247 runtime=18.82s placement={0: 0, 1: 652, 6: 467, 5: 2650}
2026-03-23 19:04:07,929 INFO: particles=50 iter=10 n_caps=15 minZ=0.029920 runtime=18.93s placement={0: 0, 1: 652, 6: 982, 5: 119}
2026-03-23 19:04:26,856 INFO: particles=50 iter=10 n_caps=16 minZ=0.027170 runtime=18.93s placement={0: 975, 1: 957, 11: 2649}
2026-03-23 19:04:45,705 INFO: particles=50 iter=10 n_caps=17 minZ=0.027084 runtime=18.85s placement={0: 0, 1: 957, 11: 2538}
2026-03-23 19:05:05,186 INFO: particles=50 iter=10 n_caps=18 minZ=0.026798 runtime=19.48s placement={0: 822, 1: 1059, 14: 881, 2: 774, 3: 2808, 4: 470, 5: 284, 6: 185}
2026-03-23 19:05:25,121 INFO: particles=50 iter=10 n_caps=19 minZ=0.025758 runtime=19.93s placement={0: 1868, 1: 119, 19: 1163, 2: 0, 3: 73, 10: 1804, 11: 0}
2026-03-23 19:05:45,186 INFO: particles=50 iter=10 n_caps=20 minZ=0.027223 runtime=20.06s placement={0: 85, 1: 541, 20: 966, 5: 1881, 8: 0, 9: 1795}
