2026-03-17 17:39:37,044 INFO: particles=30 iter=40 n_caps=1 minZ=0.085029 runtime=55.10s placement={0: 1317}
2026-03-17 17:40:33,667 INFO: particles=30 iter=40 n_caps=2 minZ=0.081936 runtime=56.62s placement={0: 1317, 7: 0}
2026-03-17 17:41:33,862 INFO: particles=30 iter=40 n_caps=3 minZ=0.064263 runtime=60.19s placement={14: 1292, 0: 1567, 9: 1477}
2026-03-17 17:42:34,022 INFO: particles=30 iter=40 n_caps=4 minZ=0.057191 runtime=60.16s placement={0: 1012, 13: 1648, 6: 1501, 12: 3034}
2026-03-17 17:43:33,613 INFO: particles=30 iter=40 n_caps=5 minZ=0.043582 runtime=59.59s placement={6: 143, 0: 1014, 9: 1423, 14: 1081, 10: 2814}
2026-03-17 17:44:32,197 INFO: particles=30 iter=40 n_caps=6 minZ=0.037811 runtime=58.58s placement={0: 1012, 10: 1325, 15: 1347, 9: 1127, 1: 2753}
2026-03-17 17:45:32,627 INFO: particles=30 iter=40 n_caps=7 minZ=0.040018 runtime=60.43s placement={10: 1493, 15: 1270, 7: 1680, 0: 49, 1: 1657, 14: 1543}
2026-03-17 17:46:34,400 INFO: particles=30 iter=40 n_caps=8 minZ=0.036712 runtime=61.77s placement={20: 3262, 0: 2375, 1: 894, 19: 2145, 15: 12}
2026-03-17 17:47:37,691 INFO: particles=30 iter=40 n_caps=9 minZ=0.038759 runtime=63.29s placement={0: 489, 1: 167, 11: 2641, 12: 2310, 13: 2010, 10: 3347}
2026-03-17 17:48:41,040 INFO: particles=30 iter=40 n_caps=10 minZ=0.030464 runtime=63.35s placement={0: 1587, 1: 1996, 14: 2583, 19: 3046, 9: 698, 10: 731}
2026-03-17 17:49:44,643 INFO: particles=30 iter=40 n_caps=11 minZ=0.031757 runtime=63.60s placement={0: 1014, 1: 1869, 11: 242, 19: 3068, 14: 1183, 8: 433, 15: 1649, 3: 0}
2026-03-17 17:50:49,018 INFO: particles=30 iter=40 n_caps=12 minZ=0.028058 runtime=64.37s placement={0: 1002, 11: 1445, 18: 1583, 1: 3347, 8: 1014, 9: 344}
2026-03-17 17:51:54,531 INFO: particles=30 iter=40 n_caps=13 minZ=0.026439 runtime=65.51s placement={11: 1641, 18: 1445, 0: 0, 8: 3347, 1: 1014, 9: 931}
2026-03-17 17:53:00,185 INFO: particles=30 iter=40 n_caps=14 minZ=0.024794 runtime=65.65s placement={18: 1640, 0: 1917, 8: 1586, 1: 3347, 9: 1011}
2026-03-17 17:54:06,676 INFO: particles=30 iter=40 n_caps=15 minZ=0.021714 runtime=66.49s placement={0: 1900, 7: 1111, 1: 1423, 8: 3347, 11: 3295}
2026-03-17 17:55:14,160 INFO: particles=30 iter=40 n_caps=16 minZ=0.021912 runtime=67.48s placement={7: 1677, 0: 0, 8: 1423, 1: 3347, 11: 1900}
2026-03-17 17:56:23,005 INFO: particles=30 iter=40 n_caps=17 minZ=0.021448 runtime=68.84s placement={0: 1336, 7: 1111, 1: 1423, 11: 0, 9: 0}
2026-03-17 17:57:30,954 INFO: particles=30 iter=40 n_caps=18 minZ=0.021651 runtime=67.95s placement={7: 1677, 0: 1336, 1: 1423, 11: 1019, 9: 3295, 15: 0}
2026-03-17 17:58:40,680 INFO: particles=30 iter=40 n_caps=19 minZ=0.021144 runtime=69.73s placement={0: 1305, 1: 1111, 11: 0, 9: 1900, 15: 1336, 10: 0}
2026-03-17 17:59:50,311 INFO: particles=30 iter=40 n_caps=20 minZ=0.020626 runtime=69.63s placement={0: 0, 1: 1109, 11: 923, 9: 0, 15: 0, 10: 1338}
