2026-04-01 20:13:10,763 INFO: particles=20 iter=10 n_caps=1 minZ=0.089207 runtime=10.17s placement={0: 1487}
2026-04-01 20:13:23,043 INFO: particles=20 iter=10 n_caps=2 minZ=0.076106 runtime=12.28s placement={0: 1121, 16: 1534}
2026-04-01 20:13:34,995 INFO: particles=20 iter=10 n_caps=3 minZ=0.067676 runtime=11.95s placement={8: 3347, 15: 1995, 0: 911}
2026-04-01 20:13:48,224 INFO: particles=20 iter=10 n_caps=4 minZ=0.068943 runtime=13.23s placement={14: 175, 0: 1937, 10: 660, 16: 1663}
2026-04-01 20:14:02,220 INFO: particles=20 iter=10 n_caps=5 minZ=0.058812 runtime=13.99s placement={0: 911, 12: 1109, 9: 862, 6: 1381, 7: 2607}
2026-04-01 20:14:16,619 INFO: particles=20 iter=10 n_caps=6 minZ=0.053806 runtime=14.40s placement={15: 1078, 8: 1226, 9: 500, 10: 1371, 0: 1421, 1: 124}
2026-04-01 20:14:32,016 INFO: particles=20 iter=10 n_caps=7 minZ=0.054925 runtime=15.40s placement={16: 844, 6: 379, 0: 1040, 14: 1853, 19: 1666, 9: 1592, 10: 100}
2026-04-01 20:14:47,782 INFO: particles=20 iter=10 n_caps=8 minZ=0.056144 runtime=15.77s placement={6: 844, 0: 379, 14: 1040, 19: 1853, 9: 1666, 10: 1592, 15: 100, 1: 2769}
2026-04-01 20:15:05,651 INFO: particles=20 iter=10 n_caps=9 minZ=0.050428 runtime=17.87s placement={0: 2638, 15: 1057, 16: 1121, 9: 1759, 10: 1127, 14: 1551, 1: 244}
2026-04-01 20:15:24,042 INFO: particles=20 iter=10 n_caps=10 minZ=0.046330 runtime=18.39s placement={20: 1864, 16: 1411, 1: 410, 11: 1909, 17: 1156, 0: 1940, 10: 595, 9: 1186}
2026-04-01 20:15:42,430 INFO: particles=20 iter=10 n_caps=11 minZ=0.039805 runtime=18.39s placement={16: 1864, 1: 1411, 11: 410, 17: 1909, 0: 1186, 10: 1634, 9: 1940, 15: 3347}
2026-04-01 20:16:01,262 INFO: particles=20 iter=10 n_caps=12 minZ=0.039069 runtime=18.83s placement={1: 1864, 11: 1411, 16: 410, 0: 3347, 10: 1156, 9: 2850, 17: 1186, 14: 2747}
2026-04-01 20:16:20,650 INFO: particles=20 iter=10 n_caps=13 minZ=0.036601 runtime=19.39s placement={11: 1802, 16: 1569, 0: 1083, 1: 1781, 9: 1055, 15: 1385, 13: 3347, 18: 3202, 8: 1060}
2026-04-01 20:16:41,400 INFO: particles=20 iter=10 n_caps=14 minZ=0.032034 runtime=20.75s placement={16: 1802, 0: 1060, 1: 327, 9: 1966, 15: 2743, 13: 1083, 18: 3347, 8: 3202, 10: 1895}
2026-04-01 20:17:02,817 INFO: particles=20 iter=10 n_caps=15 minZ=0.037571 runtime=21.42s placement={0: 3347, 1: 832, 15: 750, 14: 2319, 9: 1256, 19: 980, 13: 3347, 10: 663, 8: 3347}
2026-04-01 20:17:23,883 INFO: particles=20 iter=10 n_caps=16 minZ=0.038746 runtime=21.06s placement={1: 1794, 0: 0, 15: 1569, 14: 663, 9: 2309, 19: 1256, 13: 980, 10: 3347, 8: 2319}
2026-04-01 20:17:53,606 INFO: particles=20 iter=10 n_caps=17 minZ=0.033980 runtime=29.72s placement={0: 323, 1: 832, 15: 91, 14: 3347, 9: 1169, 19: 2309, 13: 1256, 10: 3347, 8: 663, 6: 0}
2026-04-01 20:18:21,977 INFO: particles=20 iter=10 n_caps=18 minZ=0.033666 runtime=28.37s placement={0: 618, 14: 851, 1: 0, 15: 1874, 8: 3347, 19: 1131, 16: 2621, 9: 847, 13: 3347, 7: 3347, 10: 3347, 5: 0}
2026-04-01 20:18:51,619 INFO: particles=20 iter=10 n_caps=19 minZ=0.030917 runtime=29.64s placement={14: 0, 0: 1014, 20: 379, 1: 2328, 7: 455, 19: 3347, 8: 706, 9: 1856, 15: 1119, 4: 365}
2026-04-01 20:19:21,088 INFO: particles=20 iter=10 n_caps=20 minZ=0.028462 runtime=29.47s placement={0: 2893, 6: 2064, 1: 0, 10: 0, 20: 0, 7: 2074, 19: 1799, 18: 1303, 16: 596}
