2026-04-01 22:13:49,213 INFO: particles=20 iter=15 n_caps=1 minZ=0.101091 runtime=18.57s placement={9: 953}
2026-04-01 22:14:10,255 INFO: particles=20 iter=15 n_caps=2 minZ=0.086140 runtime=21.04s placement={7: 1221, 14: 686}
2026-04-01 22:14:32,859 INFO: particles=20 iter=15 n_caps=3 minZ=0.065841 runtime=22.60s placement={14: 1221, 0: 686, 6: 1256}
2026-04-01 22:14:57,441 INFO: particles=20 iter=15 n_caps=4 minZ=0.048286 runtime=24.58s placement={0: 1014, 5: 1089, 9: 1042, 10: 2254}
2026-04-01 22:15:22,794 INFO: particles=20 iter=15 n_caps=5 minZ=0.058001 runtime=25.35s placement={10: 1580, 14: 1002, 11: 408, 0: 2703, 6: 511}
2026-04-01 22:15:49,467 INFO: particles=20 iter=15 n_caps=6 minZ=0.043538 runtime=26.67s placement={0: 1014, 14: 1757, 1: 3070, 9: 1780, 4: 0}
2026-04-01 22:16:17,279 INFO: particles=20 iter=15 n_caps=7 minZ=0.052137 runtime=27.81s placement={15: 1365, 0: 390, 1: 1892, 7: 913, 6: 268, 10: 434, 5: 932}
2026-04-01 22:16:45,911 INFO: particles=20 iter=15 n_caps=8 minZ=0.038846 runtime=28.63s placement={0: 1935, 1: 0, 9: 852, 10: 498, 6: 684}
2026-04-01 22:17:17,207 INFO: particles=20 iter=15 n_caps=9 minZ=0.040117 runtime=31.30s placement={0: 1017, 1: 0, 10: 1397, 14: 1180, 19: 1892, 20: 0}
2026-04-01 22:17:49,272 INFO: particles=20 iter=15 n_caps=10 minZ=0.035552 runtime=32.06s placement={0: 1600, 1: 881, 16: 1453, 17: 0, 9: 0, 10: 1016, 14: 3248, 7: 1162}
2026-04-01 22:18:22,232 INFO: particles=20 iter=15 n_caps=11 minZ=0.033351 runtime=32.96s placement={0: 9, 16: 881, 17: 1453, 9: 0, 1: 0, 10: 1145, 14: 1016, 7: 3248}
2026-04-01 22:18:54,566 INFO: particles=20 iter=15 n_caps=12 minZ=0.038037 runtime=32.33s placement={15: 0, 16: 865, 6: 1418, 0: 0, 7: 996, 14: 803, 5: 401, 1: 3347}
2026-04-01 22:19:28,761 INFO: particles=20 iter=15 n_caps=13 minZ=0.032833 runtime=34.19s placement={12: 1259, 6: 1160, 0: 661, 5: 1465, 14: 330, 10: 1034, 1: 457, 15: 1001, 17: 2534}
2026-04-01 22:20:03,843 INFO: particles=20 iter=15 n_caps=14 minZ=0.031837 runtime=35.08s placement={7: 487, 0: 2504, 5: 1165, 14: 1451, 12: 442, 1: 1113, 15: 1056, 16: 532, 20: 2157}
2026-04-01 22:20:40,953 INFO: particles=20 iter=15 n_caps=15 minZ=0.028313 runtime=37.11s placement={0: 1184, 5: 1101, 14: 1194, 15: 1413, 1: 413, 13: 3347, 16: 0, 20: 2612, 2: 3234}
2026-04-01 22:21:18,965 INFO: particles=20 iter=15 n_caps=16 minZ=0.030971 runtime=38.01s placement={4: 702, 15: 1138, 13: 1404, 0: 0, 1: 132, 16: 446, 7: 1093, 14: 1556, 2: 0, 20: 752}
2026-04-01 22:22:05,421 INFO: particles=20 iter=15 n_caps=17 minZ=0.027696 runtime=46.46s placement={15: 1637, 13: 1143, 0: 822, 1: 1326, 16: 1370, 7: 3216, 17: 1278, 20: 0, 5: 0}
2026-04-01 22:22:50,359 INFO: particles=20 iter=15 n_caps=18 minZ=0.026727 runtime=44.94s placement={12: 1234, 0: 324, 1: 1186, 17: 0, 8: 218, 10: 3347, 20: 1249, 2: 3347, 7: 3347, 11: 648, 9: 3008}
2026-04-01 22:23:36,831 INFO: particles=20 iter=15 n_caps=19 minZ=0.029503 runtime=46.47s placement={0: 2027, 1: 655, 17: 471, 8: 925, 10: 218, 20: 1313, 2: 344, 7: 3347, 11: 324, 9: 648, 19: 3008}
2026-04-01 22:24:24,965 INFO: particles=20 iter=15 n_caps=20 minZ=0.028227 runtime=48.13s placement={0: 1014, 1: 636, 20: 917, 10: 0, 12: 0, 19: 3347, 8: 3347, 13: 3347, 4: 125, 5: 0}
