2026-03-21 23:44:56,912 INFO: particles=80 iter=50 n_caps=1 minZ=0.080251 runtime=169.75s placement={0: 1014}
2026-03-21 23:47:51,080 INFO: particles=80 iter=50 n_caps=2 minZ=0.064332 runtime=174.17s placement={0: 1584, 14: 1014}
2026-03-21 23:50:46,782 INFO: particles=80 iter=50 n_caps=3 minZ=0.051067 runtime=175.70s placement={16: 1488, 0: 1014, 7: 2}
2026-03-21 23:53:48,455 INFO: particles=80 iter=50 n_caps=4 minZ=0.046854 runtime=181.67s placement={0: 1012, 16: 1359, 20: 220, 9: 1818}
2026-03-21 23:56:53,652 INFO: particles=80 iter=50 n_caps=5 minZ=0.042522 runtime=185.20s placement={0: 1014, 6: 1147, 1: 1021, 15: 1879, 5: 367}
2026-03-22 00:00:01,257 INFO: particles=80 iter=50 n_caps=6 minZ=0.040634 runtime=187.60s placement={6: 1161, 0: 1014, 16: 1360, 7: 1679, 9: 366, 8: 229}
2026-03-22 00:03:14,670 INFO: particles=80 iter=50 n_caps=7 minZ=0.035098 runtime=193.41s placement={0: 3347, 10: 1593, 1: 307, 9: 1161}
2026-03-22 00:06:28,086 INFO: particles=80 iter=50 n_caps=8 minZ=0.028582 runtime=193.42s placement={0: 9, 1: 1326, 9: 920}
2026-03-22 00:09:44,427 INFO: particles=80 iter=50 n_caps=9 minZ=0.026086 runtime=196.34s placement={0: 92, 1: 1324, 9: 145, 7: 2}
2026-03-22 00:13:04,344 INFO: particles=80 iter=50 n_caps=10 minZ=0.025001 runtime=199.92s placement={0: 0, 9: 1323, 1: 145, 7: 3347}
2026-03-22 00:16:26,413 INFO: particles=80 iter=50 n_caps=11 minZ=0.028918 runtime=202.07s placement={9: 1490, 0: 22, 1: 145, 7: 1014}
2026-03-22 00:19:53,127 INFO: particles=80 iter=50 n_caps=12 minZ=0.026613 runtime=206.71s placement={0: 1543, 1: 1323, 10: 1078}
2026-03-22 00:23:23,689 INFO: particles=80 iter=50 n_caps=13 minZ=0.022292 runtime=210.56s placement={0: 0, 1: 1201, 10: 1040}
2026-03-22 00:27:05,905 INFO: particles=80 iter=50 n_caps=14 minZ=0.020867 runtime=222.21s placement={0: 0, 1: 1205, 10: 156}
2026-03-22 00:30:41,452 INFO: particles=80 iter=50 n_caps=15 minZ=0.021069 runtime=215.55s placement={0: 0, 10: 1126, 1: 155}
2026-03-22 00:34:20,779 INFO: particles=80 iter=50 n_caps=16 minZ=0.020072 runtime=219.33s placement={10: 1524, 0: 0, 1: 155}
2026-03-22 00:38:00,519 INFO: particles=80 iter=50 n_caps=17 minZ=0.019664 runtime=219.74s placement={0: 1823, 1: 1126, 7: 0}
2026-03-22 00:41:52,333 INFO: particles=80 iter=50 n_caps=18 minZ=0.019430 runtime=231.81s placement={0: 0, 1: 1126, 7: 0}
2026-03-22 00:45:41,192 INFO: particles=80 iter=50 n_caps=19 minZ=0.019198 runtime=228.86s placement={0: 0, 1: 1126, 7: 0, 10: 0}
2026-03-22 00:49:31,228 INFO: particles=80 iter=50 n_caps=20 minZ=0.019195 runtime=230.04s placement={0: 0, 1: 1126, 7: 0, 10: 0, 20: 54}
