2026-03-23 19:51:02,712 INFO: particles=80 iter=25 n_caps=1 minZ=0.087365 runtime=92.25s placement={9: 1012}
2026-03-23 19:52:38,409 INFO: particles=80 iter=25 n_caps=2 minZ=0.052546 runtime=95.70s placement={0: 1014, 9: 1614}
2026-03-23 19:54:15,037 INFO: particles=80 iter=25 n_caps=3 minZ=0.057926 runtime=96.63s placement={9: 1014, 0: 1487, 7: 66}
2026-03-23 19:55:51,375 INFO: particles=80 iter=25 n_caps=4 minZ=0.046010 runtime=96.34s placement={0: 1012, 7: 1536, 8: 57, 9: 1455}
2026-03-23 19:57:29,918 INFO: particles=80 iter=25 n_caps=5 minZ=0.055110 runtime=98.54s placement={10: 2665, 0: 2350, 5: 2358, 7: 509, 15: 343}
2026-03-23 19:59:09,897 INFO: particles=80 iter=25 n_caps=6 minZ=0.050760 runtime=99.98s placement={0: 2665, 5: 2350, 7: 2358, 15: 509, 9: 343, 14: 1684}
2026-03-23 20:00:50,568 INFO: particles=80 iter=25 n_caps=7 minZ=0.048479 runtime=100.67s placement={5: 2664, 7: 2350, 15: 2358, 10: 512, 14: 343, 0: 1690, 6: 9}
2026-03-23 20:02:35,055 INFO: particles=80 iter=25 n_caps=8 minZ=0.037021 runtime=104.49s placement={6: 2663, 15: 2154, 10: 2358, 16: 505, 0: 1012, 7: 1014, 1: 1}
2026-03-23 20:04:13,437 INFO: particles=80 iter=25 n_caps=9 minZ=0.034910 runtime=98.38s placement={15: 2648, 10: 2335, 16: 1819, 0: 1161, 6: 356, 1: 1008}
2026-03-23 20:05:48,526 INFO: particles=80 iter=25 n_caps=10 minZ=0.028349 runtime=95.09s placement={9: 2573, 16: 2320, 0: 1169, 7: 505, 1: 379, 2: 2624}
2026-03-23 20:07:24,124 INFO: particles=80 iter=25 n_caps=11 minZ=0.027255 runtime=95.60s placement={16: 2738, 0: 1706, 6: 1867, 1: 453, 17: 2533}
2026-03-23 20:09:02,298 INFO: particles=80 iter=25 n_caps=12 minZ=0.025803 runtime=98.17s placement={0: 2712, 6: 2318, 1: 1867, 16: 1075}
2026-03-23 20:11:02,195 INFO: particles=80 iter=25 n_caps=13 minZ=0.026779 runtime=119.90s placement={6: 2738, 0: 0, 1: 1867, 16: 1126}
2026-03-23 20:12:59,551 INFO: particles=80 iter=25 n_caps=14 minZ=0.024121 runtime=117.36s placement={0: 1137, 1: 2318, 16: 0, 7: 0}
2026-03-23 20:14:39,456 INFO: particles=80 iter=25 n_caps=15 minZ=0.025012 runtime=99.90s placement={0: 0, 1: 2624, 17: 1012, 6: 2671}
2026-03-23 20:16:22,507 INFO: particles=80 iter=25 n_caps=16 minZ=0.023577 runtime=103.05s placement={0: 0, 1: 2624, 17: 451, 6: 1676}
2026-03-23 20:18:05,511 INFO: particles=80 iter=25 n_caps=17 minZ=0.024203 runtime=103.00s placement={0: 0, 1: 2657, 17: 445, 6: 2601}
2026-03-23 20:19:50,192 INFO: particles=80 iter=25 n_caps=18 minZ=0.025093 runtime=104.68s placement={0: 148, 1: 2650, 18: 1806, 6: 1053}
2026-03-23 20:21:36,171 INFO: particles=80 iter=25 n_caps=19 minZ=0.024437 runtime=105.98s placement={0: 0, 19: 2810, 1: 1378, 6: 817}
2026-03-23 20:23:27,058 INFO: particles=80 iter=25 n_caps=20 minZ=0.023646 runtime=110.89s placement={19: 2857, 0: 0, 1: 994, 6: 0}
