2026-03-17 15:30:27,960 INFO: particles=30 iter=40 n_caps=1 minZ=0.080251 runtime=57.90s placement={0: 1012}
2026-03-17 15:31:27,105 INFO: particles=30 iter=40 n_caps=2 minZ=0.068706 runtime=59.14s placement={0: 1014, 6: 96}
2026-03-17 15:32:26,864 INFO: particles=30 iter=40 n_caps=3 minZ=0.053717 runtime=59.76s placement={9: 3164, 0: 1014, 10: 0}
2026-03-17 15:33:27,392 INFO: particles=30 iter=40 n_caps=4 minZ=0.066025 runtime=60.53s placement={0: 3164, 9: 1014, 7: 0, 2: 1624}
2026-03-17 15:34:28,061 INFO: particles=30 iter=40 n_caps=5 minZ=0.052366 runtime=60.67s placement={9: 735, 5: 1549, 14: 128, 0: 1494, 10: 852}
2026-03-17 15:35:30,963 INFO: particles=30 iter=40 n_caps=6 minZ=0.048344 runtime=62.90s placement={5: 846, 14: 1440, 0: 367, 10: 1202, 9: 736, 15: 1493}
2026-03-17 15:36:35,353 INFO: particles=30 iter=40 n_caps=7 minZ=0.046000 runtime=64.39s placement={14: 821, 0: 1532, 10: 380, 9: 1181, 15: 722, 5: 1492, 6: 892}
2026-03-17 15:37:39,702 INFO: particles=30 iter=40 n_caps=8 minZ=0.038902 runtime=64.35s placement={0: 1014, 10: 1722, 15: 1429, 12: 200, 5: 850, 6: 1765, 14: 1087, 20: 2402}
2026-03-17 15:38:44,896 INFO: particles=30 iter=40 n_caps=9 minZ=0.040111 runtime=65.19s placement={16: 1857, 6: 610, 1: 1544, 0: 655, 17: 5, 10: 1035}
2026-03-17 15:39:49,246 INFO: particles=30 iter=40 n_caps=10 minZ=0.031182 runtime=64.35s placement={6: 1777, 0: 1305, 1: 1509, 16: 632, 15: 0, 7: 639, 9: 3185}
2026-03-17 15:40:55,739 INFO: particles=30 iter=40 n_caps=11 minZ=0.034033 runtime=66.49s placement={0: 727, 1: 997, 15: 1768, 9: 1672, 10: 1418, 5: 925}
2026-03-17 15:42:03,202 INFO: particles=30 iter=40 n_caps=12 minZ=0.026958 runtime=67.46s placement={0: 0, 14: 1009, 1: 1739, 9: 1466, 10: 776, 6: 1715}
2026-03-17 15:43:09,908 INFO: particles=30 iter=40 n_caps=13 minZ=0.027023 runtime=66.70s placement={14: 375, 0: 0, 1: 3071, 13: 629, 6: 2133, 5: 411, 15: 0}
2026-03-17 15:44:18,242 INFO: particles=30 iter=40 n_caps=14 minZ=0.027931 runtime=68.33s placement={0: 2389, 1: 1305, 12: 37, 6: 1540, 9: 2233, 20: 0}
2026-03-17 15:45:28,049 INFO: particles=30 iter=40 n_caps=15 minZ=0.028742 runtime=69.81s placement={0: 5, 1: 1305, 12: 2952, 6: 785, 9: 1540, 20: 1575}
2026-03-17 15:46:36,999 INFO: particles=30 iter=40 n_caps=16 minZ=0.028353 runtime=68.95s placement={0: 0, 12: 1305, 1: 2952, 6: 37, 9: 785, 20: 1168}
2026-03-17 15:47:47,340 INFO: particles=30 iter=40 n_caps=17 minZ=0.027359 runtime=70.34s placement={0: 0, 1: 1172, 7: 3293, 9: 82, 20: 791, 15: 4}
2026-03-17 15:48:59,242 INFO: particles=30 iter=40 n_caps=18 minZ=0.025791 runtime=71.90s placement={1: 354, 7: 1172, 9: 3293, 0: 0, 20: 0, 15: 0}
2026-03-17 15:50:11,229 INFO: particles=30 iter=40 n_caps=19 minZ=0.023269 runtime=71.99s placement={8: 474, 14: 1698, 0: 207, 1: 75, 20: 2182, 15: 2121}
2026-03-17 15:51:25,363 INFO: particles=30 iter=40 n_caps=20 minZ=0.021931 runtime=74.13s placement={14: 430, 0: 1371, 1: 3123, 20: 1062, 15: 1172}
