2026-04-01 04:02:27,997 INFO: particles=20 iter=50 n_caps=1 minZ=0.062708 runtime=30.36s placement={0: 1230}
2026-04-01 04:03:24,035 INFO: particles=20 iter=50 n_caps=2 minZ=0.055345 runtime=56.04s placement={0: 1230, 15: 975}
2026-04-01 04:04:43,981 INFO: particles=20 iter=50 n_caps=3 minZ=0.046540 runtime=79.95s placement={15: 1320, 0: 990, 6: 2484}
2026-04-01 04:06:31,042 INFO: particles=20 iter=50 n_caps=4 minZ=0.038433 runtime=107.06s placement={0: 1012, 9: 1724, 15: 1825, 10: 2745}
2026-04-01 04:08:38,645 INFO: particles=20 iter=50 n_caps=5 minZ=0.046431 runtime=127.60s placement={9: 1071, 15: 2220, 10: 1673, 0: 2300, 14: 0}
2026-04-01 04:11:13,419 INFO: particles=20 iter=50 n_caps=6 minZ=0.042437 runtime=154.77s placement={15: 1064, 10: 2221, 0: 1518, 14: 2426, 7: 0, 9: 1666}
2026-04-01 04:14:09,371 INFO: particles=20 iter=50 n_caps=7 minZ=0.035377 runtime=175.95s placement={10: 1102, 0: 1012, 15: 1373, 7: 2369, 11: 0, 9: 2233, 4: 2796}
2026-04-01 04:17:35,859 INFO: particles=20 iter=50 n_caps=8 minZ=0.033118 runtime=206.49s placement={0: 1012, 15: 968, 9: 1390, 14: 2376, 10: 0, 7: 973, 6: 2168, 17: 1597}
2026-04-01 04:21:24,182 INFO: particles=20 iter=50 n_caps=9 minZ=0.037165 runtime=228.32s placement={15: 2627, 9: 1221, 14: 1375, 10: 2394, 8: 0, 6: 1167, 16: 2352, 0: 1126, 7: 5}
2026-04-01 04:25:34,803 INFO: particles=20 iter=50 n_caps=10 minZ=0.036311 runtime=250.62s placement={10: 2617, 15: 1330, 0: 1012, 9: 1403, 4: 456, 16: 1238, 1: 2448, 6: 249, 8: 0, 7: 698}
2026-04-01 04:30:09,156 INFO: particles=20 iter=50 n_caps=11 minZ=0.033741 runtime=274.35s placement={16: 2823, 0: 1344, 14: 2769, 1: 1630, 9: 856, 6: 2510, 15: 689, 2: 15}
2026-04-01 04:35:08,696 INFO: particles=20 iter=50 n_caps=12 minZ=0.023404 runtime=299.54s placement={0: 3066, 17: 3347, 1: 3347, 19: 0}
2026-04-01 04:40:30,925 INFO: particles=20 iter=50 n_caps=13 minZ=0.021331 runtime=322.23s placement={18: 1076, 0: 1131, 1: 3347, 19: 61}
2026-04-01 04:46:20,815 INFO: particles=20 iter=50 n_caps=14 minZ=0.020461 runtime=349.89s placement={0: 1126, 1: 3347, 19: 1064, 14: 3014}
2026-04-01 04:52:37,564 INFO: particles=20 iter=50 n_caps=15 minZ=0.020631 runtime=376.75s placement={0: 0, 1: 3347, 19: 1130, 14: 1126}
2026-04-01 04:59:15,711 INFO: particles=20 iter=50 n_caps=16 minZ=0.020544 runtime=398.15s placement={0: 0, 1: 3347, 19: 756, 14: 1170}
2026-04-01 05:06:13,769 INFO: particles=20 iter=50 n_caps=17 minZ=0.019803 runtime=418.06s placement={0: 0, 1: 3347, 19: 931, 14: 1822}
2026-04-01 05:13:34,227 INFO: particles=20 iter=50 n_caps=18 minZ=0.019934 runtime=440.46s placement={0: 0, 1: 3347, 19: 3269, 14: 1012}
2026-04-01 05:21:27,723 INFO: particles=20 iter=50 n_caps=19 minZ=0.019266 runtime=473.50s placement={0: 0, 19: 3347, 1: 3269, 14: 483, 9: 0}
2026-04-01 05:29:41,709 INFO: particles=20 iter=50 n_caps=20 minZ=0.019011 runtime=493.99s placement={19: 1125, 0: 0, 1: 3242, 14: 0, 9: 0}
