2026-03-17 12:04:01,097 INFO: particles=30 iter=25 n_caps=1 minZ=0.085029 runtime=36.30s placement={0: 1317}
2026-03-17 12:04:37,851 INFO: particles=30 iter=25 n_caps=2 minZ=0.081936 runtime=36.75s placement={0: 1317, 7: 0}
2026-03-17 12:05:15,394 INFO: particles=30 iter=25 n_caps=3 minZ=0.061354 runtime=37.54s placement={0: 1347, 5: 767, 14: 1490}
2026-03-17 12:05:52,537 INFO: particles=30 iter=25 n_caps=4 minZ=0.059885 runtime=37.14s placement={5: 1248, 14: 685, 0: 1485, 13: 0}
2026-03-17 12:06:30,132 INFO: particles=30 iter=25 n_caps=5 minZ=0.057328 runtime=37.59s placement={16: 732, 0: 1290, 15: 1388, 5: 0, 6: 483}
2026-03-17 12:07:09,072 INFO: particles=30 iter=25 n_caps=6 minZ=0.047396 runtime=38.94s placement={0: 1894, 1: 3285, 6: 411}
2026-03-17 12:07:48,201 INFO: particles=30 iter=25 n_caps=7 minZ=0.035294 runtime=39.13s placement={0: 630, 1: 3316}
2026-03-17 12:08:27,490 INFO: particles=30 iter=25 n_caps=8 minZ=0.030432 runtime=39.29s placement={0: 1688, 1: 3347, 7: 4}
2026-03-17 12:09:07,066 INFO: particles=30 iter=25 n_caps=9 minZ=0.029371 runtime=39.58s placement={0: 0, 1: 3347, 7: 1690}
2026-03-17 12:09:47,252 INFO: particles=30 iter=25 n_caps=10 minZ=0.028606 runtime=40.19s placement={0: 46, 1: 3347, 7: 2173}
2026-03-17 12:10:28,090 INFO: particles=30 iter=25 n_caps=11 minZ=0.028204 runtime=40.84s placement={0: 0, 1: 3347, 7: 1255}
2026-03-17 12:11:09,029 INFO: particles=30 iter=25 n_caps=12 minZ=0.026656 runtime=40.94s placement={0: 46, 1: 3347, 7: 48, 6: 0, 10: 0}
2026-03-17 12:11:51,170 INFO: particles=30 iter=25 n_caps=13 minZ=0.031476 runtime=42.14s placement={0: 0, 1: 3347, 6: 800, 7: 0, 11: 0, 8: 0}
2026-03-17 12:12:33,839 INFO: particles=30 iter=25 n_caps=14 minZ=0.028373 runtime=42.67s placement={0: 0, 6: 3347, 1: 872, 7: 0, 11: 0, 8: 0}
2026-03-17 12:13:16,962 INFO: particles=30 iter=25 n_caps=15 minZ=0.029494 runtime=43.12s placement={6: 1031, 7: 0, 0: 195, 1: 0, 8: 891, 11: 626, 16: 0, 9: 18}
2026-03-17 12:14:00,539 INFO: particles=30 iter=25 n_caps=16 minZ=0.028950 runtime=43.58s placement={13: 1144, 1: 3346, 0: 1012, 3: 99, 9: 543, 12: 132, 16: 1396, 6: 688, 10: 0, 7: 730, 8: 1229}
2026-03-17 12:14:44,422 INFO: particles=30 iter=25 n_caps=17 minZ=0.027013 runtime=43.88s placement={20: 0, 0: 1869, 1: 1824, 11: 156, 19: 0, 5: 0, 14: 981, 6: 0}
2026-03-17 12:15:28,150 INFO: particles=30 iter=25 n_caps=18 minZ=0.028674 runtime=43.73s placement={0: 1871, 1: 908, 11: 2533, 20: 272, 4: 7, 13: 0, 5: 626, 12: 3347}
2026-03-17 12:16:13,474 INFO: particles=30 iter=25 n_caps=19 minZ=0.027837 runtime=45.32s placement={0: 405, 1: 777, 10: 1397, 17: 3097, 9: 1068, 13: 0, 5: 0, 8: 1195, 20: 3305, 6: 613}
2026-03-17 12:16:58,536 INFO: particles=30 iter=25 n_caps=20 minZ=0.027385 runtime=45.06s placement={1: 527, 0: 416, 10: 0, 17: 2962, 9: 110, 12: 875, 5: 179, 11: 252, 18: 1098, 8: 3308}
