2026-03-27 14:57:20,910 INFO: particles=80 iter=10 n_caps=1 minZ=0.104882 runtime=18.51s placement={10: 999}
2026-03-27 14:57:40,069 INFO: particles=80 iter=10 n_caps=2 minZ=0.070865 runtime=19.16s placement={0: 999, 9: 2314}
2026-03-27 14:57:59,662 INFO: particles=80 iter=10 n_caps=3 minZ=0.056125 runtime=19.59s placement={14: 2817, 19: 1909, 0: 1014}
2026-03-27 14:58:22,271 INFO: particles=80 iter=10 n_caps=4 minZ=0.058575 runtime=22.61s placement={8: 2005, 0: 2164, 9: 1012, 5: 1149}
2026-03-27 14:58:43,123 INFO: particles=80 iter=10 n_caps=5 minZ=0.055218 runtime=20.85s placement={0: 2005, 9: 2164, 5: 1012, 10: 1149, 14: 1489}
2026-03-27 14:59:04,130 INFO: particles=80 iter=10 n_caps=6 minZ=0.041570 runtime=21.01s placement={7: 1926, 6: 1644, 9: 971, 15: 1027, 0: 1012, 8: 0}
2026-03-27 14:59:25,681 INFO: particles=80 iter=10 n_caps=7 minZ=0.048583 runtime=21.55s placement={0: 103, 10: 3347, 1: 1012}
2026-03-27 14:59:51,857 INFO: particles=80 iter=10 n_caps=8 minZ=0.041078 runtime=26.17s placement={9: 2382, 0: 1014, 1: 1106, 2: 0, 12: 196, 14: 605}
2026-03-27 15:00:16,305 INFO: particles=80 iter=10 n_caps=9 minZ=0.038148 runtime=24.45s placement={0: 920, 1: 3347, 15: 312, 14: 1416, 16: 2005, 3: 1912}
2026-03-27 15:00:39,822 INFO: particles=80 iter=10 n_caps=10 minZ=0.033912 runtime=23.52s placement={0: 0, 1: 3347, 14: 710, 15: 524, 16: 1659, 3: 2449}
2026-03-27 15:01:04,283 INFO: particles=80 iter=10 n_caps=11 minZ=0.034796 runtime=24.46s placement={0: 0, 1: 3347, 14: 2173, 15: 710, 16: 524, 3: 1659}
2026-03-27 15:01:28,347 INFO: particles=80 iter=10 n_caps=12 minZ=0.032646 runtime=24.06s placement={0: 0, 1: 2881, 13: 974, 14: 2154, 15: 852, 2: 540}
2026-03-27 15:01:52,768 INFO: particles=80 iter=10 n_caps=13 minZ=0.033052 runtime=24.42s placement={0: 0, 13: 2881, 14: 974, 15: 2154, 2: 852, 1: 540}
2026-03-27 15:02:17,787 INFO: particles=80 iter=10 n_caps=14 minZ=0.030672 runtime=25.02s placement={20: 728, 19: 2844, 16: 546, 0: 0, 1: 1190, 7: 0, 8: 2076}
2026-03-27 15:02:43,471 INFO: particles=80 iter=10 n_caps=15 minZ=0.029955 runtime=25.68s placement={20: 1233, 19: 3100, 0: 3347, 1: 969, 5: 1198, 16: 1134}
2026-03-27 15:03:09,553 INFO: particles=80 iter=10 n_caps=16 minZ=0.026205 runtime=26.08s placement={19: 1724, 0: 3347, 1: 76, 7: 1228, 5: 3347}
2026-03-27 15:03:35,972 INFO: particles=80 iter=10 n_caps=17 minZ=0.023796 runtime=26.42s placement={0: 3280, 1: 3347, 5: 279, 6: 1454}
2026-03-27 15:04:02,523 INFO: particles=80 iter=10 n_caps=18 minZ=0.024172 runtime=26.55s placement={1: 2089, 0: 0, 5: 957, 6: 929}
2026-03-27 15:04:30,998 INFO: particles=80 iter=10 n_caps=19 minZ=0.022894 runtime=28.47s placement={0: 1076, 1: 3347, 4: 686, 5: 0, 6: 1350}
2026-03-27 15:05:02,463 INFO: particles=80 iter=10 n_caps=20 minZ=0.022684 runtime=31.46s placement={0: 129, 1: 3347, 4: 1392, 5: 3347, 6: 609}
