2026-03-23 04:17:56,475 INFO: particles=30 iter=15 n_caps=1 minZ=0.080251 runtime=11.88s placement={0: 1014}
2026-03-23 04:18:08,678 INFO: particles=30 iter=15 n_caps=2 minZ=0.070851 runtime=12.20s placement={0: 911, 6: 2219}
2026-03-23 04:18:21,326 INFO: particles=30 iter=15 n_caps=3 minZ=0.062213 runtime=12.65s placement={14: 1123, 0: 1297, 5: 1417}
2026-03-23 04:18:34,233 INFO: particles=30 iter=15 n_caps=4 minZ=0.062494 runtime=12.91s placement={0: 893, 5: 1529, 15: 1418, 7: 2392}
2026-03-23 04:18:47,555 INFO: particles=30 iter=15 n_caps=5 minZ=0.056065 runtime=13.32s placement={5: 852, 15: 1416, 7: 800, 0: 1560, 6: 211}
2026-03-23 04:19:01,588 INFO: particles=30 iter=15 n_caps=6 minZ=0.041241 runtime=14.03s placement={15: 753, 7: 1020, 0: 1012, 5: 1387, 8: 854, 6: 1474}
2026-03-23 04:19:15,564 INFO: particles=30 iter=15 n_caps=7 minZ=0.038902 runtime=13.98s placement={10: 1076, 0: 1012, 5: 1063, 6: 1871, 7: 438, 16: 629, 8: 2670}
2026-03-23 04:19:29,919 INFO: particles=30 iter=15 n_caps=8 minZ=0.044222 runtime=14.35s placement={0: 1621, 11: 1744, 16: 1146, 1: 2436, 17: 665, 7: 0, 4: 1709}
2026-03-23 04:19:44,692 INFO: particles=30 iter=15 n_caps=9 minZ=0.048670 runtime=14.77s placement={5: 1493, 16: 2049, 20: 2538, 14: 2270, 17: 635, 15: 744, 0: 753, 7: 893, 9: 1790}
2026-03-23 04:19:59,584 INFO: particles=30 iter=15 n_caps=10 minZ=0.047021 runtime=14.89s placement={16: 1493, 20: 2049, 14: 2538, 17: 2270, 15: 635, 0: 744, 7: 753, 9: 893, 10: 1790, 5: 1001}
2026-03-23 04:20:15,427 INFO: particles=30 iter=15 n_caps=11 minZ=0.037543 runtime=15.84s placement={20: 2096, 14: 1641, 10: 2312, 5: 1148, 1: 266, 0: 1612, 11: 354, 7: 1124}
2026-03-23 04:20:31,111 INFO: particles=30 iter=15 n_caps=12 minZ=0.032497 runtime=15.68s placement={14: 2026, 15: 858, 6: 132, 0: 3347, 1: 537, 16: 3305, 10: 414, 7: 1692}
2026-03-23 04:20:47,078 INFO: particles=30 iter=15 n_caps=13 minZ=0.027542 runtime=15.97s placement={14: 1430, 0: 2413, 1: 420, 16: 355, 4: 3289, 6: 420, 2: 3347}
2026-03-23 04:21:03,736 INFO: particles=30 iter=15 n_caps=14 minZ=0.029513 runtime=16.66s placement={0: 2100, 1: 2561, 16: 629, 5: 739, 6: 1286}
2026-03-23 04:21:21,267 INFO: particles=30 iter=15 n_caps=15 minZ=0.030017 runtime=17.53s placement={0: 2317, 1: 2670, 14: 252, 15: 13}
2026-03-23 04:21:38,550 INFO: particles=30 iter=15 n_caps=16 minZ=0.029918 runtime=17.28s placement={0: 0, 13: 2852, 1: 0, 2: 3347, 15: 2216}
2026-03-23 04:21:55,660 INFO: particles=30 iter=15 n_caps=17 minZ=0.028655 runtime=17.11s placement={16: 3347, 1: 3347, 0: 0, 17: 1526, 5: 1770, 8: 0}
2026-03-23 04:22:13,429 INFO: particles=30 iter=15 n_caps=18 minZ=0.024709 runtime=17.77s placement={1: 3347, 0: 2671, 15: 3347, 4: 1046, 2: 0, 6: 0}
2026-03-23 04:22:31,161 INFO: particles=30 iter=15 n_caps=19 minZ=0.024671 runtime=17.73s placement={0: 280, 1: 3347, 15: 1675, 4: 3347, 2: 303, 6: 149}
2026-03-23 04:22:49,045 INFO: particles=30 iter=15 n_caps=20 minZ=0.025943 runtime=17.88s placement={0: 0, 1: 3347, 15: 433, 4: 1675, 2: 1658, 6: 303}
