2026-03-26 07:08:53,253 INFO: particles=30 iter=40 n_caps=1 minZ=0.089878 runtime=27.81s placement={10: 1014}
2026-03-26 07:09:21,776 INFO: particles=30 iter=40 n_caps=2 minZ=0.052368 runtime=28.52s placement={0: 1014, 5: 1487}
2026-03-26 07:09:51,152 INFO: particles=30 iter=40 n_caps=3 minZ=0.054803 runtime=29.38s placement={6: 996, 0: 1012, 15: 2676}
2026-03-26 07:10:24,958 INFO: particles=30 iter=40 n_caps=4 minZ=0.056745 runtime=33.80s placement={0: 1296, 18: 3347, 9: 1014, 10: 1637}
2026-03-26 07:10:55,738 INFO: particles=30 iter=40 n_caps=5 minZ=0.043258 runtime=30.78s placement={16: 1318, 6: 2871, 10: 596, 0: 1012, 7: 0}
2026-03-26 07:11:27,263 INFO: particles=30 iter=40 n_caps=6 minZ=0.040150 runtime=31.52s placement={6: 1233, 9: 2888, 0: 1012, 7: 1210, 1: 0}
2026-03-26 07:11:59,652 INFO: particles=30 iter=40 n_caps=7 minZ=0.030642 runtime=32.39s placement={9: 1510, 0: 1012, 7: 892, 1: 1214}
2026-03-26 07:12:32,387 INFO: particles=30 iter=40 n_caps=8 minZ=0.029400 runtime=32.73s placement={0: 1663, 7: 2777, 1: 892}
2026-03-26 07:13:05,910 INFO: particles=30 iter=40 n_caps=9 minZ=0.029586 runtime=33.52s placement={7: 1495, 0: 0, 1: 892}
2026-03-26 07:13:40,417 INFO: particles=30 iter=40 n_caps=10 minZ=0.024299 runtime=34.51s placement={0: 1188, 1: 2777, 7: 0}
2026-03-26 07:14:15,644 INFO: particles=30 iter=40 n_caps=11 minZ=0.025429 runtime=35.23s placement={0: 0, 1: 2777, 7: 1663, 9: 1188}
2026-03-26 07:14:51,402 INFO: particles=30 iter=40 n_caps=12 minZ=0.027197 runtime=35.76s placement={0: 0, 1: 2777, 7: 1012, 9: 0}
2026-03-26 07:15:27,702 INFO: particles=30 iter=40 n_caps=13 minZ=0.027332 runtime=36.30s placement={0: 0, 1: 3051, 8: 997, 10: 1667}
2026-03-26 07:16:04,921 INFO: particles=30 iter=40 n_caps=14 minZ=0.025734 runtime=37.22s placement={0: 0, 1: 3347, 8: 0, 11: 0, 2: 0}
2026-03-26 07:16:42,451 INFO: particles=30 iter=40 n_caps=15 minZ=0.026554 runtime=37.53s placement={0: 0, 1: 3347, 8: 1263, 11: 0, 2: 0}
2026-03-26 07:17:20,886 INFO: particles=30 iter=40 n_caps=16 minZ=0.025187 runtime=38.43s placement={0: 0, 1: 3347, 8: 674, 11: 0, 2: 0}
2026-03-26 07:18:00,135 INFO: particles=30 iter=40 n_caps=17 minZ=0.025697 runtime=39.25s placement={0: 0, 8: 3347, 1: 674, 11: 1315, 2: 0}
2026-03-26 07:18:40,742 INFO: particles=30 iter=40 n_caps=18 minZ=0.023064 runtime=40.61s placement={15: 1390, 0: 558, 1: 800, 2: 965, 13: 584, 20: 340, 10: 2737}
2026-03-26 07:19:22,254 INFO: particles=30 iter=40 n_caps=19 minZ=0.019306 runtime=41.51s placement={0: 2009, 1: 3347, 13: 1351, 8: 143, 20: 1075, 6: 2747}
2026-03-26 07:20:04,147 INFO: particles=30 iter=40 n_caps=20 minZ=0.019472 runtime=41.89s placement={0: 0, 1: 3347, 13: 1468, 8: 196, 20: 22, 6: 747}
