2026-03-16 19:57:57,715 INFO: particles=20 iter=40 n_caps=1 minZ=0.085029 runtime=36.98s placement={0: 1317}
2026-03-16 19:58:35,272 INFO: particles=20 iter=40 n_caps=2 minZ=0.070064 runtime=37.56s placement={0: 1229, 9: 342}
2026-03-16 19:59:13,443 INFO: particles=20 iter=40 n_caps=3 minZ=0.061293 runtime=38.17s placement={0: 1229, 5: 500, 1: 596}
2026-03-16 19:59:52,212 INFO: particles=20 iter=40 n_caps=4 minZ=0.052215 runtime=38.77s placement={6: 1956, 0: 1014, 8: 658, 9: 99}
2026-03-16 20:00:31,448 INFO: particles=20 iter=40 n_caps=5 minZ=0.053749 runtime=39.24s placement={0: 1869, 15: 765, 9: 1455, 16: 846, 14: 1535}
2026-03-16 20:01:11,375 INFO: particles=20 iter=40 n_caps=6 minZ=0.049621 runtime=39.93s placement={15: 1432, 10: 752, 16: 1564, 14: 846, 0: 1456, 7: 0}
2026-03-16 20:01:52,435 INFO: particles=20 iter=40 n_caps=7 minZ=0.039173 runtime=41.06s placement={0: 1014, 16: 699, 9: 2476, 1: 1849}
2026-03-16 20:02:33,582 INFO: particles=20 iter=40 n_caps=8 minZ=0.032036 runtime=41.15s placement={0: 900, 1: 787}
2026-03-16 20:03:15,672 INFO: particles=20 iter=40 n_caps=9 minZ=0.028186 runtime=42.09s placement={0: 900, 1: 885, 6: 0}
2026-03-16 20:03:57,946 INFO: particles=20 iter=40 n_caps=10 minZ=0.028680 runtime=42.27s placement={0: 0, 1: 885, 6: 900, 7: 33}
2026-03-16 20:04:41,069 INFO: particles=20 iter=40 n_caps=11 minZ=0.028469 runtime=43.12s placement={0: 0, 1: 885, 6: 109, 7: 0, 15: 33}
2026-03-16 20:05:23,898 INFO: particles=20 iter=40 n_caps=12 minZ=0.029048 runtime=42.83s placement={0: 0, 1: 885, 6: 1713, 7: 900, 15: 0}
2026-03-16 20:06:08,688 INFO: particles=20 iter=40 n_caps=13 minZ=0.029826 runtime=44.79s placement={0: 0, 1: 824, 6: 1161, 7: 407, 9: 1612}
2026-03-16 20:06:53,618 INFO: particles=20 iter=40 n_caps=14 minZ=0.026157 runtime=44.93s placement={0: 0, 1: 768, 11: 1419, 14: 433}
2026-03-16 20:07:38,976 INFO: particles=20 iter=40 n_caps=15 minZ=0.025834 runtime=45.36s placement={0: 0, 1: 768, 11: 1169, 14: 1419, 7: 0}
2026-03-16 20:08:24,081 INFO: particles=20 iter=40 n_caps=16 minZ=0.024187 runtime=45.10s placement={0: 0, 1: 764, 11: 1683, 14: 1111, 7: 0}
2026-03-16 20:09:10,122 INFO: particles=20 iter=40 n_caps=17 minZ=0.023940 runtime=46.04s placement={0: 8, 1: 764, 11: 1733, 14: 1683, 7: 0}
2026-03-16 20:09:57,463 INFO: particles=20 iter=40 n_caps=18 minZ=0.021005 runtime=47.34s placement={0: 1968, 11: 1243, 15: 3166, 1: 1636, 3: 766, 8: 1380, 4: 215}
2026-03-16 20:10:46,895 INFO: particles=20 iter=40 n_caps=19 minZ=0.020213 runtime=49.43s placement={11: 3118, 15: 1243, 0: 35, 1: 1636, 3: 382, 8: 766, 4: 1380}
2026-03-16 20:11:35,207 INFO: particles=20 iter=40 n_caps=20 minZ=0.020073 runtime=48.31s placement={15: 3118, 0: 35, 1: 3166, 3: 1335, 8: 382, 4: 766, 20: 1933}
