2026-03-23 08:30:20,946 INFO: particles=30 iter=40 n_caps=1 minZ=0.087365 runtime=31.71s placement={9: 1012}
2026-03-23 08:30:53,295 INFO: particles=30 iter=40 n_caps=2 minZ=0.052008 runtime=32.35s placement={0: 1014, 9: 1517}
2026-03-23 08:31:26,817 INFO: particles=30 iter=40 n_caps=3 minZ=0.061366 runtime=33.52s placement={9: 1014, 0: 1517, 7: 0}
2026-03-23 08:32:01,062 INFO: particles=30 iter=40 n_caps=4 minZ=0.052527 runtime=34.24s placement={0: 1014, 7: 1517, 6: 0, 14: 1608}
2026-03-23 08:32:36,531 INFO: particles=30 iter=40 n_caps=5 minZ=0.048965 runtime=35.47s placement={14: 1127, 0: 1397, 15: 618, 10: 1652, 16: 923}
2026-03-23 08:33:12,758 INFO: particles=30 iter=40 n_caps=6 minZ=0.044573 runtime=36.23s placement={0: 1127, 15: 1397, 10: 618, 16: 1652, 5: 923, 14: 2391}
2026-03-23 08:33:50,095 INFO: particles=30 iter=40 n_caps=7 minZ=0.052580 runtime=37.34s placement={15: 1127, 10: 1397, 16: 618, 5: 1652, 14: 923, 2: 2391, 0: 0}
2026-03-23 08:34:28,511 INFO: particles=30 iter=40 n_caps=8 minZ=0.039878 runtime=38.42s placement={14: 767, 20: 2817, 5: 230, 16: 1504, 0: 2400, 1: 3136}
2026-03-23 08:35:07,836 INFO: particles=30 iter=40 n_caps=9 minZ=0.030302 runtime=39.32s placement={12: 813, 1: 2341, 15: 1040, 0: 686, 7: 264, 16: 95}
2026-03-23 08:35:47,485 INFO: particles=30 iter=40 n_caps=10 minZ=0.029022 runtime=39.65s placement={0: 96, 15: 2341, 1: 1043, 7: 719, 16: 212, 20: 2073}
2026-03-23 08:36:28,106 INFO: particles=30 iter=40 n_caps=11 minZ=0.030637 runtime=40.62s placement={15: 745, 0: 101, 1: 1046, 7: 1252, 16: 708, 20: 96}
2026-03-23 08:37:09,841 INFO: particles=30 iter=40 n_caps=12 minZ=0.027457 runtime=41.73s placement={0: 2529, 1: 2341, 7: 1690, 15: 1252, 20: 212}
2026-03-23 08:37:51,888 INFO: particles=30 iter=40 n_caps=13 minZ=0.027200 runtime=42.05s placement={0: 95, 1: 2416, 6: 1016, 15: 1690, 20: 710}
2026-03-23 08:38:35,604 INFO: particles=30 iter=40 n_caps=14 minZ=0.028338 runtime=43.72s placement={0: 0, 1: 2416, 6: 1046, 15: 1016, 20: 1253}
2026-03-23 08:39:20,689 INFO: particles=30 iter=40 n_caps=15 minZ=0.024995 runtime=45.08s placement={0: 156, 6: 2439, 14: 1064, 1: 2687, 19: 1769}
2026-03-23 08:40:06,546 INFO: particles=30 iter=40 n_caps=16 minZ=0.023951 runtime=45.86s placement={6: 496, 14: 2497, 0: 11, 19: 2599, 1: 1828}
2026-03-23 08:40:52,626 INFO: particles=30 iter=40 n_caps=17 minZ=0.023073 runtime=46.08s placement={15: 718, 0: 578, 19: 1289, 1: 3012, 9: 0}
2026-03-23 08:41:39,895 INFO: particles=30 iter=40 n_caps=18 minZ=0.023146 runtime=47.27s placement={0: 2519, 19: 2456, 1: 1297, 9: 155}
2026-03-23 08:42:27,274 INFO: particles=30 iter=40 n_caps=19 minZ=0.023327 runtime=47.38s placement={19: 795, 0: 2519, 1: 1297, 9: 0, 7: 0}
2026-03-23 08:43:16,137 INFO: particles=30 iter=40 n_caps=20 minZ=0.020638 runtime=48.86s placement={0: 3343, 1: 2481, 9: 3, 8: 2588}
