2026-03-09 20:32:52,556 INFO: n_caps=1 | iter=15 | minZ=0.030001 | placement={3: 2156}
2026-03-09 20:32:52,556 INFO: init_n_caps=2 | seeded_previous_caps=1 | new_cap_random_init(cap=549,port=6)
2026-03-09 20:33:30,646 INFO: n_caps=2 | iter=15 | minZ=0.030001 | placement={2: 1307, 13: 812}
2026-03-09 20:33:30,646 INFO: init_n_caps=3 | seeded_previous_caps=2 | new_cap_random_init(cap=496,port=3)
2026-03-09 20:34:26,607 INFO: n_caps=3 | iter=15 | minZ=0.030001 | placement={0: 2115, 16: 319, 12: 2478}
2026-03-09 20:34:26,607 INFO: init_n_caps=4 | seeded_previous_caps=3 | new_cap_random_init(cap=0,port=7)
2026-03-09 20:35:39,820 INFO: n_caps=4 | iter=15 | minZ=0.030000 | placement={5: 2429, 17: 715, 6: 1661, 14: 1432}
2026-03-09 20:35:39,821 INFO: init_n_caps=5 | seeded_previous_caps=4 | new_cap_random_init(cap=924,port=9)
2026-03-09 20:37:11,230 INFO: n_caps=5 | iter=15 | minZ=0.030001 | placement={11: 2776, 5: 2440, 0: 1796, 19: 903, 1: 211}
2026-03-09 20:37:11,231 INFO: init_n_caps=6 | seeded_previous_caps=5 | new_cap_random_init(cap=1895,port=11)
2026-03-09 20:39:01,781 INFO: n_caps=6 | iter=15 | minZ=0.030000 | placement={5: 2776, 0: 2440, 19: 1796, 1: 903, 11: 211, 10: 1895}
2026-03-09 20:39:01,781 INFO: init_n_caps=7 | seeded_previous_caps=6 | new_cap_random_init(cap=994,port=15)
2026-03-09 20:41:09,308 INFO: n_caps=7 | iter=15 | minZ=0.030001 | placement={3: 1831, 1: 3130, 4: 1427, 10: 576, 9: 3347, 15: 2413, 8: 764}
2026-03-09 20:41:09,308 INFO: init_n_caps=8 | seeded_previous_caps=7 | new_cap_random_init(cap=619,port=3)
2026-03-09 20:43:35,538 INFO: n_caps=8 | iter=15 | minZ=0.030000 | placement={1: 554, 2: 2960, 13: 1760, 0: 2177, 9: 3321, 10: 2311, 3: 1883}
2026-03-09 20:43:35,538 INFO: init_n_caps=9 | seeded_previous_caps=8 | new_cap_random_init(cap=262,port=9)
2026-03-09 20:46:20,494 INFO: n_caps=9 | iter=15 | minZ=0.030000 | placement={5: 2142, 2: 714, 3: 1865, 14: 2201, 6: 2426, 16: 1071, 18: 3122, 13: 593, 17: 3347}
2026-03-09 20:46:20,494 INFO: init_n_caps=10 | seeded_previous_caps=9 | new_cap_random_init(cap=857,port=1)
2026-03-09 20:49:22,176 INFO: n_caps=10 | iter=15 | minZ=0.030000 | placement={4: 2914, 8: 1148, 13: 1635, 20: 1979, 19: 325, 18: 1184, 11: 2103, 15: 3343, 6: 732}
2026-03-09 20:49:22,176 INFO: init_n_caps=11 | seeded_previous_caps=10 | new_cap_random_init(cap=807,port=11)
2026-03-09 20:52:42,757 INFO: n_caps=11 | iter=15 | minZ=0.030001 | placement={17: 451, 12: 1313, 15: 45, 13: 2522, 8: 1767, 10: 3052, 2: 760, 11: 2113, 9: 1792}
2026-03-09 20:52:42,757 INFO: init_n_caps=12 | seeded_previous_caps=11 | new_cap_random_init(cap=3002,port=19)
2026-03-09 20:56:22,111 INFO: n_caps=12 | iter=15 | minZ=0.030000 | placement={8: 1534, 9: 70, 20: 1061, 12: 1201, 3: 3347, 4: 337, 6: 1300, 15: 1639, 7: 357, 5: 1118, 10: 1754}
2026-03-09 20:56:22,111 INFO: init_n_caps=13 | seeded_previous_caps=12 | new_cap_random_init(cap=1437,port=1)
2026-03-09 21:00:18,562 INFO: n_caps=13 | iter=15 | minZ=0.030000 | placement={9: 1249, 12: 2088, 14: 1066, 13: 1706, 5: 805, 11: 1894, 17: 3320, 15: 1117, 1: 170, 2: 3347, 7: 1517, 8: 2422}
2026-03-09 21:00:18,563 INFO: init_n_caps=14 | seeded_previous_caps=13 | new_cap_random_init(cap=1508,port=0)
2026-03-09 21:04:36,826 INFO: n_caps=14 | iter=15 | minZ=0.030001 | placement={16: 3347, 7: 683, 11: 1288, 3: 417, 18: 3347, 5: 2432, 4: 703, 2: 1617, 15: 676, 14: 3347, 17: 3347, 0: 1233, 8: 2613}
2026-03-09 21:04:36,827 INFO: init_n_caps=15 | seeded_previous_caps=14 | new_cap_random_init(cap=2721,port=0)
2026-03-09 21:09:14,836 INFO: n_caps=15 | iter=15 | minZ=0.030001 | placement={6: 2007, 13: 3227, 7: 563, 0: 986, 10: 1853, 17: 2796, 14: 2389, 16: 3253, 5: 1203, 15: 1683, 20: 338, 9: 88, 11: 2495, 18: 726, 8: 2985}
2026-03-09 21:09:14,837 INFO: init_n_caps=16 | seeded_previous_caps=15 | new_cap_random_init(cap=1029,port=16)
2026-03-09 21:14:08,327 INFO: n_caps=16 | iter=15 | minZ=0.030000 | placement={11: 2282, 8: 1674, 20: 1862, 0: 1269, 17: 2182, 19: 0, 18: 146, 1: 2632, 10: 0, 13: 0, 15: 1635, 16: 2661, 12: 2811, 14: 2884, 9: 1046}
2026-03-09 21:14:08,328 INFO: init_n_caps=17 | seeded_previous_caps=16 | new_cap_random_init(cap=1960,port=11)
2026-03-09 21:18:38,868 INFO: n_caps=17 | iter=13 | minZ=0.029435 | placement={0: 886, 20: 1284, 1: 2516, 14: 2654, 15: 3347, 10: 445, 9: 2815, 5: 2835, 16: 800, 7: 1768, 6: 0, 11: 920}
