2026-03-24 09:56:32,354 INFO: particles=80 iter=40 n_caps=1 minZ=0.080251 runtime=131.61s placement={0: 1014}
2026-03-24 09:58:46,204 INFO: particles=80 iter=40 n_caps=2 minZ=0.052020 runtime=133.85s placement={0: 1014, 9: 1752}
2026-03-24 10:01:02,828 INFO: particles=80 iter=40 n_caps=3 minZ=0.055758 runtime=136.62s placement={9: 1012, 0: 1494, 6: 212}
2026-03-24 10:03:38,147 INFO: particles=80 iter=40 n_caps=4 minZ=0.042875 runtime=155.32s placement={0: 1012, 9: 1464, 10: 214, 6: 1560}
2026-03-24 10:06:12,186 INFO: particles=80 iter=40 n_caps=5 minZ=0.050117 runtime=154.04s placement={9: 1012, 10: 1497, 6: 362, 0: 1563, 7: 143}
2026-03-24 10:08:36,303 INFO: particles=80 iter=40 n_caps=6 minZ=0.036435 runtime=144.12s placement={5: 1419, 0: 1703, 1: 390}
2026-03-24 10:11:03,657 INFO: particles=80 iter=40 n_caps=7 minZ=0.031598 runtime=147.35s placement={0: 899, 1: 799}
2026-03-24 10:13:32,241 INFO: particles=80 iter=40 n_caps=8 minZ=0.027921 runtime=148.58s placement={0: 125, 1: 702}
2026-03-24 10:16:02,986 INFO: particles=80 iter=40 n_caps=9 minZ=0.025656 runtime=150.74s placement={0: 0, 1: 197, 7: 124}
2026-03-24 10:18:39,770 INFO: particles=80 iter=40 n_caps=10 minZ=0.027292 runtime=156.78s placement={0: 0, 1: 197, 7: 893}
2026-03-24 10:21:16,648 INFO: particles=80 iter=40 n_caps=11 minZ=0.026536 runtime=156.88s placement={0: 0, 1: 197, 7: 1291}
2026-03-24 10:23:56,152 INFO: particles=80 iter=40 n_caps=12 minZ=0.026255 runtime=159.50s placement={0: 0, 1: 197, 7: 344}
2026-03-24 10:26:35,995 INFO: particles=80 iter=40 n_caps=13 minZ=0.026260 runtime=159.84s placement={0: 12, 1: 220, 3: 2617}
2026-03-24 10:29:25,010 INFO: particles=80 iter=40 n_caps=14 minZ=0.024607 runtime=169.01s placement={0: 0, 1: 214, 3: 2381, 7: 12}
2026-03-24 10:32:22,612 INFO: particles=80 iter=40 n_caps=15 minZ=0.025055 runtime=177.60s placement={0: 2, 1: 280, 8: 732}
2026-03-24 10:35:08,173 INFO: particles=80 iter=40 n_caps=16 minZ=0.024491 runtime=165.56s placement={1: 1767, 0: 2, 8: 0, 7: 0}
2026-03-24 10:37:55,539 INFO: particles=80 iter=40 n_caps=17 minZ=0.024077 runtime=167.37s placement={0: 0, 1: 280, 8: 0, 7: 2, 10: 313}
2026-03-24 10:40:45,258 INFO: particles=80 iter=40 n_caps=18 minZ=0.023750 runtime=169.72s placement={0: 0, 1: 280, 8: 4, 7: 0, 10: 0}
2026-03-24 10:43:36,318 INFO: particles=80 iter=40 n_caps=19 minZ=0.022998 runtime=171.06s placement={0: 115, 1: 265, 8: 113, 7: 0, 6: 1}
2026-03-24 10:46:39,256 INFO: particles=80 iter=40 n_caps=20 minZ=0.023302 runtime=182.94s placement={0: 0, 1: 1324, 9: 170, 5: 0, 14: 105, 10: 0, 6: 1072, 3: 0, 17: 0}
