2026-03-27 16:40:03,505 INFO: particles=80 iter=15 n_caps=1 minZ=0.080251 runtime=27.83s placement={0: 1012}
2026-03-27 16:40:32,003 INFO: particles=80 iter=15 n_caps=2 minZ=0.053262 runtime=28.50s placement={0: 1012, 14: 1487}
2026-03-27 16:41:01,213 INFO: particles=80 iter=15 n_caps=3 minZ=0.062095 runtime=29.21s placement={14: 1012, 0: 1477, 9: 0}
2026-03-27 16:41:31,271 INFO: particles=80 iter=15 n_caps=4 minZ=0.045216 runtime=30.06s placement={0: 1014, 9: 1476, 7: 0, 10: 2636}
2026-03-27 16:42:02,005 INFO: particles=80 iter=15 n_caps=5 minZ=0.058243 runtime=30.73s placement={9: 1014, 7: 1476, 10: 0, 0: 2636, 6: 3}
2026-03-27 16:42:34,681 INFO: particles=80 iter=15 n_caps=6 minZ=0.047419 runtime=32.68s placement={6: 2447, 10: 3347, 0: 1080, 4: 0, 1: 2013}
2026-03-27 16:43:07,284 INFO: particles=80 iter=15 n_caps=7 minZ=0.035832 runtime=32.60s placement={9: 2878, 0: 1584, 1: 1021, 10: 1092}
2026-03-27 16:43:40,998 INFO: particles=80 iter=15 n_caps=8 minZ=0.031765 runtime=33.71s placement={0: 1960, 1: 0, 10: 862}
2026-03-27 16:44:14,791 INFO: particles=80 iter=15 n_caps=9 minZ=0.030380 runtime=33.79s placement={0: 0, 1: 0, 9: 517}
2026-03-27 16:44:52,310 INFO: particles=80 iter=15 n_caps=10 minZ=0.035075 runtime=37.52s placement={0: 457, 1: 0, 9: 1309}
2026-03-27 16:45:29,653 INFO: particles=80 iter=15 n_caps=11 minZ=0.028670 runtime=37.34s placement={0: 0, 10: 0, 1: 998}
2026-03-27 16:46:05,378 INFO: particles=80 iter=15 n_caps=12 minZ=0.028769 runtime=35.72s placement={10: 1755, 0: 0, 1: 998}
2026-03-27 16:46:43,258 INFO: particles=80 iter=15 n_caps=13 minZ=0.026056 runtime=37.88s placement={0: 2360, 1: 0}
2026-03-27 16:47:20,953 INFO: particles=80 iter=15 n_caps=14 minZ=0.025443 runtime=37.69s placement={0: 1569, 1: 0, 5: 0}
2026-03-27 16:47:58,978 INFO: particles=80 iter=15 n_caps=15 minZ=0.024577 runtime=38.02s placement={0: 118, 1: 0}
2026-03-27 16:48:41,545 INFO: particles=80 iter=15 n_caps=16 minZ=0.023613 runtime=42.57s placement={0: 0, 1: 0}
2026-03-27 16:49:21,025 INFO: particles=80 iter=15 n_caps=17 minZ=0.023280 runtime=39.48s placement={0: 0, 1: 0}
2026-03-27 16:50:01,108 INFO: particles=80 iter=15 n_caps=18 minZ=0.023098 runtime=40.08s placement={0: 0, 1: 0}
2026-03-27 16:50:43,148 INFO: particles=80 iter=15 n_caps=19 minZ=0.022431 runtime=42.04s placement={0: 0, 1: 0}
2026-03-27 16:51:24,528 INFO: particles=80 iter=15 n_caps=20 minZ=0.020136 runtime=41.38s placement={0: 0, 1: 0, 6: 0}
