2026-03-22 23:33:59,891 INFO: particles=20 iter=50 n_caps=1 minZ=0.080251 runtime=26.27s placement={0: 1012}
2026-03-22 23:34:28,205 INFO: particles=20 iter=50 n_caps=2 minZ=0.052829 runtime=28.31s placement={0: 1012, 14: 1319}
2026-03-22 23:34:55,910 INFO: particles=20 iter=50 n_caps=3 minZ=0.062873 runtime=27.70s placement={9: 1167, 0: 1480, 10: 1127}
2026-03-22 23:35:24,767 INFO: particles=20 iter=50 n_caps=4 minZ=0.054426 runtime=28.86s placement={0: 1167, 9: 1476, 10: 1162, 15: 1663}
2026-03-22 23:35:53,992 INFO: particles=20 iter=50 n_caps=5 minZ=0.052977 runtime=29.22s placement={9: 1403, 10: 838, 15: 1057, 0: 1494, 14: 0}
2026-03-22 23:36:24,984 INFO: particles=20 iter=50 n_caps=6 minZ=0.040211 runtime=30.99s placement={5: 1470, 15: 849, 0: 1012, 14: 1455, 8: 0, 10: 1524}
2026-03-22 23:36:55,650 INFO: particles=20 iter=50 n_caps=7 minZ=0.035166 runtime=30.67s placement={14: 1424, 0: 1012, 15: 1045, 10: 1456, 11: 0, 1: 1525}
2026-03-22 23:37:27,843 INFO: particles=20 iter=50 n_caps=8 minZ=0.032822 runtime=32.19s placement={0: 1012, 16: 1398, 9: 873, 10: 1512, 1: 0, 14: 673}
2026-03-22 23:37:59,885 INFO: particles=20 iter=50 n_caps=9 minZ=0.033506 runtime=32.04s placement={15: 1318, 6: 1292, 9: 1023, 0: 685, 1: 0, 11: 938, 7: 0}
2026-03-22 23:38:34,568 INFO: particles=20 iter=50 n_caps=10 minZ=0.030517 runtime=34.68s placement={5: 672, 9: 1405, 0: 1144, 1: 2513, 19: 162, 10: 420, 16: 0}
2026-03-22 23:39:09,470 INFO: particles=20 iter=50 n_caps=11 minZ=0.025730 runtime=34.90s placement={9: 785, 0: 1014, 1: 315, 19: 2580, 7: 187, 16: 369}
2026-03-22 23:39:45,138 INFO: particles=20 iter=50 n_caps=12 minZ=0.027120 runtime=35.67s placement={0: 1601, 1: 1166, 19: 1015, 8: 2788, 17: 192}
2026-03-22 23:40:21,288 INFO: particles=20 iter=50 n_caps=13 minZ=0.027467 runtime=36.15s placement={0: 0, 1: 1169, 19: 2501, 10: 1026, 17: 2788}
2026-03-22 23:40:58,172 INFO: particles=20 iter=50 n_caps=14 minZ=0.025808 runtime=36.88s placement={0: 0, 1: 1169, 19: 342, 10: 2501, 17: 1026, 15: 0}
2026-03-22 23:41:35,190 INFO: particles=20 iter=50 n_caps=15 minZ=0.024835 runtime=37.02s placement={0: 0, 19: 1220, 9: 343, 17: 2536, 1: 1042, 15: 1676}
2026-03-22 23:42:13,840 INFO: particles=20 iter=50 n_caps=16 minZ=0.027996 runtime=38.65s placement={19: 687, 9: 839, 17: 342, 0: 9, 1: 1042, 15: 1056, 7: 0}
2026-03-22 23:42:52,351 INFO: particles=20 iter=50 n_caps=17 minZ=0.025653 runtime=38.51s placement={9: 686, 15: 770, 0: 3303, 1: 2463, 16: 951, 6: 0}
2026-03-22 23:43:31,499 INFO: particles=20 iter=50 n_caps=18 minZ=0.023643 runtime=39.15s placement={15: 682, 0: 1501, 1: 692, 17: 405, 7: 0}
2026-03-22 23:44:10,526 INFO: particles=20 iter=50 n_caps=19 minZ=0.022087 runtime=39.03s placement={0: 2617, 1: 924, 17: 420, 7: 1805}
2026-03-22 23:44:50,113 INFO: particles=20 iter=50 n_caps=20 minZ=0.020897 runtime=39.59s placement={0: 0, 1: 935, 17: 190, 7: 1093}
