2026-03-25 15:54:24,000 INFO: particles=20 iter=15 n_caps=1 minZ=0.089255 runtime=6.97s placement={0: 1518}
2026-03-25 15:54:31,141 INFO: particles=20 iter=15 n_caps=2 minZ=0.095883 runtime=7.14s placement={9: 1722, 7: 1196}
2026-03-25 15:54:38,507 INFO: particles=20 iter=15 n_caps=3 minZ=0.063673 runtime=7.37s placement={0: 1302, 9: 1719, 6: 1398}
2026-03-25 15:54:46,060 INFO: particles=20 iter=15 n_caps=4 minZ=0.066968 runtime=7.55s placement={10: 1311, 6: 1512, 0: 1377, 1: 0}
2026-03-25 15:54:53,902 INFO: particles=20 iter=15 n_caps=5 minZ=0.051593 runtime=7.84s placement={10: 1290, 0: 736, 1: 2273, 15: 1005}
2026-03-25 15:55:01,841 INFO: particles=20 iter=15 n_caps=6 minZ=0.045380 runtime=7.94s placement={0: 1726, 1: 1753, 15: 736}
2026-03-25 15:55:09,951 INFO: particles=20 iter=15 n_caps=7 minZ=0.041422 runtime=8.11s placement={0: 42, 1: 1753, 15: 2273}
2026-03-25 15:55:18,246 INFO: particles=20 iter=15 n_caps=8 minZ=0.040993 runtime=8.29s placement={0: 107, 15: 1753, 1: 2273}
2026-03-25 15:55:26,742 INFO: particles=20 iter=15 n_caps=9 minZ=0.034096 runtime=8.50s placement={15: 1282, 0: 76, 1: 2191, 11: 51}
2026-03-25 15:55:35,383 INFO: particles=20 iter=15 n_caps=10 minZ=0.034559 runtime=8.64s placement={0: 2639, 1: 1568, 11: 59}
2026-03-25 15:55:44,203 INFO: particles=20 iter=15 n_caps=11 minZ=0.035802 runtime=8.82s placement={0: 0, 1: 1568, 11: 1612, 20: 2639}
2026-03-25 15:55:53,238 INFO: particles=20 iter=15 n_caps=12 minZ=0.034839 runtime=9.04s placement={0: 1615, 1: 1148, 10: 601, 5: 991, 20: 1742, 12: 0}
2026-03-25 15:56:02,455 INFO: particles=20 iter=15 n_caps=13 minZ=0.034272 runtime=9.22s placement={0: 0, 1: 980, 10: 999, 4: 0, 20: 720, 12: 2761}
2026-03-25 15:56:11,892 INFO: particles=20 iter=15 n_caps=14 minZ=0.030743 runtime=9.44s placement={0: 0, 1: 891, 9: 1269, 7: 1401, 20: 0, 17: 3347, 14: 0}
2026-03-25 15:56:21,409 INFO: particles=20 iter=15 n_caps=15 minZ=0.033008 runtime=9.52s placement={0: 837, 8: 798, 1: 2282, 10: 907, 20: 1269, 16: 40, 14: 0, 9: 0, 2: 0}
2026-03-25 15:56:31,115 INFO: particles=20 iter=15 n_caps=16 minZ=0.028752 runtime=9.71s placement={8: 593, 0: 0, 1: 998, 19: 849, 2: 0, 14: 1124, 15: 955, 6: 0}
2026-03-25 15:56:41,030 INFO: particles=20 iter=15 n_caps=17 minZ=0.027987 runtime=9.91s placement={0: 1588, 1: 2810, 20: 721, 14: 0, 4: 1732}
2026-03-25 15:56:51,187 INFO: particles=20 iter=15 n_caps=18 minZ=0.027837 runtime=10.16s placement={0: 1765, 1: 3268, 20: 984, 13: 887, 5: 886, 6: 1540, 4: 1724, 3: 0}
2026-03-25 15:57:01,478 INFO: particles=20 iter=15 n_caps=19 minZ=0.025029 runtime=10.29s placement={0: 0, 20: 3266, 1: 1040, 14: 1298, 4: 738, 5: 946, 3: 0, 2: 2148}
2026-03-25 15:57:11,948 INFO: particles=20 iter=15 n_caps=20 minZ=0.026209 runtime=10.47s placement={20: 337, 0: 0, 1: 1040, 14: 628, 4: 263, 5: 738, 3: 1652, 2: 362, 7: 0}
