2026-03-16 20:40:54,338 INFO: particles=20 iter=40 n_caps=1 minZ=0.085029 runtime=37.26s placement={0: 1316}
2026-03-16 20:41:31,845 INFO: particles=20 iter=40 n_caps=2 minZ=0.081936 runtime=37.51s placement={0: 1316, 7: 0}
2026-03-16 20:42:09,717 INFO: particles=20 iter=40 n_caps=3 minZ=0.048502 runtime=37.87s placement={0: 1012, 5: 1229, 9: 1056}
2026-03-16 20:42:48,504 INFO: particles=20 iter=40 n_caps=4 minZ=0.056693 runtime=38.79s placement={0: 1448, 10: 1662, 1: 971}
2026-03-16 20:43:27,357 INFO: particles=20 iter=40 n_caps=5 minZ=0.046527 runtime=38.85s placement={9: 832, 0: 685, 1: 924}
2026-03-16 20:44:06,875 INFO: particles=20 iter=40 n_caps=6 minZ=0.034320 runtime=39.52s placement={0: 1542, 1: 1246}
2026-03-16 20:44:47,820 INFO: particles=20 iter=40 n_caps=7 minZ=0.033753 runtime=40.95s placement={0: 1542, 1: 1246, 7: 0}
2026-03-16 20:45:29,169 INFO: particles=20 iter=40 n_caps=8 minZ=0.036580 runtime=41.35s placement={0: 0, 1: 1246, 7: 1542}
2026-03-16 20:46:11,594 INFO: particles=20 iter=40 n_caps=9 minZ=0.028968 runtime=42.43s placement={0: 0, 1: 1372, 15: 303, 12: 0}
2026-03-16 20:46:54,463 INFO: particles=20 iter=40 n_caps=10 minZ=0.030296 runtime=42.87s placement={0: 0, 1: 1372, 15: 1126, 12: 0, 7: 0}
2026-03-16 20:47:38,720 INFO: particles=20 iter=40 n_caps=11 minZ=0.032661 runtime=44.26s placement={0: 38, 1: 0, 16: 1894, 9: 671, 7: 4, 5: 0}
2026-03-16 20:48:22,496 INFO: particles=20 iter=40 n_caps=12 minZ=0.033992 runtime=43.78s placement={0: 0, 16: 0, 1: 1894, 9: 555, 7: 1009, 5: 38, 10: 0}
2026-03-16 20:49:07,383 INFO: particles=20 iter=40 n_caps=13 minZ=0.028699 runtime=44.89s placement={6: 1991, 0: 476, 1: 2455, 12: 2062, 8: 0, 4: 2, 5: 0, 11: 0}
2026-03-16 20:49:52,178 INFO: particles=20 iter=40 n_caps=14 minZ=0.026820 runtime=44.79s placement={0: 899, 1: 379, 9: 1430, 16: 1136, 5: 435, 6: 0}
2026-03-16 20:50:38,036 INFO: particles=20 iter=40 n_caps=15 minZ=0.027590 runtime=45.86s placement={1: 2333, 9: 415, 0: 0, 15: 511, 6: 1164, 7: 1359}
2026-03-16 20:51:23,123 INFO: particles=20 iter=40 n_caps=16 minZ=0.023971 runtime=45.09s placement={9: 2328, 0: 268, 1: 1340, 15: 3143, 6: 0, 7: 1146, 10: 0}
2026-03-16 20:52:08,858 INFO: particles=20 iter=40 n_caps=17 minZ=0.026480 runtime=45.73s placement={0: 1913, 1: 332, 15: 1357, 8: 329, 9: 0, 7: 354}
2026-03-16 20:52:55,334 INFO: particles=20 iter=40 n_caps=18 minZ=0.024092 runtime=46.48s placement={0: 0, 15: 282, 1: 1403, 5: 598, 4: 1145, 8: 13, 9: 0}
2026-03-16 20:53:42,848 INFO: particles=20 iter=40 n_caps=19 minZ=0.023033 runtime=47.51s placement={15: 103, 0: 0, 1: 1187, 5: 305, 7: 0, 4: 0, 6: 0}
2026-03-16 20:54:30,308 INFO: particles=20 iter=40 n_caps=20 minZ=0.024899 runtime=47.46s placement={0: 343, 1: 0, 4: 3347, 2: 1399, 7: 999, 5: 0, 15: 93, 3: 2530}
