2026-03-27 14:17:36,608 INFO: particles=80 iter=10 n_caps=1 minZ=0.080251 runtime=18.62s placement={0: 1014}
2026-03-27 14:17:55,582 INFO: particles=80 iter=10 n_caps=2 minZ=0.070788 runtime=18.97s placement={0: 973, 5: 1044}
2026-03-27 14:18:15,135 INFO: particles=80 iter=10 n_caps=3 minZ=0.047633 runtime=19.55s placement={9: 1636, 0: 1014, 7: 1297}
2026-03-27 14:18:35,259 INFO: particles=80 iter=10 n_caps=4 minZ=0.056070 runtime=20.12s placement={0: 1636, 9: 1012, 10: 1187, 14: 1232}
2026-03-27 14:18:55,800 INFO: particles=80 iter=10 n_caps=5 minZ=0.048526 runtime=20.54s placement={5: 1718, 10: 1041, 11: 860, 0: 1012, 9: 71}
2026-03-27 14:19:16,874 INFO: particles=80 iter=10 n_caps=6 minZ=0.052366 runtime=21.07s placement={15: 1699, 10: 1033, 0: 899, 9: 1071, 4: 1774, 5: 1785}
2026-03-27 14:19:38,573 INFO: particles=80 iter=10 n_caps=7 minZ=0.043485 runtime=21.70s placement={7: 1785, 0: 1012, 9: 923, 6: 806, 1: 2203, 11: 1837, 12: 1533}
2026-03-27 14:20:00,591 INFO: particles=80 iter=10 n_caps=8 minZ=0.041624 runtime=22.02s placement={0: 1169, 6: 1469, 9: 819, 1: 1689, 10: 2515, 13: 2282}
2026-03-27 14:20:23,132 INFO: particles=80 iter=10 n_caps=9 minZ=0.039029 runtime=22.54s placement={6: 989, 9: 1360, 0: 1261, 7: 1651, 15: 2350, 1: 2012, 5: 343}
2026-03-27 14:20:46,441 INFO: particles=80 iter=10 n_caps=10 minZ=0.034130 runtime=23.31s placement={11: 1021, 0: 1126, 6: 456, 16: 1387, 1: 1871, 7: 1256}
2026-03-27 14:21:12,206 INFO: particles=80 iter=10 n_caps=11 minZ=0.030702 runtime=25.76s placement={0: 1915, 6: 1611, 16: 456, 1: 1387, 7: 2922}
2026-03-27 14:21:36,339 INFO: particles=80 iter=10 n_caps=12 minZ=0.029670 runtime=24.13s placement={6: 1021, 16: 1611, 0: 0, 1: 1387, 7: 2013}
2026-03-27 14:22:01,489 INFO: particles=80 iter=10 n_caps=13 minZ=0.026988 runtime=25.15s placement={18: 820, 0: 923, 12: 0, 1: 1582, 2: 2964, 14: 220}
2026-03-27 14:22:27,288 INFO: particles=80 iter=10 n_caps=14 minZ=0.025730 runtime=25.80s placement={0: 3068, 12: 1164, 1: 0, 2: 2556, 14: 1824}
2026-03-27 14:22:52,745 INFO: particles=80 iter=10 n_caps=15 minZ=0.026568 runtime=25.46s placement={12: 820, 0: 0, 1: 0, 2: 1783, 14: 1272}
2026-03-27 14:23:18,554 INFO: particles=80 iter=10 n_caps=16 minZ=0.025520 runtime=25.81s placement={2: 1809, 0: 1394, 1: 0, 14: 945, 3: 0}
2026-03-27 14:23:45,915 INFO: particles=80 iter=10 n_caps=17 minZ=0.023395 runtime=27.36s placement={0: 484, 1: 1763, 14: 933, 2: 3239}
2026-03-27 14:24:13,483 INFO: particles=80 iter=10 n_caps=18 minZ=0.023622 runtime=27.57s placement={0: 0, 1: 1794, 14: 2977}
2026-03-27 14:24:41,007 INFO: particles=80 iter=10 n_caps=19 minZ=0.023258 runtime=27.52s placement={0: 0, 1: 1794, 14: 2820, 10: 0}
2026-03-27 14:25:08,751 INFO: particles=80 iter=10 n_caps=20 minZ=0.022979 runtime=27.74s placement={0: 0, 1: 1794, 14: 1664, 10: 492, 7: 41}
