2026-03-25 16:23:45,693 INFO: particles=20 iter=15 n_caps=1 minZ=0.085029 runtime=6.91s placement={0: 1316}
2026-03-25 16:23:52,784 INFO: particles=20 iter=15 n_caps=2 minZ=0.079183 runtime=7.09s placement={0: 1282, 7: 144}
2026-03-25 16:24:00,134 INFO: particles=20 iter=15 n_caps=3 minZ=0.057772 runtime=7.35s placement={8: 1096, 0: 1012, 14: 1264}
2026-03-25 16:24:07,645 INFO: particles=20 iter=15 n_caps=4 minZ=0.055187 runtime=7.51s placement={0: 1126, 14: 1004, 9: 1234, 7: 1523}
2026-03-25 16:24:15,327 INFO: particles=20 iter=15 n_caps=5 minZ=0.059014 runtime=7.68s placement={14: 1126, 9: 1004, 7: 1234, 0: 1523, 10: 0}
2026-03-25 16:24:23,242 INFO: particles=20 iter=15 n_caps=6 minZ=0.037974 runtime=7.91s placement={14: 2015, 0: 2940, 1: 1550, 16: 1550}
2026-03-25 16:24:31,312 INFO: particles=20 iter=15 n_caps=7 minZ=0.035218 runtime=8.07s placement={0: 2373, 1: 1178, 16: 1550}
2026-03-25 16:24:39,587 INFO: particles=20 iter=15 n_caps=8 minZ=0.034159 runtime=8.28s placement={0: 2373, 16: 1178, 1: 1550, 7: 75}
2026-03-25 16:24:48,042 INFO: particles=20 iter=15 n_caps=9 minZ=0.034376 runtime=8.45s placement={16: 2015, 0: 2940, 1: 1550, 7: 2373, 6: 75, 15: 0}
2026-03-25 16:24:56,655 INFO: particles=20 iter=15 n_caps=10 minZ=0.033170 runtime=8.61s placement={0: 2692, 1: 1178, 7: 2940, 6: 2373, 15: 75}
2026-03-25 16:25:05,527 INFO: particles=20 iter=15 n_caps=11 minZ=0.038548 runtime=8.87s placement={0: 2627, 1: 1194, 5: 1012, 12: 3010, 15: 1291, 7: 76}
2026-03-25 16:25:14,532 INFO: particles=20 iter=15 n_caps=12 minZ=0.035542 runtime=9.00s placement={0: 0, 1: 1617, 5: 840, 9: 1014, 14: 1405, 10: 2555}
2026-03-25 16:25:23,719 INFO: particles=20 iter=15 n_caps=13 minZ=0.031693 runtime=9.19s placement={0: 0, 1: 1219, 5: 1141, 9: 880, 14: 1014, 10: 409}
2026-03-25 16:25:33,025 INFO: particles=20 iter=15 n_caps=14 minZ=0.032791 runtime=9.31s placement={0: 0, 5: 1219, 9: 1141, 14: 880, 1: 1014, 10: 0}
2026-03-25 16:25:42,574 INFO: particles=20 iter=15 n_caps=15 minZ=0.028371 runtime=9.55s placement={0: 0, 15: 1461, 17: 2994, 1: 0}
2026-03-25 16:25:52,251 INFO: particles=20 iter=15 n_caps=16 minZ=0.029210 runtime=9.68s placement={15: 1805, 17: 1461, 0: 0, 1: 0}
2026-03-25 16:26:02,068 INFO: particles=20 iter=15 n_caps=17 minZ=0.027932 runtime=9.82s placement={17: 1805, 0: 2554, 1: 2994, 7: 0}
2026-03-25 16:26:12,053 INFO: particles=20 iter=15 n_caps=18 minZ=0.027609 runtime=9.98s placement={0: 2554, 1: 1461, 7: 0, 9: 2957}
2026-03-25 16:26:22,210 INFO: particles=20 iter=15 n_caps=19 minZ=0.027124 runtime=10.16s placement={0: 0, 1: 1461, 7: 0, 9: 2554}
2026-03-25 16:26:32,564 INFO: particles=20 iter=15 n_caps=20 minZ=0.026025 runtime=10.35s placement={0: 2921, 1: 1404, 7: 5, 10: 202, 6: 0, 11: 0}
