2026-03-20 05:16:15,605 INFO: particles=80 iter=15 n_caps=1 minZ=0.080251 runtime=50.92s placement={0: 1014}
2026-03-20 05:17:07,734 INFO: particles=80 iter=15 n_caps=2 minZ=0.063812 runtime=52.13s placement={0: 1014, 15: 1351}
2026-03-20 05:18:01,328 INFO: particles=80 iter=15 n_caps=3 minZ=0.058107 runtime=53.59s placement={16: 975, 0: 1788, 9: 686}
2026-03-20 05:18:55,843 INFO: particles=80 iter=15 n_caps=4 minZ=0.046625 runtime=54.51s placement={0: 1012, 9: 1793, 10: 977, 14: 3008}
2026-03-20 05:19:51,390 INFO: particles=80 iter=15 n_caps=5 minZ=0.055794 runtime=55.55s placement={9: 1426, 10: 1993, 15: 717, 0: 1375, 5: 467}
2026-03-20 05:20:47,815 INFO: particles=80 iter=15 n_caps=6 minZ=0.040841 runtime=56.42s placement={8: 1073, 15: 2359, 0: 1014, 9: 1947, 6: 685, 5: 1077}
2026-03-20 05:21:45,164 INFO: particles=80 iter=15 n_caps=7 minZ=0.049921 runtime=57.35s placement={15: 1122, 0: 2413, 10: 972, 6: 1934, 5: 696, 9: 980, 8: 1438}
2026-03-20 05:22:43,852 INFO: particles=80 iter=15 n_caps=8 minZ=0.050068 runtime=58.69s placement={0: 975, 8: 1869, 9: 978, 5: 1977, 10: 660, 7: 689, 6: 1579, 4: 2691}
2026-03-20 05:23:43,525 INFO: particles=80 iter=15 n_caps=9 minZ=0.035710 runtime=59.67s placement={10: 600, 7: 2132, 0: 1583, 1: 2466, 8: 0, 13: 3104, 16: 0}
2026-03-20 05:24:44,529 INFO: particles=80 iter=15 n_caps=10 minZ=0.036374 runtime=61.00s placement={5: 292, 1: 2190, 0: 1231, 9: 28, 16: 1474}
2026-03-20 05:25:46,302 INFO: particles=80 iter=15 n_caps=11 minZ=0.029628 runtime=61.77s placement={0: 1014, 1: 2470, 9: 3347, 16: 1362}
2026-03-20 05:26:48,328 INFO: particles=80 iter=15 n_caps=12 minZ=0.027285 runtime=62.03s placement={0: 81, 1: 2401, 9: 894, 16: 3015}
2026-03-20 05:27:51,107 INFO: particles=80 iter=15 n_caps=13 minZ=0.027310 runtime=62.78s placement={0: 0, 9: 2401, 1: 894, 16: 11}
2026-03-20 05:28:55,114 INFO: particles=80 iter=15 n_caps=14 minZ=0.026995 runtime=64.01s placement={9: 349, 0: 0, 1: 894, 16: 3347}
2026-03-20 05:29:59,514 INFO: particles=80 iter=15 n_caps=15 minZ=0.024560 runtime=64.40s placement={0: 1587, 1: 2401, 16: 894}
2026-03-20 05:31:05,678 INFO: particles=80 iter=15 n_caps=16 minZ=0.024924 runtime=66.16s placement={0: 0, 16: 2401, 1: 894}
2026-03-20 05:32:12,149 INFO: particles=80 iter=15 n_caps=17 minZ=0.024551 runtime=66.47s placement={16: 349, 0: 0, 1: 894, 7: 0}
2026-03-20 05:33:20,099 INFO: particles=80 iter=15 n_caps=18 minZ=0.023859 runtime=67.95s placement={0: 2692, 1: 2401, 7: 1587}
2026-03-20 05:34:28,527 INFO: particles=80 iter=15 n_caps=19 minZ=0.022951 runtime=68.43s placement={0: 2692, 1: 2401, 7: 0, 10: 0}
2026-03-20 05:35:38,453 INFO: particles=80 iter=15 n_caps=20 minZ=0.022843 runtime=69.93s placement={0: 0, 1: 2401, 7: 0, 10: 2692}
