2026-03-22 05:00:52,853 INFO: particles=50 iter=40 n_caps=1 minZ=0.080251 runtime=85.90s placement={0: 1012}
2026-03-22 05:02:20,521 INFO: particles=50 iter=40 n_caps=2 minZ=0.069259 runtime=87.67s placement={5: 1290, 0: 1120}
2026-03-22 05:03:49,165 INFO: particles=50 iter=40 n_caps=3 minZ=0.047340 runtime=88.64s placement={0: 1014, 9: 1448, 15: 810}
2026-03-22 05:05:19,504 INFO: particles=50 iter=40 n_caps=4 minZ=0.048690 runtime=90.34s placement={9: 456, 15: 1449, 0: 1012, 6: 0}
2026-03-22 05:06:51,775 INFO: particles=50 iter=40 n_caps=5 minZ=0.053324 runtime=92.27s placement={15: 448, 0: 1560, 5: 766, 4: 0, 9: 1767}
2026-03-22 05:08:25,884 INFO: particles=50 iter=40 n_caps=6 minZ=0.040637 runtime=94.11s placement={7: 433, 9: 2018, 0: 1014, 10: 571, 3: 1913, 6: 2487}
2026-03-22 05:10:01,739 INFO: particles=50 iter=40 n_caps=7 minZ=0.035657 runtime=95.85s placement={5: 430, 0: 1014, 8: 1007, 1: 298, 15: 2181}
2026-03-22 05:11:38,913 INFO: particles=50 iter=40 n_caps=8 minZ=0.028370 runtime=97.17s placement={0: 1012, 8: 1002, 1: 1051, 15: 2001}
2026-03-22 05:13:17,954 INFO: particles=50 iter=40 n_caps=9 minZ=0.028764 runtime=99.04s placement={8: 451, 0: 0, 1: 1051, 15: 303}
2026-03-22 05:14:58,461 INFO: particles=50 iter=40 n_caps=10 minZ=0.024895 runtime=100.51s placement={0: 764, 1: 800, 15: 1249}
2026-03-22 05:16:40,784 INFO: particles=50 iter=40 n_caps=11 minZ=0.025134 runtime=102.32s placement={0: 62, 15: 800, 1: 1249}
2026-03-22 05:18:24,827 INFO: particles=50 iter=40 n_caps=12 minZ=0.025445 runtime=104.04s placement={15: 433, 0: 0, 1: 1249, 7: 62}
2026-03-22 05:20:10,759 INFO: particles=50 iter=40 n_caps=13 minZ=0.025133 runtime=105.93s placement={0: 2639, 1: 800, 7: 764}
2026-03-22 05:21:59,932 INFO: particles=50 iter=40 n_caps=14 minZ=0.023424 runtime=109.17s placement={0: 2639, 1: 800, 7: 0, 6: 0}
2026-03-22 05:23:57,479 INFO: particles=50 iter=40 n_caps=15 minZ=0.028272 runtime=117.55s placement={0: 0, 1: 800, 7: 1012, 6: 2639}
2026-03-22 05:25:47,646 INFO: particles=50 iter=40 n_caps=16 minZ=0.023234 runtime=110.17s placement={0: 0, 1: 800, 7: 1131, 6: 0}
2026-03-22 05:27:39,543 INFO: particles=50 iter=40 n_caps=17 minZ=0.023657 runtime=111.90s placement={0: 0, 1: 800, 7: 2393, 6: 62}
2026-03-22 05:29:32,458 INFO: particles=50 iter=40 n_caps=18 minZ=0.022050 runtime=112.91s placement={0: 0, 1: 816, 9: 1882, 5: 745}
2026-03-22 05:31:27,545 INFO: particles=50 iter=40 n_caps=19 minZ=0.020609 runtime=115.09s placement={0: 13, 1: 816, 9: 217, 5: 0}
2026-03-22 05:33:24,154 INFO: particles=50 iter=40 n_caps=20 minZ=0.024209 runtime=116.61s placement={0: 33, 1: 816, 9: 1248, 5: 1012}
