2026-03-23 15:11:21,855 INFO: particles=30 iter=50 n_caps=1 minZ=0.085029 runtime=39.89s placement={0: 1316}
2026-03-23 15:12:02,490 INFO: particles=30 iter=50 n_caps=2 minZ=0.059311 runtime=40.63s placement={0: 1014, 10: 3071}
2026-03-23 15:12:44,185 INFO: particles=30 iter=50 n_caps=3 minZ=0.066639 runtime=41.69s placement={9: 953, 2: 2984, 0: 911}
2026-03-23 15:13:27,291 INFO: particles=30 iter=50 n_caps=4 minZ=0.049362 runtime=43.11s placement={18: 3299, 5: 2825, 0: 1014, 10: 1474}
2026-03-23 15:14:12,182 INFO: particles=30 iter=50 n_caps=5 minZ=0.059467 runtime=44.89s placement={5: 3299, 0: 2825, 10: 1012, 9: 1463, 14: 3162}
2026-03-23 15:14:57,512 INFO: particles=30 iter=50 n_caps=6 minZ=0.058158 runtime=45.33s placement={0: 3300, 10: 2842, 9: 510, 14: 1456, 5: 3165, 15: 868}
2026-03-23 15:15:44,290 INFO: particles=30 iter=50 n_caps=7 minZ=0.045791 runtime=46.78s placement={11: 3332, 5: 3034, 16: 0, 6: 1724, 15: 2814, 0: 1012, 9: 0}
2026-03-23 15:16:32,016 INFO: particles=30 iter=50 n_caps=8 minZ=0.052413 runtime=47.73s placement={5: 3333, 16: 3028, 6: 0, 15: 1765, 0: 2814, 9: 1012, 7: 0, 10: 1904}
2026-03-23 15:17:20,648 INFO: particles=30 iter=50 n_caps=9 minZ=0.035607 runtime=48.63s placement={9: 2440, 0: 1012, 7: 0, 1: 1598, 10: 1392, 18: 3342}
2026-03-23 15:18:11,064 INFO: particles=30 iter=50 n_caps=10 minZ=0.029967 runtime=50.42s placement={0: 838, 10: 1508, 1: 0, 15: 1272, 14: 1259, 18: 3347}
2026-03-23 15:19:02,114 INFO: particles=30 iter=50 n_caps=11 minZ=0.033113 runtime=51.05s placement={10: 2256, 0: 595, 9: 0, 1: 3347, 14: 539, 6: 755, 16: 1278, 3: 3347, 7: 197}
2026-03-23 15:19:55,349 INFO: particles=30 iter=50 n_caps=12 minZ=0.032255 runtime=53.24s placement={0: 268, 20: 1751, 1: 1, 6: 1158, 14: 636, 7: 1470, 10: 179, 19: 3290}
2026-03-23 15:20:50,068 INFO: particles=30 iter=50 n_caps=13 minZ=0.027811 runtime=54.72s placement={11: 663, 0: 0, 1: 0, 16: 133, 20: 16}
2026-03-23 15:21:45,204 INFO: particles=30 iter=50 n_caps=14 minZ=0.029820 runtime=55.14s placement={0: 1860, 1: 1869, 16: 2034, 20: 1263}
2026-03-23 15:22:39,720 INFO: particles=30 iter=50 n_caps=15 minZ=0.025187 runtime=54.52s placement={0: 0, 1: 1875, 16: 2512, 20: 3236}
2026-03-23 15:23:36,257 INFO: particles=30 iter=50 n_caps=16 minZ=0.025902 runtime=56.54s placement={0: 2016, 1: 1882, 16: 0, 20: 338, 7: 0, 6: 0}
2026-03-23 15:24:34,570 INFO: particles=30 iter=50 n_caps=17 minZ=0.025951 runtime=58.31s placement={0: 493, 16: 1770, 1: 2954, 20: 1110, 14: 2031, 5: 0, 2: 0}
2026-03-23 15:25:33,718 INFO: particles=30 iter=50 n_caps=18 minZ=0.022704 runtime=59.15s placement={16: 215, 0: 0, 1: 2975, 20: 273, 14: 886, 5: 2039}
2026-03-23 15:26:33,496 INFO: particles=30 iter=50 n_caps=19 minZ=0.021617 runtime=59.78s placement={0: 2802, 1: 1792, 20: 2444, 14: 2792, 5: 886}
2026-03-23 15:27:34,975 INFO: particles=30 iter=50 n_caps=20 minZ=0.022334 runtime=61.48s placement={0: 0, 1: 1792, 20: 2875, 14: 433, 5: 2792, 19: 2802}
