2026-04-02 03:15:42,303 INFO: particles=20 iter=25 n_caps=1 minZ=0.088670 runtime=29.17s placement={0: 1302}
2026-04-02 03:16:15,392 INFO: particles=20 iter=25 n_caps=2 minZ=0.070849 runtime=33.09s placement={16: 1397, 0: 1300}
2026-04-02 03:16:50,739 INFO: particles=20 iter=25 n_caps=3 minZ=0.056577 runtime=35.35s placement={0: 1012, 9: 1282, 1: 2373}
2026-04-02 03:17:28,126 INFO: particles=20 iter=25 n_caps=4 minZ=0.057688 runtime=37.39s placement={9: 1012, 0: 1282, 10: 2373, 6: 0}
2026-04-02 03:18:13,081 INFO: particles=20 iter=25 n_caps=5 minZ=0.038643 runtime=44.95s placement={0: 1565, 9: 1014, 6: 2374, 1: 0}
2026-04-02 03:18:53,896 INFO: particles=20 iter=25 n_caps=6 minZ=0.054576 runtime=40.81s placement={9: 512, 5: 984, 0: 2358, 1: 0, 10: 1031, 15: 0}
2026-04-02 03:19:36,684 INFO: particles=20 iter=25 n_caps=7 minZ=0.051725 runtime=42.79s placement={5: 898, 0: 1302, 1: 2316, 14: 1188, 13: 1751, 15: 462, 10: 1069}
2026-04-02 03:20:20,612 INFO: particles=20 iter=25 n_caps=8 minZ=0.034680 runtime=43.93s placement={0: 1742, 1: 1801, 16: 2093, 14: 1150, 17: 2754, 10: 363}
2026-04-02 03:21:07,665 INFO: particles=20 iter=25 n_caps=9 minZ=0.037476 runtime=47.05s placement={0: 40, 16: 1801, 14: 2093, 17: 1150, 10: 2754, 1: 363}
2026-04-02 03:21:55,941 INFO: particles=20 iter=25 n_caps=10 minZ=0.036333 runtime=48.28s placement={16: 1169, 15: 3347, 17: 1297, 0: 1126, 1: 2283, 13: 0}
2026-04-02 03:22:46,527 INFO: particles=20 iter=25 n_caps=11 minZ=0.032742 runtime=50.58s placement={16: 730, 19: 3347, 0: 3164, 1: 1519, 20: 1227, 14: 0}
2026-04-02 03:23:36,994 INFO: particles=20 iter=25 n_caps=12 minZ=0.034349 runtime=50.47s placement={19: 730, 0: 0, 1: 1192, 20: 1059, 14: 1227, 9: 3164, 10: 2769}
2026-04-02 03:24:29,870 INFO: particles=20 iter=25 n_caps=13 minZ=0.029840 runtime=52.88s placement={0: 3347, 1: 3347, 20: 175, 10: 0, 8: 0, 17: 3347}
2026-04-02 03:25:24,511 INFO: particles=20 iter=25 n_caps=14 minZ=0.028086 runtime=54.64s placement={0: 2256, 1: 3347, 20: 2412, 10: 148, 6: 656, 18: 354, 2: 0}
2026-04-02 03:26:21,356 INFO: particles=20 iter=25 n_caps=15 minZ=0.027369 runtime=56.84s placement={0: 2015, 1: 3040, 10: 197, 7: 293, 18: 3305, 20: 0, 9: 553}
2026-04-02 03:27:19,282 INFO: particles=20 iter=25 n_caps=16 minZ=0.026606 runtime=57.93s placement={0: 548, 1: 3180, 10: 433, 7: 1264, 19: 150, 20: 2202, 9: 0, 8: 0}
2026-04-02 03:28:31,612 INFO: particles=20 iter=25 n_caps=17 minZ=0.028573 runtime=72.33s placement={0: 248, 1: 3178, 10: 2115, 7: 1082, 19: 1260, 20: 1379, 5: 567, 2: 0, 15: 2}
2026-04-02 03:29:45,973 INFO: particles=20 iter=25 n_caps=18 minZ=0.026892 runtime=74.36s placement={0: 523, 1: 3255, 10: 635, 7: 771, 20: 810, 19: 2272, 4: 0, 9: 0, 11: 0, 5: 0}
2026-04-02 03:31:02,700 INFO: particles=20 iter=25 n_caps=19 minZ=0.025708 runtime=76.73s placement={0: 433, 3: 3263, 1: 186, 5: 2320, 20: 1719, 19: 1204, 6: 609, 9: 557, 11: 0, 7: 0}
2026-04-02 03:32:23,380 INFO: particles=20 iter=25 n_caps=20 minZ=0.025712 runtime=80.68s placement={4: 339, 0: 484, 6: 0, 20: 2302, 1: 1933, 19: 3271, 5: 0, 12: 573, 7: 0}
