2026-03-20 13:39:15,908 INFO: particles=30 iter=25 n_caps=1 minZ=0.085029 runtime=31.76s placement={0: 1316}
2026-03-20 13:39:48,338 INFO: particles=30 iter=25 n_caps=2 minZ=0.068763 runtime=32.43s placement={0: 1012, 7: 1247}
2026-03-20 13:40:21,311 INFO: particles=30 iter=25 n_caps=3 minZ=0.064846 runtime=32.97s placement={16: 1666, 9: 611, 0: 1300}
2026-03-20 13:40:55,059 INFO: particles=30 iter=25 n_caps=4 minZ=0.053231 runtime=33.75s placement={8: 1880, 10: 659, 0: 1014, 9: 2588}
2026-03-20 13:41:29,426 INFO: particles=30 iter=25 n_caps=5 minZ=0.043836 runtime=34.37s placement={6: 456, 0: 1012, 7: 983, 20: 2593, 5: 1666}
2026-03-20 13:42:04,459 INFO: particles=30 iter=25 n_caps=6 minZ=0.055499 runtime=35.03s placement={0: 610, 7: 1006, 18: 979, 6: 2504, 5: 1852, 9: 876}
2026-03-20 13:42:39,968 INFO: particles=30 iter=25 n_caps=7 minZ=0.051180 runtime=35.51s placement={7: 610, 18: 1006, 6: 979, 5: 2504, 9: 1852, 0: 876, 15: 0}
2026-03-20 13:43:16,123 INFO: particles=30 iter=25 n_caps=8 minZ=0.039406 runtime=36.15s placement={14: 884, 6: 599, 5: 984, 15: 2738, 0: 1014, 16: 847, 8: 274, 10: 1259}
2026-03-20 13:43:53,125 INFO: particles=30 iter=25 n_caps=9 minZ=0.036430 runtime=37.00s placement={2: 1067, 0: 2354, 16: 630, 1: 3050, 20: 1667, 13: 637}
2026-03-20 13:44:30,707 INFO: particles=30 iter=25 n_caps=10 minZ=0.031554 runtime=37.58s placement={0: 610, 18: 488, 1: 791, 20: 3113, 10: 930}
2026-03-20 13:45:08,919 INFO: particles=30 iter=25 n_caps=11 minZ=0.033241 runtime=38.21s placement={16: 302, 0: 585, 20: 532, 1: 3281, 10: 1366}
2026-03-20 13:45:47,778 INFO: particles=30 iter=25 n_caps=12 minZ=0.029498 runtime=38.86s placement={0: 420, 20: 1040, 1: 292, 12: 3346, 13: 2450}
2026-03-20 13:46:27,494 INFO: particles=30 iter=25 n_caps=13 minZ=0.024905 runtime=39.72s placement={20: 199, 0: 0, 12: 222, 1: 3346, 13: 0}
2026-03-20 13:47:07,683 INFO: particles=30 iter=25 n_caps=14 minZ=0.029809 runtime=40.19s placement={0: 3347, 12: 1012, 1: 222, 13: 812, 15: 0}
2026-03-20 13:47:48,581 INFO: particles=30 iter=25 n_caps=15 minZ=0.024278 runtime=40.90s placement={12: 199, 0: 0, 1: 222, 13: 3305, 15: 2502, 2: 3347, 10: 0}
2026-03-20 13:48:29,925 INFO: particles=30 iter=25 n_caps=16 minZ=0.026514 runtime=41.34s placement={0: 2093, 1: 1012, 12: 1280, 15: 0, 2: 0, 10: 3347}
2026-03-20 13:49:11,661 INFO: particles=30 iter=25 n_caps=17 minZ=0.027096 runtime=41.74s placement={0: 0, 1: 1062, 13: 684, 15: 758, 9: 0}
2026-03-20 13:49:54,899 INFO: particles=30 iter=25 n_caps=18 minZ=0.025385 runtime=43.24s placement={0: 1806, 1: 1926, 8: 0, 4: 152, 15: 1397, 14: 3347, 9: 1888, 6: 1226, 7: 340}
2026-03-20 13:50:38,612 INFO: particles=30 iter=25 n_caps=19 minZ=0.025941 runtime=43.71s placement={0: 0, 1: 1887, 8: 328, 5: 2131, 15: 115, 14: 0, 10: 953, 6: 2830, 4: 1560, 9: 343}
2026-03-20 13:51:23,039 INFO: particles=30 iter=25 n_caps=20 minZ=0.025184 runtime=44.43s placement={0: 365, 1: 2195, 10: 0, 19: 2856, 13: 644, 15: 0, 5: 1624, 14: 2919, 6: 125, 7: 0}
