2026-03-08 14:16:50,865 INFO: n_caps=1 | iter=15 | minZ=0.040001 | placement={8: 252}
2026-03-08 14:16:50,865 INFO: init_n_caps=2 | seeded_previous_caps=1 | new_cap_random_init(cap=1397,port=3)
2026-03-08 14:17:21,692 INFO: n_caps=2 | iter=15 | minZ=0.040001 | placement={0: 3016, 7: 2531}
2026-03-08 14:17:21,692 INFO: init_n_caps=3 | seeded_previous_caps=2 | new_cap_random_init(cap=0,port=8)
2026-03-08 14:17:52,434 INFO: n_caps=3 | iter=15 | minZ=0.040004 | placement={1: 1437, 19: 2604, 9: 322}
2026-03-08 14:17:52,434 INFO: init_n_caps=4 | seeded_previous_caps=3 | new_cap_random_init(cap=271,port=10)
2026-03-08 14:18:23,672 INFO: n_caps=4 | iter=15 | minZ=0.040001 | placement={0: 1670, 20: 2643, 2: 1099, 18: 86}
2026-03-08 14:18:23,673 INFO: init_n_caps=5 | seeded_previous_caps=4 | new_cap_random_init(cap=0,port=11)
2026-03-08 14:18:56,324 INFO: n_caps=5 | iter=15 | minZ=0.040001 | placement={0: 989, 3: 0, 1: 3252, 8: 2920, 14: 0}
2026-03-08 14:18:56,324 INFO: init_n_caps=6 | seeded_previous_caps=5 | new_cap_random_init(cap=28,port=9)
2026-03-08 14:19:29,337 INFO: n_caps=6 | iter=15 | minZ=0.040002 | placement={20: 3068, 3: 3218, 1: 3016, 11: 3347, 6: 3347, 13: 316}
2026-03-08 14:19:29,337 INFO: init_n_caps=7 | seeded_previous_caps=6 | new_cap_random_init(cap=3347,port=9)
2026-03-08 14:20:03,090 INFO: n_caps=7 | iter=15 | minZ=0.040002 | placement={2: 2097, 20: 2610, 15: 1902, 0: 386, 6: 2423, 11: 2279, 7: 0}
2026-03-08 14:20:03,090 INFO: init_n_caps=8 | seeded_previous_caps=7 | new_cap_random_init(cap=345,port=1)
2026-03-08 14:20:37,016 INFO: n_caps=8 | iter=15 | minZ=0.040001 | placement={19: 1238, 10: 1101, 0: 1915, 13: 1905, 1: 2383, 5: 371, 8: 0, 7: 395}
2026-03-08 14:20:37,016 INFO: init_n_caps=9 | seeded_previous_caps=8 | new_cap_random_init(cap=3301,port=17)
2026-03-08 14:21:11,998 INFO: n_caps=9 | iter=15 | minZ=0.040000 | placement={8: 1051, 5: 858, 12: 2325, 0: 1292, 11: 1660, 9: 504, 10: 119, 6: 3341}
2026-03-08 14:21:11,998 INFO: init_n_caps=10 | seeded_previous_caps=9 | new_cap_random_init(cap=1414,port=10)
2026-03-08 14:21:47,361 INFO: n_caps=10 | iter=15 | minZ=0.040001 | placement={5: 0, 7: 3347, 18: 1395, 12: 1642, 11: 0, 13: 2351, 6: 2984, 19: 210, 0: 2580}
2026-03-08 14:21:47,361 INFO: init_n_caps=11 | seeded_previous_caps=10 | new_cap_random_init(cap=947,port=16)
2026-03-08 14:22:23,156 INFO: n_caps=11 | iter=15 | minZ=0.040002 | placement={10: 707, 18: 1827, 17: 1926, 12: 3187, 9: 967, 11: 811, 0: 2202, 6: 2576, 7: 3281}
2026-03-08 14:22:23,157 INFO: init_n_caps=12 | seeded_previous_caps=11 | new_cap_random_init(cap=1701,port=17)
2026-03-08 14:22:59,298 INFO: n_caps=12 | iter=15 | minZ=0.040003 | placement={2: 1665, 0: 1894, 17: 3344, 18: 1826, 3: 3347, 7: 1707, 16: 0, 19: 2661, 20: 0, 10: 0}
2026-03-08 14:22:59,299 INFO: init_n_caps=13 | seeded_previous_caps=12 | new_cap_random_init(cap=471,port=11)
2026-03-08 14:23:35,261 INFO: n_caps=13 | iter=15 | minZ=0.040003 | placement={0: 1595, 14: 1875, 16: 2462, 3: 225, 7: 3328, 17: 1372, 15: 0, 18: 2600, 20: 693, 19: 3248, 8: 0, 10: 134}
2026-03-08 14:23:35,261 INFO: init_n_caps=14 | seeded_previous_caps=13 | new_cap_random_init(cap=0,port=0)
2026-03-08 14:23:42,725 INFO: n_caps=14 | iter=3 | minZ=0.038679 | placement={0: 686, 15: 2404, 1: 1195, 12: 45, 3: 280, 16: 1469, 14: 1834, 20: 1918, 8: 3347, 13: 2488, 7: 2926}
