2026-03-22 16:48:14,041 INFO: particles=20 iter=15 n_caps=1 minZ=0.108843 runtime=7.93s placement={15: 973}
2026-03-22 16:48:22,197 INFO: particles=20 iter=15 n_caps=2 minZ=0.071203 runtime=8.16s placement={10: 2314, 0: 1000}
2026-03-22 16:48:30,554 INFO: particles=20 iter=15 n_caps=3 minZ=0.064802 runtime=8.36s placement={0: 2376, 9: 1012, 10: 2019}
2026-03-22 16:48:39,188 INFO: particles=20 iter=15 n_caps=4 minZ=0.061944 runtime=8.63s placement={7: 907, 6: 3104, 0: 910, 10: 3269}
2026-03-22 16:48:48,049 INFO: particles=20 iter=15 n_caps=5 minZ=0.056560 runtime=8.86s placement={6: 1182, 0: 1960, 10: 765, 3: 3275, 7: 1194}
2026-03-22 16:48:57,070 INFO: particles=20 iter=15 n_caps=6 minZ=0.055748 runtime=9.02s placement={0: 1334, 10: 1978, 3: 765, 6: 3277, 15: 1162, 9: 893}
2026-03-22 16:49:06,300 INFO: particles=20 iter=15 n_caps=7 minZ=0.052799 runtime=9.23s placement={10: 1334, 3: 1978, 6: 765, 15: 3277, 9: 1162, 0: 893, 7: 1}
2026-03-22 16:49:15,747 INFO: particles=20 iter=15 n_caps=8 minZ=0.052070 runtime=9.45s placement={3: 1334, 6: 1978, 15: 765, 9: 3277, 0: 1162, 7: 893, 10: 1, 5: 1677}
2026-03-22 16:49:25,385 INFO: particles=20 iter=15 n_caps=9 minZ=0.050414 runtime=9.64s placement={6: 1334, 15: 1978, 9: 765, 0: 3277, 7: 1162, 10: 893, 5: 1, 14: 1677, 16: 580}
2026-03-22 16:49:35,224 INFO: particles=20 iter=15 n_caps=10 minZ=0.044739 runtime=9.84s placement={15: 1334, 9: 1978, 0: 765, 6: 3277, 10: 1162, 5: 893, 14: 1, 16: 1677, 8: 580, 7: 1149}
2026-03-22 16:49:45,444 INFO: particles=20 iter=15 n_caps=11 minZ=0.040834 runtime=10.22s placement={6: 341, 0: 596, 7: 871, 1: 2947, 5: 1350, 20: 2590, 19: 0, 14: 1048}
2026-03-22 16:49:56,228 INFO: particles=20 iter=15 n_caps=12 minZ=0.039731 runtime=10.78s placement={0: 1012, 8: 2669, 1: 767, 9: 2927, 20: 1363, 19: 0, 14: 876, 18: 887, 3: 2096}
2026-03-22 16:50:06,812 INFO: particles=20 iter=15 n_caps=13 minZ=0.036910 runtime=10.58s placement={4: 302, 0: 77, 9: 792, 19: 3128, 20: 1564, 1: 0, 14: 839, 5: 843}
2026-03-22 16:50:17,585 INFO: particles=20 iter=15 n_caps=14 minZ=0.034686 runtime=10.77s placement={0: 828, 9: 2587, 19: 792, 20: 839, 1: 1375, 14: 342, 5: 1564}
2026-03-22 16:50:28,561 INFO: particles=20 iter=15 n_caps=15 minZ=0.032280 runtime=10.98s placement={9: 267, 19: 2711, 20: 336, 0: 0, 1: 1380, 14: 0, 5: 776, 10: 747}
2026-03-22 16:50:39,757 INFO: particles=20 iter=15 n_caps=16 minZ=0.029962 runtime=11.20s placement={19: 267, 20: 0, 0: 747, 1: 3114, 14: 1380, 5: 336, 9: 96, 15: 0, 10: 1563}
2026-03-22 16:50:51,221 INFO: particles=20 iter=15 n_caps=17 minZ=0.030742 runtime=11.46s placement={20: 362, 0: 3347, 1: 529, 14: 3285, 18: 0, 7: 0, 9: 932, 15: 627, 10: 0}
2026-03-22 16:51:02,806 INFO: particles=20 iter=15 n_caps=18 minZ=0.027622 runtime=11.58s placement={0: 3347, 1: 2566, 15: 624, 18: 3311, 7: 0, 9: 1756, 16: 0, 10: 747, 6: 3347}
2026-03-22 16:51:14,547 INFO: particles=20 iter=15 n_caps=19 minZ=0.027777 runtime=11.74s placement={0: 168, 9: 2152, 18: 643, 7: 3347, 1: 0, 10: 1368, 19: 970, 8: 124, 6: 2064}
2026-03-22 16:51:26,695 INFO: particles=20 iter=15 n_caps=20 minZ=0.027143 runtime=12.15s placement={12: 1032, 18: 2172, 7: 0, 0: 67, 1: 0, 15: 1047, 20: 1607, 6: 968, 8: 0}
