2026-03-16 17:11:39,663 INFO: particles=20 iter=25 n_caps=1 minZ=0.085029 runtime=23.52s placement={0: 1317}
2026-03-16 17:12:03,616 INFO: particles=20 iter=25 n_caps=2 minZ=0.067522 runtime=23.95s placement={0: 1012, 9: 982}
2026-03-16 17:12:27,998 INFO: particles=20 iter=25 n_caps=3 minZ=0.066454 runtime=24.38s placement={9: 2425, 0: 1100, 5: 41}
2026-03-16 17:12:53,145 INFO: particles=20 iter=25 n_caps=4 minZ=0.061007 runtime=25.15s placement={0: 1663, 5: 1350, 16: 2279, 9: 1123}
2026-03-16 17:13:18,679 INFO: particles=20 iter=25 n_caps=5 minZ=0.049577 runtime=25.53s placement={5: 1898, 16: 2168, 9: 2718, 0: 1014, 1: 6}
2026-03-16 17:13:44,415 INFO: particles=20 iter=25 n_caps=6 minZ=0.039426 runtime=25.73s placement={16: 1045, 9: 2012, 0: 1014, 1: 1064}
2026-03-16 17:14:10,364 INFO: particles=20 iter=25 n_caps=7 minZ=0.035138 runtime=25.95s placement={9: 1045, 0: 2785, 1: 2514}
2026-03-16 17:14:36,745 INFO: particles=20 iter=25 n_caps=8 minZ=0.031711 runtime=26.38s placement={0: 1014, 1: 2012, 10: 2785, 9: 1552}
2026-03-16 17:15:03,868 INFO: particles=20 iter=25 n_caps=9 minZ=0.034679 runtime=27.12s placement={0: 38, 1: 1923, 2: 0, 10: 987, 9: 2824}
2026-03-16 17:15:31,409 INFO: particles=20 iter=25 n_caps=10 minZ=0.033943 runtime=27.54s placement={0: 1507, 1: 1745, 10: 0, 11: 478, 7: 40, 2: 0}
2026-03-16 17:15:58,844 INFO: particles=20 iter=25 n_caps=11 minZ=0.032784 runtime=27.43s placement={0: 0, 1: 1867, 10: 739, 14: 0, 5: 1064, 2: 35}
2026-03-16 17:16:26,981 INFO: particles=20 iter=25 n_caps=12 minZ=0.037356 runtime=28.14s placement={0: 0, 1: 1793, 10: 2508, 14: 752, 5: 2402, 3: 796}
2026-03-16 17:16:54,832 INFO: particles=20 iter=25 n_caps=13 minZ=0.032161 runtime=27.85s placement={0: 0, 9: 1388, 14: 2403, 1: 772, 5: 674, 2: 1898, 11: 0, 16: 0}
2026-03-16 17:17:23,399 INFO: particles=20 iter=25 n_caps=14 minZ=0.027893 runtime=28.57s placement={15: 432, 0: 1267, 1: 1840, 3: 0, 11: 0, 16: 17, 9: 1007}
2026-03-16 17:17:52,225 INFO: particles=20 iter=25 n_caps=15 minZ=0.027996 runtime=28.83s placement={0: 2325, 1: 723, 2: 596, 14: 1835, 15: 0, 6: 776}
2026-03-16 17:18:21,127 INFO: particles=20 iter=25 n_caps=16 minZ=0.024194 runtime=28.90s placement={0: 0, 1: 672, 14: 1219, 13: 1835, 6: 0}
2026-03-16 17:18:49,849 INFO: particles=20 iter=25 n_caps=17 minZ=0.025540 runtime=28.72s placement={0: 0, 1: 671, 15: 423, 13: 1201, 6: 0, 10: 0}
2026-03-16 17:19:19,008 INFO: particles=20 iter=25 n_caps=18 minZ=0.023575 runtime=29.16s placement={0: 0, 1: 589, 15: 3167, 14: 819, 6: 1575, 12: 1989, 20: 0}
2026-03-16 17:19:48,430 INFO: particles=20 iter=25 n_caps=19 minZ=0.025784 runtime=29.42s placement={0: 155, 1: 588, 13: 1083, 15: 3074, 7: 1344, 12: 491, 20: 0, 2: 0}
2026-03-16 17:20:18,742 INFO: particles=20 iter=25 n_caps=20 minZ=0.028022 runtime=30.31s placement={0: 126, 1: 676, 8: 0, 16: 1530, 7: 449, 12: 702, 20: 2508, 5: 39, 2: 0}
