2026-03-23 11:26:02,918 INFO: particles=30 iter=40 n_caps=1 minZ=0.089878 runtime=31.48s placement={10: 1012}
2026-03-23 11:26:35,373 INFO: particles=30 iter=40 n_caps=2 minZ=0.060092 runtime=32.46s placement={9: 1012, 0: 1297}
2026-03-23 11:27:09,501 INFO: particles=30 iter=40 n_caps=3 minZ=0.045579 runtime=34.13s placement={0: 1012, 9: 1297, 10: 1530}
2026-03-23 11:27:44,021 INFO: particles=30 iter=40 n_caps=4 minZ=0.052427 runtime=34.52s placement={9: 1012, 10: 898, 0: 1530, 7: 0}
2026-03-23 11:28:19,153 INFO: particles=30 iter=40 n_caps=5 minZ=0.045834 runtime=35.13s placement={9: 748, 0: 1603, 7: 1530, 1: 0}
2026-03-23 11:28:57,110 INFO: particles=30 iter=40 n_caps=6 minZ=0.037298 runtime=37.96s placement={0: 1012, 10: 1965, 1: 1026, 17: 2133}
2026-03-23 11:29:35,348 INFO: particles=30 iter=40 n_caps=7 minZ=0.033674 runtime=38.24s placement={9: 893, 0: 1127, 1: 931, 10: 521}
2026-03-23 11:30:13,889 INFO: particles=30 iter=40 n_caps=8 minZ=0.030883 runtime=38.54s placement={0: 1127, 1: 1991, 10: 898, 9: 1592}
2026-03-23 11:30:53,345 INFO: particles=30 iter=40 n_caps=9 minZ=0.032665 runtime=39.46s placement={0: 0, 1: 2815, 13: 405, 10: 1034}
2026-03-23 11:31:33,116 INFO: particles=30 iter=40 n_caps=10 minZ=0.026523 runtime=39.77s placement={0: 109, 10: 2518, 1: 239, 8: 3347, 15: 0}
2026-03-23 11:32:16,288 INFO: particles=30 iter=40 n_caps=11 minZ=0.029262 runtime=43.17s placement={10: 1014, 0: 301, 1: 250, 8: 203, 15: 954}
2026-03-23 11:32:57,260 INFO: particles=30 iter=40 n_caps=12 minZ=0.026817 runtime=40.97s placement={0: 1722, 1: 2426, 9: 1105, 15: 925}
2026-03-23 11:33:38,985 INFO: particles=30 iter=40 n_caps=13 minZ=0.023893 runtime=41.72s placement={0: 0, 1: 2398, 9: 250, 15: 3347}
2026-03-23 11:34:22,442 INFO: particles=30 iter=40 n_caps=14 minZ=0.024493 runtime=43.46s placement={0: 10, 9: 2398, 1: 250, 15: 189}
2026-03-23 11:35:07,257 INFO: particles=30 iter=40 n_caps=15 minZ=0.025332 runtime=44.81s placement={9: 407, 0: 0, 1: 245, 15: 1044}
2026-03-23 11:35:53,987 INFO: particles=30 iter=40 n_caps=16 minZ=0.023740 runtime=46.73s placement={0: 1386, 1: 1647, 15: 169, 7: 0}
2026-03-23 11:36:39,177 INFO: particles=30 iter=40 n_caps=17 minZ=0.021143 runtime=45.19s placement={0: 177, 16: 1653, 1: 137, 7: 0}
2026-03-23 11:37:25,166 INFO: particles=30 iter=40 n_caps=18 minZ=0.020670 runtime=45.99s placement={16: 514, 0: 0, 1: 132, 7: 0}
2026-03-23 11:38:12,021 INFO: particles=30 iter=40 n_caps=19 minZ=0.021292 runtime=46.85s placement={0: 2771, 1: 1655, 7: 923}
2026-03-23 11:39:00,024 INFO: particles=30 iter=40 n_caps=20 minZ=0.019690 runtime=48.00s placement={0: 12, 1: 1655, 7: 416}
