2026-03-30 15:27:47,971 INFO: particles=30 iter=15 n_caps=1 minZ=0.086428 runtime=12.82s placement={14: 1229}
2026-03-30 15:28:10,717 INFO: particles=30 iter=15 n_caps=2 minZ=0.056000 runtime=22.74s placement={0: 1229, 9: 2438}
2026-03-30 15:28:46,128 INFO: particles=30 iter=15 n_caps=3 minZ=0.054499 runtime=35.41s placement={10: 1384, 0: 1464, 6: 91}
2026-03-30 15:29:30,896 INFO: particles=30 iter=15 n_caps=4 minZ=0.046547 runtime=44.77s placement={0: 1384, 6: 1464, 10: 91, 9: 1741}
2026-03-30 15:30:25,611 INFO: particles=30 iter=15 n_caps=5 minZ=0.050057 runtime=54.71s placement={6: 1384, 10: 1464, 9: 91, 0: 1741, 7: 0}
2026-03-30 15:31:32,930 INFO: particles=30 iter=15 n_caps=6 minZ=0.047403 runtime=67.32s placement={10: 1384, 9: 1464, 0: 91, 7: 1741, 14: 0, 15: 1026}
2026-03-30 15:32:49,805 INFO: particles=30 iter=15 n_caps=7 minZ=0.042357 runtime=76.87s placement={9: 1384, 0: 1464, 7: 91, 14: 1741, 15: 0, 10: 1026, 6: 1709}
2026-03-30 15:34:14,765 INFO: particles=30 iter=15 n_caps=8 minZ=0.039125 runtime=84.96s placement={0: 1533, 7: 1464, 14: 91, 15: 1741, 10: 0, 6: 1026, 1: 1709}
2026-03-30 15:35:56,888 INFO: particles=30 iter=15 n_caps=9 minZ=0.040679 runtime=102.12s placement={8: 1464, 16: 1448, 11: 902, 9: 2047, 10: 501, 0: 762, 6: 1384, 14: 1382, 19: 221}
2026-03-30 15:37:43,743 INFO: particles=30 iter=15 n_caps=10 minZ=0.029447 runtime=106.85s placement={2: 2314, 0: 854, 7: 1728, 10: 1118, 1: 3347, 19: 2300, 14: 0}
2026-03-30 15:39:42,746 INFO: particles=30 iter=15 n_caps=11 minZ=0.030096 runtime=119.00s placement={0: 901, 9: 1405, 10: 1787, 1: 1119, 20: 861, 16: 3347}
2026-03-30 15:42:01,627 INFO: particles=30 iter=15 n_caps=12 minZ=0.027424 runtime=138.88s placement={9: 2017, 10: 934, 0: 0, 1: 1196, 20: 3347, 16: 896}
2026-03-30 15:44:25,302 INFO: particles=30 iter=15 n_caps=13 minZ=0.026064 runtime=143.67s placement={5: 1960, 0: 1352, 1: 1631, 20: 1476, 18: 3347, 6: 887}
2026-03-30 15:47:01,245 INFO: particles=30 iter=15 n_caps=14 minZ=0.025569 runtime=155.94s placement={0: 969, 1: 1267, 20: 3324, 18: 1862, 5: 1611}
2026-03-30 15:49:49,305 INFO: particles=30 iter=15 n_caps=15 minZ=0.025255 runtime=168.06s placement={0: 1469, 1: 1129, 20: 504, 19: 3347, 8: 0, 6: 833, 16: 0}
2026-03-30 15:52:40,736 INFO: particles=30 iter=15 n_caps=16 minZ=0.027036 runtime=171.43s placement={0: 0, 1: 1129, 20: 1275, 19: 504, 8: 3347, 6: 1469, 16: 833, 10: 0}
2026-03-30 15:55:46,112 INFO: particles=30 iter=15 n_caps=17 minZ=0.024225 runtime=185.38s placement={0: 1003, 7: 2873, 20: 1320, 1: 410, 10: 1393, 6: 3156, 19: 1600, 16: 0, 12: 0}
2026-03-30 15:59:01,902 INFO: particles=30 iter=15 n_caps=18 minZ=0.025228 runtime=195.79s placement={7: 818, 20: 2870, 0: 0, 1: 406, 9: 2415, 5: 1354, 19: 3194, 16: 1299, 12: 0}
2026-03-30 16:02:33,853 INFO: particles=30 iter=15 n_caps=19 minZ=0.025255 runtime=211.95s placement={20: 0, 0: 1085, 1: 188, 10: 23, 6: 495, 19: 1419, 14: 2028, 15: 1628}
2026-03-30 16:06:06,367 INFO: particles=30 iter=15 n_caps=20 minZ=0.023258 runtime=212.51s placement={0: 3347, 1: 2906, 10: 1455, 7: 3175, 20: 742, 14: 2854, 15: 2032, 19: 1671}
