2026-04-01 17:01:06,295 INFO: particles=30 iter=10 n_caps=1 minZ=0.072657 runtime=10.72s placement={0: 1467}
2026-04-01 17:01:25,178 INFO: particles=30 iter=10 n_caps=2 minZ=0.063219 runtime=18.88s placement={0: 1353, 5: 1229}
2026-04-01 17:01:52,697 INFO: particles=30 iter=10 n_caps=3 minZ=0.054871 runtime=27.52s placement={5: 1353, 0: 1229, 15: 0}
2026-04-01 17:02:28,452 INFO: particles=30 iter=10 n_caps=4 minZ=0.050546 runtime=35.75s placement={0: 1356, 14: 1148, 15: 0, 9: 910}
2026-04-01 17:03:11,131 INFO: particles=30 iter=10 n_caps=5 minZ=0.048738 runtime=42.68s placement={14: 1356, 15: 1148, 9: 0, 0: 910, 6: 0}
2026-04-01 17:04:03,301 INFO: particles=30 iter=10 n_caps=6 minZ=0.040475 runtime=52.17s placement={7: 911, 9: 835, 0: 892, 6: 910, 8: 1309, 10: 3113}
2026-04-01 17:05:00,708 INFO: particles=30 iter=10 n_caps=7 minZ=0.038602 runtime=57.41s placement={6: 486, 0: 1663, 7: 912, 1: 949, 10: 940, 15: 3347}
2026-04-01 17:06:09,559 INFO: particles=30 iter=10 n_caps=8 minZ=0.036856 runtime=68.85s placement={1: 0, 7: 1102, 0: 1690, 9: 951, 15: 764}
2026-04-01 17:07:30,510 INFO: particles=30 iter=10 n_caps=9 minZ=0.035541 runtime=80.95s placement={7: 0, 0: 184, 9: 885, 15: 951, 1: 764}
2026-04-01 17:08:57,900 INFO: particles=30 iter=10 n_caps=10 minZ=0.030279 runtime=87.39s placement={0: 966, 9: 382, 15: 1023, 1: 2397}
2026-04-01 17:10:29,329 INFO: particles=30 iter=10 n_caps=11 minZ=0.027873 runtime=91.43s placement={9: 95, 15: 385, 0: 925, 1: 2405, 10: 0}
2026-04-01 17:12:06,914 INFO: particles=30 iter=10 n_caps=12 minZ=0.026625 runtime=97.58s placement={16: 0, 0: 0, 1: 1442, 15: 1387, 5: 1636}
2026-04-01 17:13:57,983 INFO: particles=30 iter=10 n_caps=13 minZ=0.026007 runtime=111.07s placement={0: 1636, 1: 986, 15: 935, 5: 0, 10: 2824}
2026-04-01 17:15:41,116 INFO: particles=30 iter=10 n_caps=14 minZ=0.028301 runtime=103.13s placement={0: 0, 1: 1115, 15: 879, 6: 1370, 10: 1371, 12: 2818}
2026-04-01 17:17:44,572 INFO: particles=30 iter=10 n_caps=15 minZ=0.025293 runtime=123.46s placement={0: 2824, 1: 0, 20: 2218, 6: 624, 8: 0, 10: 1322, 7: 308, 4: 489}
2026-04-01 17:19:50,698 INFO: particles=30 iter=10 n_caps=16 minZ=0.024289 runtime=126.13s placement={0: 489, 1: 0, 20: 2083, 6: 1119, 8: 1635, 10: 0, 7: 2824, 4: 308, 15: 0}
2026-04-01 17:22:13,331 INFO: particles=30 iter=10 n_caps=17 minZ=0.025217 runtime=142.63s placement={0: 0, 1: 0, 20: 1717, 6: 2218, 8: 624, 10: 1635, 7: 1322, 4: 2824, 15: 489, 9: 0}
2026-04-01 17:24:46,499 INFO: particles=30 iter=10 n_caps=18 minZ=0.025237 runtime=153.17s placement={0: 0, 1: 0, 20: 1981, 6: 2083, 8: 1119, 10: 624, 7: 0, 4: 1322, 15: 308, 9: 489}
2026-04-01 17:27:17,411 INFO: particles=30 iter=10 n_caps=19 minZ=0.025872 runtime=150.91s placement={0: 1014, 1: 0, 20: 1627, 19: 1932, 15: 1270, 6: 0, 10: 0, 16: 0, 17: 0, 7: 17}
2026-04-01 17:29:48,419 INFO: particles=30 iter=10 n_caps=20 minZ=0.025493 runtime=151.01s placement={0: 0, 20: 0, 1: 1627, 19: 1648, 15: 2456, 6: 897, 10: 0, 16: 17, 17: 2591, 7: 0}
