2026-03-26 01:58:49,908 INFO: particles=30 iter=15 n_caps=1 minZ=0.089207 runtime=10.35s placement={0: 1487}
2026-03-26 01:59:00,597 INFO: particles=30 iter=15 n_caps=2 minZ=0.068913 runtime=10.69s placement={0: 1121, 10: 1456}
2026-03-26 01:59:11,632 INFO: particles=30 iter=15 n_caps=3 minZ=0.058156 runtime=11.03s placement={12: 378, 6: 1666, 0: 1012}
2026-03-26 01:59:22,909 INFO: particles=30 iter=15 n_caps=4 minZ=0.058515 runtime=11.28s placement={6: 378, 0: 1666, 9: 1012, 10: 2136}
2026-03-26 01:59:34,499 INFO: particles=30 iter=15 n_caps=5 minZ=0.048970 runtime=11.59s placement={0: 1014, 11: 1680, 9: 663, 8: 1559, 15: 1442}
2026-03-26 01:59:46,348 INFO: particles=30 iter=15 n_caps=6 minZ=0.053592 runtime=11.85s placement={9: 1019, 14: 1566, 5: 1592, 16: 1573, 0: 1415, 6: 430}
2026-03-26 01:59:58,479 INFO: particles=30 iter=15 n_caps=7 minZ=0.048424 runtime=12.13s placement={14: 144, 5: 1204, 17: 1626, 0: 1168, 6: 1388, 1: 616}
2026-03-26 02:00:11,338 INFO: particles=30 iter=15 n_caps=8 minZ=0.040399 runtime=12.86s placement={6: 0, 19: 790, 0: 1014, 7: 1407, 1: 1361, 9: 1168, 13: 2536}
2026-03-26 02:00:24,105 INFO: particles=30 iter=15 n_caps=9 minZ=0.038443 runtime=12.77s placement={20: 0, 0: 747, 5: 1770, 1: 1897, 15: 1081, 18: 732}
2026-03-26 02:00:37,110 INFO: particles=30 iter=15 n_caps=10 minZ=0.041582 runtime=13.00s placement={0: 3180, 7: 1425, 1: 1915, 17: 1140, 18: 696, 9: 765}
2026-03-26 02:00:51,041 INFO: particles=30 iter=15 n_caps=11 minZ=0.036228 runtime=13.93s placement={10: 484, 0: 3181, 1: 1779, 17: 2339, 18: 1187, 11: 3271, 7: 0}
2026-03-26 02:01:04,626 INFO: particles=30 iter=15 n_caps=12 minZ=0.033441 runtime=13.59s placement={0: 1640, 1: 1304, 17: 1841, 18: 1801, 10: 1261, 7: 3071}
2026-03-26 02:01:18,492 INFO: particles=30 iter=15 n_caps=13 minZ=0.032176 runtime=13.86s placement={0: 160, 16: 1304, 17: 2221, 1: 1792, 10: 737}
2026-03-26 02:01:32,414 INFO: particles=30 iter=15 n_caps=14 minZ=0.031238 runtime=13.92s placement={16: 238, 17: 1304, 0: 0, 1: 1792, 10: 1176}
2026-03-26 02:01:46,684 INFO: particles=30 iter=15 n_caps=15 minZ=0.026113 runtime=14.27s placement={18: 47, 0: 2707, 1: 2057, 8: 1830}
2026-03-26 02:02:01,232 INFO: particles=30 iter=15 n_caps=16 minZ=0.026045 runtime=14.55s placement={0: 3077, 1: 992, 8: 2057}
2026-03-26 02:02:15,966 INFO: particles=30 iter=15 n_caps=17 minZ=0.025484 runtime=14.73s placement={0: 3077, 8: 992, 1: 2057, 7: 0}
2026-03-26 02:02:30,976 INFO: particles=30 iter=15 n_caps=18 minZ=0.024888 runtime=15.01s placement={8: 47, 0: 0, 1: 2057, 7: 3077}
2026-03-26 02:02:46,313 INFO: particles=30 iter=15 n_caps=19 minZ=0.024394 runtime=15.34s placement={0: 1492, 1: 992, 7: 2707}
2026-03-26 02:03:01,885 INFO: particles=30 iter=15 n_caps=20 minZ=0.023729 runtime=15.57s placement={0: 1492, 1: 992, 7: 0, 10: 0}
