2026-03-24 00:42:43,959 INFO: particles=50 iter=25 n_caps=1 minZ=0.085029 runtime=34.49s placement={0: 1317}
2026-03-24 00:43:17,702 INFO: particles=50 iter=25 n_caps=2 minZ=0.071592 runtime=33.74s placement={0: 1567, 10: 1120}
2026-03-24 00:43:52,541 INFO: particles=50 iter=25 n_caps=3 minZ=0.051909 runtime=34.84s placement={10: 1788, 0: 1014, 15: 0}
2026-03-24 00:44:28,238 INFO: particles=50 iter=25 n_caps=4 minZ=0.054007 runtime=35.70s placement={0: 1012, 14: 1057, 9: 1586, 12: 347}
2026-03-24 00:45:04,724 INFO: particles=50 iter=25 n_caps=5 minZ=0.045787 runtime=36.49s placement={14: 1132, 9: 1884, 10: 536, 0: 1014, 11: 0}
2026-03-24 00:45:42,711 INFO: particles=50 iter=25 n_caps=6 minZ=0.049661 runtime=37.99s placement={7: 515, 2: 1186, 0: 1012, 5: 754, 16: 118, 9: 2328}
2026-03-24 00:46:21,569 INFO: particles=50 iter=25 n_caps=7 minZ=0.044064 runtime=38.86s placement={4: 803, 0: 1014, 6: 957, 16: 1173, 8: 148, 10: 1944, 11: 495}
2026-03-24 00:47:01,305 INFO: particles=50 iter=25 n_caps=8 minZ=0.038385 runtime=39.74s placement={0: 1012, 5: 941, 16: 1027, 6: 1152, 14: 870, 9: 1041, 7: 997, 4: 1403}
2026-03-24 00:47:41,968 INFO: particles=50 iter=25 n_caps=9 minZ=0.034248 runtime=40.66s placement={0: 1496, 14: 672, 1: 481, 12: 1400, 15: 201}
2026-03-24 00:48:23,316 INFO: particles=50 iter=25 n_caps=10 minZ=0.034135 runtime=41.35s placement={16: 455, 0: 0, 1: 431, 14: 1582, 15: 0}
2026-03-24 00:49:05,964 INFO: particles=50 iter=25 n_caps=11 minZ=0.027282 runtime=42.65s placement={0: 2835, 1: 560, 16: 695, 14: 1199}
2026-03-24 00:49:49,806 INFO: particles=50 iter=25 n_caps=12 minZ=0.029971 runtime=43.84s placement={0: 91, 16: 687, 1: 674, 14: 1362}
2026-03-24 00:50:33,768 INFO: particles=50 iter=25 n_caps=13 minZ=0.024690 runtime=43.96s placement={16: 271, 0: 181, 1: 656, 14: 1526, 10: 15}
2026-03-24 00:51:19,365 INFO: particles=50 iter=25 n_caps=14 minZ=0.026182 runtime=45.60s placement={0: 2799, 1: 1155, 15: 1551, 14: 213, 7: 0}
2026-03-24 00:52:06,537 INFO: particles=50 iter=25 n_caps=15 minZ=0.024700 runtime=47.17s placement={0: 0, 1: 931, 15: 757, 16: 3031, 7: 265}
2026-03-24 00:52:53,871 INFO: particles=50 iter=25 n_caps=16 minZ=0.026142 runtime=47.33s placement={0: 0, 16: 812, 1: 721, 18: 1098, 7: 3001}
2026-03-24 00:53:41,897 INFO: particles=50 iter=25 n_caps=17 minZ=0.026075 runtime=48.03s placement={16: 362, 0: 0, 1: 551, 18: 154, 5: 1294}
2026-03-24 00:54:31,509 INFO: particles=50 iter=25 n_caps=18 minZ=0.024288 runtime=49.61s placement={0: 3268, 1: 965, 18: 716, 5: 222, 2: 0}
2026-03-24 00:55:21,013 INFO: particles=50 iter=25 n_caps=19 minZ=0.024254 runtime=49.50s placement={0: 0, 1: 963, 18: 1334, 5: 717, 2: 0}
2026-03-24 00:56:11,230 INFO: particles=50 iter=25 n_caps=20 minZ=0.024727 runtime=50.22s placement={0: 0, 1: 948, 18: 971, 5: 1340, 2: 0}
