2026-03-23 03:27:07,117 INFO: particles=30 iter=15 n_caps=1 minZ=0.104281 runtime=12.24s placement={10: 974}
2026-03-23 03:27:19,278 INFO: particles=30 iter=15 n_caps=2 minZ=0.080774 runtime=12.16s placement={9: 911, 10: 997}
2026-03-23 03:27:31,816 INFO: particles=30 iter=15 n_caps=3 minZ=0.056649 runtime=12.54s placement={0: 1012, 13: 1123, 10: 1216}
2026-03-23 03:27:44,731 INFO: particles=30 iter=15 n_caps=4 minZ=0.066816 runtime=12.91s placement={0: 1673, 10: 1661, 5: 2, 6: 1340}
2026-03-23 03:27:57,889 INFO: particles=30 iter=15 n_caps=5 minZ=0.054786 runtime=13.16s placement={9: 1667, 7: 1666, 6: 1371, 0: 1345, 5: 354}
2026-03-23 03:28:11,513 INFO: particles=30 iter=15 n_caps=6 minZ=0.039962 runtime=13.62s placement={6: 1728, 7: 1532, 0: 1147, 5: 1415, 1: 334}
2026-03-23 03:28:25,487 INFO: particles=30 iter=15 n_caps=7 minZ=0.040688 runtime=13.97s placement={0: 206, 1: 1892, 6: 1330, 9: 0}
2026-03-23 03:28:39,676 INFO: particles=30 iter=15 n_caps=8 minZ=0.036774 runtime=14.19s placement={0: 75, 5: 2023, 1: 2866, 9: 213}
2026-03-23 03:28:54,671 INFO: particles=30 iter=15 n_caps=9 minZ=0.036988 runtime=14.99s placement={5: 1168, 0: 0, 1: 2866, 9: 42}
2026-03-23 03:29:09,979 INFO: particles=30 iter=15 n_caps=10 minZ=0.037009 runtime=15.31s placement={0: 1014, 1: 1786, 7: 2477}
2026-03-23 03:29:25,267 INFO: particles=30 iter=15 n_caps=11 minZ=0.035249 runtime=15.29s placement={0: 0, 1: 1786, 7: 2483}
2026-03-23 03:29:40,990 INFO: particles=30 iter=15 n_caps=12 minZ=0.032775 runtime=15.72s placement={0: 898, 6: 1857, 1: 2499, 10: 213, 4: 99, 5: 120, 3: 280}
2026-03-23 03:29:56,973 INFO: particles=30 iter=15 n_caps=13 minZ=0.030415 runtime=15.98s placement={10: 1476, 0: 1873, 1: 2338, 7: 3347, 17: 2460, 20: 691}
2026-03-23 03:30:13,162 INFO: particles=30 iter=15 n_caps=14 minZ=0.030086 runtime=16.19s placement={0: 1830, 1: 9, 7: 2338, 17: 1873, 20: 2460}
2026-03-23 03:30:29,613 INFO: particles=30 iter=15 n_caps=15 minZ=0.030381 runtime=16.45s placement={0: 1830, 7: 9, 1: 2338, 17: 2078, 20: 1873, 15: 0}
2026-03-23 03:30:46,306 INFO: particles=30 iter=15 n_caps=16 minZ=0.030349 runtime=16.69s placement={7: 1476, 0: 0, 1: 2338, 17: 2707, 20: 2078, 15: 1830}
2026-03-23 03:31:04,083 INFO: particles=30 iter=15 n_caps=17 minZ=0.027075 runtime=17.78s placement={0: 863, 1: 5, 16: 1011, 20: 2705, 15: 458, 14: 0}
2026-03-23 03:31:21,609 INFO: particles=30 iter=15 n_caps=18 minZ=0.025899 runtime=17.52s placement={0: 1014, 1: 3, 16: 1405, 20: 1006, 15: 3181, 2: 1845, 19: 87, 9: 0}
2026-03-23 03:31:39,577 INFO: particles=30 iter=15 n_caps=19 minZ=0.028551 runtime=17.97s placement={0: 13, 1: 0, 14: 1211, 20: 1049, 17: 1580, 16: 0, 18: 1802, 9: 473, 4: 0, 10: 942, 15: 60}
2026-03-23 03:31:57,721 INFO: particles=30 iter=15 n_caps=20 minZ=0.025883 runtime=18.14s placement={0: 0, 1: 0, 14: 10, 20: 1386, 16: 654, 17: 1380, 18: 0, 9: 2001, 10: 0, 15: 3}
