2026-03-08 10:38:01,587 INFO: n_caps=1 | iter=15 | minZ=0.045003 | placement={6: 2075}
2026-03-08 10:38:01,587 INFO: init_n_caps=2 | seeded_previous_caps=1 | new_cap_random_init(cap=1064,port=5)
2026-03-08 10:38:36,026 INFO: n_caps=2 | iter=15 | minZ=0.045000 | placement={16: 3154, 8: 2530}
2026-03-08 10:38:36,027 INFO: init_n_caps=3 | seeded_previous_caps=2 | new_cap_random_init(cap=2715,port=9)
2026-03-08 10:39:11,828 INFO: n_caps=3 | iter=15 | minZ=0.045000 | placement={8: 2793, 14: 3102, 15: 1729}
2026-03-08 10:39:11,828 INFO: init_n_caps=4 | seeded_previous_caps=3 | new_cap_random_init(cap=1438,port=11)
2026-03-08 10:39:47,231 INFO: n_caps=4 | iter=15 | minZ=0.045002 | placement={0: 0, 1: 2837, 20: 0, 19: 0}
2026-03-08 10:39:47,232 INFO: init_n_caps=5 | seeded_previous_caps=4 | new_cap_random_init(cap=0,port=2)
2026-03-08 10:40:27,033 INFO: n_caps=5 | iter=15 | minZ=0.045000 | placement={2: 3347, 20: 1148, 0: 2481, 9: 0, 1: 2955}
2026-03-08 10:40:27,033 INFO: init_n_caps=6 | seeded_previous_caps=5 | new_cap_random_init(cap=448,port=19)
2026-03-08 10:41:05,103 INFO: n_caps=6 | iter=15 | minZ=0.045000 | placement={20: 3347, 5: 1943, 9: 2488, 8: 324, 11: 2273, 7: 418}
2026-03-08 10:41:05,103 INFO: init_n_caps=7 | seeded_previous_caps=6 | new_cap_random_init(cap=3347,port=16)
2026-03-08 10:41:43,664 INFO: n_caps=7 | iter=15 | minZ=0.045004 | placement={13: 2625, 2: 2103, 9: 1790, 11: 1788, 10: 2489, 12: 1472, 8: 514}
2026-03-08 10:41:43,665 INFO: init_n_caps=8 | seeded_previous_caps=7 | new_cap_random_init(cap=2318,port=3)
2026-03-08 10:42:23,541 INFO: n_caps=8 | iter=15 | minZ=0.045001 | placement={14: 851, 15: 1751, 20: 3347, 9: 776, 1: 1578, 0: 2542, 13: 822}
2026-03-08 10:42:23,542 INFO: init_n_caps=9 | seeded_previous_caps=8 | new_cap_random_init(cap=2362,port=8)
2026-03-08 10:43:04,917 INFO: n_caps=9 | iter=15 | minZ=0.045001 | placement={20: 1994, 19: 3347, 1: 3347, 0: 942, 2: 716, 16: 0, 15: 938}
2026-03-08 10:43:04,917 INFO: init_n_caps=10 | seeded_previous_caps=9 | new_cap_random_init(cap=3347,port=9)
2026-03-08 10:43:51,752 INFO: n_caps=10 | iter=15 | minZ=0.045000 | placement={15: 1029, 7: 3272, 11: 3155, 1: 2736, 12: 1855, 13: 2835, 3: 480, 9: 3347, 5: 0, 17: 3198}
2026-03-08 10:43:51,752 INFO: init_n_caps=11 | seeded_previous_caps=10 | new_cap_random_init(cap=2573,port=18)
2026-03-08 10:44:37,159 INFO: n_caps=11 | iter=15 | minZ=0.045000 | placement={4: 1581, 12: 2336, 5: 2144, 1: 2778, 13: 1177, 3: 2879, 7: 449, 8: 3347, 20: 1256, 15: 753, 2: 2251}
2026-03-08 10:44:37,159 INFO: init_n_caps=12 | seeded_previous_caps=11 | new_cap_random_init(cap=673,port=7)
2026-03-08 10:45:23,480 INFO: n_caps=12 | iter=15 | minZ=0.045005 | placement={15: 0, 0: 306, 9: 265, 1: 431, 18: 3347, 20: 0, 17: 1020, 13: 1991, 19: 487, 3: 3158, 7: 1918}
2026-03-08 10:45:23,480 INFO: init_n_caps=13 | seeded_previous_caps=12 | new_cap_random_init(cap=2670,port=17)
2026-03-08 10:46:08,592 INFO: n_caps=13 | iter=15 | minZ=0.045004 | placement={6: 2787, 9: 1919, 3: 753, 10: 1530, 11: 2815, 5: 0, 8: 2134, 0: 2395, 19: 3347, 12: 2373, 20: 2495, 7: 19}
2026-03-08 10:46:08,593 INFO: init_n_caps=14 | seeded_previous_caps=13 | new_cap_random_init(cap=1091,port=18)
2026-03-08 10:46:24,884 INFO: n_caps=14 | iter=5 | minZ=0.044122 | placement={12: 2663, 7: 1783, 11: 2397, 10: 362, 0: 1029, 6: 897, 1: 2137, 4: 2464, 15: 1933, 20: 844, 5: 761}
