2026-03-26 01:54:21,527 INFO: particles=30 iter=15 n_caps=1 minZ=0.087365 runtime=13.38s placement={9: 1014}
2026-03-26 01:54:35,109 INFO: particles=30 iter=15 n_caps=2 minZ=0.053340 runtime=13.58s placement={0: 1014, 9: 1575}
2026-03-26 01:54:49,026 INFO: particles=30 iter=15 n_caps=3 minZ=0.069820 runtime=13.92s placement={9: 1012, 10: 1582, 0: 0}
2026-03-26 01:55:00,810 INFO: particles=30 iter=15 n_caps=4 minZ=0.049500 runtime=11.78s placement={10: 1306, 0: 1012, 1: 0, 9: 1734}
2026-03-26 01:55:12,396 INFO: particles=30 iter=15 n_caps=5 minZ=0.058659 runtime=11.59s placement={14: 1651, 9: 1084, 10: 1499, 0: 1625, 8: 1913}
2026-03-26 01:55:24,242 INFO: particles=30 iter=15 n_caps=6 minZ=0.057481 runtime=11.85s placement={9: 1178, 10: 1494, 0: 1477, 7: 896, 13: 1934, 15: 2391}
2026-03-26 01:55:36,337 INFO: particles=30 iter=15 n_caps=7 minZ=0.051169 runtime=12.09s placement={9: 1179, 0: 1344, 7: 1604, 14: 867, 15: 1883, 12: 2378, 10: 1573}
2026-03-26 01:55:48,723 INFO: particles=30 iter=15 n_caps=8 minZ=0.042302 runtime=12.39s placement={0: 1014, 9: 882, 15: 1777, 16: 702, 14: 1067, 10: 60, 8: 1800, 6: 1371}
2026-03-26 01:56:01,422 INFO: particles=30 iter=15 n_caps=9 minZ=0.047084 runtime=12.70s placement={9: 1016, 15: 874, 14: 1905, 10: 743, 7: 1330, 8: 95, 6: 1982, 0: 893, 11: 141}
2026-03-26 01:56:14,383 INFO: particles=30 iter=15 n_caps=10 minZ=0.048915 runtime=12.96s placement={15: 1016, 14: 874, 9: 1905, 7: 743, 8: 1330, 6: 95, 0: 1982, 11: 893, 5: 141, 10: 1513}
2026-03-26 01:56:27,589 INFO: particles=30 iter=15 n_caps=11 minZ=0.047968 runtime=13.21s placement={14: 844, 9: 878, 7: 1225, 8: 604, 6: 1275, 0: 96, 10: 1969, 5: 891, 11: 271, 15: 612, 1: 2584}
2026-03-26 01:56:41,118 INFO: particles=30 iter=15 n_caps=12 minZ=0.036974 runtime=13.53s placement={9: 929, 10: 500, 8: 1737, 7: 0, 0: 2496, 11: 0, 1: 2582, 15: 434, 12: 33, 6: 2886}
2026-03-26 01:56:54,928 INFO: particles=30 iter=15 n_caps=13 minZ=0.036472 runtime=13.81s placement={15: 1611, 11: 529, 0: 1532, 1: 185, 9: 837, 14: 478, 2: 2309, 20: 2543}
2026-03-26 01:57:09,117 INFO: particles=30 iter=15 n_caps=14 minZ=0.033316 runtime=14.19s placement={10: 1111, 0: 2115, 1: 3347, 7: 750, 2: 1898, 20: 2339, 9: 702, 19: 1432, 4: 2562}
2026-03-26 01:57:23,529 INFO: particles=30 iter=15 n_caps=15 minZ=0.028703 runtime=14.41s placement={0: 1564, 1: 273, 17: 3347, 19: 131, 18: 1363, 20: 1259, 14: 3339}
2026-03-26 01:57:38,272 INFO: particles=30 iter=15 n_caps=16 minZ=0.027765 runtime=14.74s placement={0: 390, 11: 387, 1: 3065, 20: 1006, 19: 139, 10: 1699, 4: 1170}
2026-03-26 01:57:53,140 INFO: particles=30 iter=15 n_caps=17 minZ=0.024326 runtime=14.87s placement={11: 317, 0: 0, 1: 3065, 20: 767, 19: 1057, 10: 1573, 4: 3252}
2026-03-26 01:58:08,300 INFO: particles=30 iter=15 n_caps=18 minZ=0.024428 runtime=15.16s placement={0: 1879, 1: 387, 20: 1251, 19: 942, 10: 1812, 4: 1699}
2026-03-26 01:58:23,751 INFO: particles=30 iter=15 n_caps=19 minZ=0.025856 runtime=15.45s placement={0: 0, 20: 1014, 19: 3091, 1: 944, 10: 985, 3: 1567}
2026-03-26 01:58:39,370 INFO: particles=30 iter=15 n_caps=20 minZ=0.024009 runtime=15.62s placement={20: 106, 19: 397, 0: 0, 1: 944, 10: 781, 3: 1808, 15: 0}
