2026-03-10 03:11:51,788 INFO: n_caps=1 | iter=15 | minZ=0.030000 | placement={9: 2413}
2026-03-10 03:11:51,788 INFO: init_n_caps=2 | seeded_previous_caps=1 | new_cap_random_init(cap=1544,port=16)
2026-03-10 03:12:24,629 INFO: n_caps=2 | iter=15 | minZ=0.030001 | placement={20: 2698, 11: 2621}
2026-03-10 03:12:24,630 INFO: init_n_caps=3 | seeded_previous_caps=2 | new_cap_random_init(cap=3347,port=2)
2026-03-10 03:12:58,679 INFO: n_caps=3 | iter=15 | minZ=0.030001 | placement={0: 0, 9: 1939, 3: 3045}
2026-03-10 03:12:58,679 INFO: init_n_caps=4 | seeded_previous_caps=3 | new_cap_random_init(cap=0,port=19)
2026-03-10 03:13:34,083 INFO: n_caps=4 | iter=15 | minZ=0.030001 | placement={13: 0, 0: 3347, 9: 281, 14: 1798}
2026-03-10 03:13:34,083 INFO: init_n_caps=5 | seeded_previous_caps=4 | new_cap_random_init(cap=2254,port=14)
2026-03-10 03:14:10,466 INFO: n_caps=5 | iter=15 | minZ=0.030002 | placement={5: 0, 20: 3347, 6: 1048, 14: 2326, 9: 2381}
2026-03-10 03:14:10,467 INFO: init_n_caps=6 | seeded_previous_caps=5 | new_cap_random_init(cap=942,port=1)
2026-03-10 03:14:47,833 INFO: n_caps=6 | iter=15 | minZ=0.030000 | placement={10: 517, 0: 0, 1: 1276, 11: 967, 19: 0, 16: 3347}
2026-03-10 03:14:47,833 INFO: init_n_caps=7 | seeded_previous_caps=6 | new_cap_random_init(cap=1775,port=2)
2026-03-10 03:15:25,277 INFO: n_caps=7 | iter=15 | minZ=0.030002 | placement={5: 646, 0: 179, 10: 2314, 19: 341, 14: 0, 3: 1757, 6: 2415}
2026-03-10 03:15:25,278 INFO: init_n_caps=8 | seeded_previous_caps=7 | new_cap_random_init(cap=983,port=14)
2026-03-10 03:16:04,541 INFO: n_caps=8 | iter=15 | minZ=0.030000 | placement={17: 3347, 4: 1802, 12: 1531, 15: 1410, 9: 2486, 3: 922, 19: 2276, 5: 2279}
2026-03-10 03:16:04,542 INFO: init_n_caps=9 | seeded_previous_caps=8 | new_cap_random_init(cap=2860,port=6)
2026-03-10 03:16:43,230 INFO: n_caps=9 | iter=15 | minZ=0.030001 | placement={9: 709, 18: 422, 8: 1819, 7: 2603, 0: 1788, 4: 1885, 5: 946, 13: 1544, 1: 308}
2026-03-10 03:16:43,230 INFO: init_n_caps=10 | seeded_previous_caps=9 | new_cap_random_init(cap=1566,port=11)
2026-03-10 03:17:23,394 INFO: n_caps=10 | iter=15 | minZ=0.030000 | placement={0: 1162, 1: 2657, 11: 425, 5: 353, 9: 3076, 10: 1782, 20: 353, 7: 1988, 16: 1158}
2026-03-10 03:17:23,395 INFO: init_n_caps=11 | seeded_previous_caps=10 | new_cap_random_init(cap=0,port=4)
2026-03-10 03:18:06,489 INFO: n_caps=11 | iter=15 | minZ=0.030001 | placement={19: 3347, 13: 2274, 10: 1215, 0: 2550, 15: 2216, 1: 2355, 18: 51, 7: 0, 2: 2643, 12: 3347}
2026-03-10 03:18:06,490 INFO: init_n_caps=12 | seeded_previous_caps=11 | new_cap_random_init(cap=3228,port=14)
2026-03-10 03:18:50,326 INFO: n_caps=12 | iter=15 | minZ=0.030000 | placement={14: 3347, 12: 1974, 0: 2697, 16: 1801, 1: 2529, 18: 2356, 5: 6, 13: 2257, 19: 3347, 7: 3304}
2026-03-10 03:18:50,326 INFO: init_n_caps=13 | seeded_previous_caps=12 | new_cap_random_init(cap=2375,port=2)
2026-03-10 03:19:33,876 INFO: n_caps=13 | iter=15 | minZ=0.030001 | placement={9: 3347, 0: 1866, 1: 1036, 13: 1465, 12: 251, 10: 600, 14: 1321, 11: 171, 20: 1267, 16: 3347, 8: 2720}
2026-03-10 03:19:33,876 INFO: init_n_caps=14 | seeded_previous_caps=13 | new_cap_random_init(cap=1645,port=14)
2026-03-10 03:20:19,958 INFO: n_caps=14 | iter=15 | minZ=0.030000 | placement={0: 171, 1: 2479, 13: 1645, 12: 2143, 9: 251, 14: 600, 11: 1465, 20: 1866, 16: 1267, 10: 3347, 5: 2720}
2026-03-10 03:20:19,958 INFO: init_n_caps=15 | seeded_previous_caps=14 | new_cap_random_init(cap=0,port=2)
2026-03-10 03:21:06,453 INFO: n_caps=15 | iter=15 | minZ=0.030000 | placement={5: 1631, 1: 616, 2: 1800, 0: 1165, 10: 482, 3: 890, 14: 1696, 6: 1331, 11: 0, 12: 3347, 18: 2113}
2026-03-10 03:21:06,454 INFO: init_n_caps=16 | seeded_previous_caps=15 | new_cap_random_init(cap=924,port=1)
2026-03-10 03:21:54,244 INFO: n_caps=16 | iter=15 | minZ=0.030000 | placement={1: 2164, 18: 339, 4: 1224, 13: 176, 19: 1850, 6: 3024, 5: 2087, 3: 2341, 7: 885, 2: 1714, 15: 3347, 0: 586, 14: 3347, 12: 468}
2026-03-10 03:21:54,244 INFO: init_n_caps=17 | seeded_previous_caps=16 | new_cap_random_init(cap=270,port=12)
2026-03-10 03:22:44,064 INFO: n_caps=17 | iter=15 | minZ=0.030000 | placement={10: 2245, 11: 1160, 17: 282, 13: 1583, 1: 3347, 2: 1257, 9: 590, 18: 2810, 19: 3347, 3: 0, 5: 1635, 6: 3347, 7: 1964, 0: 2573, 16: 1458, 15: 1825}
2026-03-10 03:22:44,065 INFO: init_n_caps=18 | seeded_previous_caps=17 | new_cap_random_init(cap=1677,port=5)
2026-03-10 03:23:36,548 INFO: n_caps=18 | iter=15 | minZ=0.030001 | placement={3: 228, 13: 1542, 11: 1150, 7: 1273, 12: 2107, 10: 3237, 6: 3347, 9: 2085, 0: 2207, 4: 2163, 19: 951, 5: 1293, 20: 3167}
2026-03-10 03:23:36,548 INFO: init_n_caps=19 | seeded_previous_caps=18 | new_cap_random_init(cap=637,port=17)
2026-03-10 03:24:30,011 INFO: n_caps=19 | iter=15 | minZ=0.030000 | placement={17: 131, 10: 3342, 12: 611, 13: 602, 8: 1948, 3: 795, 9: 1581, 1: 2129, 5: 2657, 19: 2594, 14: 831, 4: 3208, 2: 3347, 7: 115, 11: 1584, 20: 1626}
2026-03-10 03:24:30,012 INFO: init_n_caps=20 | seeded_previous_caps=19 | new_cap_random_init(cap=2999,port=10)
2026-03-10 03:25:21,985 INFO: n_caps=20 | iter=15 | minZ=0.030001 | placement={8: 857, 9: 2690, 14: 0, 6: 1707, 0: 2702, 10: 0, 1: 1879, 7: 425, 4: 1731, 11: 1311, 15: 719, 12: 1383, 2: 3150, 20: 1926, 3: 1813}
