2026-03-17 07:13:29,651 INFO: particles=30 iter=10 n_caps=1 minZ=0.093250 runtime=14.10s placement={0: 1281}
2026-03-17 07:13:43,902 INFO: particles=30 iter=10 n_caps=2 minZ=0.094668 runtime=14.25s placement={6: 1434, 9: 1317}
2026-03-17 07:13:58,673 INFO: particles=30 iter=10 n_caps=3 minZ=0.052641 runtime=14.77s placement={10: 2027, 0: 1012, 11: 1384}
2026-03-17 07:14:13,504 INFO: particles=30 iter=10 n_caps=4 minZ=0.058805 runtime=14.83s placement={0: 2027, 10: 1012, 9: 1384, 14: 1703}
2026-03-17 07:14:28,654 INFO: particles=30 iter=10 n_caps=5 minZ=0.055200 runtime=15.15s placement={9: 890, 10: 845, 15: 1613, 7: 1414, 0: 886}
2026-03-17 07:14:44,041 INFO: particles=30 iter=10 n_caps=6 minZ=0.050470 runtime=15.39s placement={10: 527, 14: 717, 11: 1496, 0: 1355, 15: 942, 9: 1588}
2026-03-17 07:14:59,914 INFO: particles=30 iter=10 n_caps=7 minZ=0.050387 runtime=15.87s placement={14: 527, 10: 717, 0: 1496, 15: 1355, 9: 942, 5: 1588, 16: 1695}
2026-03-17 07:15:15,538 INFO: particles=30 iter=10 n_caps=8 minZ=0.047768 runtime=15.62s placement={10: 528, 0: 1065, 15: 1633, 9: 1341, 6: 734, 16: 1598, 14: 1679, 7: 2325}
2026-03-17 07:15:31,527 INFO: particles=30 iter=10 n_caps=9 minZ=0.047535 runtime=15.99s placement={0: 528, 15: 1065, 9: 1633, 6: 1341, 16: 734, 14: 1598, 7: 1679, 5: 2325, 10: 1713}
2026-03-17 07:15:47,609 INFO: particles=30 iter=10 n_caps=10 minZ=0.048146 runtime=16.08s placement={15: 528, 9: 1065, 6: 1633, 16: 1341, 14: 734, 7: 1598, 5: 1679, 10: 2325, 0: 1713, 8: 0}
2026-03-17 07:16:03,757 INFO: particles=30 iter=10 n_caps=11 minZ=0.047000 runtime=16.15s placement={9: 528, 5: 1139, 16: 1611, 14: 1265, 7: 870, 10: 1599, 11: 1541, 0: 1940, 12: 1676, 15: 0, 1: 2660}
2026-03-17 07:16:20,208 INFO: particles=30 iter=10 n_caps=12 minZ=0.043952 runtime=16.45s placement={6: 265, 15: 714, 0: 1012, 7: 1438, 17: 0, 8: 1347, 1: 1660, 12: 1577, 16: 1539, 18: 1968, 11: 1427}
2026-03-17 07:16:36,872 INFO: particles=30 iter=10 n_caps=13 minZ=0.035389 runtime=16.66s placement={12: 2684, 0: 1186, 1: 1313, 6: 0, 10: 0, 9: 1768, 17: 1282, 14: 1837, 20: 1275, 13: 1134}
2026-03-17 07:16:53,854 INFO: particles=30 iter=10 n_caps=14 minZ=0.035361 runtime=16.98s placement={0: 1041, 1: 1064, 5: 760, 9: 0, 8: 0, 17: 1204, 15: 1088, 20: 1351, 12: 372, 13: 1994}
2026-03-17 07:17:10,924 INFO: particles=30 iter=10 n_caps=15 minZ=0.037352 runtime=17.07s placement={0: 685, 5: 1064, 9: 760, 8: 0, 17: 0, 15: 1204, 1: 1088, 20: 1814, 12: 1351, 13: 1041, 10: 1994, 16: 0}
2026-03-17 07:17:28,255 INFO: particles=30 iter=10 n_caps=16 minZ=0.038752 runtime=17.33s placement={6: 2724, 9: 918, 7: 456, 20: 999, 19: 0, 0: 730, 14: 1671, 1: 1490, 10: 1033, 18: 1911, 5: 92, 4: 0}
2026-03-17 07:17:45,842 INFO: particles=30 iter=10 n_caps=17 minZ=0.032689 runtime=17.59s placement={11: 3347, 7: 839, 20: 2079, 19: 0, 0: 1014, 14: 1740, 1: 1603, 17: 1005, 6: 2012, 5: 0}
2026-03-17 07:18:03,416 INFO: particles=30 iter=10 n_caps=18 minZ=0.029383 runtime=17.57s placement={7: 3347, 20: 0, 19: 0, 0: 1271, 14: 899, 1: 1126, 16: 837, 6: 1044, 2: 1721, 12: 1985}
2026-03-17 07:18:21,303 INFO: particles=30 iter=10 n_caps=19 minZ=0.027007 runtime=17.89s placement={20: 0, 19: 757, 0: 1047, 14: 0, 1: 876, 15: 1092, 4: 742, 16: 2112}
2026-03-17 07:18:39,289 INFO: particles=30 iter=10 n_caps=20 minZ=0.023207 runtime=17.99s placement={20: 3347, 0: 3347, 15: 0, 14: 0, 1: 0, 19: 763, 16: 660}
