2026-03-25 22:46:24,640 INFO: particles=20 iter=50 n_caps=1 minZ=0.085029 runtime=29.58s placement={0: 1316}
2026-03-25 22:46:52,726 INFO: particles=20 iter=50 n_caps=2 minZ=0.067717 runtime=28.09s placement={0: 1301, 9: 1345}
2026-03-25 22:47:17,141 INFO: particles=20 iter=50 n_caps=3 minZ=0.057817 runtime=24.41s placement={0: 1662, 15: 1014, 5: 923}
2026-03-25 22:47:42,134 INFO: particles=20 iter=50 n_caps=4 minZ=0.056063 runtime=24.99s placement={16: 1353, 5: 1014, 0: 967, 7: 0}
2026-03-25 22:48:07,621 INFO: particles=20 iter=50 n_caps=5 minZ=0.043223 runtime=25.49s placement={5: 1354, 0: 1014, 7: 966, 15: 0, 14: 2747}
2026-03-25 22:48:33,822 INFO: particles=20 iter=50 n_caps=6 minZ=0.046842 runtime=26.20s placement={0: 968, 7: 1014, 14: 968, 15: 0, 1: 2582}
2026-03-25 22:49:00,841 INFO: particles=20 iter=50 n_caps=7 minZ=0.035671 runtime=27.02s placement={0: 95, 14: 927, 15: 1356, 1: 0}
2026-03-25 22:49:28,332 INFO: particles=20 iter=50 n_caps=8 minZ=0.032431 runtime=27.49s placement={16: 1180, 14: 912, 0: 0, 1: 1}
2026-03-25 22:49:56,465 INFO: particles=20 iter=50 n_caps=9 minZ=0.030519 runtime=28.13s placement={14: 1180, 0: 301, 1: 1148, 15: 0, 10: 3050}
2026-03-25 22:50:25,351 INFO: particles=20 iter=50 n_caps=10 minZ=0.031058 runtime=28.89s placement={0: 2450, 1: 898, 14: 301, 10: 0}
2026-03-25 22:50:54,548 INFO: particles=20 iter=50 n_caps=11 minZ=0.031577 runtime=29.20s placement={0: 3023, 1: 545, 15: 1040, 10: 333, 14: 2640, 2: 0}
2026-03-25 22:51:24,830 INFO: particles=20 iter=50 n_caps=12 minZ=0.031537 runtime=30.28s placement={0: 0, 1: 545, 15: 1944, 10: 1040, 14: 3023, 2: 2640}
2026-03-25 22:51:55,570 INFO: particles=20 iter=50 n_caps=13 minZ=0.028299 runtime=30.74s placement={0: 101, 1: 545, 15: 43, 10: 1944, 14: 0, 2: 3023}
2026-03-25 22:52:26,788 INFO: particles=20 iter=50 n_caps=14 minZ=0.029324 runtime=31.22s placement={0: 0, 1: 545, 14: 971, 4: 50, 15: 334, 2: 0}
2026-03-25 22:52:58,673 INFO: particles=20 iter=50 n_caps=15 minZ=0.026105 runtime=31.88s placement={0: 0, 15: 0, 4: 2, 1: 0, 16: 1154}
2026-03-25 22:53:31,375 INFO: particles=20 iter=50 n_caps=16 minZ=0.026175 runtime=32.70s placement={15: 1521, 4: 0, 0: 0, 1: 0, 16: 2618}
2026-03-25 22:54:06,858 INFO: particles=20 iter=50 n_caps=17 minZ=0.024274 runtime=35.48s placement={4: 1503, 0: 2550, 1: 2, 16: 0, 6: 0}
2026-03-25 22:54:46,775 INFO: particles=20 iter=50 n_caps=18 minZ=0.023111 runtime=39.92s placement={0: 775, 1: 0, 16: 2, 6: 0}
2026-03-25 22:55:27,197 INFO: particles=20 iter=50 n_caps=19 minZ=0.022878 runtime=40.42s placement={0: 775, 16: 0, 1: 2, 6: 0, 7: 114}
2026-03-25 22:56:08,041 INFO: particles=20 iter=50 n_caps=20 minZ=0.022375 runtime=40.84s placement={16: 1504, 0: 0, 1: 2, 6: 0, 7: 781}
