2026-03-24 23:19:10,876 INFO: particles=80 iter=15 n_caps=1 minZ=0.080251 runtime=31.91s placement={0: 1012}
2026-03-24 23:19:43,443 INFO: particles=80 iter=15 n_caps=2 minZ=0.056767 runtime=32.57s placement={0: 1014, 5: 1737}
2026-03-24 23:20:17,141 INFO: particles=80 iter=15 n_caps=3 minZ=0.051705 runtime=33.70s placement={0: 1014, 16: 1716, 15: 12}
2026-03-24 23:20:51,698 INFO: particles=80 iter=15 n_caps=4 minZ=0.057890 runtime=34.56s placement={8: 0, 15: 1322, 0: 1319, 9: 512}
2026-03-24 23:21:27,098 INFO: particles=80 iter=15 n_caps=5 minZ=0.050167 runtime=35.40s placement={0: 2303, 10: 862, 1: 317}
2026-03-24 23:22:03,580 INFO: particles=80 iter=15 n_caps=6 minZ=0.036303 runtime=36.48s placement={10: 1620, 0: 1824, 1: 409, 11: 218}
2026-03-24 23:22:41,580 INFO: particles=80 iter=15 n_caps=7 minZ=0.038383 runtime=38.00s placement={0: 2034, 1: 1324, 10: 1381}
2026-03-24 23:23:19,953 INFO: particles=80 iter=15 n_caps=8 minZ=0.037573 runtime=38.37s placement={0: 0, 1: 1573, 9: 1014}
2026-03-24 23:23:58,755 INFO: particles=80 iter=15 n_caps=9 minZ=0.030673 runtime=38.80s placement={0: 0, 1: 1573, 9: 389}
2026-03-24 23:24:39,600 INFO: particles=80 iter=15 n_caps=10 minZ=0.030591 runtime=40.84s placement={0: 0, 9: 1573, 1: 389}
2026-03-24 23:25:19,966 INFO: particles=80 iter=15 n_caps=11 minZ=0.030166 runtime=40.37s placement={9: 1782, 0: 0, 1: 389}
2026-03-24 23:26:01,703 INFO: particles=80 iter=15 n_caps=12 minZ=0.027925 runtime=41.74s placement={0: 1635, 1: 1573, 7: 0}
2026-03-24 23:26:44,103 INFO: particles=80 iter=15 n_caps=13 minZ=0.027499 runtime=42.40s placement={0: 0, 1: 1573, 7: 0}
2026-03-24 23:27:27,347 INFO: particles=80 iter=15 n_caps=14 minZ=0.027086 runtime=43.24s placement={0: 0, 1: 1573, 7: 0}
2026-03-24 23:28:11,184 INFO: particles=80 iter=15 n_caps=15 minZ=0.026688 runtime=43.84s placement={0: 0, 1: 1573, 7: 0}
2026-03-24 23:28:56,256 INFO: particles=80 iter=15 n_caps=16 minZ=0.027525 runtime=45.07s placement={0: 0, 1: 1573, 7: 1935}
2026-03-24 23:29:42,378 INFO: particles=80 iter=15 n_caps=17 minZ=0.026677 runtime=46.12s placement={0: 0, 1: 1573, 7: 213}
2026-03-24 23:30:28,581 INFO: particles=80 iter=15 n_caps=18 minZ=0.026483 runtime=46.20s placement={0: 0, 1: 1573, 7: 1155}
2026-03-24 23:31:17,490 INFO: particles=80 iter=15 n_caps=19 minZ=0.023939 runtime=48.91s placement={0: 1623, 4: 2196, 1: 0, 15: 1473, 3: 1984, 2: 92, 16: 7, 17: 0}
2026-03-24 23:32:06,302 INFO: particles=80 iter=15 n_caps=20 minZ=0.024549 runtime=48.81s placement={4: 1031, 0: 0, 15: 0, 1: 1473, 3: 432, 2: 1549, 16: 745, 17: 1623, 7: 53}
