2026-03-21 17:37:31,389 INFO: particles=50 iter=25 n_caps=1 minZ=0.082346 runtime=65.51s placement={0: 953}
2026-03-21 17:38:38,219 INFO: particles=50 iter=25 n_caps=2 minZ=0.070730 runtime=66.83s placement={0: 1517, 6: 366}
2026-03-21 17:39:46,262 INFO: particles=50 iter=25 n_caps=3 minZ=0.050703 runtime=68.04s placement={15: 2312, 5: 411, 0: 1014}
2026-03-21 17:40:55,243 INFO: particles=50 iter=25 n_caps=4 minZ=0.058211 runtime=68.98s placement={5: 2312, 0: 411, 9: 1014, 10: 2519}
2026-03-21 17:42:05,196 INFO: particles=50 iter=25 n_caps=5 minZ=0.053895 runtime=69.95s placement={0: 2312, 9: 411, 10: 1014, 6: 2519, 14: 864}
2026-03-21 17:43:16,015 INFO: particles=50 iter=25 n_caps=6 minZ=0.043418 runtime=70.82s placement={9: 1437, 10: 517, 7: 1022, 14: 2381, 0: 1014, 6: 0}
2026-03-21 17:44:28,061 INFO: particles=50 iter=25 n_caps=7 minZ=0.035183 runtime=72.04s placement={0: 1394, 16: 1403, 1: 2922, 11: 1328}
2026-03-21 17:45:40,947 INFO: particles=50 iter=25 n_caps=8 minZ=0.034599 runtime=72.89s placement={16: 1324, 0: 0, 1: 2922, 11: 1394}
2026-03-21 17:46:54,932 INFO: particles=50 iter=25 n_caps=9 minZ=0.032433 runtime=73.98s placement={0: 2759, 1: 1436, 11: 1813, 7: 0}
2026-03-21 17:48:10,131 INFO: particles=50 iter=25 n_caps=10 minZ=0.032561 runtime=75.20s placement={0: 2787, 1: 1259, 11: 488, 5: 0}
2026-03-21 17:49:26,091 INFO: particles=50 iter=25 n_caps=11 minZ=0.031373 runtime=75.96s placement={0: 0, 1: 1259, 11: 3304, 5: 2787}
2026-03-21 17:50:43,088 INFO: particles=50 iter=25 n_caps=12 minZ=0.026757 runtime=77.00s placement={0: 0, 10: 1245, 1: 3305, 5: 0, 8: 0}
2026-03-21 17:52:01,432 INFO: particles=50 iter=25 n_caps=13 minZ=0.028779 runtime=78.34s placement={12: 1773, 0: 347, 1: 3325, 7: 0, 4: 0, 15: 92}
2026-03-21 17:53:20,376 INFO: particles=50 iter=25 n_caps=14 minZ=0.028101 runtime=78.94s placement={0: 2013, 1: 1600, 7: 347, 4: 0, 15: 0}
2026-03-21 17:54:40,718 INFO: particles=50 iter=25 n_caps=15 minZ=0.026179 runtime=80.34s placement={0: 0, 1: 1418, 5: 1709, 6: 341, 17: 0}
2026-03-21 17:56:01,743 INFO: particles=50 iter=25 n_caps=16 minZ=0.026906 runtime=81.02s placement={0: 0, 1: 1395, 5: 440, 6: 1736, 16: 463}
2026-03-21 17:57:23,510 INFO: particles=50 iter=25 n_caps=17 minZ=0.026401 runtime=81.77s placement={0: 0, 1: 1395, 5: 1316, 6: 440, 16: 1736}
2026-03-21 17:58:46,332 INFO: particles=50 iter=25 n_caps=18 minZ=0.026104 runtime=82.82s placement={0: 0, 1: 1395, 5: 1718, 6: 1316, 16: 440}
2026-03-21 18:00:10,339 INFO: particles=50 iter=25 n_caps=19 minZ=0.025095 runtime=84.01s placement={0: 0, 1: 1395, 5: 2966, 6: 1718, 16: 1316}
2026-03-21 18:01:35,050 INFO: particles=50 iter=25 n_caps=20 minZ=0.024557 runtime=84.71s placement={0: 0, 1: 1394, 5: 1018, 6: 2964, 16: 1344}
