2026-03-16 18:23:42,895 INFO: particles=20 iter=25 n_caps=1 minZ=0.094622 runtime=22.97s placement={16: 1012}
2026-03-16 18:24:06,246 INFO: particles=20 iter=25 n_caps=2 minZ=0.055744 runtime=23.35s placement={0: 1012, 9: 3014}
2026-03-16 18:24:30,813 INFO: particles=20 iter=25 n_caps=3 minZ=0.081110 runtime=24.57s placement={9: 1012, 10: 3014, 0: 0}
2026-03-16 18:24:56,168 INFO: particles=20 iter=25 n_caps=4 minZ=0.060872 runtime=25.35s placement={10: 1012, 0: 3014, 15: 0, 9: 1513}
2026-03-16 18:25:21,589 INFO: particles=20 iter=25 n_caps=5 minZ=0.049221 runtime=25.42s placement={0: 1012, 15: 3014, 9: 0, 5: 1513, 14: 1838}
2026-03-16 18:25:46,300 INFO: particles=20 iter=25 n_caps=6 minZ=0.049840 runtime=24.71s placement={15: 1353, 9: 1521, 14: 641, 0: 1210, 10: 1078, 6: 581}
2026-03-16 18:26:11,339 INFO: particles=20 iter=25 n_caps=7 minZ=0.040871 runtime=25.04s placement={1: 221, 13: 1118, 0: 2536, 10: 1226, 14: 676}
2026-03-16 18:26:37,457 INFO: particles=20 iter=25 n_caps=8 minZ=0.041294 runtime=26.12s placement={15: 123, 0: 2070, 10: 1241, 1: 1287, 16: 473, 14: 0}
2026-03-16 18:27:03,983 INFO: particles=20 iter=25 n_caps=9 minZ=0.032321 runtime=26.53s placement={0: 1803, 5: 243, 1: 1721, 16: 546, 15: 976}
2026-03-16 18:27:30,640 INFO: particles=20 iter=25 n_caps=10 minZ=0.030029 runtime=26.66s placement={0: 1573, 1: 121, 15: 1358, 6: 1183, 19: 3030}
2026-03-16 18:27:57,082 INFO: particles=20 iter=25 n_caps=11 minZ=0.035899 runtime=26.44s placement={0: 0, 15: 121, 1: 1358, 6: 1014, 19: 829, 10: 1573}
2026-03-16 18:28:23,963 INFO: particles=20 iter=25 n_caps=12 minZ=0.029927 runtime=26.88s placement={15: 838, 0: 0, 1: 1358, 6: 149, 19: 1713, 10: 3030}
2026-03-16 18:28:51,008 INFO: particles=20 iter=25 n_caps=13 minZ=0.027186 runtime=27.04s placement={0: 2608, 1: 121, 6: 1358, 19: 1183, 10: 829}
2026-03-16 18:29:18,763 INFO: particles=20 iter=25 n_caps=14 minZ=0.029340 runtime=27.75s placement={0: 2607, 1: 27, 19: 1017, 10: 1713, 14: 0}
2026-03-16 18:29:46,904 INFO: particles=20 iter=25 n_caps=15 minZ=0.028092 runtime=28.14s placement={1: 813, 0: 0, 19: 0, 10: 1343, 14: 2572}
2026-03-16 18:30:15,043 INFO: particles=20 iter=25 n_caps=16 minZ=0.027469 runtime=28.14s placement={0: 2, 1: 23, 19: 1357, 10: 904, 14: 0, 15: 145}
2026-03-16 18:30:43,446 INFO: particles=20 iter=25 n_caps=17 minZ=0.025835 runtime=28.40s placement={0: 145, 19: 23, 1: 1357, 10: 0, 14: 0, 15: 2, 7: 0}
2026-03-16 18:31:12,653 INFO: particles=20 iter=25 n_caps=18 minZ=0.025007 runtime=29.21s placement={19: 788, 0: 0, 10: 862, 1: 0, 14: 641, 15: 0, 6: 132, 16: 0}
2026-03-16 18:31:42,124 INFO: particles=20 iter=25 n_caps=19 minZ=0.023445 runtime=29.47s placement={0: 3318, 10: 209, 1: 855, 14: 3082, 15: 2563, 6: 208, 16: 0}
2026-03-16 18:32:12,380 INFO: particles=20 iter=25 n_caps=20 minZ=0.026721 runtime=30.26s placement={10: 812, 0: 3347, 1: 847, 14: 1007, 15: 0, 6: 0, 16: 211, 11: 30}
