2026-03-29 03:46:57,800 INFO: particles=20 iter=10 n_caps=1 minZ=0.086951 runtime=6.70s placement={0: 1789}
2026-03-29 03:47:07,458 INFO: particles=20 iter=10 n_caps=2 minZ=0.066217 runtime=9.66s placement={9: 1789, 0: 2669}
2026-03-29 03:47:21,776 INFO: particles=20 iter=10 n_caps=3 minZ=0.054480 runtime=14.32s placement={0: 1789, 9: 2669, 10: 1549}
2026-03-29 03:47:40,360 INFO: particles=20 iter=10 n_caps=4 minZ=0.056648 runtime=18.58s placement={5: 886, 8: 2956, 10: 1649, 9: 989}
2026-03-29 03:48:03,964 INFO: particles=20 iter=10 n_caps=5 minZ=0.044172 runtime=23.60s placement={8: 886, 10: 2956, 9: 1649, 0: 989, 15: 940}
2026-03-29 03:48:32,219 INFO: particles=20 iter=10 n_caps=6 minZ=0.044062 runtime=28.25s placement={9: 990, 10: 2952, 0: 1204, 15: 978, 13: 994, 14: 1302}
2026-03-29 03:49:03,849 INFO: particles=20 iter=10 n_caps=7 minZ=0.043454 runtime=31.63s placement={9: 990, 0: 2952, 15: 1204, 13: 978, 14: 994, 5: 1302, 10: 1625}
2026-03-29 03:49:39,707 INFO: particles=20 iter=10 n_caps=8 minZ=0.038929 runtime=35.86s placement={0: 990, 15: 2952, 13: 1204, 14: 978, 5: 994, 10: 1302, 6: 1625, 16: 1649}
2026-03-29 03:50:20,053 INFO: particles=20 iter=10 n_caps=9 minZ=0.044315 runtime=40.35s placement={15: 990, 13: 2952, 14: 1204, 5: 978, 10: 994, 6: 1302, 16: 1625, 9: 1649, 7: 0}
2026-03-29 03:51:04,594 INFO: particles=20 iter=10 n_caps=10 minZ=0.040407 runtime=44.54s placement={13: 893, 14: 2904, 5: 1089, 10: 766, 7: 970, 16: 1251, 9: 1671, 8: 1842, 6: 0, 0: 2592}
2026-03-29 03:51:53,566 INFO: particles=20 iter=10 n_caps=11 minZ=0.038187 runtime=48.97s placement={20: 0, 6: 2990, 16: 2313, 7: 1291, 15: 1050, 14: 1289, 17: 2445, 3: 2904, 0: 677, 18: 2357, 1: 1359}
2026-03-29 03:52:46,793 INFO: particles=20 iter=10 n_caps=12 minZ=0.033577 runtime=53.23s placement={5: 716, 16: 666, 0: 3113, 1: 1028, 20: 149, 17: 0, 8: 2445, 4: 2293, 9: 3347}
2026-03-29 03:53:44,372 INFO: particles=20 iter=10 n_caps=13 minZ=0.031962 runtime=57.58s placement={16: 628, 0: 3182, 1: 1691, 20: 1164, 15: 1881, 8: 276, 5: 2446, 10: 3095, 12: 3278, 7: 890}
2026-03-29 03:54:46,113 INFO: particles=20 iter=10 n_caps=14 minZ=0.029461 runtime=61.74s placement={1: 521, 0: 2815, 20: 661, 19: 0, 10: 1016, 11: 2901, 16: 936}
2026-03-29 03:55:58,732 INFO: particles=20 iter=10 n_caps=15 minZ=0.026720 runtime=72.62s placement={0: 2747, 1: 337, 20: 1448, 19: 443, 5: 0, 2: 1000, 11: 1407, 9: 1380, 15: 3187}
2026-03-29 03:57:14,634 INFO: particles=20 iter=10 n_caps=16 minZ=0.027496 runtime=75.90s placement={0: 2747, 20: 337, 19: 1448, 5: 443, 1: 0, 2: 818, 11: 1477, 9: 1407, 15: 1380, 10: 0}
2026-03-29 03:58:29,821 INFO: particles=20 iter=10 n_caps=17 minZ=0.027926 runtime=75.19s placement={20: 855, 14: 277, 11: 1627, 9: 977, 1: 0, 0: 1012, 2: 332, 10: 1524, 15: 1189, 4: 1570, 8: 2681, 18: 2511, 16: 20}
2026-03-29 03:59:50,000 INFO: particles=20 iter=10 n_caps=18 minZ=0.024405 runtime=80.18s placement={14: 958, 11: 0, 9: 1826, 0: 3347, 3: 0, 1: 0, 10: 39, 15: 1699, 6: 990, 8: 3347, 16: 2370}
2026-03-29 04:01:14,340 INFO: particles=20 iter=10 n_caps=19 minZ=0.024439 runtime=84.34s placement={11: 832, 9: 0, 0: 2370, 1: 1050, 13: 0, 14: 57, 6: 628, 10: 931, 17: 3347}
2026-03-29 04:02:42,220 INFO: particles=20 iter=10 n_caps=20 minZ=0.023104 runtime=87.88s placement={9: 832, 0: 1877, 1: 2039, 13: 0, 14: 0, 6: 3347, 10: 628, 17: 931}
