2026-03-23 14:37:38,677 INFO: particles=30 iter=50 n_caps=1 minZ=0.080251 runtime=39.89s placement={0: 1012}
2026-03-23 14:38:20,327 INFO: particles=30 iter=50 n_caps=2 minZ=0.052575 runtime=41.65s placement={0: 1012, 9: 2088}
2026-03-23 14:39:02,680 INFO: particles=30 iter=50 n_caps=3 minZ=0.062278 runtime=42.35s placement={9: 1012, 0: 2088, 7: 0}
2026-03-23 14:39:45,553 INFO: particles=30 iter=50 n_caps=4 minZ=0.046383 runtime=42.87s placement={0: 1014, 7: 2081, 15: 0, 9: 1583}
2026-03-23 14:40:29,921 INFO: particles=30 iter=50 n_caps=5 minZ=0.054818 runtime=44.37s placement={7: 1111, 15: 1178, 9: 524, 0: 1387, 6: 156}
2026-03-23 14:41:15,111 INFO: particles=30 iter=50 n_caps=6 minZ=0.052080 runtime=45.19s placement={15: 1081, 9: 1042, 0: 524, 5: 1453, 16: 585, 10: 1569}
2026-03-23 14:42:02,165 INFO: particles=30 iter=50 n_caps=7 minZ=0.038161 runtime=47.05s placement={7: 1144, 0: 1012, 5: 512, 15: 1022, 10: 587, 14: 1567, 16: 1821}
2026-03-23 14:42:49,741 INFO: particles=30 iter=50 n_caps=8 minZ=0.037255 runtime=47.58s placement={0: 1012, 5: 967, 15: 527, 1: 837, 14: 401, 16: 1764, 9: 1744}
2026-03-23 14:43:38,268 INFO: particles=30 iter=50 n_caps=9 minZ=0.033030 runtime=48.53s placement={5: 1169, 15: 915, 1: 517, 14: 838, 16: 399, 9: 1766, 0: 0}
2026-03-23 14:44:29,180 INFO: particles=30 iter=50 n_caps=10 minZ=0.028442 runtime=50.91s placement={15: 1176, 1: 880, 14: 521, 16: 837, 9: 381, 0: 1014, 13: 0}
2026-03-23 14:45:21,942 INFO: particles=30 iter=50 n_caps=11 minZ=0.029442 runtime=52.76s placement={1: 1077, 14: 785, 15: 521, 9: 703, 0: 1012, 13: 765, 20: 1613}
2026-03-23 14:46:15,376 INFO: particles=30 iter=50 n_caps=12 minZ=0.029502 runtime=53.43s placement={16: 617, 14: 780, 5: 448, 0: 624, 1: 259, 15: 2136, 20: 2114}
2026-03-23 14:47:09,349 INFO: particles=30 iter=50 n_caps=13 minZ=0.025665 runtime=53.97s placement={14: 815, 0: 837, 1: 1147, 12: 3219, 20: 138, 7: 2601}
2026-03-23 14:48:03,071 INFO: particles=30 iter=50 n_caps=14 minZ=0.026346 runtime=53.72s placement={0: 2510, 1: 889, 12: 98, 20: 1176, 7: 839, 19: 2570}
2026-03-23 14:48:59,144 INFO: particles=30 iter=50 n_caps=15 minZ=0.026550 runtime=56.07s placement={0: 0, 1: 1042, 12: 987, 20: 2459, 6: 490, 19: 735}
2026-03-23 14:49:56,196 INFO: particles=30 iter=50 n_caps=16 minZ=0.026654 runtime=57.05s placement={0: 2480, 1: 1393, 12: 1479, 20: 3345, 7: 1005, 19: 503, 3: 0, 10: 0}
2026-03-23 14:50:53,660 INFO: particles=30 iter=50 n_caps=17 minZ=0.026477 runtime=57.46s placement={0: 0, 12: 1237, 1: 1487, 20: 141, 7: 209, 19: 803, 10: 0, 16: 0}
2026-03-23 14:51:52,976 INFO: particles=30 iter=50 n_caps=18 minZ=0.026927 runtime=59.32s placement={16: 755, 0: 1221, 5: 2029, 20: 2289, 1: 67, 6: 207, 19: 0, 14: 2922, 17: 909, 10: 472}
2026-03-23 14:52:55,832 INFO: particles=30 iter=50 n_caps=19 minZ=0.022199 runtime=62.86s placement={0: 2451, 7: 1152, 20: 2966, 1: 2337, 6: 3262, 19: 174, 11: 2867, 10: 581}
2026-03-23 14:53:57,501 INFO: particles=30 iter=50 n_caps=20 minZ=0.026506 runtime=61.67s placement={5: 387, 20: 3033, 0: 0, 1: 2298, 6: 1409, 19: 3250, 7: 595, 9: 823}
