2026-03-26 05:29:52,508 INFO: particles=30 iter=40 n_caps=1 minZ=0.089207 runtime=27.81s placement={0: 1487}
2026-03-26 05:30:21,143 INFO: particles=30 iter=40 n_caps=2 minZ=0.054488 runtime=28.64s placement={0: 1014, 9: 1819}
2026-03-26 05:30:50,483 INFO: particles=30 iter=40 n_caps=3 minZ=0.060330 runtime=29.34s placement={9: 1014, 0: 1584, 15: 0}
2026-03-26 05:31:20,522 INFO: particles=30 iter=40 n_caps=4 minZ=0.045333 runtime=30.04s placement={0: 1014, 15: 1583, 7: 0, 9: 1626}
2026-03-26 05:31:51,316 INFO: particles=30 iter=40 n_caps=5 minZ=0.055820 runtime=30.79s placement={14: 1014, 7: 1126, 9: 0, 0: 1627, 5: 0}
2026-03-26 05:32:22,983 INFO: particles=30 iter=40 n_caps=6 minZ=0.046497 runtime=31.67s placement={0: 2691, 10: 909, 1: 0, 4: 1455, 2: 0}
2026-03-26 05:32:55,241 INFO: particles=30 iter=40 n_caps=7 minZ=0.038975 runtime=32.26s placement={9: 1127, 0: 1695, 7: 0, 3: 1940, 1: 0, 6: 0}
2026-03-26 05:33:28,258 INFO: particles=30 iter=40 n_caps=8 minZ=0.035133 runtime=33.02s placement={0: 1758, 1: 671, 5: 0, 16: 1541}
2026-03-26 05:34:01,866 INFO: particles=30 iter=40 n_caps=9 minZ=0.029027 runtime=33.61s placement={0: 0, 1: 674, 5: 1758, 16: 0}
2026-03-26 05:34:36,146 INFO: particles=30 iter=40 n_caps=10 minZ=0.029428 runtime=34.28s placement={0: 8, 1: 674, 5: 1406, 16: 1758}
2026-03-26 05:35:11,324 INFO: particles=30 iter=40 n_caps=11 minZ=0.030729 runtime=35.18s placement={0: 0, 1: 664, 5: 1014, 16: 1416}
2026-03-26 05:35:47,057 INFO: particles=30 iter=40 n_caps=12 minZ=0.029878 runtime=35.73s placement={0: 0, 1: 664, 5: 95, 16: 1014}
2026-03-26 05:36:23,537 INFO: particles=30 iter=40 n_caps=13 minZ=0.029137 runtime=36.48s placement={0: 1, 5: 664, 16: 95, 1: 1014}
2026-03-26 05:37:01,155 INFO: particles=30 iter=40 n_caps=14 minZ=0.026443 runtime=37.62s placement={0: 0, 1: 510, 20: 311, 14: 0}
2026-03-26 05:37:39,437 INFO: particles=30 iter=40 n_caps=15 minZ=0.025217 runtime=38.28s placement={0: 0, 1: 518, 20: 1125, 13: 0, 7: 0}
2026-03-26 05:38:18,279 INFO: particles=30 iter=40 n_caps=16 minZ=0.023336 runtime=38.84s placement={0: 158, 1: 522, 20: 532, 14: 0, 7: 0}
2026-03-26 05:38:57,522 INFO: particles=30 iter=40 n_caps=17 minZ=0.023186 runtime=39.24s placement={0: 0, 20: 522, 1: 532, 14: 0, 7: 0}
2026-03-26 05:39:37,939 INFO: particles=30 iter=40 n_caps=18 minZ=0.024695 runtime=40.42s placement={20: 1135, 0: 1126, 1: 854, 17: 1018, 11: 0, 19: 0}
2026-03-26 05:40:19,382 INFO: particles=30 iter=40 n_caps=19 minZ=0.022410 runtime=41.44s placement={0: 160, 1: 1683, 17: 609, 10: 1140, 19: 1211, 16: 0, 18: 3347}
2026-03-26 05:41:01,203 INFO: particles=30 iter=40 n_caps=20 minZ=0.021617 runtime=41.82s placement={0: 0, 1: 1727, 17: 1961, 9: 510, 19: 209, 15: 974, 18: 0}
