2026-03-31 23:39:02,624 INFO: particles=20 iter=50 n_caps=1 minZ=0.062708 runtime=29.88s placement={0: 1229}
2026-03-31 23:40:00,490 INFO: particles=20 iter=50 n_caps=2 minZ=0.061547 runtime=57.87s placement={0: 1229, 10: 0}
2026-03-31 23:41:19,857 INFO: particles=20 iter=50 n_caps=3 minZ=0.050073 runtime=79.37s placement={6: 1743, 0: 1465, 9: 977}
2026-03-31 23:43:06,541 INFO: particles=20 iter=50 n_caps=4 minZ=0.044684 runtime=106.68s placement={0: 1721, 9: 1464, 10: 989, 6: 1106}
2026-03-31 23:45:18,504 INFO: particles=20 iter=50 n_caps=5 minZ=0.037089 runtime=131.96s placement={9: 1691, 10: 1923, 6: 799, 0: 1014, 7: 1}
2026-03-31 23:48:03,649 INFO: particles=20 iter=50 n_caps=6 minZ=0.035638 runtime=165.14s placement={10: 1693, 5: 2237, 0: 1014, 6: 1012, 8: 0, 9: 1254}
2026-03-31 23:51:02,540 INFO: particles=20 iter=50 n_caps=7 minZ=0.041963 runtime=178.89s placement={5: 3014, 0: 2444, 6: 655, 8: 1051, 9: 974, 7: 1696, 10: 1710}
2026-03-31 23:54:19,747 INFO: particles=20 iter=50 n_caps=8 minZ=0.042034 runtime=197.21s placement={0: 3047, 6: 2413, 9: 618, 8: 1051, 7: 951, 10: 1616, 14: 1712, 5: 927}
2026-03-31 23:58:05,106 INFO: particles=20 iter=50 n_caps=9 minZ=0.040963 runtime=225.36s placement={7: 1690, 8: 1724, 5: 420, 9: 1060, 10: 1230, 16: 1594, 0: 1910, 6: 898, 14: 25}
2026-04-01 00:02:17,280 INFO: particles=20 iter=50 n_caps=10 minZ=0.037185 runtime=252.17s placement={6: 1776, 5: 1724, 8: 493, 9: 1062, 16: 1071, 0: 1568, 7: 1707, 14: 900, 11: 24, 10: 1057}
2026-04-01 00:06:55,018 INFO: particles=20 iter=50 n_caps=11 minZ=0.027320 runtime=277.74s placement={0: 1006, 6: 1634, 1: 299, 16: 1007, 7: 891, 14: 2107, 10: 514, 9: 0}
2026-04-01 00:11:50,729 INFO: particles=20 iter=50 n_caps=12 minZ=0.026190 runtime=295.71s placement={5: 906, 0: 1012, 1: 2119, 2: 1511, 14: 759, 9: 2477, 12: 937}
2026-04-01 00:17:24,923 INFO: particles=20 iter=50 n_caps=13 minZ=0.022852 runtime=334.19s placement={0: 1012, 1: 1517, 14: 1433, 9: 750, 12: 2481, 10: 979}
2026-04-01 00:23:18,134 INFO: particles=20 iter=50 n_caps=14 minZ=0.023696 runtime=353.21s placement={0: 1012, 1: 1773, 11: 1437, 9: 1439, 14: 742, 7: 1315, 15: 1099, 6: 0}
2026-04-01 00:29:33,597 INFO: particles=20 iter=50 n_caps=15 minZ=0.021164 runtime=375.46s placement={0: 78, 1: 1647, 12: 1959, 9: 1370, 14: 868, 7: 982, 15: 1643, 5: 730, 3: 0}
2026-04-01 00:36:10,136 INFO: particles=20 iter=50 n_caps=16 minZ=0.020429 runtime=396.54s placement={0: 91, 12: 1650, 9: 1960, 14: 1369, 1: 865, 7: 1126, 15: 982, 5: 1644, 3: 726}
2026-04-01 00:43:03,567 INFO: particles=20 iter=50 n_caps=17 minZ=0.021481 runtime=413.43s placement={12: 1012, 9: 1598, 14: 1960, 0: 0, 1: 859, 7: 0, 15: 1120, 5: 983, 2: 1644}
2026-04-01 00:50:32,349 INFO: particles=20 iter=50 n_caps=18 minZ=0.022420 runtime=448.78s placement={9: 879, 14: 1167, 0: 2020, 1: 1360, 7: 763, 15: 0, 10: 1126, 2: 983}
2026-04-01 00:58:19,649 INFO: particles=20 iter=50 n_caps=19 minZ=0.018779 runtime=467.30s placement={14: 1021, 0: 1765, 1: 2006, 6: 2440, 9: 0}
2026-04-01 01:06:45,461 INFO: particles=20 iter=50 n_caps=20 minZ=0.018955 runtime=505.81s placement={0: 2417, 1: 1179, 6: 1173, 9: 847}
