2026-03-09 06:00:29,267 INFO: n_caps=1 | iter=15 | minZ=0.030000 | placement={17: 2352}
2026-03-09 06:00:29,268 INFO: init_n_caps=2 | seeded_previous_caps=1 | new_cap_random_init(cap=2999,port=14)
2026-03-09 06:00:44,208 INFO: n_caps=2 | iter=15 | minZ=0.030000 | placement={2: 2070, 1: 3347}
2026-03-09 06:00:44,208 INFO: init_n_caps=3 | seeded_previous_caps=2 | new_cap_random_init(cap=376,port=10)
2026-03-09 06:00:59,454 INFO: n_caps=3 | iter=15 | minZ=0.030000 | placement={1: 2155, 16: 2462, 0: 355}
2026-03-09 06:00:59,454 INFO: init_n_caps=4 | seeded_previous_caps=3 | new_cap_random_init(cap=329,port=3)
2026-03-09 06:01:15,357 INFO: n_caps=4 | iter=15 | minZ=0.030000 | placement={16: 2037, 12: 2427, 13: 2658, 10: 3040}
2026-03-09 06:01:15,358 INFO: init_n_caps=5 | seeded_previous_caps=4 | new_cap_random_init(cap=2779,port=16)
2026-03-09 06:01:31,616 INFO: n_caps=5 | iter=15 | minZ=0.030001 | placement={0: 644, 10: 2188, 9: 0, 12: 2948, 19: 0}
2026-03-09 06:01:31,616 INFO: init_n_caps=6 | seeded_previous_caps=5 | new_cap_random_init(cap=0,port=11)
2026-03-09 06:01:48,207 INFO: n_caps=6 | iter=15 | minZ=0.030000 | placement={6: 1644, 19: 1257, 7: 770, 9: 2681, 20: 940, 12: 746}
2026-03-09 06:01:48,208 INFO: init_n_caps=7 | seeded_previous_caps=6 | new_cap_random_init(cap=1149,port=1)
2026-03-09 06:02:05,498 INFO: n_caps=7 | iter=15 | minZ=0.030001 | placement={20: 1705, 5: 881, 0: 845, 2: 2162, 6: 3152, 1: 1258, 12: 2989}
2026-03-09 06:02:05,498 INFO: init_n_caps=8 | seeded_previous_caps=7 | new_cap_random_init(cap=3347,port=11)
2026-03-09 06:02:23,079 INFO: n_caps=8 | iter=15 | minZ=0.030002 | placement={3: 0, 20: 3347, 19: 2417, 7: 3339, 12: 3110, 10: 142}
2026-03-09 06:02:23,079 INFO: init_n_caps=9 | seeded_previous_caps=8 | new_cap_random_init(cap=536,port=10)
2026-03-09 06:02:41,403 INFO: n_caps=9 | iter=15 | minZ=0.030001 | placement={6: 727, 11: 3185, 3: 522, 1: 2332, 12: 904, 2: 2179, 16: 3347, 7: 1821}
2026-03-09 06:02:41,403 INFO: init_n_caps=10 | seeded_previous_caps=9 | new_cap_random_init(cap=1004,port=2)
2026-03-09 06:03:00,309 INFO: n_caps=10 | iter=15 | minZ=0.030002 | placement={1: 2636, 9: 2030, 3: 2380, 6: 1550, 7: 1530, 8: 2904, 10: 1535, 13: 2403}
2026-03-09 06:03:00,310 INFO: init_n_caps=11 | seeded_previous_caps=10 | new_cap_random_init(cap=308,port=13)
2026-03-09 06:03:19,820 INFO: n_caps=11 | iter=15 | minZ=0.030000 | placement={14: 1514, 0: 2846, 1: 2873, 8: 3347, 11: 0, 10: 3347, 20: 1625, 15: 1915, 6: 1172}
2026-03-09 06:03:19,820 INFO: init_n_caps=12 | seeded_previous_caps=11 | new_cap_random_init(cap=2386,port=0)
2026-03-09 06:03:39,494 INFO: n_caps=12 | iter=15 | minZ=0.030000 | placement={0: 1894, 1: 3118, 3: 2871, 13: 3347, 2: 2782, 10: 373, 20: 3347, 17: 1230, 8: 2830, 4: 635}
2026-03-09 06:03:39,495 INFO: init_n_caps=13 | seeded_previous_caps=12 | new_cap_random_init(cap=0,port=18)
2026-03-09 06:03:59,576 INFO: n_caps=13 | iter=15 | minZ=0.030000 | placement={20: 2980, 14: 790, 19: 98, 12: 1894, 18: 720, 6: 1041, 8: 2056, 17: 2536, 7: 1879, 0: 2724, 5: 898}
2026-03-09 06:03:59,576 INFO: init_n_caps=14 | seeded_previous_caps=13 | new_cap_random_init(cap=3347,port=3)
2026-03-09 06:04:19,851 INFO: n_caps=14 | iter=15 | minZ=0.030000 | placement={11: 992, 18: 632, 5: 0, 19: 656, 20: 1599, 6: 1690, 12: 1202, 10: 909, 0: 2172, 4: 2495, 13: 0, 8: 940, 7: 549}
2026-03-09 06:04:19,851 INFO: init_n_caps=15 | seeded_previous_caps=14 | new_cap_random_init(cap=1856,port=13)
2026-03-09 06:04:40,708 INFO: n_caps=15 | iter=15 | minZ=0.030001 | placement={20: 637, 11: 1126, 14: 2438, 2: 3347, 9: 1222, 18: 995, 19: 1164, 15: 3306, 8: 2280, 12: 3158, 10: 150, 6: 1082, 17: 3347}
2026-03-09 06:04:40,708 INFO: init_n_caps=16 | seeded_previous_caps=15 | new_cap_random_init(cap=3347,port=19)
2026-03-09 06:05:02,064 INFO: n_caps=16 | iter=15 | minZ=0.030001 | placement={5: 2263, 3: 571, 8: 1121, 7: 1504, 1: 758, 11: 1324, 20: 1848, 12: 1029, 19: 2086, 17: 2407, 18: 470, 14: 1969, 6: 1392, 4: 796, 13: 2448}
2026-03-09 06:05:02,064 INFO: init_n_caps=17 | seeded_previous_caps=16 | new_cap_random_init(cap=857,port=11)
2026-03-09 06:05:23,394 INFO: n_caps=17 | iter=15 | minZ=0.030000 | placement={3: 2263, 8: 571, 7: 1121, 1: 1504, 11: 758, 20: 1324, 12: 1848, 19: 1029, 17: 2086, 18: 2407, 14: 470, 5: 1969, 4: 2518, 13: 796, 6: 857, 16: 1392}
2026-03-09 06:05:23,394 INFO: init_n_caps=18 | seeded_previous_caps=17 | new_cap_random_init(cap=549,port=6)
2026-03-09 06:05:45,612 INFO: n_caps=18 | iter=15 | minZ=0.030000 | placement={12: 989, 16: 257, 13: 0, 17: 0, 14: 3347, 8: 927, 4: 2404, 11: 2772, 18: 3239, 0: 0, 15: 1717, 10: 1870, 19: 3076, 2: 3141, 1: 965}
2026-03-09 06:05:45,612 INFO: init_n_caps=19 | seeded_previous_caps=18 | new_cap_random_init(cap=2113,port=13)
2026-03-09 06:06:08,154 INFO: n_caps=19 | iter=15 | minZ=0.030002 | placement={15: 954, 12: 1874, 18: 0, 14: 0, 10: 952, 4: 597, 11: 2653, 19: 1987, 0: 3141, 20: 3150, 9: 1760, 13: 1927, 16: 2854, 1: 3347}
2026-03-09 06:06:08,155 INFO: init_n_caps=20 | seeded_previous_caps=19 | new_cap_random_init(cap=2609,port=10)
2026-03-09 06:06:31,149 INFO: n_caps=20 | iter=15 | minZ=0.030000 | placement={12: 1740, 13: 582, 18: 2371, 5: 5, 17: 2100, 15: 1055, 10: 927, 2: 1857, 16: 2105, 14: 2928, 3: 1396, 8: 1569, 11: 1685, 0: 1051, 1: 587, 19: 2932, 9: 1093}
