2026-04-02 04:01:28,833 INFO: particles=20 iter=40 n_caps=1 minZ=0.080251 runtime=37.88s placement={0: 1014}
2026-04-02 04:02:11,304 INFO: particles=20 iter=40 n_caps=2 minZ=0.064426 runtime=42.47s placement={9: 1012, 0: 1378}
2026-04-02 04:02:51,679 INFO: particles=20 iter=40 n_caps=3 minZ=0.045773 runtime=40.37s placement={0: 1012, 9: 1376, 10: 1661}
2026-04-02 04:03:34,045 INFO: particles=20 iter=40 n_caps=4 minZ=0.051618 runtime=42.37s placement={9: 1012, 10: 1265, 0: 1667, 7: 13}
2026-04-02 04:04:17,711 INFO: particles=20 iter=40 n_caps=5 minZ=0.052267 runtime=43.67s placement={10: 1014, 0: 1112, 14: 1741, 6: 12, 9: 1660}
2026-04-02 04:05:03,714 INFO: particles=20 iter=40 n_caps=6 minZ=0.041397 runtime=46.00s placement={0: 1014, 14: 1112, 6: 1741, 9: 12, 10: 1660, 20: 1759}
2026-04-02 04:05:51,073 INFO: particles=20 iter=40 n_caps=7 minZ=0.050636 runtime=47.36s placement={15: 617, 14: 823, 10: 1580, 9: 116, 18: 1486, 0: 1746, 16: 402}
2026-04-02 04:06:37,073 INFO: particles=20 iter=40 n_caps=8 minZ=0.047258 runtime=46.00s placement={14: 617, 10: 822, 9: 1703, 18: 120, 0: 1112, 15: 1742, 5: 546, 16: 2604}
2026-04-02 04:07:18,874 INFO: particles=20 iter=40 n_caps=9 minZ=0.047984 runtime=41.80s placement={10: 582, 6: 846, 18: 1707, 0: 616, 14: 1299, 7: 1743, 15: 841, 16: 2498, 5: 2636}
2026-04-02 04:08:01,595 INFO: particles=20 iter=40 n_caps=10 minZ=0.041084 runtime=42.72s placement={6: 563, 18: 347, 0: 1014, 14: 607, 7: 1317, 15: 1691, 16: 941, 5: 2766, 10: 2627, 13: 1714}
2026-04-02 04:08:42,417 INFO: particles=20 iter=40 n_caps=11 minZ=0.042229 runtime=40.82s placement={7: 648, 0: 899, 15: 685, 8: 40, 14: 1059, 6: 874, 5: 956, 9: 2719, 16: 1468, 10: 948}
2026-04-02 04:09:25,068 INFO: particles=20 iter=40 n_caps=12 minZ=0.032966 runtime=42.65s placement={0: 1026, 10: 899, 1: 910, 2: 3347, 15: 478, 17: 649, 16: 805}
2026-04-02 04:10:07,172 INFO: particles=20 iter=40 n_caps=13 minZ=0.028313 runtime=42.10s placement={10: 1769, 3: 3347, 0: 1106, 1: 0, 7: 3184, 18: 481, 14: 1071, 6: 11}
2026-04-02 04:10:54,723 INFO: particles=20 iter=40 n_caps=14 minZ=0.026493 runtime=47.55s placement={0: 1664, 1: 3347, 6: 1306, 19: 529, 14: 1137, 7: 1354}
2026-04-02 04:11:37,604 INFO: particles=20 iter=40 n_caps=15 minZ=0.026777 runtime=42.88s placement={0: 342, 1: 3074, 5: 388, 19: 3276, 14: 904, 6: 570}
2026-04-02 04:12:23,409 INFO: particles=20 iter=40 n_caps=16 minZ=0.026688 runtime=45.81s placement={0: 0, 1: 3069, 15: 2073, 19: 1373, 14: 516, 6: 2349}
2026-04-02 04:13:10,085 INFO: particles=20 iter=40 n_caps=17 minZ=0.024389 runtime=46.68s placement={0: 0, 15: 3071, 1: 2332, 19: 408, 14: 3278, 6: 1419}
2026-04-02 04:13:56,991 INFO: particles=20 iter=40 n_caps=18 minZ=0.024376 runtime=46.91s placement={15: 1531, 0: 0, 19: 2332, 1: 408, 14: 1458, 6: 937}
2026-04-02 04:14:44,050 INFO: particles=20 iter=40 n_caps=19 minZ=0.022090 runtime=47.06s placement={0: 2054, 19: 3146, 1: 2278, 14: 409, 6: 534}
2026-04-02 04:15:33,479 INFO: particles=20 iter=40 n_caps=20 minZ=0.023459 runtime=49.43s placement={19: 1531, 0: 0, 14: 2278, 1: 409, 6: 3284}
