2026-03-19 19:33:21,721 INFO: particles=20 iter=25 n_caps=1 minZ=0.107417 runtime=21.05s placement={15: 939}
2026-03-19 19:33:43,233 INFO: particles=20 iter=25 n_caps=2 minZ=0.070467 runtime=21.51s placement={0: 1518, 14: 967}
2026-03-19 19:34:05,234 INFO: particles=20 iter=25 n_caps=3 minZ=0.057822 runtime=22.00s placement={0: 1480, 10: 975, 9: 434}
2026-03-19 19:34:27,597 INFO: particles=20 iter=25 n_caps=4 minZ=0.056186 runtime=22.36s placement={10: 1618, 9: 1014, 0: 434, 6: 0}
2026-03-19 19:34:50,450 INFO: particles=20 iter=25 n_caps=5 minZ=0.043282 runtime=22.85s placement={9: 1618, 0: 1014, 6: 434, 7: 0, 5: 1709}
2026-03-19 19:35:13,722 INFO: particles=20 iter=25 n_caps=6 minZ=0.058176 runtime=23.27s placement={0: 1583, 7: 864, 8: 0, 3: 0, 9: 2273, 14: 1292}
2026-03-19 19:35:37,422 INFO: particles=20 iter=25 n_caps=7 minZ=0.043156 runtime=23.70s placement={0: 1940, 15: 331, 13: 1005, 10: 1933, 1: 1542, 17: 3347}
2026-03-19 19:36:01,558 INFO: particles=20 iter=25 n_caps=8 minZ=0.048606 runtime=24.14s placement={0: 3347, 1: 740, 11: 1599, 17: 2216, 15: 1194}
2026-03-19 19:36:26,103 INFO: particles=20 iter=25 n_caps=9 minZ=0.040971 runtime=24.54s placement={0: 1318, 11: 834, 1: 1377, 20: 2016, 16: 3347, 18: 0}
2026-03-19 19:36:51,114 INFO: particles=20 iter=25 n_caps=10 minZ=0.034242 runtime=25.01s placement={17: 1790, 1: 644, 20: 1960, 0: 260, 8: 329, 9: 1857}
2026-03-19 19:37:16,528 INFO: particles=20 iter=25 n_caps=11 minZ=0.032462 runtime=25.41s placement={1: 1790, 20: 644, 0: 1012, 8: 1001, 9: 1540, 14: 260, 10: 2891}
2026-03-19 19:37:42,379 INFO: particles=20 iter=25 n_caps=12 minZ=0.032192 runtime=25.85s placement={20: 1338, 0: 242, 10: 2162, 1: 642, 6: 307, 9: 402}
2026-03-19 19:38:08,681 INFO: particles=20 iter=25 n_caps=13 minZ=0.027866 runtime=26.30s placement={0: 3347, 10: 768, 1: 2085, 7: 674, 9: 1120, 15: 164}
2026-03-19 19:38:35,380 INFO: particles=20 iter=25 n_caps=14 minZ=0.028299 runtime=26.70s placement={10: 1332, 0: 0, 7: 2085, 1: 674, 9: 1297, 15: 3040}
2026-03-19 19:39:05,672 INFO: particles=20 iter=25 n_caps=15 minZ=0.026544 runtime=30.29s placement={0: 1471, 6: 912, 1: 1819, 9: 887, 15: 774}
2026-03-19 19:39:33,273 INFO: particles=20 iter=25 n_caps=16 minZ=0.025497 runtime=27.60s placement={6: 452, 0: 1471, 1: 1804, 9: 2329, 15: 1395, 7: 0}
2026-03-19 19:40:01,306 INFO: particles=20 iter=25 n_caps=17 minZ=0.024198 runtime=28.03s placement={0: 1022, 1: 936, 9: 138, 15: 1248, 7: 1471}
2026-03-19 19:40:29,720 INFO: particles=20 iter=25 n_caps=18 minZ=0.023930 runtime=28.41s placement={0: 1014, 1: 17, 8: 904, 15: 818, 7: 0, 2: 1}
2026-03-19 19:40:58,470 INFO: particles=20 iter=25 n_caps=19 minZ=0.021835 runtime=28.75s placement={0: 0, 1: 17, 10: 1864, 15: 2537, 7: 3347, 11: 0}
2026-03-19 19:41:27,519 INFO: particles=20 iter=25 n_caps=20 minZ=0.021488 runtime=29.05s placement={0: 0, 10: 21, 1: 1874, 15: 71, 5: 72, 11: 0, 16: 0}
