2026-03-25 03:22:21,206 INFO: particles=80 iter=25 n_caps=1 minZ=0.087365 runtime=52.68s placement={9: 1012}
2026-03-25 03:23:15,311 INFO: particles=80 iter=25 n_caps=2 minZ=0.052368 runtime=54.11s placement={0: 1012, 5: 1488}
2026-03-25 03:24:10,794 INFO: particles=80 iter=25 n_caps=3 minZ=0.064564 runtime=55.48s placement={5: 1012, 0: 1488, 6: 0}
2026-03-25 03:25:07,512 INFO: particles=80 iter=25 n_caps=4 minZ=0.042200 runtime=56.72s placement={0: 898, 6: 1485, 1: 0}
2026-03-25 03:26:07,501 INFO: particles=80 iter=25 n_caps=5 minZ=0.043326 runtime=59.99s placement={5: 593, 0: 1484, 1: 0, 9: 457}
2026-03-25 03:27:09,264 INFO: particles=80 iter=25 n_caps=6 minZ=0.040767 runtime=61.76s placement={2: 1353, 0: 1012, 9: 150, 6: 1275, 10: 1522, 7: 1008}
2026-03-25 03:28:10,530 INFO: particles=80 iter=25 n_caps=7 minZ=0.046032 runtime=61.27s placement={0: 1366, 9: 922, 6: 145, 10: 1297, 7: 1710, 5: 1079, 14: 456}
2026-03-25 03:29:13,636 INFO: particles=80 iter=25 n_caps=8 minZ=0.039401 runtime=63.11s placement={10: 1078, 0: 1012, 11: 333, 8: 1254, 5: 1511, 16: 939, 15: 524, 6: 0}
2026-03-25 03:30:19,388 INFO: particles=80 iter=25 n_caps=9 minZ=0.039798 runtime=65.75s placement={0: 1733, 11: 1279, 7: 0, 1: 3301, 19: 1794, 17: 706, 9: 0}
2026-03-25 03:31:25,509 INFO: particles=80 iter=25 n_caps=10 minZ=0.035689 runtime=66.12s placement={10: 846, 7: 1266, 0: 0, 20: 3338, 17: 1858, 9: 736, 1: 0}
2026-03-25 03:32:33,203 INFO: particles=80 iter=25 n_caps=11 minZ=0.026379 runtime=67.69s placement={0: 2553, 1: 0, 20: 0, 17: 3347, 10: 2115}
2026-03-25 03:33:42,318 INFO: particles=80 iter=25 n_caps=12 minZ=0.026042 runtime=69.11s placement={0: 0, 20: 0, 17: 0, 10: 3347, 1: 2115}
2026-03-25 03:34:52,407 INFO: particles=80 iter=25 n_caps=13 minZ=0.027306 runtime=70.09s placement={20: 1352, 17: 0, 10: 0, 0: 0, 1: 2115, 7: 0}
2026-03-25 03:36:03,643 INFO: particles=80 iter=25 n_caps=14 minZ=0.025542 runtime=71.23s placement={17: 1352, 10: 0, 0: 3347, 1: 3347, 7: 0}
2026-03-25 03:37:15,975 INFO: particles=80 iter=25 n_caps=15 minZ=0.025224 runtime=72.33s placement={10: 1352, 0: 2934, 1: 0, 7: 2553}
2026-03-25 03:38:31,327 INFO: particles=80 iter=25 n_caps=16 minZ=0.024900 runtime=75.35s placement={0: 1725, 1: 0, 7: 606}
2026-03-25 03:39:47,123 INFO: particles=80 iter=25 n_caps=17 minZ=0.023754 runtime=75.80s placement={0: 1725, 1: 0, 7: 1761, 6: 2}
2026-03-25 03:41:04,835 INFO: particles=80 iter=25 n_caps=18 minZ=0.026802 runtime=77.71s placement={0: 0, 1: 0, 7: 1012, 6: 1725}
2026-03-25 03:42:23,768 INFO: particles=80 iter=25 n_caps=19 minZ=0.024476 runtime=78.93s placement={0: 0, 1: 0, 7: 381, 9: 2831}
2026-03-25 03:43:46,044 INFO: particles=80 iter=25 n_caps=20 minZ=0.021214 runtime=82.28s placement={0: 433, 1: 0, 17: 3347, 2: 2602, 6: 0}
