2026-03-23 02:33:08,069 INFO: particles=30 iter=10 n_caps=1 minZ=0.091131 runtime=8.40s placement={0: 1301}
2026-03-23 02:33:16,186 INFO: particles=30 iter=10 n_caps=2 minZ=0.071780 runtime=8.12s placement={0: 1302, 5: 1908}
2026-03-23 02:33:25,212 INFO: particles=30 iter=10 n_caps=3 minZ=0.069298 runtime=9.03s placement={5: 1292, 0: 1940, 10: 96}
2026-03-23 02:33:34,274 INFO: particles=30 iter=10 n_caps=4 minZ=0.057923 runtime=9.06s placement={0: 1014, 11: 172, 14: 0, 15: 1344}
2026-03-23 02:33:43,074 INFO: particles=30 iter=10 n_caps=5 minZ=0.044866 runtime=8.80s placement={12: 2617, 15: 1366, 14: 138, 9: 1041, 0: 1014}
2026-03-23 02:33:52,070 INFO: particles=30 iter=10 n_caps=6 minZ=0.045105 runtime=9.00s placement={14: 2399, 15: 1474, 10: 336, 0: 1014, 8: 854, 5: 1981}
2026-03-23 02:34:01,331 INFO: particles=30 iter=10 n_caps=7 minZ=0.053044 runtime=9.26s placement={16: 1982, 5: 2275, 6: 1512, 10: 350, 0: 923, 15: 1001, 11: 2575}
2026-03-23 02:34:10,849 INFO: particles=30 iter=10 n_caps=8 minZ=0.051315 runtime=9.52s placement={1: 2760, 0: 2098, 7: 1880, 12: 1672, 8: 196, 6: 2015, 9: 586}
2026-03-23 02:34:20,565 INFO: particles=30 iter=10 n_caps=9 minZ=0.049685 runtime=9.72s placement={6: 3147, 4: 1036, 11: 1959, 12: 1257, 0: 1012, 2: 2337, 13: 2357, 9: 811, 3: 0}
2026-03-23 02:34:30,498 INFO: particles=30 iter=10 n_caps=10 minZ=0.043145 runtime=9.93s placement={3: 606, 0: 1012, 5: 3347, 4: 112, 14: 724, 17: 79, 9: 1399, 1: 3048, 20: 2218, 10: 1365}
2026-03-23 02:34:40,517 INFO: particles=30 iter=10 n_caps=11 minZ=0.044844 runtime=10.02s placement={0: 1484, 5: 1192, 1: 3347, 16: 143, 19: 606, 9: 290, 20: 3038, 8: 1904, 7: 602}
2026-03-23 02:34:50,870 INFO: particles=30 iter=10 n_caps=12 minZ=0.042426 runtime=10.35s placement={5: 1026, 0: 2514, 17: 2561, 20: 0, 10: 995, 1: 1734, 13: 1048, 11: 2869, 7: 1424, 16: 364, 8: 0}
2026-03-23 02:35:01,498 INFO: particles=30 iter=10 n_caps=13 minZ=0.037650 runtime=10.63s placement={0: 1167, 18: 1574, 19: 2552, 8: 222, 1: 0, 15: 2215, 9: 410, 16: 1330, 14: 0, 6: 238}
2026-03-23 02:35:12,348 INFO: particles=30 iter=10 n_caps=14 minZ=0.033389 runtime=10.85s placement={0: 819, 1: 2326, 9: 412, 10: 1041, 16: 1104, 20: 1837, 11: 0, 19: 2193}
2026-03-23 02:35:23,317 INFO: particles=30 iter=10 n_caps=15 minZ=0.031453 runtime=10.97s placement={0: 2503, 1: 2325, 10: 0, 19: 3347, 20: 392, 11: 3186, 3: 0}
2026-03-23 02:35:34,568 INFO: particles=30 iter=10 n_caps=16 minZ=0.029911 runtime=11.25s placement={0: 609, 1: 1673, 12: 0, 16: 1783, 13: 0, 20: 1212, 14: 1736, 19: 2295}
2026-03-23 02:35:45,916 INFO: particles=30 iter=10 n_caps=17 minZ=0.028333 runtime=11.35s placement={0: 0, 13: 0, 1: 114, 18: 1019, 12: 1783, 20: 3347, 14: 871, 19: 4, 9: 736}
2026-03-23 02:35:57,918 INFO: particles=30 iter=10 n_caps=18 minZ=0.031143 runtime=12.00s placement={13: 0, 0: 0, 18: 114, 12: 1019, 20: 1783, 14: 3347, 1: 871, 19: 1269, 9: 2812, 7: 0}
2026-03-23 02:36:09,704 INFO: particles=30 iter=10 n_caps=19 minZ=0.029087 runtime=11.79s placement={0: 0, 18: 2114, 12: 114, 20: 1019, 13: 1783, 1: 3347, 19: 3347, 9: 344, 14: 736, 7: 0, 10: 2335}
2026-03-23 02:36:21,846 INFO: particles=30 iter=10 n_caps=20 minZ=0.030993 runtime=12.14s placement={18: 416, 6: 1561, 14: 984, 15: 980, 0: 0, 1: 2180, 17: 0, 13: 3147, 10: 3347, 7: 571, 19: 827, 20: 3037}
