2026-03-20 01:05:22,376 INFO: particles=80 iter=10 n_caps=1 minZ=0.085029 runtime=34.06s placement={0: 1317}
2026-03-20 01:05:57,046 INFO: particles=80 iter=10 n_caps=2 minZ=0.068410 runtime=34.67s placement={10: 1193, 0: 1012}
2026-03-20 01:06:32,190 INFO: particles=80 iter=10 n_caps=3 minZ=0.062945 runtime=35.14s placement={0: 1193, 9: 1012, 10: 1775}
2026-03-20 01:07:08,339 INFO: particles=80 iter=10 n_caps=4 minZ=0.053169 runtime=36.15s placement={10: 799, 9: 1012, 0: 2425, 11: 513}
2026-03-20 01:07:45,121 INFO: particles=80 iter=10 n_caps=5 minZ=0.042925 runtime=36.78s placement={9: 799, 0: 1012, 11: 2425, 6: 513, 10: 1833}
2026-03-20 01:08:22,616 INFO: particles=80 iter=10 n_caps=6 minZ=0.044993 runtime=37.50s placement={0: 1014, 12: 632, 9: 2386, 13: 483, 10: 1809, 14: 748}
2026-03-20 01:09:00,997 INFO: particles=80 iter=10 n_caps=7 minZ=0.045041 runtime=38.38s placement={10: 3167, 9: 1338, 8: 1910, 7: 1184, 0: 1014, 1: 478}
2026-03-20 01:09:40,085 INFO: particles=80 iter=10 n_caps=8 minZ=0.040158 runtime=39.09s placement={0: 2031, 1: 86, 10: 2361, 7: 1336}
2026-03-20 01:10:23,138 INFO: particles=80 iter=10 n_caps=9 minZ=0.037077 runtime=43.05s placement={0: 1559, 1: 0, 15: 1440, 7: 1425, 12: 0}
2026-03-20 01:11:09,527 INFO: particles=80 iter=10 n_caps=10 minZ=0.039661 runtime=46.39s placement={1: 3270, 0: 1625, 11: 829, 7: 1275, 12: 1774, 8: 44, 10: 3226}
2026-03-20 01:11:50,429 INFO: particles=80 iter=10 n_caps=11 minZ=0.037176 runtime=40.90s placement={1: 3263, 10: 892, 0: 261, 6: 2482, 14: 735, 7: 1776, 11: 320}
2026-03-20 01:12:31,724 INFO: particles=80 iter=10 n_caps=12 minZ=0.031278 runtime=41.29s placement={11: 3043, 0: 343, 1: 843, 6: 1727, 14: 1259, 9: 1610, 16: 263}
2026-03-20 01:13:13,775 INFO: particles=80 iter=10 n_caps=13 minZ=0.027437 runtime=42.05s placement={0: 1815, 1: 837, 6: 882, 13: 2592, 10: 2459, 16: 2613}
2026-03-20 01:13:56,322 INFO: particles=80 iter=10 n_caps=14 minZ=0.027805 runtime=42.55s placement={0: 6, 6: 837, 1: 882, 13: 1774, 10: 1138, 16: 471}
2026-03-20 01:14:39,480 INFO: particles=80 iter=10 n_caps=15 minZ=0.027123 runtime=43.16s placement={6: 3068, 0: 9, 13: 882, 1: 1774, 10: 2592, 16: 1433}
2026-03-20 01:15:23,782 INFO: particles=80 iter=10 n_caps=16 minZ=0.025825 runtime=44.30s placement={0: 1053, 13: 837, 1: 882, 10: 1774, 16: 2459}
2026-03-20 01:16:08,674 INFO: particles=80 iter=10 n_caps=17 minZ=0.024545 runtime=44.89s placement={13: 3068, 0: 0, 10: 882, 1: 1774, 16: 1138}
2026-03-20 01:16:54,158 INFO: particles=80 iter=10 n_caps=18 minZ=0.023984 runtime=45.48s placement={0: 2242, 10: 837, 1: 882, 16: 2592}
2026-03-20 01:17:40,278 INFO: particles=80 iter=10 n_caps=19 minZ=0.023103 runtime=46.12s placement={10: 3068, 0: 0, 1: 882, 16: 1774}
2026-03-20 01:18:27,133 INFO: particles=80 iter=10 n_caps=20 minZ=0.023400 runtime=46.85s placement={0: 1678, 1: 837, 16: 882, 7: 0}
