2026-03-21 19:15:01,509 INFO: particles=80 iter=50 n_caps=1 minZ=0.080251 runtime=170.77s placement={0: 1014}
2026-03-21 19:17:56,417 INFO: particles=80 iter=50 n_caps=2 minZ=0.052365 runtime=174.91s placement={0: 1012, 5: 1316}
2026-03-21 19:20:52,889 INFO: particles=80 iter=50 n_caps=3 minZ=0.047022 runtime=176.47s placement={9: 1012, 0: 1014, 10: 838}
2026-03-21 19:23:53,565 INFO: particles=80 iter=50 n_caps=4 minZ=0.041802 runtime=180.68s placement={0: 1012, 10: 1014, 7: 887, 15: 1655}
2026-03-21 19:26:58,426 INFO: particles=80 iter=50 n_caps=5 minZ=0.051006 runtime=184.86s placement={9: 1056, 7: 1088, 16: 1416, 0: 1375, 14: 344}
2026-03-21 19:30:07,507 INFO: particles=80 iter=50 n_caps=6 minZ=0.039375 runtime=189.08s placement={0: 1014, 9: 3007, 1: 2207, 14: 713, 6: 585}
2026-03-21 19:33:18,298 INFO: particles=80 iter=50 n_caps=7 minZ=0.035900 runtime=190.79s placement={9: 1169, 0: 150, 14: 2251, 7: 672, 1: 556}
2026-03-21 19:36:33,268 INFO: particles=80 iter=50 n_caps=8 minZ=0.030007 runtime=194.97s placement={0: 150, 14: 3016, 7: 2219, 1: 647, 9: 1573}
2026-03-21 19:39:52,416 INFO: particles=80 iter=50 n_caps=9 minZ=0.030051 runtime=199.15s placement={14: 1169, 7: 3016, 0: 0, 1: 647, 9: 150}
2026-03-21 19:43:14,887 INFO: particles=80 iter=50 n_caps=10 minZ=0.032060 runtime=202.47s placement={6: 376, 0: 2487, 1: 2256, 11: 1045}
2026-03-21 19:46:39,386 INFO: particles=80 iter=50 n_caps=11 minZ=0.025313 runtime=204.50s placement={0: 898, 1: 3347, 11: 388}
2026-03-21 19:50:06,497 INFO: particles=80 iter=50 n_caps=12 minZ=0.024360 runtime=207.11s placement={0: 898, 1: 3347, 11: 1264, 7: 0}
2026-03-21 19:53:36,954 INFO: particles=80 iter=50 n_caps=13 minZ=0.024534 runtime=210.46s placement={0: 3, 1: 3347, 11: 2279, 7: 898}
2026-03-21 19:57:10,475 INFO: particles=80 iter=50 n_caps=14 minZ=0.021793 runtime=213.52s placement={0: 0, 10: 3347, 1: 2277, 7: 3291, 2: 4}
2026-03-21 20:00:46,733 INFO: particles=80 iter=50 n_caps=15 minZ=0.021662 runtime=216.26s placement={10: 434, 0: 0, 1: 2290, 7: 0, 2: 0}
2026-03-21 20:04:26,105 INFO: particles=80 iter=50 n_caps=16 minZ=0.025464 runtime=219.37s placement={0: 1757, 1: 3347, 7: 1014, 2: 898}
2026-03-21 20:08:07,939 INFO: particles=80 iter=50 n_caps=17 minZ=0.020060 runtime=221.83s placement={0: 0, 1: 3347, 7: 300, 2: 3291}
2026-03-21 20:11:53,194 INFO: particles=80 iter=50 n_caps=18 minZ=0.020293 runtime=225.25s placement={0: 0, 1: 3347, 7: 1127, 2: 0, 6: 46}
2026-03-21 20:15:40,486 INFO: particles=80 iter=50 n_caps=19 minZ=0.020800 runtime=227.29s placement={0: 0, 1: 3347, 7: 387, 5: 0}
2026-03-21 20:19:37,009 INFO: particles=80 iter=50 n_caps=20 minZ=0.020258 runtime=236.52s placement={0: 0, 1: 3347, 7: 1218, 5: 1755}
