2026-03-19 20:49:22,053 INFO: particles=20 iter=25 n_caps=1 minZ=0.085029 runtime=21.23s placement={0: 1316}
2026-03-19 20:49:43,817 INFO: particles=20 iter=25 n_caps=2 minZ=0.070909 runtime=21.76s placement={0: 1291, 15: 922}
2026-03-19 20:50:05,999 INFO: particles=20 iter=25 n_caps=3 minZ=0.050058 runtime=22.18s placement={10: 1025, 0: 1012, 5: 2000}
2026-03-19 20:50:28,589 INFO: particles=20 iter=25 n_caps=4 minZ=0.048508 runtime=22.59s placement={0: 1012, 5: 1613, 9: 1982, 12: 1303}
2026-03-19 20:50:51,622 INFO: particles=20 iter=25 n_caps=5 minZ=0.054138 runtime=23.03s placement={10: 1513, 14: 585, 9: 2373, 0: 1446, 6: 1175}
2026-03-19 20:51:15,012 INFO: particles=20 iter=25 n_caps=6 minZ=0.050056 runtime=23.39s placement={14: 1524, 9: 609, 0: 2007, 10: 1410, 15: 756, 8: 1813}
2026-03-19 20:51:38,771 INFO: particles=20 iter=25 n_caps=7 minZ=0.051247 runtime=23.76s placement={9: 1516, 0: 606, 10: 2001, 15: 1409, 8: 806, 5: 1785, 6: 2426}
2026-03-19 20:52:02,919 INFO: particles=20 iter=25 n_caps=8 minZ=0.048711 runtime=24.15s placement={0: 1493, 9: 606, 15: 2051, 10: 1409, 5: 807, 6: 1785, 14: 2454, 2: 1585}
2026-03-19 20:52:27,588 INFO: particles=20 iter=25 n_caps=9 minZ=0.037423 runtime=24.67s placement={10: 1252, 0: 761, 1: 1345, 16: 2220}
2026-03-19 20:52:52,585 INFO: particles=20 iter=25 n_caps=10 minZ=0.031159 runtime=25.00s placement={0: 1669, 1: 2260, 16: 1245}
2026-03-19 20:53:22,091 INFO: particles=20 iter=25 n_caps=11 minZ=0.029002 runtime=29.50s placement={0: 149, 16: 2260, 1: 1245, 5: 1669}
2026-03-19 20:53:53,044 INFO: particles=20 iter=25 n_caps=12 minZ=0.029079 runtime=30.95s placement={16: 793, 0: 149, 1: 1245, 5: 965, 7: 52}
2026-03-19 20:54:23,956 INFO: particles=20 iter=25 n_caps=13 minZ=0.027392 runtime=30.91s placement={0: 1143, 1: 2283, 6: 788}
2026-03-19 20:54:54,065 INFO: particles=20 iter=25 n_caps=14 minZ=0.025764 runtime=30.11s placement={0: 2, 1: 2282, 5: 3347}
2026-03-19 20:55:21,078 INFO: particles=20 iter=25 n_caps=15 minZ=0.029209 runtime=27.01s placement={0: 0, 1: 2282, 5: 1012, 15: 2}
2026-03-19 20:55:48,364 INFO: particles=20 iter=25 n_caps=16 minZ=0.026083 runtime=27.29s placement={0: 0, 1: 2282, 5: 1768, 15: 1160, 7: 0}
2026-03-19 20:56:16,068 INFO: particles=20 iter=25 n_caps=17 minZ=0.024718 runtime=27.70s placement={0: 0, 1: 2282, 5: 3347, 15: 0, 7: 0, 16: 0}
2026-03-19 20:56:44,106 INFO: particles=20 iter=25 n_caps=18 minZ=0.024159 runtime=28.04s placement={0: 0, 1: 2282, 5: 0, 15: 0, 7: 2, 16: 0}
2026-03-19 20:57:12,575 INFO: particles=20 iter=25 n_caps=19 minZ=0.024922 runtime=28.47s placement={0: 55, 6: 2361, 1: 0, 14: 1450, 7: 1019, 15: 0}
2026-03-19 20:57:41,377 INFO: particles=20 iter=25 n_caps=20 minZ=0.025406 runtime=28.80s placement={7: 332, 0: 0, 1: 1, 14: 938, 8: 0, 15: 935, 16: 63, 2: 0}
