2026-03-30 12:07:04,889 INFO: particles=30 iter=15 n_caps=1 minZ=0.072657 runtime=13.43s placement={0: 1478}
2026-03-30 12:07:29,866 INFO: particles=30 iter=15 n_caps=2 minZ=0.056039 runtime=24.98s placement={0: 1317, 9: 2394}
2026-03-30 12:08:06,127 INFO: particles=30 iter=15 n_caps=3 minZ=0.057255 runtime=36.26s placement={9: 2432, 0: 1473, 14: 1952}
2026-03-30 12:08:54,627 INFO: particles=30 iter=15 n_caps=4 minZ=0.051695 runtime=48.50s placement={0: 953, 20: 1487, 7: 2566, 15: 3347}
2026-03-30 12:09:52,041 INFO: particles=30 iter=15 n_caps=5 minZ=0.046243 runtime=57.41s placement={14: 1126, 13: 1527, 15: 1696, 0: 899, 16: 1936}
2026-03-30 12:11:00,886 INFO: particles=30 iter=15 n_caps=6 minZ=0.042587 runtime=68.84s placement={9: 2413, 15: 2553, 12: 2714, 11: 578, 0: 1012, 10: 281}
2026-03-30 12:12:24,778 INFO: particles=30 iter=15 n_caps=7 minZ=0.043050 runtime=83.89s placement={15: 1869, 6: 2355, 20: 2630, 0: 1377, 7: 1300, 14: 1673, 5: 2030}
2026-03-30 12:13:57,889 INFO: particles=30 iter=15 n_caps=8 minZ=0.041269 runtime=93.11s placement={6: 1880, 15: 2181, 0: 1419, 7: 1102, 14: 1607, 5: 1701, 16: 2090, 11: 2463}
2026-03-30 12:15:39,922 INFO: particles=30 iter=15 n_caps=9 minZ=0.038414 runtime=102.03s placement={14: 1627, 0: 1494, 10: 1376, 15: 1133, 5: 1551, 16: 1686, 11: 1842, 19: 2458, 6: 1160}
2026-03-30 12:17:35,198 INFO: particles=30 iter=15 n_caps=10 minZ=0.038251 runtime=115.28s placement={0: 1627, 10: 1494, 14: 1376, 5: 1133, 16: 1551, 11: 1686, 19: 1842, 6: 2458, 9: 1160, 15: 2486}
2026-03-30 12:19:41,976 INFO: particles=30 iter=15 n_caps=11 minZ=0.037577 runtime=126.78s placement={7: 1500, 15: 1305, 0: 2426, 1: 981, 8: 3305, 16: 2264, 6: 2788, 9: 2713, 5: 0}
2026-03-30 12:22:06,044 INFO: particles=30 iter=15 n_caps=12 minZ=0.030271 runtime=144.07s placement={16: 463, 0: 1379, 1: 2312, 8: 2, 17: 3347, 7: 1388, 10: 2840, 4: 2031, 11: 0}
2026-03-30 12:24:40,638 INFO: particles=30 iter=15 n_caps=13 minZ=0.028296 runtime=154.59s placement={0: 2129, 1: 1648, 17: 690, 6: 2149, 9: 1918, 10: 373, 8: 1209, 5: 1394}
2026-03-30 12:27:23,581 INFO: particles=30 iter=15 n_caps=14 minZ=0.026844 runtime=162.94s placement={0: 2073, 1: 1611, 17: 1986, 6: 1962, 8: 2256, 9: 2538, 10: 266, 5: 922, 20: 0}
2026-03-30 12:30:16,650 INFO: particles=30 iter=15 n_caps=15 minZ=0.024466 runtime=173.07s placement={0: 269, 15: 1665, 1: 2645, 7: 280, 11: 1968, 16: 2771, 9: 1883, 20: 0, 14: 97}
2026-03-30 12:33:21,978 INFO: particles=30 iter=15 n_caps=16 minZ=0.026861 runtime=185.33s placement={15: 711, 0: 186, 7: 2371, 11: 178, 1: 2078, 16: 1384, 9: 2728, 20: 823, 14: 0, 10: 0}
2026-03-30 12:36:26,622 INFO: particles=30 iter=15 n_caps=17 minZ=0.025384 runtime=184.64s placement={0: 2543, 7: 880, 11: 2371, 1: 178, 15: 2078, 9: 1384, 20: 1082, 14: 823, 10: 186}
2026-03-30 12:39:55,189 INFO: particles=30 iter=15 n_caps=18 minZ=0.023917 runtime=208.57s placement={9: 1466, 10: 0, 0: 1509, 14: 3347, 8: 2131, 1: 1648, 15: 2771, 5: 1841, 12: 255, 11: 0}
2026-03-30 12:43:41,760 INFO: particles=30 iter=15 n_caps=19 minZ=0.022188 runtime=226.57s placement={7: 1075, 0: 727, 15: 2371, 9: 3347, 1: 1186, 13: 1993, 6: 2779, 12: 2360, 16: 1624, 10: 1486}
2026-03-30 12:47:32,860 INFO: particles=30 iter=15 n_caps=20 minZ=0.021877 runtime=231.10s placement={0: 615, 15: 1345, 6: 2321, 1: 3347, 13: 225, 5: 1470, 12: 2850, 16: 1126, 4: 1088, 11: 1055}
