2026-04-02 13:17:26,404 INFO: particles=20 iter=50 n_caps=1 minZ=0.101091 runtime=50.18s placement={9: 953}
2026-04-02 13:18:18,757 INFO: particles=20 iter=50 n_caps=2 minZ=0.070524 runtime=52.35s placement={0: 1518, 16: 655}
2026-04-02 13:19:08,130 INFO: particles=20 iter=50 n_caps=3 minZ=0.064310 runtime=49.37s placement={14: 1346, 0: 910, 13: 0}
2026-04-02 13:19:57,090 INFO: particles=20 iter=50 n_caps=4 minZ=0.043801 runtime=48.96s placement={0: 1014, 16: 893, 10: 607, 15: 1949}
2026-04-02 13:20:45,454 INFO: particles=20 iter=50 n_caps=5 minZ=0.052210 runtime=48.36s placement={16: 974, 10: 1397, 15: 585, 14: 1805, 0: 777}
2026-04-02 13:21:34,075 INFO: particles=20 iter=50 n_caps=6 minZ=0.042764 runtime=48.62s placement={10: 1262, 14: 1445, 15: 270, 0: 1014, 9: 2017, 1: 0}
2026-04-02 13:22:22,662 INFO: particles=20 iter=50 n_caps=7 minZ=0.043074 runtime=48.59s placement={13: 989, 14: 2151, 0: 1014, 9: 766, 1: 2042, 2: 0}
2026-04-02 13:23:09,947 INFO: particles=20 iter=50 n_caps=8 minZ=0.045784 runtime=47.28s placement={7: 3347, 9: 685, 16: 2709, 0: 1550, 1: 3347, 10: 252, 14: 965}
2026-04-02 13:23:57,881 INFO: particles=20 iter=50 n_caps=9 minZ=0.036432 runtime=47.93s placement={10: 3347, 17: 872, 0: 893, 1: 1470, 11: 3347, 14: 1509}
2026-04-02 13:24:48,823 INFO: particles=20 iter=50 n_caps=10 minZ=0.029808 runtime=50.94s placement={17: 3347, 0: 893, 1: 2704, 10: 1495, 14: 307, 16: 1684}
2026-04-02 13:25:40,999 INFO: particles=20 iter=50 n_caps=11 minZ=0.030671 runtime=52.18s placement={0: 1684, 1: 1166, 10: 2704, 14: 3347, 16: 893, 20: 2961}
2026-04-02 13:26:33,029 INFO: particles=20 iter=50 n_caps=12 minZ=0.031416 runtime=52.03s placement={0: 2944, 10: 1358, 1: 2242, 8: 826, 20: 1379, 7: 72}
2026-04-02 13:27:33,265 INFO: particles=20 iter=50 n_caps=13 minZ=0.033046 runtime=60.24s placement={8: 3061, 1: 962, 4: 1989, 0: 1434, 18: 3165, 9: 2063, 20: 462, 5: 3347, 14: 239, 16: 1062}
2026-04-02 13:28:28,517 INFO: particles=20 iter=50 n_caps=14 minZ=0.034969 runtime=55.25s placement={1: 3255, 2: 1746, 0: 851, 19: 0, 20: 341, 5: 1722, 15: 3335, 16: 25, 9: 1258}
2026-04-02 13:29:22,132 INFO: particles=20 iter=50 n_caps=15 minZ=0.030593 runtime=53.61s placement={0: 1014, 1: 3347, 17: 2289, 18: 2413, 5: 1157, 20: 1699, 15: 3345, 10: 0, 16: 1127, 7: 760}
2026-04-02 13:30:16,078 INFO: particles=20 iter=50 n_caps=16 minZ=0.033949 runtime=53.95s placement={0: 509, 17: 3347, 1: 2257, 18: 2669, 5: 344, 20: 1165, 15: 1862, 10: 3346, 16: 1045, 7: 1102, 14: 941}
2026-04-02 13:31:09,192 INFO: particles=20 iter=50 n_caps=17 minZ=0.028626 runtime=53.11s placement={17: 2882, 0: 0, 1: 2306, 18: 2984, 5: 2604, 20: 347, 15: 1157, 10: 625, 16: 0, 7: 952, 14: 1080}
2026-04-02 13:32:05,521 INFO: particles=20 iter=50 n_caps=18 minZ=0.026736 runtime=56.33s placement={0: 2940, 1: 3347, 17: 0, 5: 2490, 20: 2383, 18: 436, 10: 906, 16: 3347, 15: 580}
2026-04-02 13:33:03,525 INFO: particles=20 iter=50 n_caps=19 minZ=0.026674 runtime=58.00s placement={0: 281, 1: 3347, 16: 1969, 5: 3347, 20: 2472, 18: 2377, 9: 441, 15: 0, 17: 3347, 14: 39, 13: 3092}
2026-04-02 13:33:58,845 INFO: particles=20 iter=50 n_caps=20 minZ=0.028200 runtime=55.32s placement={0: 0, 16: 3347, 1: 1969, 5: 487, 20: 3347, 18: 2472, 9: 2377, 15: 3092, 17: 1025, 14: 3347, 13: 281}
