2026-04-01 19:40:34,528 INFO: particles=20 iter=10 n_caps=1 minZ=0.100477 runtime=10.85s placement={0: 1493}
2026-04-01 19:40:45,361 INFO: particles=20 iter=10 n_caps=2 minZ=0.100632 runtime=10.83s placement={12: 212, 10: 999}
2026-04-01 19:40:56,108 INFO: particles=20 iter=10 n_caps=3 minZ=0.070863 runtime=10.75s placement={16: 1427, 0: 1070, 9: 3347}
2026-04-01 19:41:07,022 INFO: particles=20 iter=10 n_caps=4 minZ=0.066811 runtime=10.91s placement={14: 994, 15: 2860, 16: 1045, 0: 1318}
2026-04-01 19:41:17,705 INFO: particles=20 iter=10 n_caps=5 minZ=0.063046 runtime=10.68s placement={14: 994, 15: 2860, 0: 1045, 9: 1318, 10: 2429}
2026-04-01 19:41:27,871 INFO: particles=20 iter=10 n_caps=6 minZ=0.061916 runtime=10.17s placement={16: 1147, 0: 2922, 9: 935, 10: 1343, 12: 2220, 15: 2413}
2026-04-01 19:41:38,785 INFO: particles=20 iter=10 n_caps=7 minZ=0.058950 runtime=10.91s placement={0: 1147, 9: 2922, 10: 935, 12: 1343, 15: 2220, 5: 2413, 14: 2840}
2026-04-01 19:41:49,390 INFO: particles=20 iter=10 n_caps=8 minZ=0.057608 runtime=10.60s placement={14: 1127, 8: 2076, 9: 1787, 6: 820, 7: 0, 15: 2168, 0: 2094}
2026-04-01 19:42:00,089 INFO: particles=20 iter=10 n_caps=9 minZ=0.056252 runtime=10.70s placement={7: 2186, 8: 2072, 10: 1180, 6: 642, 15: 1035, 0: 2132, 2: 0, 5: 2029}
2026-04-01 19:42:10,873 INFO: particles=20 iter=10 n_caps=10 minZ=0.050852 runtime=10.78s placement={6: 314, 12: 629, 9: 1636, 15: 656, 0: 736, 7: 2387, 3: 1701, 8: 0, 11: 2094, 10: 1186}
2026-04-01 19:42:22,095 INFO: particles=20 iter=10 n_caps=11 minZ=0.049359 runtime=11.22s placement={12: 314, 9: 629, 15: 1636, 0: 656, 6: 736, 3: 2387, 8: 1701, 11: 0, 10: 2094, 5: 1186, 14: 1078}
2026-04-01 19:42:34,188 INFO: particles=20 iter=10 n_caps=12 minZ=0.047767 runtime=12.09s placement={6: 0, 13: 0, 0: 2425, 7: 518, 1: 0, 8: 3347, 10: 1896, 9: 0, 15: 1317, 16: 863, 11: 2099}
2026-04-01 19:42:45,815 INFO: particles=20 iter=10 n_caps=13 minZ=0.040314 runtime=11.63s placement={16: 0, 0: 1990, 9: 1419, 4: 627, 6: 697, 10: 3347, 8: 1757, 1: 1699, 14: 2309, 11: 1099, 18: 1054}
2026-04-01 19:42:58,042 INFO: particles=20 iter=10 n_caps=14 minZ=0.035158 runtime=12.23s placement={1: 588, 5: 457, 6: 1406, 8: 345, 11: 1657, 10: 3347, 0: 1045, 15: 118, 9: 1166, 19: 1353, 16: 2538}
2026-04-01 19:43:10,585 INFO: particles=20 iter=10 n_caps=15 minZ=0.031156 runtime=12.54s placement={0: 109, 5: 163, 8: 851, 10: 247, 9: 631, 1: 3347, 12: 1442, 7: 456, 20: 940, 15: 811}
2026-04-01 19:43:22,679 INFO: particles=20 iter=10 n_caps=16 minZ=0.031547 runtime=12.09s placement={5: 1145, 8: 163, 10: 851, 9: 247, 0: 0, 12: 3347, 1: 1442, 7: 0, 20: 966, 15: 1484}
2026-04-01 19:43:34,837 INFO: particles=20 iter=10 n_caps=17 minZ=0.029112 runtime=12.16s placement={14: 1158, 9: 175, 8: 705, 0: 510, 12: 642, 1: 3347, 13: 1399, 20: 462, 15: 1306, 19: 0}
2026-04-01 19:43:46,969 INFO: particles=20 iter=10 n_caps=18 minZ=0.028312 runtime=12.13s placement={9: 1123, 3: 86, 0: 1314, 18: 0, 1: 847, 20: 0, 19: 0, 17: 2319, 16: 501}
2026-04-01 19:43:59,650 INFO: particles=20 iter=10 n_caps=19 minZ=0.031243 runtime=12.68s placement={4: 967, 0: 1362, 18: 1003, 1: 0, 20: 745, 19: 1652, 17: 322, 7: 1266}
2026-04-01 19:44:12,300 INFO: particles=20 iter=10 n_caps=20 minZ=0.024712 runtime=12.65s placement={0: 619, 18: 68, 1: 1003, 20: 1722, 19: 3347, 17: 0, 7: 1362, 14: 1266, 10: 703}
