2026-03-27 08:48:07,053 INFO: particles=20 iter=25 n_caps=1 minZ=0.062708 runtime=15.60s placement={0: 1229}
2026-03-27 08:48:36,110 INFO: particles=20 iter=25 n_caps=2 minZ=0.051430 runtime=29.06s placement={15: 2831, 0: 990}
2026-03-27 08:49:17,628 INFO: particles=20 iter=25 n_caps=3 minZ=0.048673 runtime=41.52s placement={0: 2592, 9: 1070, 10: 2303}
2026-03-27 08:50:11,422 INFO: particles=20 iter=25 n_caps=4 minZ=0.048801 runtime=53.79s placement={9: 2592, 10: 1070, 0: 2303, 6: 0}
2026-03-27 08:51:17,709 INFO: particles=20 iter=25 n_caps=5 minZ=0.044187 runtime=66.29s placement={10: 2367, 0: 990, 6: 2172, 9: 0, 5: 1724}
2026-03-27 08:52:38,776 INFO: particles=20 iter=25 n_caps=6 minZ=0.044558 runtime=81.07s placement={0: 1476, 6: 1593, 9: 2126, 10: 0, 7: 1716, 15: 2070}
2026-03-27 08:54:10,819 INFO: particles=20 iter=25 n_caps=7 minZ=0.041902 runtime=92.04s placement={5: 2314, 9: 1685, 10: 1045, 6: 1242, 11: 0, 15: 2008, 0: 2026}
2026-03-27 08:55:57,496 INFO: particles=20 iter=25 n_caps=8 minZ=0.039532 runtime=106.68s placement={16: 2007, 9: 1971, 6: 735, 2: 1285, 15: 683, 0: 981, 10: 1913, 14: 745}
2026-03-27 08:57:51,166 INFO: particles=20 iter=25 n_caps=9 minZ=0.034794 runtime=113.67s placement={7: 2013, 6: 1967, 3: 1608, 15: 1329, 0: 678, 10: 1007, 14: 1979, 1: 673, 9: 1978}
2026-03-27 08:59:58,950 INFO: particles=20 iter=25 n_caps=10 minZ=0.036379 runtime=127.78s placement={9: 1676, 1: 1971, 15: 1627, 0: 1229, 18: 659, 16: 0, 17: 0, 14: 1785}
2026-03-27 09:02:18,484 INFO: particles=20 iter=25 n_caps=11 minZ=0.030502 runtime=139.53s placement={7: 1865, 16: 1261, 0: 1404, 13: 2862, 10: 686, 1: 31, 3: 1336, 11: 0, 8: 1381}
2026-03-27 09:04:56,603 INFO: particles=20 iter=25 n_caps=12 minZ=0.028962 runtime=158.12s placement={17: 1437, 0: 1222, 15: 1445, 9: 2823, 1: 1711, 18: 1057, 12: 1503, 14: 927}
2026-03-27 09:07:46,820 INFO: particles=20 iter=25 n_caps=13 minZ=0.024738 runtime=170.22s placement={0: 1170, 14: 1379, 6: 2083, 1: 3347, 19: 1951, 15: 1999, 10: 2589}
2026-03-27 09:10:49,530 INFO: particles=20 iter=25 n_caps=14 minZ=0.024565 runtime=182.71s placement={16: 1104, 5: 2030, 0: 0, 1: 3344, 15: 665, 13: 2138, 11: 1557}
2026-03-27 09:14:04,478 INFO: particles=20 iter=25 n_caps=15 minZ=0.022750 runtime=194.95s placement={5: 1113, 0: 2815, 1: 2112, 16: 1135, 13: 614, 10: 1155, 11: 0}
2026-03-27 09:17:30,116 INFO: particles=20 iter=25 n_caps=16 minZ=0.022970 runtime=205.64s placement={0: 929, 1: 2029, 16: 893, 13: 1135, 10: 2128, 11: 2543}
2026-03-27 09:20:57,987 INFO: particles=20 iter=25 n_caps=17 minZ=0.023803 runtime=207.87s placement={0: 1614, 1: 1963, 20: 218, 15: 567, 18: 2072, 2: 54, 3: 0}
2026-03-27 09:24:48,012 INFO: particles=20 iter=25 n_caps=18 minZ=0.021946 runtime=230.02s placement={0: 273, 1: 1719, 20: 3347, 5: 0, 9: 1413, 10: 2476, 11: 0}
2026-03-27 09:28:39,845 INFO: particles=20 iter=25 n_caps=19 minZ=0.023347 runtime=231.83s placement={0: 184, 1: 801, 20: 44, 2: 3237, 10: 3283, 8: 3, 9: 1329, 6: 3269, 16: 1640, 17: 514}
2026-03-27 09:32:48,052 INFO: particles=20 iter=25 n_caps=20 minZ=0.022905 runtime=248.21s placement={0: 164, 20: 802, 1: 41, 11: 202, 7: 3289, 9: 1484, 3: 0, 16: 3273, 17: 375}
