2026-03-26 20:23:58,248 INFO: particles=50 iter=25 n_caps=1 minZ=0.082346 runtime=28.62s placement={0: 953}
2026-03-26 20:24:27,819 INFO: particles=50 iter=25 n_caps=2 minZ=0.083030 runtime=29.57s placement={10: 1012, 9: 59}
2026-03-26 20:24:58,273 INFO: particles=50 iter=25 n_caps=3 minZ=0.049542 runtime=30.45s placement={0: 1934, 1: 0}
2026-03-26 20:25:31,315 INFO: particles=50 iter=25 n_caps=4 minZ=0.039843 runtime=33.04s placement={0: 799, 1: 0}
2026-03-26 20:26:11,465 INFO: particles=50 iter=25 n_caps=5 minZ=0.039138 runtime=40.15s placement={0: 0, 1: 0}
2026-03-26 20:26:52,411 INFO: particles=50 iter=25 n_caps=6 minZ=0.038458 runtime=40.94s placement={0: 0, 1: 0}
2026-03-26 20:27:34,019 INFO: particles=50 iter=25 n_caps=7 minZ=0.037802 runtime=41.61s placement={0: 0, 1: 0}
2026-03-26 20:28:16,406 INFO: particles=50 iter=25 n_caps=8 minZ=0.037641 runtime=42.39s placement={0: 31, 1: 0}
2026-03-26 20:28:59,575 INFO: particles=50 iter=25 n_caps=9 minZ=0.029958 runtime=43.17s placement={0: 2042, 1: 0}
2026-03-26 20:29:43,381 INFO: particles=50 iter=25 n_caps=10 minZ=0.029468 runtime=43.81s placement={0: 2042, 1: 0, 7: 0}
2026-03-26 20:30:28,059 INFO: particles=50 iter=25 n_caps=11 minZ=0.029802 runtime=44.68s placement={0: 0, 1: 0, 7: 2042, 15: 0}
2026-03-26 20:31:13,407 INFO: particles=50 iter=25 n_caps=12 minZ=0.027386 runtime=45.35s placement={0: 0, 1: 0, 7: 15, 15: 0, 10: 116}
2026-03-26 20:31:59,379 INFO: particles=50 iter=25 n_caps=13 minZ=0.027577 runtime=45.97s placement={0: 0, 1: 0, 7: 0, 15: 2042, 10: 0}
2026-03-26 20:32:45,628 INFO: particles=50 iter=25 n_caps=14 minZ=0.026512 runtime=46.25s placement={0: 0, 1: 0, 7: 0, 15: 15, 10: 0}
2026-03-26 20:33:25,535 INFO: particles=50 iter=25 n_caps=15 minZ=0.029144 runtime=39.91s placement={0: 0, 1: 0, 7: 892, 15: 0, 10: 2042}
2026-03-26 20:34:05,427 INFO: particles=50 iter=25 n_caps=16 minZ=0.027731 runtime=39.89s placement={0: 39, 1: 0, 7: 799, 15: 0, 10: 15}
2026-03-26 20:34:46,085 INFO: particles=50 iter=25 n_caps=17 minZ=0.027992 runtime=40.66s placement={0: 86, 1: 0, 7: 1631, 15: 892, 10: 0}
2026-03-26 20:35:27,510 INFO: particles=50 iter=25 n_caps=18 minZ=0.027932 runtime=41.42s placement={0: 0, 7: 0, 1: 1631, 15: 799, 10: 0}
2026-03-26 20:36:10,500 INFO: particles=50 iter=25 n_caps=19 minZ=0.024441 runtime=42.99s placement={9: 502, 3: 0, 19: 678, 0: 1115, 1: 0, 16: 3, 6: 71, 7: 0, 8: 1803}
2026-03-26 20:36:54,047 INFO: particles=50 iter=25 n_caps=20 minZ=0.023525 runtime=43.55s placement={0: 1261, 20: 28, 1: 99, 15: 819, 6: 180, 2: 1134}
