2026-03-26 09:22:10,451 INFO: particles=30 iter=40 n_caps=1 minZ=0.080251 runtime=27.75s placement={0: 1014}
2026-03-26 09:22:38,911 INFO: particles=30 iter=40 n_caps=2 minZ=0.055960 runtime=28.46s placement={0: 1014, 6: 1541}
2026-03-26 09:23:08,227 INFO: particles=30 iter=40 n_caps=3 minZ=0.064596 runtime=29.31s placement={6: 617, 0: 1517, 8: 0}
2026-03-26 09:23:38,450 INFO: particles=30 iter=40 n_caps=4 minZ=0.048069 runtime=30.22s placement={10: 3049, 7: 2945, 0: 1012, 6: 1182}
2026-03-26 09:24:09,258 INFO: particles=30 iter=40 n_caps=5 minZ=0.063478 runtime=30.81s placement={7: 3075, 0: 2989, 6: 1032, 5: 1153, 14: 1752}
2026-03-26 09:24:41,020 INFO: particles=30 iter=40 n_caps=6 minZ=0.037196 runtime=31.76s placement={0: 1045, 1: 2419, 10: 2144}
2026-03-26 09:25:13,360 INFO: particles=30 iter=40 n_caps=7 minZ=0.034187 runtime=32.34s placement={0: 0, 1: 2423, 9: 903}
2026-03-26 09:25:46,426 INFO: particles=30 iter=40 n_caps=8 minZ=0.030216 runtime=33.07s placement={0: 0, 9: 2347, 1: 866}
2026-03-26 09:26:20,084 INFO: particles=30 iter=40 n_caps=9 minZ=0.029495 runtime=33.66s placement={9: 3223, 0: 0, 1: 866}
2026-03-26 09:26:54,416 INFO: particles=30 iter=40 n_caps=10 minZ=0.027612 runtime=34.33s placement={0: 1661, 1: 2288, 7: 0}
2026-03-26 09:27:29,739 INFO: particles=30 iter=40 n_caps=11 minZ=0.025566 runtime=35.32s placement={0: 1663, 1: 2982, 7: 0, 9: 0}
2026-03-26 09:28:05,385 INFO: particles=30 iter=40 n_caps=12 minZ=0.025764 runtime=35.65s placement={0: 0, 1: 2974, 7: 0, 9: 1665}
2026-03-26 09:28:41,669 INFO: particles=30 iter=40 n_caps=13 minZ=0.027452 runtime=36.28s placement={0: 0, 1: 2944, 7: 1012, 9: 0}
2026-03-26 09:29:18,755 INFO: particles=30 iter=40 n_caps=14 minZ=0.027050 runtime=37.09s placement={0: 0, 1: 2944, 7: 1014, 9: 0}
2026-03-26 09:29:56,671 INFO: particles=30 iter=40 n_caps=15 minZ=0.023540 runtime=37.92s placement={0: 0, 1: 2944, 7: 2280, 9: 0}
2026-03-26 09:30:35,330 INFO: particles=30 iter=40 n_caps=16 minZ=0.027922 runtime=38.66s placement={0: 0, 1: 2944, 7: 892, 9: 1012}
2026-03-26 09:31:14,621 INFO: particles=30 iter=40 n_caps=17 minZ=0.028471 runtime=39.29s placement={0: 0, 7: 2944, 1: 892, 9: 1014}
2026-03-26 09:31:54,349 INFO: particles=30 iter=40 n_caps=18 minZ=0.025237 runtime=39.73s placement={7: 3185, 0: 0, 1: 892, 9: 2280}
2026-03-26 09:32:34,793 INFO: particles=30 iter=40 n_caps=19 minZ=0.022747 runtime=40.44s placement={0: 1253, 1: 2944, 9: 892}
2026-03-26 09:33:16,355 INFO: particles=30 iter=40 n_caps=20 minZ=0.023331 runtime=41.56s placement={0: 109, 9: 2947, 1: 886}
