2026-04-02 03:30:58,894 INFO: particles=20 iter=40 n_caps=1 minZ=0.080251 runtime=43.62s placement={0: 1014}
2026-04-02 03:31:45,274 INFO: particles=20 iter=40 n_caps=2 minZ=0.076024 runtime=46.38s placement={0: 1014, 6: 13}
2026-04-02 03:32:24,071 INFO: particles=20 iter=40 n_caps=3 minZ=0.046963 runtime=38.80s placement={9: 1044, 0: 1012, 10: 2099}
2026-04-02 03:33:01,753 INFO: particles=20 iter=40 n_caps=4 minZ=0.042790 runtime=37.68s placement={0: 1014, 10: 981, 14: 1936, 9: 1370}
2026-04-02 03:33:42,624 INFO: particles=20 iter=40 n_caps=5 minZ=0.054925 runtime=40.87s placement={9: 1014, 14: 982, 10: 1936, 0: 1369, 6: 0}
2026-04-02 03:34:22,697 INFO: particles=20 iter=40 n_caps=6 minZ=0.037599 runtime=40.07s placement={14: 869, 9: 745, 0: 1012, 10: 1142, 1: 0}
2026-04-02 03:35:10,670 INFO: particles=20 iter=40 n_caps=7 minZ=0.036415 runtime=47.97s placement={0: 1170, 1: 724, 9: 2012, 16: 1069}
2026-04-02 03:35:52,870 INFO: particles=20 iter=40 n_caps=8 minZ=0.033881 runtime=42.20s placement={0: 0, 9: 730, 1: 2100, 16: 1225}
2026-04-02 03:36:34,975 INFO: particles=20 iter=40 n_caps=9 minZ=0.032027 runtime=42.10s placement={9: 748, 0: 0, 1: 2089, 16: 3319}
2026-04-02 03:37:18,680 INFO: particles=20 iter=40 n_caps=10 minZ=0.031007 runtime=43.70s placement={0: 0, 1: 703, 16: 2089, 10: 1564}
2026-04-02 03:38:09,048 INFO: particles=20 iter=40 n_caps=11 minZ=0.028803 runtime=50.37s placement={0: 0, 16: 703, 1: 2089, 10: 0}
2026-04-02 03:38:56,162 INFO: particles=20 iter=40 n_caps=12 minZ=0.028690 runtime=47.11s placement={16: 748, 0: 0, 1: 2089, 10: 0, 7: 0}
2026-04-02 03:39:42,106 INFO: particles=20 iter=40 n_caps=13 minZ=0.029387 runtime=45.94s placement={0: 2371, 1: 637, 10: 1059, 15: 0}
2026-04-02 03:40:28,194 INFO: particles=20 iter=40 n_caps=14 minZ=0.025871 runtime=46.09s placement={0: 0, 1: 654, 10: 1044, 16: 0}
2026-04-02 03:41:14,595 INFO: particles=20 iter=40 n_caps=15 minZ=0.027657 runtime=46.40s placement={0: 3, 1: 654, 10: 1012, 16: 1412}
2026-04-02 03:42:02,143 INFO: particles=20 iter=40 n_caps=16 minZ=0.023869 runtime=47.55s placement={0: 0, 1: 654, 10: 3347, 16: 0, 6: 3}
2026-04-02 03:42:52,765 INFO: particles=20 iter=40 n_caps=17 minZ=0.023639 runtime=50.62s placement={0: 0, 1: 654, 10: 2398, 16: 0, 6: 0}
2026-04-02 03:43:41,602 INFO: particles=20 iter=40 n_caps=18 minZ=0.024466 runtime=48.84s placement={0: 0, 10: 654, 1: 2398, 16: 364, 6: 2376}
2026-04-02 03:44:32,994 INFO: particles=20 iter=40 n_caps=19 minZ=0.025635 runtime=51.39s placement={10: 902, 0: 0, 1: 2400, 16: 1044, 6: 0, 7: 0}
2026-04-02 03:45:32,434 INFO: particles=20 iter=40 n_caps=20 minZ=0.023731 runtime=59.44s placement={0: 1686, 1: 438, 16: 980, 6: 0, 7: 0}
