2026-03-10 00:12:11,773 INFO: n_caps=1 | iter=15 | minZ=0.030001 | placement={19: 2338}
2026-03-10 00:12:11,773 INFO: init_n_caps=2 | seeded_previous_caps=1 | new_cap_random_init(cap=3335,port=10)
2026-03-10 00:12:50,321 INFO: n_caps=2 | iter=15 | minZ=0.030001 | placement={6: 2524, 9: 3097}
2026-03-10 00:12:50,321 INFO: init_n_caps=3 | seeded_previous_caps=2 | new_cap_random_init(cap=1099,port=0)
2026-03-10 00:13:44,358 INFO: n_caps=3 | iter=15 | minZ=0.030002 | placement={0: 639, 6: 2599, 17: 1288}
2026-03-10 00:13:44,358 INFO: init_n_caps=4 | seeded_previous_caps=3 | new_cap_random_init(cap=32,port=11)
2026-03-10 00:14:39,802 INFO: n_caps=4 | iter=15 | minZ=0.030001 | placement={17: 822, 18: 3347, 3: 937, 5: 1852}
2026-03-10 00:14:39,802 INFO: init_n_caps=5 | seeded_previous_caps=4 | new_cap_random_init(cap=2916,port=15)
2026-03-10 00:15:49,593 INFO: n_caps=5 | iter=15 | minZ=0.030000 | placement={0: 1267, 6: 3143, 12: 1004, 1: 2210, 13: 1424}
2026-03-10 00:15:49,594 INFO: init_n_caps=6 | seeded_previous_caps=5 | new_cap_random_init(cap=0,port=7)
2026-03-10 00:17:12,661 INFO: n_caps=6 | iter=15 | minZ=0.030000 | placement={7: 653, 11: 1806, 18: 1879, 4: 1851, 9: 2709, 13: 2640}
2026-03-10 00:17:12,662 INFO: init_n_caps=7 | seeded_previous_caps=6 | new_cap_random_init(cap=1265,port=7)
2026-03-10 00:19:08,018 INFO: n_caps=7 | iter=15 | minZ=0.030001 | placement={11: 653, 18: 1806, 4: 1879, 9: 1851, 13: 2709, 10: 2640, 5: 1265}
2026-03-10 00:19:08,018 INFO: init_n_caps=8 | seeded_previous_caps=7 | new_cap_random_init(cap=1945,port=11)
2026-03-10 00:21:35,161 INFO: n_caps=8 | iter=15 | minZ=0.030001 | placement={7: 2535, 14: 1357, 15: 1661, 3: 1294, 20: 2803, 12: 1852, 9: 1646, 8: 2632}
2026-03-10 00:21:35,162 INFO: init_n_caps=9 | seeded_previous_caps=8 | new_cap_random_init(cap=1252,port=19)
2026-03-10 00:24:21,277 INFO: n_caps=9 | iter=15 | minZ=0.030000 | placement={5: 245, 19: 2335, 20: 1251, 11: 92, 0: 1500, 9: 3347, 6: 2721, 12: 1718, 2: 1114}
2026-03-10 00:24:21,277 INFO: init_n_caps=10 | seeded_previous_caps=9 | new_cap_random_init(cap=892,port=0)
2026-03-10 00:27:21,476 INFO: n_caps=10 | iter=15 | minZ=0.030001 | placement={17: 172, 20: 2324, 9: 1051, 2: 0, 10: 1854, 0: 1264, 11: 2432, 1: 38, 5: 0, 8: 0}
2026-03-10 00:27:21,476 INFO: init_n_caps=11 | seeded_previous_caps=10 | new_cap_random_init(cap=2856,port=9)
2026-03-10 00:30:44,641 INFO: n_caps=11 | iter=15 | minZ=0.030001 | placement={0: 1017, 3: 2425, 1: 2268, 15: 2227, 7: 2647, 4: 1374, 20: 446, 2: 127, 19: 0}
2026-03-10 00:30:44,641 INFO: init_n_caps=12 | seeded_previous_caps=11 | new_cap_random_init(cap=151,port=14)
2026-03-10 00:34:21,254 INFO: n_caps=12 | iter=15 | minZ=0.030000 | placement={13: 1819, 3: 2121, 17: 2713, 20: 2464, 15: 1758, 19: 1790, 7: 1251, 11: 1105, 2: 789, 18: 1008, 9: 844, 4: 1142}
2026-03-10 00:34:21,254 INFO: init_n_caps=13 | seeded_previous_caps=12 | new_cap_random_init(cap=2190,port=5)
2026-03-10 00:38:17,299 INFO: n_caps=13 | iter=15 | minZ=0.030000 | placement={1: 919, 20: 588, 19: 2772, 2: 2674, 13: 1209, 3: 836, 9: 825, 4: 2086, 0: 1761, 17: 1760}
2026-03-10 00:38:17,299 INFO: init_n_caps=14 | seeded_previous_caps=13 | new_cap_random_init(cap=203,port=12)
2026-03-10 00:42:28,565 INFO: n_caps=14 | iter=15 | minZ=0.030000 | placement={20: 1343, 13: 366, 19: 0, 0: 918, 1: 3347, 18: 0, 11: 1909}
2026-03-10 00:42:28,565 INFO: init_n_caps=15 | seeded_previous_caps=14 | new_cap_random_init(cap=3347,port=19)
2026-03-10 00:45:56,472 INFO: n_caps=15 | iter=15 | minZ=0.030000 | placement={13: 581, 20: 1205, 19: 1909, 0: 3347, 1: 0, 18: 1343, 11: 918, 10: 0, 12: 3347}
2026-03-10 00:45:56,473 INFO: init_n_caps=16 | seeded_previous_caps=15 | new_cap_random_init(cap=2292,port=3)
2026-03-10 00:49:41,216 INFO: n_caps=16 | iter=15 | minZ=0.030002 | placement={20: 1322, 19: 0, 0: 3347, 1: 0, 15: 0, 8: 3347, 18: 870, 10: 2665, 13: 0, 9: 3347, 2: 2059}
2026-03-10 00:49:41,216 INFO: init_n_caps=17 | seeded_previous_caps=16 | new_cap_random_init(cap=3347,port=13)
2026-03-10 00:53:40,538 INFO: n_caps=17 | iter=15 | minZ=0.030000 | placement={8: 2701, 6: 2099, 9: 2430, 2: 1220, 7: 3020, 0: 1145, 14: 740, 13: 748, 5: 1509, 4: 584, 15: 1694, 11: 2597, 16: 2624, 3: 415}
2026-03-10 00:53:40,538 INFO: init_n_caps=18 | seeded_previous_caps=17 | new_cap_random_init(cap=1377,port=15)
2026-03-10 00:57:51,524 INFO: n_caps=18 | iter=15 | minZ=0.030000 | placement={4: 2010, 11: 2040, 2: 3347, 7: 1171, 8: 1048, 6: 3123, 17: 99, 9: 1340, 3: 3347, 18: 27, 16: 3347, 19: 2465, 10: 525, 15: 2809, 5: 1529}
2026-03-10 00:57:51,524 INFO: init_n_caps=19 | seeded_previous_caps=18 | new_cap_random_init(cap=798,port=8)
2026-03-10 01:02:17,856 INFO: n_caps=19 | iter=15 | minZ=0.030000 | placement={11: 2093, 3: 2293, 5: 3347, 0: 2302, 1: 0, 14: 3336, 9: 2110, 4: 41, 8: 2672, 19: 890, 15: 0, 20: 2717, 12: 451, 13: 1518, 6: 2787, 16: 1443, 17: 785}
2026-03-10 01:02:17,856 INFO: init_n_caps=20 | seeded_previous_caps=19 | new_cap_random_init(cap=1995,port=19)
2026-03-10 01:06:57,747 INFO: n_caps=20 | iter=15 | minZ=0.030000 | placement={12: 1147, 14: 2701, 7: 1496, 0: 111, 1: 1106, 2: 135, 8: 1035, 15: 1218, 13: 3115, 16: 0, 20: 1751, 6: 471, 11: 2827, 19: 2763, 5: 1278, 17: 1900}
