2026-03-26 19:11:41,677 INFO: particles=50 iter=25 n_caps=1 minZ=0.080251 runtime=36.91s placement={0: 1014}
2026-03-26 19:12:18,331 INFO: particles=50 iter=25 n_caps=2 minZ=0.067136 runtime=36.65s placement={0: 1014, 7: 1026}
2026-03-26 19:12:48,518 INFO: particles=50 iter=25 n_caps=3 minZ=0.048968 runtime=30.19s placement={6: 1081, 0: 1014, 5: 1691}
2026-03-26 19:13:19,484 INFO: particles=50 iter=25 n_caps=4 minZ=0.056986 runtime=30.97s placement={0: 1302, 7: 912, 9: 1645, 10: 1078}
2026-03-26 19:13:51,125 INFO: particles=50 iter=25 n_caps=5 minZ=0.042503 runtime=31.64s placement={5: 1006, 9: 1526, 10: 1302, 0: 1014, 16: 0}
2026-03-26 19:14:23,516 INFO: particles=50 iter=25 n_caps=6 minZ=0.049624 runtime=32.39s placement={9: 1006, 10: 1526, 0: 1302, 16: 1014, 7: 0, 5: 837}
2026-03-26 19:14:56,697 INFO: particles=50 iter=25 n_caps=7 minZ=0.044064 runtime=33.18s placement={8: 1131, 0: 1012, 16: 1029, 7: 973, 6: 0, 10: 724, 4: 1619}
2026-03-26 19:15:30,822 INFO: particles=50 iter=25 n_caps=8 minZ=0.031831 runtime=34.12s placement={0: 1900, 1: 960, 5: 1550, 11: 1374}
2026-03-26 19:16:05,626 INFO: particles=50 iter=25 n_caps=9 minZ=0.033039 runtime=34.80s placement={0: 1377, 1: 1241, 5: 1199, 11: 2034, 3: 8}
2026-03-26 19:16:41,067 INFO: particles=50 iter=25 n_caps=10 minZ=0.029438 runtime=35.44s placement={0: 0, 1: 2270, 6: 1140, 12: 684, 3: 1044}
2026-03-26 19:17:17,538 INFO: particles=50 iter=25 n_caps=11 minZ=0.027211 runtime=36.47s placement={0: 362, 1: 2226, 9: 2114, 14: 22}
2026-03-26 19:17:54,582 INFO: particles=50 iter=25 n_caps=12 minZ=0.027362 runtime=37.04s placement={0: 0, 1: 2216, 13: 1647, 14: 434}
2026-03-26 19:18:32,366 INFO: particles=50 iter=25 n_caps=13 minZ=0.027110 runtime=37.78s placement={0: 0, 1: 2534, 15: 1434, 12: 599}
2026-03-26 19:19:10,709 INFO: particles=50 iter=25 n_caps=14 minZ=0.026122 runtime=38.34s placement={0: 0, 15: 2534, 1: 1434, 12: 2104}
2026-03-26 19:19:49,816 INFO: particles=50 iter=25 n_caps=15 minZ=0.027280 runtime=39.11s placement={15: 0, 0: 0, 1: 1535, 12: 1612}
2026-03-26 19:20:29,553 INFO: particles=50 iter=25 n_caps=16 minZ=0.024663 runtime=39.74s placement={0: 2514, 1: 2632, 12: 791}
2026-03-26 19:21:09,906 INFO: particles=50 iter=25 n_caps=17 minZ=0.023642 runtime=40.35s placement={0: 2514, 1: 2632, 12: 2615, 7: 0}
2026-03-26 19:21:51,212 INFO: particles=50 iter=25 n_caps=18 minZ=0.025220 runtime=41.31s placement={0: 0, 1: 1781, 14: 994, 6: 2656}
2026-03-26 19:22:32,941 INFO: particles=50 iter=25 n_caps=19 minZ=0.024735 runtime=41.73s placement={0: 0, 1: 1781, 14: 1934, 6: 0}
2026-03-26 19:23:15,554 INFO: particles=50 iter=25 n_caps=20 minZ=0.023470 runtime=42.61s placement={0: 0, 16: 734, 1: 1303, 6: 0}
