2026-03-22 16:12:20,384 INFO: particles=20 iter=10 n_caps=1 minZ=0.109990 runtime=5.30s placement={0: 1102}
2026-03-22 16:12:25,830 INFO: particles=20 iter=10 n_caps=2 minZ=0.075635 runtime=5.45s placement={0: 2304, 9: 798}
2026-03-22 16:12:31,413 INFO: particles=20 iter=10 n_caps=3 minZ=0.070777 runtime=5.58s placement={6: 2354, 0: 990, 10: 0}
2026-03-22 16:12:37,787 INFO: particles=20 iter=10 n_caps=4 minZ=0.056148 runtime=6.37s placement={0: 951, 9: 925, 14: 1044, 6: 1380}
2026-03-22 16:12:43,654 INFO: particles=20 iter=10 n_caps=5 minZ=0.057681 runtime=5.87s placement={15: 969, 14: 855, 9: 993, 0: 1282, 8: 0}
2026-03-22 16:12:49,661 INFO: particles=20 iter=10 n_caps=6 minZ=0.058588 runtime=6.01s placement={16: 973, 5: 848, 0: 1002, 8: 1251, 10: 0, 15: 2516}
2026-03-22 16:12:55,851 INFO: particles=20 iter=10 n_caps=7 minZ=0.063773 runtime=6.19s placement={3: 2613, 11: 2641, 10: 875, 17: 1278, 0: 2028, 7: 2426, 2: 2612}
2026-03-22 16:13:02,210 INFO: particles=20 iter=10 n_caps=8 minZ=0.056138 runtime=6.36s placement={6: 2740, 7: 1394, 5: 1641, 10: 2776, 15: 890, 16: 1455, 14: 2748, 0: 1033}
2026-03-22 16:13:08,684 INFO: particles=20 iter=10 n_caps=9 minZ=0.048855 runtime=6.47s placement={0: 1044, 1: 1813, 13: 410, 18: 3347, 16: 1081, 14: 928, 11: 892}
2026-03-22 16:13:15,230 INFO: particles=20 iter=10 n_caps=10 minZ=0.049158 runtime=6.55s placement={0: 0, 13: 1813, 18: 410, 16: 3347, 14: 1081, 1: 928, 11: 2877, 10: 1044}
2026-03-22 16:13:22,509 INFO: particles=20 iter=10 n_caps=11 minZ=0.037513 runtime=7.28s placement={7: 2272, 19: 1557, 15: 1068, 14: 2405, 0: 2482, 10: 116, 1: 1802, 17: 1280, 20: 176}
2026-03-22 16:13:29,464 INFO: particles=20 iter=10 n_caps=12 minZ=0.043403 runtime=6.95s placement={20: 2935, 15: 1212, 16: 599, 0: 1690, 10: 532, 1: 204, 18: 2011, 19: 1875, 4: 137, 9: 879}
2026-03-22 16:13:36,570 INFO: particles=20 iter=10 n_caps=13 minZ=0.039649 runtime=7.11s placement={12: 2907, 11: 1327, 0: 3100, 10: 1130, 1: 1358, 15: 223, 4: 2467, 9: 63, 5: 2203}
2026-03-22 16:13:44,077 INFO: particles=20 iter=10 n_caps=14 minZ=0.032298 runtime=7.51s placement={10: 3156, 0: 1704, 6: 0, 1: 1659, 19: 1428, 5: 489, 8: 2674, 4: 192, 13: 3271}
2026-03-22 16:13:51,659 INFO: particles=20 iter=10 n_caps=15 minZ=0.035161 runtime=7.58s placement={0: 1666, 7: 0, 1: 0, 19: 1511, 4: 1899, 8: 163, 5: 2656, 13: 2463, 6: 1973}
2026-03-22 16:13:59,110 INFO: particles=20 iter=10 n_caps=16 minZ=0.035806 runtime=7.45s placement={7: 3292, 0: 1734, 20: 0, 11: 1802, 1: 1543, 8: 1865, 9: 376, 14: 342, 6: 0}
2026-03-22 16:14:07,105 INFO: particles=20 iter=10 n_caps=17 minZ=0.031476 runtime=7.99s placement={0: 1865, 20: 0, 11: 0, 1: 1802, 7: 2110, 8: 1223, 14: 2174, 9: 3318, 6: 1734, 15: 0, 10: 1204}
2026-03-22 16:14:14,826 INFO: particles=20 iter=10 n_caps=18 minZ=0.033266 runtime=7.72s placement={20: 3347, 9: 0, 0: 1399, 1: 2316, 6: 643, 8: 2275, 12: 68, 11: 2085, 10: 1882, 14: 2443, 16: 0, 7: 0}
2026-03-22 16:14:22,811 INFO: particles=20 iter=10 n_caps=19 minZ=0.031825 runtime=7.98s placement={17: 2285, 0: 1353, 1: 38, 20: 1958, 6: 0, 19: 1698, 12: 118, 2: 2338, 7: 3347, 13: 3347, 16: 2153, 11: 0}
2026-03-22 16:14:30,902 INFO: particles=20 iter=10 n_caps=20 minZ=0.031114 runtime=8.09s placement={0: 3185, 1: 0, 20: 1620, 4: 2802, 19: 2340, 14: 1611, 7: 704, 5: 144, 15: 1640, 10: 2955}
