2026-03-17 07:08:05,875 INFO: particles=30 iter=10 n_caps=1 minZ=0.090924 runtime=13.81s placement={0: 1319}
2026-03-17 07:08:19,880 INFO: particles=30 iter=10 n_caps=2 minZ=0.059257 runtime=14.01s placement={0: 1012, 9: 2930}
2026-03-17 07:08:34,225 INFO: particles=30 iter=10 n_caps=3 minZ=0.081482 runtime=14.34s placement={9: 1012, 10: 2930, 15: 0}
2026-03-17 07:08:48,784 INFO: particles=30 iter=10 n_caps=4 minZ=0.065346 runtime=14.56s placement={10: 1012, 15: 2930, 14: 0, 0: 1604}
2026-03-17 07:09:03,471 INFO: particles=30 iter=10 n_caps=5 minZ=0.067553 runtime=14.69s placement={16: 1185, 10: 1160, 0: 0, 5: 1753, 9: 1775}
2026-03-17 07:09:18,956 INFO: particles=30 iter=10 n_caps=6 minZ=0.058657 runtime=15.48s placement={9: 685, 0: 3018, 1: 239, 7: 2278, 10: 2337}
2026-03-17 07:09:34,717 INFO: particles=30 iter=10 n_caps=7 minZ=0.053010 runtime=15.76s placement={0: 3018, 1: 1360, 7: 239, 10: 2278, 9: 1600}
2026-03-17 07:09:50,528 INFO: particles=30 iter=10 n_caps=8 minZ=0.046916 runtime=15.81s placement={0: 1600, 7: 1360, 10: 239, 1: 2278, 9: 3018, 15: 0}
2026-03-17 07:10:06,795 INFO: particles=30 iter=10 n_caps=9 minZ=0.051550 runtime=16.27s placement={14: 1704, 9: 1666, 10: 523, 11: 2862, 0: 1723, 8: 1257, 7: 818, 19: 2552, 16: 1265}
2026-03-17 07:10:23,177 INFO: particles=30 iter=10 n_caps=10 minZ=0.053100 runtime=16.38s placement={5: 1394, 6: 1782, 9: 708, 0: 1344, 7: 1544, 20: 1189, 16: 1583, 17: 3347, 8: 3347}
2026-03-17 07:10:39,509 INFO: particles=30 iter=10 n_caps=11 minZ=0.048082 runtime=16.33s placement={9: 1570, 10: 809, 0: 736, 7: 971, 6: 1600, 19: 2253, 14: 1360, 20: 1510, 8: 3217, 2: 3347, 11: 1673}
2026-03-17 07:10:56,114 INFO: particles=30 iter=10 n_caps=12 minZ=0.049188 runtime=16.60s placement={10: 2110, 0: 685, 7: 442, 8: 1180, 20: 1337, 14: 2132, 16: 2023, 6: 1940, 2: 3347, 15: 3347, 19: 1795, 5: 1392}
2026-03-17 07:11:12,935 INFO: particles=30 iter=10 n_caps=13 minZ=0.042108 runtime=16.82s placement={2: 1691, 9: 1828, 15: 342, 1: 2930, 7: 1949, 17: 1579, 0: 566, 11: 2879, 20: 1893, 16: 2556, 13: 1533}
2026-03-17 07:11:29,817 INFO: particles=30 iter=10 n_caps=14 minZ=0.039464 runtime=16.88s placement={11: 1596, 20: 1937, 3: 1101, 0: 1012, 10: 413, 17: 1646, 9: 522, 16: 1642, 15: 1035, 8: 648, 14: 1056, 12: 638}
2026-03-17 07:11:46,722 INFO: particles=30 iter=10 n_caps=15 minZ=0.046128 runtime=16.90s placement={20: 1596, 3: 1937, 0: 1101, 10: 1012, 17: 2816, 11: 1646, 9: 1056, 16: 413, 15: 1642, 8: 1035, 14: 648, 12: 522, 6: 638, 5: 2008}
2026-03-17 07:12:04,074 INFO: particles=30 iter=10 n_caps=16 minZ=0.034853 runtime=17.35s placement={0: 528, 1: 1566, 17: 891, 6: 1439, 15: 1444, 14: 1018, 13: 1623, 9: 0, 20: 911, 10: 1205, 16: 3347}
2026-03-17 07:12:21,843 INFO: particles=30 iter=10 n_caps=17 minZ=0.033369 runtime=17.77s placement={0: 0, 1: 131, 20: 0, 16: 2069, 19: 2851, 10: 2005, 13: 0, 5: 1199, 2: 1497, 14: 2444}
2026-03-17 07:12:39,540 INFO: particles=30 iter=10 n_caps=18 minZ=0.032713 runtime=17.70s placement={0: 0, 20: 1199, 1: 1242, 16: 771, 19: 2069, 10: 2851, 13: 2005, 5: 23, 2: 1540, 14: 1497, 15: 0}
2026-03-17 07:12:57,667 INFO: particles=30 iter=10 n_caps=19 minZ=0.029762 runtime=18.13s placement={13: 765, 12: 1671, 17: 1139, 8: 1155, 10: 2351, 14: 3347, 0: 763, 1: 3347, 18: 1152, 16: 1994, 15: 2489}
2026-03-17 07:13:15,553 INFO: particles=30 iter=10 n_caps=20 minZ=0.027395 runtime=17.89s placement={12: 881, 18: 1605, 7: 1275, 9: 1171, 13: 2591, 0: 2361, 1: 1277, 19: 3347, 20: 3155, 17: 728}
