2026-04-01 16:31:29,565 INFO: particles=30 iter=10 n_caps=1 minZ=0.072657 runtime=11.00s placement={0: 1478}
2026-04-01 16:31:49,187 INFO: particles=30 iter=10 n_caps=2 minZ=0.062550 runtime=19.62s placement={0: 1632, 9: 1463}
2026-04-01 16:32:14,678 INFO: particles=30 iter=10 n_caps=3 minZ=0.059350 runtime=25.49s placement={14: 1632, 7: 1711, 10: 875}
2026-04-01 16:32:51,926 INFO: particles=30 iter=10 n_caps=4 minZ=0.046889 runtime=37.25s placement={7: 2258, 10: 1756, 0: 977, 16: 2310}
2026-04-01 16:33:38,035 INFO: particles=30 iter=10 n_caps=5 minZ=0.045670 runtime=46.11s placement={10: 2258, 0: 1325, 16: 977, 1: 2310}
2026-04-01 16:34:29,491 INFO: particles=30 iter=10 n_caps=6 minZ=0.041610 runtime=51.46s placement={0: 1689, 16: 1641, 1: 1045, 10: 1643}
2026-04-01 16:35:29,126 INFO: particles=30 iter=10 n_caps=7 minZ=0.032514 runtime=59.63s placement={14: 1403, 0: 0, 1: 1124, 10: 2194}
2026-04-01 16:36:33,391 INFO: particles=30 iter=10 n_caps=8 minZ=0.032834 runtime=64.26s placement={0: 2351, 1: 2264, 9: 662}
2026-04-01 16:37:46,193 INFO: particles=30 iter=10 n_caps=9 minZ=0.031996 runtime=72.80s placement={0: 0, 9: 2264, 1: 662, 10: 2351}
2026-04-01 16:39:10,484 INFO: particles=30 iter=10 n_caps=10 minZ=0.031420 runtime=84.29s placement={9: 1945, 0: 85, 1: 662, 10: 0, 7: 0}
2026-04-01 16:40:47,084 INFO: particles=30 iter=10 n_caps=11 minZ=0.029400 runtime=96.60s placement={0: 1567, 1: 2502, 9: 617, 6: 1969, 10: 100}
2026-04-01 16:42:28,670 INFO: particles=30 iter=10 n_caps=12 minZ=0.026751 runtime=101.59s placement={0: 0, 1: 2502, 9: 1070, 6: 0, 10: 12}
2026-04-01 16:44:12,232 INFO: particles=30 iter=10 n_caps=13 minZ=0.029954 runtime=103.56s placement={0: 0, 1: 2502, 9: 2258, 6: 617, 10: 1969}
2026-04-01 16:46:14,073 INFO: particles=30 iter=10 n_caps=14 minZ=0.026637 runtime=121.84s placement={0: 0, 1: 2502, 9: 630, 6: 1070, 10: 0, 5: 0, 15: 0}
2026-04-01 16:48:23,980 INFO: particles=30 iter=10 n_caps=15 minZ=0.027478 runtime=129.91s placement={0: 146, 9: 2502, 1: 630, 6: 2258, 10: 617, 5: 0, 15: 0}
2026-04-01 16:50:39,233 INFO: particles=30 iter=10 n_caps=16 minZ=0.028463 runtime=135.25s placement={9: 1941, 0: 0, 6: 630, 1: 2258, 10: 1070, 5: 1567, 15: 0}
2026-04-01 16:53:10,056 INFO: particles=30 iter=10 n_caps=17 minZ=0.024640 runtime=150.82s placement={0: 1566, 6: 2502, 1: 630, 9: 2258, 5: 100, 15: 1567, 10: 0}
2026-04-01 16:55:39,897 INFO: particles=30 iter=10 n_caps=18 minZ=0.025895 runtime=149.84s placement={6: 1941, 0: 0, 9: 630, 1: 2258, 5: 12, 15: 100, 10: 146, 14: 1566}
2026-04-01 16:58:17,287 INFO: particles=30 iter=10 n_caps=19 minZ=0.023342 runtime=157.39s placement={0: 1088, 9: 2502, 1: 630, 5: 1969, 15: 12, 10: 0, 14: 0}
2026-04-01 17:00:55,331 INFO: particles=30 iter=10 n_caps=20 minZ=0.023383 runtime=158.04s placement={9: 1941, 0: 0, 1: 630, 5: 0, 15: 1969, 10: 0, 14: 146}
