2026-03-24 00:56:45,397 INFO: particles=50 iter=25 n_caps=1 minZ=0.085029 runtime=34.17s placement={0: 1316}
2026-03-24 00:57:19,173 INFO: particles=50 iter=25 n_caps=2 minZ=0.070717 runtime=33.78s placement={10: 1017, 0: 1316}
2026-03-24 00:57:53,836 INFO: particles=50 iter=25 n_caps=3 minZ=0.046710 runtime=34.66s placement={0: 1012, 5: 1424, 9: 1878}
2026-03-24 00:58:30,162 INFO: particles=50 iter=25 n_caps=4 minZ=0.055972 runtime=36.33s placement={5: 845, 9: 1412, 14: 1074, 0: 911}
2026-03-24 00:59:07,456 INFO: particles=50 iter=25 n_caps=5 minZ=0.041382 runtime=37.29s placement={9: 977, 14: 1690, 0: 1014, 6: 1408, 10: 725}
2026-03-24 00:59:45,004 INFO: particles=50 iter=25 n_caps=6 minZ=0.043462 runtime=37.55s placement={16: 912, 0: 1014, 6: 954, 9: 1543, 7: 516, 10: 929}
2026-03-24 01:00:23,980 INFO: particles=50 iter=25 n_caps=7 minZ=0.046062 runtime=38.98s placement={0: 912, 6: 1178, 9: 898, 7: 1571, 10: 595, 5: 1050, 16: 2875}
2026-03-24 01:01:03,430 INFO: particles=50 iter=25 n_caps=8 minZ=0.034636 runtime=39.45s placement={0: 2871, 5: 853, 9: 1048, 1: 1338, 20: 375, 16: 0}
2026-03-24 01:01:44,087 INFO: particles=50 iter=25 n_caps=9 minZ=0.033348 runtime=40.66s placement={7: 870, 9: 898, 0: 96, 1: 2651, 15: 839, 8: 1839}
2026-03-24 01:02:25,780 INFO: particles=50 iter=25 n_caps=10 minZ=0.030979 runtime=41.69s placement={10: 1017, 0: 0, 1: 1410, 20: 3347, 7: 3347, 14: 10}
2026-03-24 01:03:08,168 INFO: particles=50 iter=25 n_caps=11 minZ=0.032322 runtime=42.39s placement={0: 1014, 1: 969, 19: 2339, 8: 858, 9: 566, 14: 8}
2026-03-24 01:03:51,059 INFO: particles=50 iter=25 n_caps=12 minZ=0.029065 runtime=42.89s placement={0: 1014, 19: 961, 1: 2524, 8: 3097, 9: 1041, 14: 303, 7: 34}
2026-03-24 01:04:35,523 INFO: particles=50 iter=25 n_caps=13 minZ=0.027043 runtime=44.46s placement={19: 577, 0: 1512, 1: 2080, 4: 934, 8: 652}
2026-03-24 01:05:20,409 INFO: particles=50 iter=25 n_caps=14 minZ=0.024691 runtime=44.89s placement={0: 3345, 1: 1162, 4: 3347, 8: 0}
2026-03-24 01:06:06,858 INFO: particles=50 iter=25 n_caps=15 minZ=0.026349 runtime=46.45s placement={0: 3347, 1: 1178, 9: 756, 10: 204}
2026-03-24 01:06:53,667 INFO: particles=50 iter=25 n_caps=16 minZ=0.023264 runtime=46.81s placement={0: 2118, 1: 1538, 9: 402, 4: 3347, 12: 214, 18: 0}
2026-03-24 01:07:41,172 INFO: particles=50 iter=25 n_caps=17 minZ=0.020474 runtime=47.50s placement={0: 0, 1: 1464, 5: 2329, 9: 3347, 18: 295}
2026-03-24 01:08:31,105 INFO: particles=50 iter=25 n_caps=18 minZ=0.020735 runtime=49.93s placement={0: 0, 1: 1464, 5: 344, 9: 2329, 18: 3347}
2026-03-24 01:09:20,645 INFO: particles=50 iter=25 n_caps=19 minZ=0.020695 runtime=49.54s placement={0: 0, 1: 1464, 5: 1165, 9: 344, 18: 2329}
2026-03-24 01:10:12,537 INFO: particles=50 iter=25 n_caps=20 minZ=0.021299 runtime=51.89s placement={0: 4, 1: 1464, 5: 222, 9: 1165, 18: 344}
