2026-04-02 01:55:45,211 INFO: particles=20 iter=25 n_caps=1 minZ=0.104943 runtime=27.77s placement={10: 940}
2026-04-02 01:56:11,860 INFO: particles=20 iter=25 n_caps=2 minZ=0.055761 runtime=26.65s placement={0: 1012, 9: 2054}
2026-04-02 01:56:37,852 INFO: particles=20 iter=25 n_caps=3 minZ=0.065760 runtime=25.99s placement={9: 1012, 0: 2054, 10: 66}
2026-04-02 01:57:04,614 INFO: particles=20 iter=25 n_caps=4 minZ=0.048452 runtime=26.76s placement={0: 1012, 10: 2054, 15: 66, 9: 1642}
2026-04-02 01:57:32,514 INFO: particles=20 iter=25 n_caps=5 minZ=0.060361 runtime=27.90s placement={0: 1705, 6: 1905, 1: 529, 9: 2698}
2026-04-02 01:58:04,960 INFO: particles=20 iter=25 n_caps=6 minZ=0.051465 runtime=32.45s placement={15: 1127, 0: 1210, 10: 766, 7: 1785, 8: 0, 9: 966}
2026-04-02 01:58:34,261 INFO: particles=20 iter=25 n_caps=7 minZ=0.049668 runtime=29.30s placement={0: 1127, 10: 1210, 7: 766, 8: 1785, 9: 966, 20: 2652}
2026-04-02 01:59:02,725 INFO: particles=20 iter=25 n_caps=8 minZ=0.039465 runtime=28.46s placement={3: 726, 5: 1570, 0: 1409, 9: 2579, 1: 13, 20: 293}
2026-04-02 01:59:33,306 INFO: particles=20 iter=25 n_caps=9 minZ=0.037170 runtime=30.58s placement={5: 535, 0: 658, 9: 1314, 1: 2693, 20: 6}
2026-04-02 02:00:04,770 INFO: particles=20 iter=25 n_caps=10 minZ=0.029736 runtime=31.46s placement={0: 892, 7: 1458, 1: 1297, 20: 2603, 14: 200}
2026-04-02 02:00:37,227 INFO: particles=20 iter=25 n_caps=11 minZ=0.035277 runtime=32.46s placement={6: 993, 0: 0, 20: 1199, 1: 2672, 14: 1057}
2026-04-02 02:01:07,135 INFO: particles=20 iter=25 n_caps=12 minZ=0.030541 runtime=29.91s placement={0: 1005, 20: 930, 1: 1061, 16: 1784, 4: 167, 15: 1010}
2026-04-02 02:01:37,448 INFO: particles=20 iter=25 n_caps=13 minZ=0.027890 runtime=30.31s placement={20: 807, 0: 0, 1: 1045, 15: 1637, 16: 267}
2026-04-02 02:02:11,335 INFO: particles=20 iter=25 n_caps=14 minZ=0.027917 runtime=33.89s placement={0: 857, 1: 1052, 18: 0, 16: 1012, 9: 0, 8: 3347}
2026-04-02 02:02:46,515 INFO: particles=20 iter=25 n_caps=15 minZ=0.025578 runtime=35.18s placement={0: 0, 1: 1052, 18: 2349, 16: 97, 9: 857, 8: 0, 20: 3347}
2026-04-02 02:03:24,443 INFO: particles=20 iter=25 n_caps=16 minZ=0.029219 runtime=37.93s placement={0: 0, 1: 1052, 18: 1045, 16: 735, 9: 156, 8: 857, 20: 0, 7: 0}
2026-04-02 02:04:00,906 INFO: particles=20 iter=25 n_caps=17 minZ=0.029708 runtime=36.46s placement={0: 64, 16: 1054, 1: 700, 17: 2059, 9: 912, 10: 195, 20: 2748, 7: 2960}
2026-04-02 02:04:38,303 INFO: particles=20 iter=25 n_caps=18 minZ=0.027707 runtime=37.40s placement={0: 898, 1: 1540, 11: 117, 14: 735, 19: 911, 2: 1815, 7: 225, 4: 1807, 20: 0}
2026-04-02 02:05:12,529 INFO: particles=20 iter=25 n_caps=19 minZ=0.024978 runtime=34.22s placement={0: 0, 1: 1408, 10: 383, 14: 1094, 19: 1470, 2: 911, 7: 1676, 5: 0, 20: 1883}
2026-04-02 02:05:47,919 INFO: particles=20 iter=25 n_caps=20 minZ=0.024499 runtime=35.39s placement={0: 0, 1: 1408, 10: 3347, 14: 1404, 19: 747, 2: 1470, 7: 911, 5: 3158, 20: 0, 15: 0}
