2026-03-22 15:40:58,119 INFO: particles=20 iter=10 n_caps=1 minZ=0.088670 runtime=5.90s placement={0: 1302}
2026-03-22 15:41:04,848 INFO: particles=20 iter=10 n_caps=2 minZ=0.082561 runtime=6.73s placement={9: 1574, 0: 1583}
2026-03-22 15:41:10,737 INFO: particles=20 iter=10 n_caps=3 minZ=0.067587 runtime=5.89s placement={0: 1375, 6: 987, 14: 1673}
2026-03-22 15:41:16,840 INFO: particles=20 iter=10 n_caps=4 minZ=0.062927 runtime=6.10s placement={9: 1230, 17: 1030, 0: 1606, 5: 586}
2026-03-22 15:41:22,825 INFO: particles=20 iter=10 n_caps=5 minZ=0.043561 runtime=5.98s placement={10: 1584, 0: 1014, 5: 1543, 18: 701, 6: 1431}
2026-03-22 15:41:28,806 INFO: particles=20 iter=10 n_caps=6 minZ=0.052412 runtime=5.98s placement={0: 1584, 5: 1014, 18: 1543, 6: 701, 9: 1431, 10: 1706}
2026-03-22 15:41:35,000 INFO: particles=20 iter=10 n_caps=7 minZ=0.051259 runtime=6.19s placement={13: 998, 0: 1012, 20: 1351, 14: 2412, 4: 1493, 15: 375, 10: 43}
2026-03-22 15:41:41,281 INFO: particles=20 iter=10 n_caps=8 minZ=0.057829 runtime=6.28s placement={0: 998, 20: 1012, 14: 1351, 4: 2412, 15: 1493, 10: 375, 7: 43, 19: 2306}
2026-03-22 15:41:47,740 INFO: particles=20 iter=10 n_caps=9 minZ=0.038995 runtime=6.46s placement={17: 2696, 15: 3347, 0: 744, 18: 1116, 10: 1143, 1: 0, 20: 0}
2026-03-22 15:41:54,662 INFO: particles=20 iter=10 n_caps=10 minZ=0.046876 runtime=6.92s placement={16: 2739, 0: 604, 20: 1067, 5: 1928, 1: 0, 19: 0, 9: 3347}
2026-03-22 15:42:01,376 INFO: particles=20 iter=10 n_caps=11 minZ=0.043659 runtime=6.71s placement={0: 2314, 20: 2727, 5: 1087, 1: 2069, 19: 0, 14: 627, 16: 3347}
2026-03-22 15:42:08,309 INFO: particles=20 iter=10 n_caps=12 minZ=0.036468 runtime=6.93s placement={0: 678, 1: 2564, 19: 1259, 7: 595, 14: 0, 8: 1569, 15: 689}
2026-03-22 15:42:15,512 INFO: particles=20 iter=10 n_caps=13 minZ=0.033121 runtime=7.20s placement={0: 863, 1: 2578, 20: 1290, 9: 1249, 13: 1681, 11: 0, 14: 3347, 6: 486, 19: 0}
2026-03-22 15:42:22,741 INFO: particles=20 iter=10 n_caps=14 minZ=0.035828 runtime=7.23s placement={0: 2996, 13: 1194, 7: 1337, 1: 1753, 9: 473, 8: 1920, 15: 0, 10: 1390, 5: 0, 18: 486, 6: 914, 11: 434}
2026-03-22 15:42:30,082 INFO: particles=20 iter=10 n_caps=15 minZ=0.033113 runtime=7.34s placement={13: 2198, 1: 1073, 0: 1170, 10: 1041, 9: 0, 8: 1956, 5: 1336, 19: 0, 6: 1519, 15: 267, 20: 0}
2026-03-22 15:42:37,582 INFO: particles=20 iter=10 n_caps=16 minZ=0.037570 runtime=7.50s placement={0: 511, 1: 1031, 10: 1173, 9: 2882, 8: 783, 5: 1511, 19: 577, 7: 832, 13: 1035, 20: 124, 3: 2392}
2026-03-22 15:42:45,265 INFO: particles=20 iter=10 n_caps=17 minZ=0.037444 runtime=7.68s placement={1: 2437, 0: 1807, 10: 93, 11: 1333, 2: 1553, 16: 655, 5: 0, 17: 1413, 9: 688, 3: 1730, 15: 2295, 18: 2142, 19: 240}
2026-03-22 15:42:53,012 INFO: particles=20 iter=10 n_caps=18 minZ=0.034583 runtime=7.75s placement={0: 626, 11: 2864, 12: 0, 1: 1274, 16: 1221, 5: 3347, 20: 0, 9: 1315, 17: 202, 18: 2855, 19: 1684}
2026-03-22 15:43:01,081 INFO: particles=20 iter=10 n_caps=19 minZ=0.035201 runtime=8.07s placement={10: 2532, 11: 775, 6: 745, 18: 1531, 0: 0, 5: 787, 20: 3347, 7: 0, 1: 1340, 13: 2042, 14: 3347, 16: 664, 17: 1650, 15: 343, 19: 841}
2026-03-22 15:43:09,051 INFO: particles=20 iter=10 n_caps=20 minZ=0.031767 runtime=7.97s placement={1: 2371, 6: 0, 19: 456, 0: 1362, 3: 325, 20: 565, 7: 3347, 10: 1170, 15: 2417, 2: 1276, 17: 0, 16: 0, 18: 1027}
