2026-03-23 11:53:04,810 INFO: particles=30 iter=40 n_caps=1 minZ=0.087365 runtime=31.59s placement={9: 1012}
2026-03-23 11:53:37,443 INFO: particles=30 iter=40 n_caps=2 minZ=0.052108 runtime=32.63s placement={0: 1012, 9: 1695}
2026-03-23 11:54:10,773 INFO: particles=30 iter=40 n_caps=3 minZ=0.055059 runtime=33.33s placement={9: 1012, 0: 1667, 10: 96}
2026-03-23 11:54:46,193 INFO: particles=30 iter=40 n_caps=4 minZ=0.042486 runtime=35.42s placement={0: 1012, 9: 1666, 6: 96, 10: 1595}
2026-03-23 11:55:21,820 INFO: particles=30 iter=40 n_caps=5 minZ=0.050750 runtime=35.63s placement={9: 1012, 6: 1666, 10: 95, 0: 1584, 7: 0}
2026-03-23 11:55:57,615 INFO: particles=30 iter=40 n_caps=6 minZ=0.056123 runtime=35.79s placement={6: 1001, 10: 1662, 0: 95, 7: 1579, 15: 0, 9: 1591}
2026-03-23 11:56:35,451 INFO: particles=30 iter=40 n_caps=7 minZ=0.047693 runtime=37.83s placement={10: 1012, 0: 1583, 6: 96, 16: 1397, 9: 0, 5: 1463, 14: 1107}
2026-03-23 11:57:14,746 INFO: particles=30 iter=40 n_caps=8 minZ=0.036661 runtime=39.30s placement={0: 1012, 6: 1581, 16: 96, 9: 1397, 5: 0, 14: 1461, 15: 1107, 10: 1686}
2026-03-23 11:57:54,622 INFO: particles=30 iter=40 n_caps=9 minZ=0.047116 runtime=39.87s placement={6: 1012, 16: 1581, 9: 96, 5: 1397, 14: 0, 15: 1461, 10: 1107, 0: 1686, 7: 0}
2026-03-23 11:58:34,660 INFO: particles=30 iter=40 n_caps=10 minZ=0.036926 runtime=40.04s placement={15: 1017, 10: 1774, 5: 663, 7: 1402, 14: 0, 9: 865, 0: 1014, 8: 1748, 18: 687, 6: 923}
2026-03-23 11:59:15,050 INFO: particles=30 iter=40 n_caps=11 minZ=0.035630 runtime=40.39s placement={6: 894, 10: 1465, 7: 11, 15: 1251, 11: 0, 0: 1012, 5: 879, 16: 1142, 4: 610, 14: 893, 13: 2540}
2026-03-23 11:59:57,570 INFO: particles=30 iter=40 n_caps=12 minZ=0.033431 runtime=42.52s placement={0: 1169, 1: 1420, 14: 445, 9: 1726, 6: 702, 15: 656, 16: 842, 13: 1166, 19: 2588}
2026-03-23 12:00:41,124 INFO: particles=30 iter=40 n_caps=13 minZ=0.030628 runtime=43.55s placement={0: 1, 15: 632, 10: 604, 1: 1610, 7: 408, 16: 442, 19: 3252, 14: 1267, 20: 801}
2026-03-23 12:01:26,078 INFO: particles=30 iter=40 n_caps=14 minZ=0.027776 runtime=44.95s placement={14: 1512, 7: 640, 0: 206, 8: 1990, 16: 933, 1: 425, 18: 592, 15: 3240, 20: 1266}
2026-03-23 12:02:10,371 INFO: particles=30 iter=40 n_caps=15 minZ=0.026812 runtime=44.29s placement={7: 1510, 0: 2654, 8: 1145, 16: 1977, 1: 935, 18: 422, 14: 587, 20: 3247}
2026-03-23 12:02:56,443 INFO: particles=30 iter=40 n_caps=16 minZ=0.025177 runtime=46.07s placement={0: 1768, 7: 667, 16: 1131, 1: 1977, 18: 772, 14: 442, 20: 652}
2026-03-23 12:03:42,420 INFO: particles=30 iter=40 n_caps=17 minZ=0.024266 runtime=45.98s placement={7: 1495, 16: 663, 0: 0, 18: 1973, 14: 759, 20: 441, 1: 663}
2026-03-23 12:04:29,649 INFO: particles=30 iter=40 n_caps=18 minZ=0.022862 runtime=47.23s placement={16: 1496, 0: 1169, 18: 1551, 14: 2030, 20: 746, 1: 447}
2026-03-23 12:05:17,175 INFO: particles=30 iter=40 n_caps=19 minZ=0.022433 runtime=47.53s placement={0: 1169, 18: 699, 14: 1551, 20: 2030, 1: 746, 19: 2732}
2026-03-23 12:06:05,490 INFO: particles=30 iter=40 n_caps=20 minZ=0.024106 runtime=48.31s placement={18: 1496, 14: 699, 20: 1551, 0: 2732, 1: 746, 19: 1169, 10: 0}
