2026-03-22 15:49:55,464 INFO: particles=20 iter=10 n_caps=1 minZ=0.090924 runtime=5.29s placement={0: 1319}
2026-03-22 15:50:00,900 INFO: particles=20 iter=10 n_caps=2 minZ=0.076640 runtime=5.44s placement={0: 1446, 6: 922}
2026-03-22 15:50:06,542 INFO: particles=20 iter=10 n_caps=3 minZ=0.066598 runtime=5.64s placement={6: 1040, 0: 974, 15: 1635}
2026-03-22 15:50:12,241 INFO: particles=20 iter=10 n_caps=4 minZ=0.059183 runtime=5.70s placement={0: 1376, 16: 1130, 6: 1006, 9: 1290}
2026-03-22 15:50:18,099 INFO: particles=20 iter=10 n_caps=5 minZ=0.055815 runtime=5.86s placement={15: 1393, 6: 1128, 9: 1524, 0: 1103, 10: 0}
2026-03-22 15:50:24,093 INFO: particles=20 iter=10 n_caps=6 minZ=0.055217 runtime=5.99s placement={6: 1393, 9: 1128, 0: 1524, 10: 1103, 7: 0, 14: 2604}
2026-03-22 15:50:30,223 INFO: particles=20 iter=10 n_caps=7 minZ=0.052286 runtime=6.13s placement={9: 1393, 0: 1128, 10: 1524, 7: 1103, 14: 0, 5: 2604, 15: 1125}
2026-03-22 15:50:36,620 INFO: particles=20 iter=10 n_caps=8 minZ=0.049714 runtime=6.40s placement={0: 990, 6: 1483, 14: 847, 15: 1435, 5: 448, 10: 2453, 9: 2436, 7: 1821}
2026-03-22 15:50:43,035 INFO: particles=20 iter=10 n_caps=9 minZ=0.054938 runtime=6.41s placement={6: 990, 14: 1483, 15: 847, 5: 1435, 10: 448, 9: 2453, 7: 2436, 16: 1821, 0: 0}
2026-03-22 15:50:49,595 INFO: particles=20 iter=10 n_caps=10 minZ=0.043875 runtime=6.56s placement={14: 990, 15: 1483, 5: 847, 10: 1435, 9: 448, 6: 2453, 16: 2436, 0: 1111, 1: 0}
2026-03-22 15:50:56,367 INFO: particles=20 iter=10 n_caps=11 minZ=0.044199 runtime=6.77s placement={15: 870, 4: 1687, 10: 1039, 9: 1680, 6: 300, 16: 2346, 0: 1625, 1: 1810, 20: 2300}
2026-03-22 15:51:03,252 INFO: particles=20 iter=10 n_caps=12 minZ=0.041171 runtime=6.88s placement={4: 870, 10: 1687, 9: 1039, 6: 1680, 16: 300, 0: 2550, 1: 2361, 20: 1625}
2026-03-22 15:51:10,286 INFO: particles=20 iter=10 n_caps=13 minZ=0.033046 runtime=7.03s placement={10: 870, 9: 1687, 6: 1039, 16: 1680, 0: 776, 1: 2346, 20: 0}
2026-03-22 15:51:17,694 INFO: particles=20 iter=10 n_caps=14 minZ=0.032464 runtime=7.41s placement={9: 870, 6: 1687, 16: 1039, 0: 1684, 1: 300, 20: 1810, 10: 776}
2026-03-22 15:51:25,101 INFO: particles=20 iter=10 n_caps=15 minZ=0.027932 runtime=7.41s placement={9: 688, 16: 1064, 0: 2164, 1: 1746, 20: 2951, 10: 2402, 3: 1528}
2026-03-22 15:51:32,609 INFO: particles=20 iter=10 n_caps=16 minZ=0.029529 runtime=7.51s placement={16: 454, 0: 2001, 1: 0, 20: 3115, 9: 2247, 3: 0, 10: 2234, 13: 809}
2026-03-22 15:51:40,377 INFO: particles=20 iter=10 n_caps=17 minZ=0.030275 runtime=7.77s placement={0: 2795, 1: 1041, 20: 0, 10: 804, 9: 1994, 15: 2216, 16: 638}
2026-03-22 15:51:48,086 INFO: particles=20 iter=10 n_caps=18 minZ=0.030110 runtime=7.71s placement={0: 2919, 1: 285, 20: 2326, 11: 0, 10: 348, 17: 1899, 16: 2879, 9: 0}
2026-03-22 15:51:55,914 INFO: particles=20 iter=10 n_caps=19 minZ=0.031940 runtime=7.83s placement={0: 408, 1: 0, 20: 242, 10: 1180, 11: 2359, 14: 360, 16: 1960, 2: 3347, 13: 3347, 19: 0, 5: 667}
2026-03-22 15:52:03,837 INFO: particles=20 iter=10 n_caps=20 minZ=0.031324 runtime=7.92s placement={0: 0, 20: 0, 1: 0, 9: 2712, 7: 1291, 14: 2407, 16: 383, 10: 786, 19: 3347, 5: 0, 4: 630}
