2026-03-21 12:24:25,614 INFO: particles=50 iter=15 n_caps=1 minZ=0.088670 runtime=32.55s placement={0: 1302}
2026-03-21 12:24:58,726 INFO: particles=50 iter=15 n_caps=2 minZ=0.070935 runtime=33.11s placement={0: 2394, 14: 686}
2026-03-21 12:25:32,517 INFO: particles=50 iter=15 n_caps=3 minZ=0.057837 runtime=33.79s placement={14: 2406, 0: 1014, 7: 114}
2026-03-21 12:26:07,078 INFO: particles=50 iter=15 n_caps=4 minZ=0.056218 runtime=34.56s placement={0: 1167, 7: 1157, 10: 753, 5: 2393}
2026-03-21 12:26:42,096 INFO: particles=50 iter=15 n_caps=5 minZ=0.058100 runtime=35.02s placement={7: 1167, 10: 1157, 5: 753, 0: 2393, 6: 42}
2026-03-21 12:27:17,853 INFO: particles=50 iter=15 n_caps=6 minZ=0.039410 runtime=35.76s placement={9: 1127, 6: 1162, 0: 1012, 5: 2393, 10: 0, 7: 1093}
2026-03-21 12:27:54,242 INFO: particles=50 iter=15 n_caps=7 minZ=0.048261 runtime=36.39s placement={6: 1059, 0: 1014, 4: 995, 10: 2370, 5: 0, 13: 1101, 8: 1656}
2026-03-21 12:28:31,307 INFO: particles=50 iter=15 n_caps=8 minZ=0.038781 runtime=37.06s placement={0: 1695, 9: 1682, 1: 2448, 19: 2405, 10: 1158}
2026-03-21 12:29:09,069 INFO: particles=50 iter=15 n_caps=9 minZ=0.037651 runtime=37.76s placement={6: 582, 0: 1529, 1: 3347, 7: 14, 9: 893, 10: 0}
2026-03-21 12:29:47,202 INFO: particles=50 iter=15 n_caps=10 minZ=0.031154 runtime=38.13s placement={0: 1012, 1: 896, 6: 2054, 13: 1520, 10: 1457}
2026-03-21 12:30:25,983 INFO: particles=50 iter=15 n_caps=11 minZ=0.033550 runtime=38.78s placement={0: 0, 1: 896, 6: 3347, 13: 176, 10: 1014}
2026-03-21 12:31:05,248 INFO: particles=50 iter=15 n_caps=12 minZ=0.028420 runtime=39.26s placement={0: 0, 6: 896, 1: 3347, 13: 2054, 10: 1520}
2026-03-21 12:31:45,141 INFO: particles=50 iter=15 n_caps=13 minZ=0.027057 runtime=39.89s placement={6: 1702, 0: 0, 13: 3347, 1: 2054, 10: 176}
2026-03-21 12:32:25,520 INFO: particles=50 iter=15 n_caps=14 minZ=0.025348 runtime=40.38s placement={0: 1127, 13: 896, 1: 3347, 10: 2054, 15: 0}
2026-03-21 12:33:06,590 INFO: particles=50 iter=15 n_caps=15 minZ=0.024494 runtime=41.07s placement={13: 1702, 0: 0, 10: 3347, 1: 2054, 15: 0}
2026-03-21 12:33:48,166 INFO: particles=50 iter=15 n_caps=16 minZ=0.024260 runtime=41.58s placement={0: 0, 10: 896, 1: 3347, 15: 0, 9: 2197}
2026-03-21 12:34:30,436 INFO: particles=50 iter=15 n_caps=17 minZ=0.023959 runtime=42.27s placement={9: 1655, 0: 0, 1: 3347, 14: 1026, 10: 0}
2026-03-21 12:35:13,317 INFO: particles=50 iter=15 n_caps=18 minZ=0.024913 runtime=42.88s placement={0: 1666, 1: 893, 14: 137, 10: 1606}
2026-03-21 12:35:56,728 INFO: particles=50 iter=15 n_caps=19 minZ=0.023977 runtime=43.41s placement={0: 0, 1: 704, 14: 1309, 10: 0}
2026-03-21 12:36:40,900 INFO: particles=50 iter=15 n_caps=20 minZ=0.025214 runtime=44.17s placement={0: 0, 1: 892, 14: 903, 11: 0, 15: 0}
