2026-04-02 03:32:54,110 INFO: particles=20 iter=25 n_caps=1 minZ=0.080251 runtime=30.47s placement={0: 1012}
2026-04-02 03:33:26,782 INFO: particles=20 iter=25 n_caps=2 minZ=0.085203 runtime=32.67s placement={9: 1012, 0: 0}
2026-04-02 03:34:02,196 INFO: particles=20 iter=25 n_caps=3 minZ=0.053490 runtime=35.41s placement={0: 1012, 10: 0, 5: 1575}
2026-04-02 03:34:39,090 INFO: particles=20 iter=25 n_caps=4 minZ=0.052963 runtime=36.89s placement={9: 1012, 5: 0, 15: 1751, 0: 875}
2026-04-02 03:35:17,902 INFO: particles=20 iter=25 n_caps=5 minZ=0.054335 runtime=38.81s placement={0: 1487, 15: 581, 6: 203, 1: 109}
2026-04-02 03:35:58,467 INFO: particles=20 iter=25 n_caps=6 minZ=0.055361 runtime=40.56s placement={15: 2548, 6: 581, 1: 203, 0: 0}
2026-04-02 03:36:42,433 INFO: particles=20 iter=25 n_caps=7 minZ=0.042748 runtime=43.97s placement={6: 2126, 1: 637, 0: 2091, 11: 0}
2026-04-02 03:37:26,364 INFO: particles=20 iter=25 n_caps=8 minZ=0.033635 runtime=43.93s placement={0: 1577, 1: 27, 15: 742}
2026-04-02 03:38:13,756 INFO: particles=20 iter=25 n_caps=9 minZ=0.031637 runtime=47.39s placement={0: 0, 1: 26, 16: 1354}
2026-04-02 03:39:02,117 INFO: particles=20 iter=25 n_caps=10 minZ=0.030705 runtime=48.36s placement={0: 0, 1: 20, 16: 1329}
2026-04-02 03:39:52,752 INFO: particles=20 iter=25 n_caps=11 minZ=0.030519 runtime=50.63s placement={0: 0, 16: 20, 1: 1329, 7: 0}
2026-04-02 03:40:43,148 INFO: particles=20 iter=25 n_caps=12 minZ=0.030164 runtime=50.40s placement={16: 2721, 0: 0, 1: 1329, 7: 0, 10: 0}
2026-04-02 03:41:36,275 INFO: particles=20 iter=25 n_caps=13 minZ=0.025608 runtime=53.13s placement={0: 2426, 1: 13, 7: 0, 10: 174, 11: 0}
2026-04-02 03:42:31,202 INFO: particles=20 iter=25 n_caps=14 minZ=0.027270 runtime=54.93s placement={0: 0, 1: 13, 7: 1512, 10: 0, 11: 0, 9: 2426, 6: 0}
2026-04-02 03:43:29,392 INFO: particles=20 iter=25 n_caps=15 minZ=0.029167 runtime=58.19s placement={0: 0, 1: 5, 7: 712, 9: 0, 13: 0, 8: 0, 10: 1895, 19: 0}
2026-04-02 03:44:26,914 INFO: particles=20 iter=25 n_caps=16 minZ=0.029621 runtime=57.52s placement={0: 0, 1: 5, 7: 2778, 9: 0, 13: 0, 8: 0, 10: 0, 19: 1895}
2026-04-02 03:45:40,389 INFO: particles=20 iter=25 n_caps=17 minZ=0.032348 runtime=73.47s placement={0: 0, 1: 5, 7: 433, 9: 1895, 13: 896, 8: 0, 10: 0, 19: 0}
2026-04-02 03:46:55,063 INFO: particles=20 iter=25 n_caps=18 minZ=0.025505 runtime=74.67s placement={0: 599, 1: 49, 4: 829, 17: 2410, 15: 3, 8: 0, 9: 814, 20: 686, 7: 3310}
2026-04-02 03:48:18,530 INFO: particles=20 iter=25 n_caps=19 minZ=0.025682 runtime=83.47s placement={0: 0, 1: 0, 17: 1519, 20: 2501, 8: 1341, 9: 0, 19: 399}
2026-04-02 03:49:38,863 INFO: particles=20 iter=25 n_caps=20 minZ=0.021715 runtime=80.33s placement={0: 0, 1: 0, 17: 725, 20: 1513, 8: 0, 9: 1333, 19: 0, 7: 0, 15: 0}
