2026-04-02 05:43:44,421 INFO: particles=20 iter=40 n_caps=1 minZ=0.080251 runtime=41.72s placement={0: 1014}
2026-04-02 05:44:24,180 INFO: particles=20 iter=40 n_caps=2 minZ=0.082704 runtime=39.76s placement={9: 1014, 16: 12}
2026-04-02 05:45:05,837 INFO: particles=20 iter=40 n_caps=3 minZ=0.065065 runtime=41.66s placement={16: 1014, 7: 12, 0: 1521}
2026-04-02 05:45:45,723 INFO: particles=20 iter=40 n_caps=4 minZ=0.058474 runtime=39.89s placement={6: 1038, 0: 678, 14: 1497, 5: 2729}
2026-04-02 05:46:30,000 INFO: particles=20 iter=40 n_caps=5 minZ=0.052971 runtime=44.28s placement={9: 1605, 19: 2330, 3: 1198, 0: 766, 10: 1014}
2026-04-02 05:47:09,483 INFO: particles=20 iter=40 n_caps=6 minZ=0.047349 runtime=39.48s placement={0: 1517, 1: 3347, 14: 748, 9: 1498, 15: 1612}
2026-04-02 05:47:50,983 INFO: particles=20 iter=40 n_caps=7 minZ=0.049968 runtime=41.50s placement={0: 1281, 3: 3347, 14: 1563, 9: 615, 15: 1531, 16: 1457, 10: 159}
2026-04-02 05:48:37,009 INFO: particles=20 iter=40 n_caps=8 minZ=0.045177 runtime=46.03s placement={16: 1477, 5: 2028, 0: 893, 9: 794, 14: 1197, 1: 2694, 13: 0, 10: 528}
2026-04-02 05:49:25,281 INFO: particles=20 iter=40 n_caps=9 minZ=0.036940 runtime=48.27s placement={0: 2083, 1: 1730, 9: 922, 5: 2, 10: 447, 7: 2512}
2026-04-02 05:50:14,048 INFO: particles=20 iter=40 n_caps=10 minZ=0.037838 runtime=48.77s placement={0: 0, 6: 1442, 1: 867, 5: 1793, 10: 0, 7: 614, 15: 2351}
2026-04-02 05:51:01,072 INFO: particles=20 iter=40 n_caps=11 minZ=0.036979 runtime=47.02s placement={6: 1170, 0: 0, 1: 1070, 3: 1252, 10: 1792, 7: 0, 15: 614}
2026-04-02 05:51:51,176 INFO: particles=20 iter=40 n_caps=12 minZ=0.030735 runtime=50.10s placement={0: 1155, 1: 1459, 2: 883, 13: 1226, 7: 1655, 15: 0, 16: 0}
2026-04-02 05:52:37,698 INFO: particles=20 iter=40 n_caps=13 minZ=0.033148 runtime=46.52s placement={0: 1471, 1: 1351, 16: 1063, 14: 1110, 15: 20, 9: 596, 20: 11, 8: 0}
2026-04-02 05:53:25,177 INFO: particles=20 iter=40 n_caps=14 minZ=0.028463 runtime=47.48s placement={0: 669, 16: 2508, 1: 825, 3: 260, 13: 0, 20: 3346}
2026-04-02 05:54:12,668 INFO: particles=20 iter=40 n_caps=15 minZ=0.025265 runtime=47.49s placement={16: 504, 0: 0, 3: 817, 13: 232, 1: 0, 19: 1296, 6: 682, 18: 0}
2026-04-02 05:55:06,592 INFO: particles=20 iter=40 n_caps=16 minZ=0.025009 runtime=53.92s placement={0: 686, 3: 2566, 13: 817, 1: 232, 19: 903, 6: 0, 18: 682, 15: 0, 10: 2747}
2026-04-02 05:55:55,551 INFO: particles=20 iter=40 n_caps=17 minZ=0.028323 runtime=48.96s placement={3: 504, 13: 2566, 0: 11, 1: 232, 19: 922, 6: 686, 18: 0, 15: 682, 10: 0, 9: 2747}
2026-04-02 05:56:53,370 INFO: particles=20 iter=40 n_caps=18 minZ=0.026741 runtime=57.82s placement={14: 503, 0: 637, 1: 835, 19: 0, 6: 1012, 18: 672, 15: 0, 10: 672, 9: 0}
2026-04-02 05:57:47,406 INFO: particles=20 iter=40 n_caps=19 minZ=0.026023 runtime=54.04s placement={0: 637, 1: 2571, 19: 230, 6: 98, 18: 1012, 15: 672, 10: 0, 9: 672, 20: 2435}
2026-04-02 05:58:41,041 INFO: particles=20 iter=40 n_caps=20 minZ=0.025087 runtime=53.63s placement={0: 0, 1: 2571, 19: 2435, 6: 3346, 18: 98, 15: 1012, 10: 672, 9: 0, 20: 637}
