2026-03-29 09:06:45,480 INFO: particles=20 iter=15 n_caps=1 minZ=0.094179 runtime=7.91s placement={16: 1383}
2026-03-29 09:07:00,042 INFO: particles=20 iter=15 n_caps=2 minZ=0.057175 runtime=14.56s placement={0: 1384, 10: 2047}
2026-03-29 09:07:21,069 INFO: particles=20 iter=15 n_caps=3 minZ=0.055039 runtime=21.03s placement={10: 1254, 0: 1229, 14: 0}
2026-03-29 09:07:48,491 INFO: particles=20 iter=15 n_caps=4 minZ=0.049689 runtime=27.42s placement={0: 1282, 16: 1222, 9: 0, 10: 1576}
2026-03-29 09:08:22,684 INFO: particles=20 iter=15 n_caps=5 minZ=0.051705 runtime=34.19s placement={16: 1282, 9: 1222, 10: 0, 0: 1576, 7: 0}
2026-03-29 09:09:02,862 INFO: particles=20 iter=15 n_caps=6 minZ=0.046902 runtime=40.18s placement={14: 1488, 9: 1517, 0: 149, 10: 1379, 15: 504, 13: 2409}
2026-03-29 09:09:50,430 INFO: particles=20 iter=15 n_caps=7 minZ=0.041671 runtime=47.57s placement={9: 1488, 0: 1517, 10: 149, 14: 1379, 15: 504, 7: 2409, 5: 2465}
2026-03-29 09:10:44,576 INFO: particles=20 iter=15 n_caps=8 minZ=0.040395 runtime=54.15s placement={0: 1488, 9: 1517, 14: 149, 15: 1379, 7: 504, 5: 2409, 10: 2465, 16: 1590}
2026-03-29 09:11:46,122 INFO: particles=20 iter=15 n_caps=9 minZ=0.038818 runtime=61.55s placement={9: 1476, 15: 1516, 14: 180, 7: 1704, 5: 605, 10: 1662, 16: 2443, 0: 1617, 6: 0}
2026-03-29 09:13:05,267 INFO: particles=20 iter=15 n_caps=10 minZ=0.037401 runtime=79.14s placement={15: 1476, 14: 1516, 7: 180, 5: 1704, 9: 605, 16: 1662, 0: 2443, 6: 1617, 12: 0, 10: 1602}
2026-03-29 09:14:18,262 INFO: particles=20 iter=15 n_caps=11 minZ=0.039426 runtime=72.99s placement={14: 1525, 11: 1732, 6: 1055, 10: 971, 15: 686, 0: 1625, 9: 1914, 12: 1816, 8: 0, 16: 2503}
2026-03-29 09:15:37,136 INFO: particles=20 iter=15 n_caps=12 minZ=0.035901 runtime=78.87s placement={11: 1525, 6: 1732, 10: 1055, 14: 971, 0: 686, 9: 0, 12: 288, 8: 1816, 15: 1914, 7: 2503, 5: 2420}
2026-03-29 09:17:02,557 INFO: particles=20 iter=15 n_caps=13 minZ=0.036366 runtime=85.42s placement={2: 1407, 10: 1775, 15: 1094, 0: 766, 11: 578, 16: 759, 7: 305, 9: 1880, 12: 0, 6: 2347, 8: 2618, 14: 2104, 5: 1965}
2026-03-29 09:18:37,473 INFO: particles=20 iter=15 n_caps=14 minZ=0.033527 runtime=94.92s placement={16: 2532, 6: 651, 0: 2151, 17: 1609, 1: 715, 9: 1954, 10: 2208, 14: 999, 15: 3191, 3: 419, 18: 16}
2026-03-29 09:20:17,631 INFO: particles=20 iter=15 n_caps=15 minZ=0.027373 runtime=100.16s placement={5: 1981, 0: 2944, 13: 582, 1: 1562, 8: 393, 6: 2007, 20: 3265, 18: 2288, 15: 413, 16: 320}
2026-03-29 09:22:02,876 INFO: particles=20 iter=15 n_caps=16 minZ=0.028147 runtime=105.24s placement={0: 1979, 20: 349, 1: 1070, 8: 915, 7: 328, 19: 2864, 14: 1314, 16: 3347, 15: 524, 10: 2955}
2026-03-29 09:24:03,467 INFO: particles=20 iter=15 n_caps=17 minZ=0.026711 runtime=120.59s placement={20: 0, 6: 426, 0: 160, 3: 0, 15: 1018, 1: 33, 19: 1266, 12: 1343, 16: 2941, 8: 0, 4: 2174}
2026-03-29 09:26:02,946 INFO: particles=20 iter=15 n_caps=18 minZ=0.027373 runtime=119.48s placement={8: 0, 0: 1738, 1: 0, 18: 354, 20: 23, 12: 1510, 5: 1208, 15: 929, 9: 2087, 6: 0, 4: 2787, 11: 40, 7: 3347}
2026-03-29 09:28:13,467 INFO: particles=20 iter=15 n_caps=19 minZ=0.027428 runtime=130.52s placement={0: 1117, 1: 82, 9: 0, 20: 1504, 6: 1753, 3: 1475, 14: 1446, 10: 3207, 7: 1831, 4: 0, 8: 134, 11: 25}
2026-03-29 09:30:28,818 INFO: particles=20 iter=15 n_caps=20 minZ=0.024625 runtime=135.35s placement={0: 1187, 1: 230, 20: 649, 9: 896, 19: 1633, 6: 3185, 12: 1120, 13: 629, 2: 0, 8: 3347, 11: 1119, 14: 2}
