2026-04-02 06:02:36,793 INFO: particles=20 iter=25 n_caps=1 minZ=0.087365 runtime=29.04s placement={9: 1014}
2026-04-02 06:03:09,771 INFO: particles=20 iter=25 n_caps=2 minZ=0.053875 runtime=32.98s placement={0: 1014, 9: 1589}
2026-04-02 06:03:44,389 INFO: particles=20 iter=25 n_caps=3 minZ=0.063786 runtime=34.62s placement={10: 973, 0: 910, 5: 33}
2026-04-02 06:04:21,162 INFO: particles=20 iter=25 n_caps=4 minZ=0.052542 runtime=36.77s placement={0: 1014, 5: 824, 14: 33, 6: 1477}
2026-04-02 06:05:00,214 INFO: particles=20 iter=25 n_caps=5 minZ=0.057451 runtime=39.05s placement={6: 0, 7: 1562, 0: 677, 5: 1281}
2026-04-02 06:05:40,501 INFO: particles=20 iter=25 n_caps=6 minZ=0.052856 runtime=40.29s placement={7: 776, 0: 1559, 5: 812, 6: 1275, 15: 0, 10: 1046}
2026-04-02 06:06:22,635 INFO: particles=20 iter=25 n_caps=7 minZ=0.047935 runtime=42.13s placement={0: 1141, 1: 1607, 5: 764, 16: 617, 9: 510, 8: 2043, 10: 1014}
2026-04-02 06:07:06,355 INFO: particles=20 iter=25 n_caps=8 minZ=0.049721 runtime=43.72s placement={0: 1402, 5: 1377, 15: 766, 12: 637, 9: 499, 10: 1946, 14: 1067, 1: 0}
2026-04-02 06:07:53,230 INFO: particles=20 iter=25 n_caps=9 minZ=0.042686 runtime=46.87s placement={7: 2461, 15: 1620, 2: 604, 9: 872, 16: 0, 5: 1977, 0: 1014, 17: 0, 6: 747}
2026-04-02 06:08:41,271 INFO: particles=20 iter=25 n_caps=10 minZ=0.050461 runtime=48.04s placement={15: 2311, 13: 0, 0: 766, 10: 0, 5: 1402, 20: 2320, 14: 2842, 6: 1019, 9: 443, 16: 2850}
2026-04-02 06:09:31,733 INFO: particles=20 iter=25 n_caps=11 minZ=0.035749 runtime=50.46s placement={7: 206, 15: 1594, 0: 1014, 9: 13, 1: 2273, 5: 2653, 4: 3347, 10: 0}
2026-04-02 06:10:22,272 INFO: particles=20 iter=25 n_caps=12 minZ=0.031183 runtime=50.54s placement={15: 493, 0: 1012, 4: 2563, 1: 0}
2026-04-02 06:11:16,097 INFO: particles=20 iter=25 n_caps=13 minZ=0.029418 runtime=53.82s placement={0: 2941, 1: 1021}
2026-04-02 06:12:12,092 INFO: particles=20 iter=25 n_caps=14 minZ=0.027652 runtime=55.99s placement={1: 492, 0: 970, 9: 2920, 6: 0}
2026-04-02 06:13:10,282 INFO: particles=20 iter=25 n_caps=15 minZ=0.031341 runtime=58.19s placement={0: 82, 1: 2262, 12: 0, 8: 331, 5: 3140}
2026-04-02 06:14:08,274 INFO: particles=20 iter=25 n_caps=16 minZ=0.031177 runtime=57.99s placement={0: 339, 1: 2373, 14: 415, 10: 0, 6: 252, 16: 109, 7: 0}
2026-04-02 06:15:22,652 INFO: particles=20 iter=25 n_caps=17 minZ=0.030403 runtime=74.38s placement={0: 0, 1: 2373, 14: 3191, 10: 415, 6: 0, 16: 339, 7: 109}
2026-04-02 06:16:39,530 INFO: particles=20 iter=25 n_caps=18 minZ=0.029798 runtime=76.88s placement={0: 0, 1: 2220, 9: 1012, 11: 3347, 6: 0, 15: 3150, 5: 348, 12: 0}
2026-04-02 06:17:57,845 INFO: particles=20 iter=25 n_caps=19 minZ=0.028971 runtime=78.31s placement={0: 0, 1: 1453, 9: 3347, 11: 1718, 10: 3347, 19: 257, 3: 3261, 8: 0, 15: 0, 4: 0}
2026-04-02 06:19:14,811 INFO: particles=20 iter=25 n_caps=20 minZ=0.030780 runtime=76.97s placement={0: 627, 1: 2572, 15: 3347, 20: 3347, 10: 1790, 19: 1248, 2: 0, 6: 0, 14: 1001}
