2026-03-25 16:03:19,138 INFO: particles=20 iter=15 n_caps=1 minZ=0.089255 runtime=6.94s placement={0: 1518}
2026-03-25 16:03:26,232 INFO: particles=20 iter=15 n_caps=2 minZ=0.085951 runtime=7.09s placement={0: 1518, 7: 0}
2026-03-25 16:03:33,538 INFO: particles=20 iter=15 n_caps=3 minZ=0.070197 runtime=7.31s placement={0: 1300, 9: 1689, 12: 2397}
2026-03-25 16:03:41,049 INFO: particles=20 iter=15 n_caps=4 minZ=0.066715 runtime=7.51s placement={7: 1909, 0: 951, 15: 739, 8: 0}
2026-03-25 16:03:48,764 INFO: particles=20 iter=15 n_caps=5 minZ=0.051420 runtime=7.71s placement={0: 1689, 10: 908, 6: 524, 16: 275, 9: 893}
2026-03-25 16:03:56,615 INFO: particles=20 iter=15 n_caps=6 minZ=0.052298 runtime=7.85s placement={10: 1689, 6: 908, 16: 524, 9: 275, 0: 893, 7: 0}
2026-03-25 16:04:04,678 INFO: particles=20 iter=15 n_caps=7 minZ=0.049286 runtime=8.06s placement={5: 1694, 16: 922, 9: 509, 0: 1704, 6: 678, 1: 0}
2026-03-25 16:04:12,968 INFO: particles=20 iter=15 n_caps=8 minZ=0.041281 runtime=8.29s placement={16: 1886, 10: 1045, 0: 875, 7: 297, 5: 382, 1: 70}
2026-03-25 16:04:21,443 INFO: particles=20 iter=15 n_caps=9 minZ=0.044886 runtime=8.47s placement={13: 2262, 0: 1889, 6: 669, 1: 0, 7: 616, 14: 2823}
2026-03-25 16:04:30,149 INFO: particles=20 iter=15 n_caps=10 minZ=0.037325 runtime=8.71s placement={0: 1351, 1: 457, 12: 2090, 15: 456, 19: 2825}
2026-03-25 16:04:38,993 INFO: particles=20 iter=15 n_caps=11 minZ=0.035955 runtime=8.84s placement={0: 0, 1: 374, 12: 651, 15: 2317, 18: 320}
2026-03-25 16:04:48,015 INFO: particles=20 iter=15 n_caps=12 minZ=0.033127 runtime=9.02s placement={0: 767, 1: 0, 20: 56, 10: 474, 11: 933, 18: 1981, 19: 0, 12: 10}
2026-03-25 16:04:57,251 INFO: particles=20 iter=15 n_caps=13 minZ=0.037254 runtime=9.24s placement={0: 1126, 1: 3176, 19: 1280, 18: 0, 16: 468, 6: 2886, 14: 487, 15: 1159, 10: 2016, 20: 246}
2026-03-25 16:05:06,643 INFO: particles=20 iter=15 n_caps=14 minZ=0.036932 runtime=9.39s placement={0: 1561, 20: 3347, 10: 392, 1: 0, 16: 434, 7: 1962, 9: 948, 15: 0, 19: 2227, 4: 253, 3: 284}
2026-03-25 16:05:16,254 INFO: particles=20 iter=15 n_caps=15 minZ=0.033051 runtime=9.61s placement={20: 857, 0: 1309, 1: 1791, 5: 3347, 11: 2167, 16: 142, 18: 675, 19: 3227, 13: 291, 14: 1528}
2026-03-25 16:05:26,028 INFO: particles=20 iter=15 n_caps=16 minZ=0.028269 runtime=9.77s placement={0: 3347, 1: 2915, 17: 1049, 20: 281, 13: 803, 12: 3181, 15: 2173}
2026-03-25 16:05:35,995 INFO: particles=20 iter=15 n_caps=17 minZ=0.028972 runtime=9.97s placement={0: 3347, 1: 3001, 17: 1964, 20: 151, 13: 0, 11: 817, 16: 434, 9: 0}
2026-03-25 16:05:46,088 INFO: particles=20 iter=15 n_caps=18 minZ=0.027630 runtime=10.09s placement={0: 1257, 1: 2969, 16: 494, 20: 1195, 7: 157, 8: 0, 17: 3257, 10: 3347, 11: 0, 2: 1}
2026-03-25 16:05:56,994 INFO: particles=20 iter=15 n_caps=19 minZ=0.029226 runtime=10.90s placement={0: 0, 1: 2969, 16: 3347, 20: 1969, 7: 1195, 8: 157, 17: 816, 10: 1257, 11: 3347, 2: 0}
2026-03-25 16:06:07,530 INFO: particles=20 iter=15 n_caps=20 minZ=0.031605 runtime=10.54s placement={0: 196, 1: 3070, 16: 664, 20: 578, 8: 1983, 9: 1209, 17: 0, 10: 2021, 11: 1234, 7: 0, 2: 2}
