2026-03-24 10:09:43,313 INFO: particles=50 iter=40 n_caps=1 minZ=0.080251 runtime=52.74s placement={0: 1012}
2026-03-24 10:10:37,526 INFO: particles=50 iter=40 n_caps=2 minZ=0.054513 runtime=54.21s placement={0: 1012, 10: 1693}
2026-03-24 10:11:33,625 INFO: particles=50 iter=40 n_caps=3 minZ=0.057413 runtime=56.10s placement={9: 1012, 0: 1455, 5: 58}
2026-03-24 10:12:30,353 INFO: particles=50 iter=40 n_caps=4 minZ=0.044211 runtime=56.73s placement={0: 1014, 5: 1752, 7: 66, 9: 1600}
2026-03-24 10:13:30,600 INFO: particles=50 iter=40 n_caps=5 minZ=0.046592 runtime=60.25s placement={9: 1421, 6: 1905, 10: 203, 0: 1014, 4: 24}
2026-03-24 10:14:32,421 INFO: particles=50 iter=40 n_caps=6 minZ=0.039361 runtime=61.82s placement={0: 1012, 1: 1928, 10: 3347}
2026-03-24 10:15:33,448 INFO: particles=50 iter=40 n_caps=7 minZ=0.034026 runtime=61.03s placement={0: 0, 1: 1938, 10: 858}
2026-03-24 10:16:35,939 INFO: particles=50 iter=40 n_caps=8 minZ=0.032909 runtime=62.49s placement={0: 178, 1: 2050, 10: 1940}
2026-03-24 10:17:40,809 INFO: particles=50 iter=40 n_caps=9 minZ=0.032920 runtime=64.87s placement={0: 0, 10: 2031, 1: 2097}
2026-03-24 10:18:45,971 INFO: particles=50 iter=40 n_caps=10 minZ=0.031438 runtime=65.16s placement={10: 588, 0: 0, 1: 2097}
2026-03-24 10:19:53,404 INFO: particles=50 iter=40 n_caps=11 minZ=0.026748 runtime=67.43s placement={0: 1849, 1: 2033, 7: 0}
2026-03-24 10:21:01,882 INFO: particles=50 iter=40 n_caps=12 minZ=0.025474 runtime=68.48s placement={0: 1845, 1: 2034, 7: 0, 8: 47}
2026-03-24 10:22:12,267 INFO: particles=50 iter=40 n_caps=13 minZ=0.025719 runtime=70.38s placement={0: 0, 1: 2034, 7: 210, 8: 1845, 6: 47, 15: 0}
2026-03-24 10:23:24,190 INFO: particles=50 iter=40 n_caps=14 minZ=0.025350 runtime=71.92s placement={0: 1, 1: 2034, 7: 0, 8: 0, 6: 1845, 15: 47}
2026-03-24 10:24:36,194 INFO: particles=50 iter=40 n_caps=15 minZ=0.027658 runtime=72.00s placement={0: 0, 1: 2020, 8: 1010, 9: 0, 6: 0, 15: 860}
2026-03-24 10:25:50,282 INFO: particles=50 iter=40 n_caps=16 minZ=0.023011 runtime=74.09s placement={0: 0, 1: 1952, 8: 3144, 9: 494, 6: 0, 15: 0}
2026-03-24 10:27:06,768 INFO: particles=50 iter=40 n_caps=17 minZ=0.023060 runtime=76.49s placement={0: 0, 1: 1952, 8: 1340, 9: 0, 6: 494, 15: 0, 7: 2}
2026-03-24 10:28:23,590 INFO: particles=50 iter=40 n_caps=18 minZ=0.024688 runtime=76.82s placement={0: 40, 1: 1963, 8: 2283, 9: 1012, 6: 0, 15: 412, 2: 0, 7: 0}
2026-03-24 10:29:42,547 INFO: particles=50 iter=40 n_caps=19 minZ=0.022426 runtime=78.96s placement={0: 0, 1: 2688, 9: 3347, 7: 1061, 10: 0, 8: 0, 2: 37}
2026-03-24 10:31:04,750 INFO: particles=50 iter=40 n_caps=20 minZ=0.023366 runtime=82.20s placement={0: 0, 1: 2481, 9: 40, 20: 3347, 8: 22, 2: 0, 16: 0}
