2026-03-29 07:15:08,366 INFO: particles=20 iter=10 n_caps=1 minZ=0.086674 runtime=5.34s placement={10: 1289}
2026-03-29 07:15:18,147 INFO: particles=20 iter=10 n_caps=2 minZ=0.069287 runtime=9.78s placement={0: 1284, 17: 1797}
2026-03-29 07:15:32,350 INFO: particles=20 iter=10 n_caps=3 minZ=0.053318 runtime=14.20s placement={6: 2468, 0: 1435, 9: 983}
2026-03-29 07:15:52,169 INFO: particles=20 iter=10 n_caps=4 minZ=0.050190 runtime=19.82s placement={0: 2420, 10: 1012, 9: 1850, 8: 967}
2026-03-29 07:16:15,270 INFO: particles=20 iter=10 n_caps=5 minZ=0.045800 runtime=23.10s placement={10: 2420, 9: 1012, 8: 1850, 0: 967, 7: 9}
2026-03-29 07:16:42,772 INFO: particles=20 iter=10 n_caps=6 minZ=0.046269 runtime=27.50s placement={9: 1862, 6: 825, 0: 1282, 7: 1241, 20: 0, 10: 2381}
2026-03-29 07:17:14,658 INFO: particles=20 iter=10 n_caps=7 minZ=0.041010 runtime=31.88s placement={0: 1635, 1: 573, 9: 2707, 14: 1725}
2026-03-29 07:17:52,007 INFO: particles=20 iter=10 n_caps=8 minZ=0.039097 runtime=37.35s placement={0: 1664, 5: 1116, 1: 2577, 15: 2623, 14: 0}
2026-03-29 07:18:32,632 INFO: particles=20 iter=10 n_caps=9 minZ=0.036204 runtime=40.62s placement={0: 151, 1: 1083, 8: 2252, 15: 2147, 16: 500}
2026-03-29 07:19:17,917 INFO: particles=20 iter=10 n_caps=10 minZ=0.035496 runtime=45.28s placement={0: 686, 9: 1022, 3: 2251, 1: 3154, 15: 2442, 16: 2218, 10: 1104, 7: 251}
2026-03-29 07:20:07,759 INFO: particles=20 iter=10 n_caps=11 minZ=0.035438 runtime=49.84s placement={9: 3347, 3: 1022, 0: 251, 1: 3154, 15: 2437, 16: 2442, 10: 686, 7: 1104, 14: 0}
2026-03-29 07:21:02,902 INFO: particles=20 iter=10 n_caps=12 minZ=0.030017 runtime=55.14s placement={4: 3347, 0: 1797, 1: 2023, 16: 3245, 14: 1868, 9: 2273, 2: 470, 12: 0, 6: 0}
2026-03-29 07:22:03,123 INFO: particles=20 iter=10 n_caps=13 minZ=0.031513 runtime=60.22s placement={0: 1126, 1: 0, 19: 1945, 11: 3347, 7: 1246, 5: 0}
2026-03-29 07:23:08,625 INFO: particles=20 iter=10 n_caps=14 minZ=0.031480 runtime=65.50s placement={0: 1616, 19: 0, 17: 2161, 1: 3347, 9: 1214, 2: 1549, 14: 364, 15: 0}
2026-03-29 07:24:15,437 INFO: particles=20 iter=10 n_caps=15 minZ=0.030643 runtime=66.81s placement={19: 3347, 17: 0, 0: 0, 1: 3347, 9: 2769, 2: 1214, 14: 1616, 15: 364, 10: 0, 7: 0}
2026-03-29 07:25:32,491 INFO: particles=20 iter=10 n_caps=16 minZ=0.029206 runtime=77.05s placement={17: 3347, 0: 3285, 1: 2161, 9: 2210, 2: 2769, 14: 0, 15: 1616, 10: 364, 7: 0}
2026-03-29 07:26:48,630 INFO: particles=20 iter=10 n_caps=17 minZ=0.028833 runtime=76.14s placement={1: 635, 2: 21, 0: 0, 3: 2209, 11: 1555, 13: 438, 8: 279, 10: 1350, 14: 275, 7: 3347, 6: 2460}
2026-03-29 07:28:08,799 INFO: particles=20 iter=10 n_caps=18 minZ=0.025335 runtime=80.17s placement={0: 0, 1: 0, 4: 2380, 16: 1495, 15: 1685, 8: 1390, 20: 0, 12: 1056, 9: 0, 11: 3347}
2026-03-29 07:29:36,442 INFO: particles=20 iter=10 n_caps=19 minZ=0.025864 runtime=87.64s placement={0: 0, 4: 0, 16: 2380, 1: 1495, 15: 1057, 8: 1685, 20: 1390, 12: 0, 9: 1566, 11: 0, 10: 0}
2026-03-29 07:31:05,510 INFO: particles=20 iter=10 n_caps=20 minZ=0.024703 runtime=89.07s placement={1: 2753, 20: 286, 0: 0, 14: 1541, 7: 734, 19: 1885, 15: 1156, 9: 737, 12: 1578, 6: 0}
