2026-03-28 17:24:25,049 INFO: particles=20 iter=50 n_caps=1 minZ=0.062708 runtime=31.17s placement={0: 1230}
2026-03-28 17:25:21,320 INFO: particles=20 iter=50 n_caps=2 minZ=0.061547 runtime=56.27s placement={0: 1230, 10: 0}
2026-03-28 17:26:41,534 INFO: particles=20 iter=50 n_caps=3 minZ=0.049975 runtime=80.21s placement={15: 1316, 0: 1168, 14: 1736}
2026-03-28 17:28:28,025 INFO: particles=20 iter=50 n_caps=4 minZ=0.041584 runtime=106.49s placement={0: 1012, 17: 0, 9: 1721, 10: 3108}
2026-03-28 17:30:44,705 INFO: particles=20 iter=50 n_caps=5 minZ=0.037059 runtime=136.68s placement={0: 1012, 5: 1443, 10: 1300, 6: 1188, 2: 750}
2026-03-28 17:33:20,194 INFO: particles=20 iter=50 n_caps=6 minZ=0.042146 runtime=155.49s placement={5: 1291, 6: 1340, 7: 1322, 0: 1303, 15: 2194, 16: 723}
2026-03-28 17:36:15,743 INFO: particles=20 iter=50 n_caps=7 minZ=0.032137 runtime=175.55s placement={5: 1276, 6: 1357, 0: 1012, 14: 1290, 16: 1899, 7: 756, 15: 1035}
2026-03-28 17:39:49,027 INFO: particles=20 iter=50 n_caps=8 minZ=0.037571 runtime=213.28s placement={6: 1275, 0: 1511, 14: 1014, 16: 1293, 7: 1910, 15: 601, 5: 1012, 10: 983}
2026-03-28 17:43:43,202 INFO: particles=20 iter=50 n_caps=9 minZ=0.035734 runtime=234.17s placement={0: 1126, 14: 1539, 16: 1036, 5: 1269, 15: 2119, 6: 630, 9: 1541, 7: 936, 10: 990}
2026-03-28 17:47:58,317 INFO: particles=20 iter=50 n_caps=10 minZ=0.031342 runtime=255.11s placement={15: 1349, 16: 1685, 5: 973, 14: 1337, 6: 3347, 9: 120, 7: 1417, 10: 1012, 0: 1014, 3: 1178}
2026-03-28 17:52:34,542 INFO: particles=20 iter=50 n_caps=11 minZ=0.030251 runtime=276.23s placement={15: 2530, 5: 1685, 14: 911, 6: 1337, 9: 3347, 7: 115, 10: 1424, 0: 1012, 3: 997, 16: 1182}
2026-03-28 17:57:27,518 INFO: particles=20 iter=50 n_caps=12 minZ=0.026146 runtime=292.98s placement={14: 1001, 9: 1729, 0: 2768, 10: 1571, 1: 3347, 8: 39, 11: 2037, 15: 1361, 6: 2641}
2026-03-28 18:02:58,449 INFO: particles=20 iter=50 n_caps=13 minZ=0.026155 runtime=330.93s placement={0: 1441, 1: 880, 14: 527, 6: 3347, 15: 2120, 8: 1180, 7: 1579}
2026-03-28 18:08:59,103 INFO: particles=20 iter=50 n_caps=14 minZ=0.022513 runtime=360.65s placement={0: 0, 14: 883, 1: 525, 6: 1671, 15: 1257, 8: 2116, 7: 3048}
2026-03-28 18:15:19,393 INFO: particles=20 iter=50 n_caps=15 minZ=0.022459 runtime=380.29s placement={14: 429, 0: 0, 6: 523, 1: 1649, 16: 402, 8: 1261, 5: 1149}
2026-03-28 18:21:47,322 INFO: particles=20 iter=50 n_caps=16 minZ=0.022175 runtime=387.93s placement={0: 2454, 6: 278, 1: 659, 16: 1048, 9: 436, 5: 2558, 4: 2918, 19: 0}
2026-03-28 18:28:48,253 INFO: particles=20 iter=50 n_caps=17 minZ=0.022161 runtime=420.93s placement={4: 0, 0: 1012, 1: 116, 8: 3347, 9: 864, 5: 839, 3: 950, 20: 4}
2026-03-28 18:36:15,095 INFO: particles=20 iter=50 n_caps=18 minZ=0.019706 runtime=446.84s placement={0: 1012, 1: 325, 9: 1275, 15: 3347, 5: 504, 3: 3347, 20: 1301, 16: 791}
2026-03-28 18:44:00,308 INFO: particles=20 iter=50 n_caps=19 minZ=0.021848 runtime=465.21s placement={0: 1376, 1: 514, 9: 6, 14: 390, 6: 1024, 3: 987, 20: 1170, 15: 1079, 2: 768, 13: 0}
2026-03-28 18:52:02,700 INFO: particles=20 iter=50 n_caps=20 minZ=0.022019 runtime=482.39s placement={0: 785, 10: 555, 16: 0, 1: 0, 7: 3347, 6: 355, 20: 1382, 15: 1802, 13: 397, 11: 0, 14: 0}
