2026-03-19 19:31:10,518 INFO: particles=50 iter=50 n_caps=1 minZ=0.080251 runtime=105.76s placement={0: 1012}
2026-03-19 19:32:59,894 INFO: particles=50 iter=50 n_caps=2 minZ=0.052018 runtime=109.38s placement={0: 1012, 9: 1485}
2026-03-19 19:34:50,301 INFO: particles=50 iter=50 n_caps=3 minZ=0.059450 runtime=110.41s placement={9: 1012, 0: 1476, 7: 0}
2026-03-19 19:36:43,063 INFO: particles=50 iter=50 n_caps=4 minZ=0.042917 runtime=112.76s placement={0: 1014, 7: 1475, 14: 366, 9: 1487}
2026-03-19 19:38:39,174 INFO: particles=50 iter=50 n_caps=5 minZ=0.049668 runtime=116.11s placement={5: 968, 14: 1452, 10: 342, 0: 1477, 6: 746}
2026-03-19 19:40:41,672 INFO: particles=50 iter=50 n_caps=6 minZ=0.041343 runtime=122.50s placement={16: 389, 9: 1069, 0: 1012, 5: 2329, 8: 119, 10: 753}
2026-03-19 19:42:41,907 INFO: particles=50 iter=50 n_caps=7 minZ=0.040288 runtime=120.23s placement={6: 189, 0: 1012, 5: 1353, 9: 2443, 10: 0, 16: 1266, 12: 2577}
2026-03-19 19:44:43,259 INFO: particles=50 iter=50 n_caps=8 minZ=0.035188 runtime=121.35s placement={0: 1012, 5: 1183, 1: 1374, 10: 2185, 16: 0, 18: 1583}
2026-03-19 19:46:46,458 INFO: particles=50 iter=50 n_caps=9 minZ=0.032495 runtime=123.20s placement={5: 916, 0: 0, 10: 1316, 16: 2206, 18: 0, 1: 1598}
2026-03-19 19:48:51,488 INFO: particles=50 iter=50 n_caps=10 minZ=0.026803 runtime=125.03s placement={0: 892, 10: 1170, 16: 1316, 18: 2206, 1: 0}
2026-03-19 19:50:57,642 INFO: particles=50 iter=50 n_caps=11 minZ=0.026417 runtime=126.15s placement={10: 899, 16: 1170, 18: 1294, 0: 4, 1: 0}
2026-03-19 19:53:06,350 INFO: particles=50 iter=50 n_caps=12 minZ=0.025647 runtime=128.71s placement={16: 893, 18: 1117, 0: 1785, 1: 2268}
2026-03-19 19:55:16,932 INFO: particles=50 iter=50 n_caps=13 minZ=0.027367 runtime=130.58s placement={18: 893, 0: 2703, 1: 1313}
2026-03-19 19:57:28,992 INFO: particles=50 iter=50 n_caps=14 minZ=0.023407 runtime=132.06s placement={0: 3086, 1: 1117}
2026-03-19 19:59:43,146 INFO: particles=50 iter=50 n_caps=15 minZ=0.023085 runtime=134.15s placement={0: 3086, 1: 1117, 7: 0}
2026-03-19 20:02:00,244 INFO: particles=50 iter=50 n_caps=16 minZ=0.021864 runtime=137.10s placement={0: 0, 1: 430, 6: 3085}
2026-03-19 20:04:17,957 INFO: particles=50 iter=50 n_caps=17 minZ=0.021534 runtime=137.71s placement={0: 0, 1: 442, 6: 2773}
2026-03-19 20:06:38,553 INFO: particles=50 iter=50 n_caps=18 minZ=0.021558 runtime=140.59s placement={0: 21, 1: 442, 6: 1735}
2026-03-19 20:09:00,775 INFO: particles=50 iter=50 n_caps=19 minZ=0.020612 runtime=142.22s placement={0: 21, 1: 441, 6: 12, 7: 0}
2026-03-19 20:11:24,785 INFO: particles=50 iter=50 n_caps=20 minZ=0.021956 runtime=144.01s placement={0: 0, 1: 441, 6: 893, 7: 21}
