2026-04-02 01:24:56,910 INFO: particles=20 iter=25 n_caps=1 minZ=0.088670 runtime=26.92s placement={0: 1300}
2026-04-02 01:25:22,760 INFO: particles=20 iter=25 n_caps=2 minZ=0.054659 runtime=25.85s placement={0: 1012, 9: 1914}
2026-04-02 01:25:49,902 INFO: particles=20 iter=25 n_caps=3 minZ=0.070431 runtime=27.14s placement={9: 1012, 10: 1579, 5: 0}
2026-04-02 01:26:18,482 INFO: particles=20 iter=25 n_caps=4 minZ=0.058738 runtime=28.58s placement={9: 609, 6: 639, 5: 1343, 0: 1542}
2026-04-02 01:26:48,503 INFO: particles=20 iter=25 n_caps=5 minZ=0.052589 runtime=30.02s placement={7: 606, 5: 670, 0: 1344, 9: 1540, 6: 1538}
2026-04-02 01:27:17,230 INFO: particles=20 iter=25 n_caps=6 minZ=0.042293 runtime=28.73s placement={6: 667, 0: 1012, 10: 699, 7: 1456, 11: 1043, 16: 965}
2026-04-02 01:27:46,345 INFO: particles=20 iter=25 n_caps=7 minZ=0.040645 runtime=29.11s placement={0: 1012, 15: 928, 4: 914, 16: 1229, 14: 819, 1: 680}
2026-04-02 01:28:15,730 INFO: particles=20 iter=25 n_caps=8 minZ=0.036985 runtime=29.38s placement={19: 2109, 5: 2525, 14: 930, 15: 842, 0: 1043, 1: 233, 9: 504}
2026-04-02 01:28:48,976 INFO: particles=20 iter=25 n_caps=9 minZ=0.036247 runtime=33.25s placement={4: 2930, 16: 2221, 17: 517, 0: 1917, 1: 1389, 7: 1029}
2026-04-02 01:29:21,979 INFO: particles=20 iter=25 n_caps=10 minZ=0.029892 runtime=33.00s placement={15: 3255, 20: 751, 0: 1014, 1: 1087, 6: 1837}
2026-04-02 01:29:53,433 INFO: particles=20 iter=25 n_caps=11 minZ=0.028925 runtime=31.45s placement={20: 3255, 0: 2667, 1: 1233, 6: 1254}
2026-04-02 01:30:25,604 INFO: particles=20 iter=25 n_caps=12 minZ=0.028594 runtime=32.17s placement={0: 2667, 1: 751, 6: 1087, 20: 3347}
2026-04-02 01:30:59,608 INFO: particles=20 iter=25 n_caps=13 minZ=0.027390 runtime=34.00s placement={0: 0, 1: 744, 7: 1145, 20: 2658}
2026-04-02 01:31:31,955 INFO: particles=20 iter=25 n_caps=14 minZ=0.030422 runtime=32.35s placement={0: 3347, 7: 770, 1: 975, 20: 715, 5: 0, 4: 0}
2026-04-02 01:32:00,926 INFO: particles=20 iter=25 n_caps=15 minZ=0.027887 runtime=28.97s placement={5: 2765, 0: 2829, 1: 2630, 2: 170, 17: 1131, 6: 0, 7: 74, 9: 380}
2026-04-02 01:32:32,427 INFO: particles=20 iter=25 n_caps=16 minZ=0.026520 runtime=31.50s placement={0: 1036, 1: 1125, 2: 1856, 17: 176, 3: 2818, 5: 3347, 9: 74, 6: 375, 16: 0}
2026-04-02 01:33:06,670 INFO: particles=20 iter=25 n_caps=17 minZ=0.028091 runtime=34.24s placement={0: 0, 1: 1100, 19: 1991, 20: 199, 4: 501, 3: 3239, 9: 3347, 10: 115, 12: 0, 14: 892}
2026-04-02 01:33:40,746 INFO: particles=20 iter=25 n_caps=18 minZ=0.024815 runtime=34.08s placement={16: 580, 0: 893, 1: 2154, 19: 1582, 20: 1599, 2: 258, 5: 2316, 9: 3002, 8: 101, 14: 11, 12: 0, 15: 116}
2026-04-02 01:34:16,075 INFO: particles=20 iter=25 n_caps=19 minZ=0.026683 runtime=35.33s placement={0: 333, 9: 836, 1: 0, 19: 3347, 16: 0, 6: 1798, 5: 1562, 10: 915, 7: 0, 2: 3304, 13: 3347}
2026-04-02 01:34:50,839 INFO: particles=20 iter=25 n_caps=20 minZ=0.031256 runtime=34.76s placement={9: 499, 0: 0, 19: 0, 16: 3347, 1: 0, 6: 1600, 5: 1512, 11: 1619, 10: 858, 7: 1216, 14: 306}
