2026-03-25 20:12:44,792 INFO: particles=20 iter=40 n_caps=1 minZ=0.085029 runtime=18.39s placement={0: 1317}
2026-03-25 20:13:03,695 INFO: particles=20 iter=40 n_caps=2 minZ=0.065818 runtime=18.90s placement={16: 1012, 0: 1384}
2026-03-25 20:13:23,129 INFO: particles=20 iter=40 n_caps=3 minZ=0.045417 runtime=19.43s placement={0: 1012, 9: 1476, 10: 2251}
2026-03-25 20:13:43,017 INFO: particles=20 iter=40 n_caps=4 minZ=0.056040 runtime=19.89s placement={9: 1012, 10: 1476, 0: 2251, 15: 0}
2026-03-25 20:14:03,405 INFO: particles=20 iter=40 n_caps=5 minZ=0.049768 runtime=20.39s placement={9: 1012, 0: 1563, 15: 2251, 1: 0}
2026-03-25 20:14:24,283 INFO: particles=20 iter=40 n_caps=6 minZ=0.037464 runtime=20.88s placement={0: 1433, 15: 1584, 1: 2531}
2026-03-25 20:14:45,807 INFO: particles=20 iter=40 n_caps=7 minZ=0.042148 runtime=21.52s placement={14: 893, 0: 182, 1: 2732}
2026-03-25 20:15:07,861 INFO: particles=20 iter=40 n_caps=8 minZ=0.029834 runtime=22.05s placement={0: 2588, 1: 825}
2026-03-25 20:15:30,329 INFO: particles=20 iter=40 n_caps=9 minZ=0.028304 runtime=22.47s placement={0: 2590, 1: 831, 9: 0}
2026-03-25 20:15:53,341 INFO: particles=20 iter=40 n_caps=10 minZ=0.028565 runtime=23.01s placement={0: 60, 1: 831, 9: 2590}
2026-03-25 20:16:16,650 INFO: particles=20 iter=40 n_caps=11 minZ=0.026677 runtime=23.31s placement={0: 95, 1: 824, 9: 165, 7: 56}
2026-03-25 20:16:40,546 INFO: particles=20 iter=40 n_caps=12 minZ=0.030683 runtime=23.90s placement={0: 95, 1: 824, 9: 1014, 7: 0, 10: 0}
2026-03-25 20:17:05,013 INFO: particles=20 iter=40 n_caps=13 minZ=0.028337 runtime=24.47s placement={0: 1, 1: 824, 9: 1529, 7: 2592, 10: 95, 15: 0}
2026-03-25 20:17:29,843 INFO: particles=20 iter=40 n_caps=14 minZ=0.026258 runtime=24.83s placement={0: 1, 1: 823, 9: 0, 7: 164, 10: 55, 15: 91, 14: 0}
2026-03-25 20:17:55,322 INFO: particles=20 iter=40 n_caps=15 minZ=0.032893 runtime=25.48s placement={0: 0, 1: 804, 9: 2888, 7: 1012, 10: 2, 11: 42, 14: 94}
2026-03-25 20:18:21,211 INFO: particles=20 iter=40 n_caps=16 minZ=0.028889 runtime=25.89s placement={0: 0, 9: 804, 1: 2888, 7: 1299, 10: 2618, 11: 2, 14: 333, 16: 0}
2026-03-25 20:18:47,695 INFO: particles=20 iter=40 n_caps=17 minZ=0.028210 runtime=26.48s placement={9: 898, 0: 0, 1: 2954, 5: 1407, 10: 0, 16: 0, 15: 11, 17: 0}
2026-03-25 20:19:14,426 INFO: particles=20 iter=40 n_caps=18 minZ=0.031451 runtime=26.73s placement={0: 0, 1: 852, 5: 2955, 9: 1120, 17: 0, 13: 2, 16: 38, 15: 0, 10: 1584}
2026-03-25 20:19:41,725 INFO: particles=20 iter=40 n_caps=19 minZ=0.029320 runtime=27.30s placement={0: 0, 3: 756, 1: 3123, 10: 1386, 16: 1159, 13: 0, 15: 312, 17: 0, 11: 0}
2026-03-25 20:20:09,873 INFO: particles=20 iter=40 n_caps=20 minZ=0.023752 runtime=28.15s placement={0: 2242, 1: 1367, 20: 2028, 13: 899, 8: 2203, 10: 0, 14: 0, 16: 823}
