2026-03-25 05:29:46,916 INFO: particles=80 iter=50 n_caps=1 minZ=0.080251 runtime=185.65s placement={0: 1012}
2026-03-25 05:32:59,477 INFO: particles=80 iter=50 n_caps=2 minZ=0.051974 runtime=192.56s placement={0: 1012, 10: 1488}
2026-03-25 05:36:12,475 INFO: particles=80 iter=50 n_caps=3 minZ=0.058183 runtime=193.00s placement={9: 1012, 0: 1494, 7: 22}
2026-03-25 05:39:27,695 INFO: particles=80 iter=50 n_caps=4 minZ=0.043429 runtime=195.22s placement={0: 1012, 5: 1014, 7: 24, 6: 1724}
2026-03-25 05:42:45,455 INFO: particles=80 iter=50 n_caps=5 minZ=0.043704 runtime=197.76s placement={6: 1012, 0: 1012, 7: 316, 10: 1653, 13: 0}
2026-03-25 05:46:17,770 INFO: particles=80 iter=50 n_caps=6 minZ=0.038836 runtime=212.31s placement={0: 1012, 14: 1014, 10: 414, 15: 1717, 6: 0, 16: 892}
2026-03-25 05:49:44,128 INFO: particles=80 iter=50 n_caps=7 minZ=0.038971 runtime=206.36s placement={16: 1077, 10: 1234, 14: 484, 6: 1689, 15: 0, 0: 1014, 9: 159}
2026-03-25 05:53:09,953 INFO: particles=80 iter=50 n_caps=8 minZ=0.029596 runtime=205.82s placement={10: 1430, 0: 2813, 5: 723, 15: 1371, 1: 579}
2026-03-25 05:56:39,078 INFO: particles=80 iter=50 n_caps=9 minZ=0.026503 runtime=209.12s placement={0: 1677, 5: 825, 14: 725, 1: 1337}
2026-03-25 06:00:10,906 INFO: particles=80 iter=50 n_caps=10 minZ=0.025313 runtime=211.83s placement={1: 1506, 15: 830, 0: 83}
2026-03-25 06:03:48,145 INFO: particles=80 iter=50 n_caps=11 minZ=0.023488 runtime=217.24s placement={15: 1496, 0: 225, 1: 626}
2026-03-25 06:07:28,603 INFO: particles=80 iter=50 n_caps=12 minZ=0.021796 runtime=220.46s placement={0: 2640, 1: 807}
2026-03-25 06:11:09,207 INFO: particles=80 iter=50 n_caps=13 minZ=0.021532 runtime=220.60s placement={0: 2640, 1: 807, 7: 0}
2026-03-25 06:14:52,269 INFO: particles=80 iter=50 n_caps=14 minZ=0.019923 runtime=223.06s placement={0: 110, 1: 794, 6: 2647}
2026-03-25 06:18:35,349 INFO: particles=80 iter=50 n_caps=15 minZ=0.020207 runtime=223.08s placement={0: 0, 1: 798, 6: 221}
2026-03-25 06:22:21,655 INFO: particles=80 iter=50 n_caps=16 minZ=0.019924 runtime=226.30s placement={0: 0, 1: 802, 6: 96}
2026-03-25 06:26:09,859 INFO: particles=80 iter=50 n_caps=17 minZ=0.019279 runtime=228.20s placement={0: 3, 1: 799, 6: 1580}
2026-03-25 06:30:03,160 INFO: particles=80 iter=50 n_caps=18 minZ=0.018626 runtime=233.30s placement={0: 22, 1: 799, 6: 2828, 7: 3}
2026-03-25 06:34:01,766 INFO: particles=80 iter=50 n_caps=19 minZ=0.019476 runtime=238.61s placement={0: 22, 1: 799, 6: 893, 7: 0, 5: 38}
2026-03-25 06:38:00,884 INFO: particles=80 iter=50 n_caps=20 minZ=0.019987 runtime=239.12s placement={0: 60, 1: 799, 6: 1012, 7: 0, 5: 22, 10: 38}
