2026-03-25 03:07:01,288 INFO: particles=80 iter=50 n_caps=1 minZ=0.080251 runtime=188.13s placement={0: 1014}
2026-03-25 03:10:12,798 INFO: particles=80 iter=50 n_caps=2 minZ=0.052175 runtime=191.51s placement={9: 1789, 0: 1014}
2026-03-25 03:13:25,535 INFO: particles=80 iter=50 n_caps=3 minZ=0.051993 runtime=192.74s placement={0: 1775, 9: 1012, 10: 434}
2026-03-25 03:16:43,847 INFO: particles=80 iter=50 n_caps=4 minZ=0.055396 runtime=198.31s placement={9: 1775, 10: 1012, 0: 434, 6: 0}
2026-03-25 03:20:01,819 INFO: particles=80 iter=50 n_caps=5 minZ=0.037939 runtime=197.97s placement={10: 1751, 0: 1464, 6: 433, 1: 0}
2026-03-25 03:23:22,133 INFO: particles=80 iter=50 n_caps=6 minZ=0.034376 runtime=200.31s placement={0: 1014, 5: 787, 1: 538}
2026-03-25 03:26:51,363 INFO: particles=80 iter=50 n_caps=7 minZ=0.029351 runtime=209.23s placement={5: 1942, 0: 0, 1: 325}
2026-03-25 03:30:15,393 INFO: particles=80 iter=50 n_caps=8 minZ=0.025689 runtime=204.03s placement={0: 981, 1: 744, 9: 0}
2026-03-25 03:33:46,475 INFO: particles=80 iter=50 n_caps=9 minZ=0.025417 runtime=211.08s placement={0: 0, 1: 749, 9: 1014}
2026-03-25 03:37:18,848 INFO: particles=80 iter=50 n_caps=10 minZ=0.025032 runtime=212.37s placement={0: 0, 1: 762, 9: 1012}
2026-03-25 03:40:50,651 INFO: particles=80 iter=50 n_caps=11 minZ=0.023167 runtime=211.80s placement={0: 0, 1: 762, 9: 1438}
2026-03-25 03:44:29,555 INFO: particles=80 iter=50 n_caps=12 minZ=0.023928 runtime=218.90s placement={0: 0, 1: 762, 9: 342}
2026-03-25 03:48:10,650 INFO: particles=80 iter=50 n_caps=13 minZ=0.023739 runtime=221.09s placement={0: 0, 9: 744, 1: 343}
2026-03-25 03:51:54,199 INFO: particles=80 iter=50 n_caps=14 minZ=0.022911 runtime=223.55s placement={9: 2046, 0: 0, 1: 339, 15: 0}
2026-03-25 03:55:38,872 INFO: particles=80 iter=50 n_caps=15 minZ=0.021526 runtime=224.67s placement={0: 1605, 1: 743, 15: 0, 10: 0}
2026-03-25 03:59:26,083 INFO: particles=80 iter=50 n_caps=16 minZ=0.021242 runtime=227.21s placement={0: 0, 1: 743, 15: 0, 10: 0}
2026-03-25 04:03:19,408 INFO: particles=80 iter=50 n_caps=17 minZ=0.020966 runtime=233.32s placement={0: 0, 1: 737, 15: 0, 10: 0}
2026-03-25 04:07:11,965 INFO: particles=80 iter=50 n_caps=18 minZ=0.020666 runtime=232.56s placement={0: 0, 1: 734, 15: 0, 10: 0, 7: 0}
2026-03-25 04:11:12,179 INFO: particles=80 iter=50 n_caps=19 minZ=0.019771 runtime=240.21s placement={0: 99, 1: 733, 15: 0, 10: 0, 7: 0}
2026-03-25 04:15:14,453 INFO: particles=80 iter=50 n_caps=20 minZ=0.020994 runtime=242.27s placement={0: 0, 1: 730, 15: 1005, 10: 0, 7: 0}
