2026-04-02 15:52:17,000 INFO: particles=20 iter=50 n_caps=1 minZ=0.085029 runtime=52.29s placement={0: 1317}
2026-04-02 15:53:15,362 INFO: particles=20 iter=50 n_caps=2 minZ=0.065912 runtime=58.36s placement={15: 1012, 0: 1376}
2026-04-02 15:54:16,455 INFO: particles=20 iter=50 n_caps=3 minZ=0.046984 runtime=61.09s placement={0: 1012, 9: 1297, 10: 2580}
2026-04-02 15:55:22,903 INFO: particles=20 iter=50 n_caps=4 minZ=0.059136 runtime=66.45s placement={9: 767, 10: 1296, 0: 2514, 6: 29}
2026-04-02 15:56:32,195 INFO: particles=20 iter=50 n_caps=5 minZ=0.054968 runtime=69.29s placement={10: 767, 0: 1296, 6: 2514, 7: 29, 9: 1509}
2026-04-02 15:57:43,880 INFO: particles=20 iter=50 n_caps=6 minZ=0.050745 runtime=71.68s placement={0: 767, 6: 1296, 7: 2514, 9: 29, 14: 1512, 10: 1804}
2026-04-02 15:58:58,163 INFO: particles=20 iter=50 n_caps=7 minZ=0.054625 runtime=74.28s placement={6: 585, 7: 1357, 0: 2667, 14: 0, 3: 898, 5: 925, 16: 0}
2026-04-02 16:00:16,160 INFO: particles=20 iter=50 n_caps=8 minZ=0.038327 runtime=78.00s placement={6: 588, 0: 1012, 14: 2566, 4: 0, 5: 932, 16: 946, 7: 0, 10: 821}
2026-04-02 16:01:39,950 INFO: particles=20 iter=50 n_caps=9 minZ=0.047779 runtime=83.79s placement={0: 588, 14: 1012, 4: 2566, 5: 1142, 16: 932, 6: 946, 10: 0, 7: 821}
2026-04-02 16:03:07,626 INFO: particles=20 iter=50 n_caps=10 minZ=0.036909 runtime=87.68s placement={0: 1127, 1: 1151, 18: 3347, 10: 770, 17: 6, 16: 898}
2026-04-02 16:04:37,887 INFO: particles=20 iter=50 n_caps=11 minZ=0.039814 runtime=90.26s placement={0: 0, 1: 1153, 18: 2621, 10: 3347, 17: 696, 16: 1123}
2026-04-02 16:06:08,527 INFO: particles=20 iter=50 n_caps=12 minZ=0.028392 runtime=90.64s placement={0: 1362, 1: 439, 13: 3035, 20: 3347, 3: 0, 7: 3347, 2: 260}
2026-04-02 16:07:44,872 INFO: particles=20 iter=50 n_caps=13 minZ=0.028203 runtime=96.34s placement={0: 0, 1: 1135, 13: 1074, 20: 3041, 2: 2389, 7: 0}
2026-04-02 16:09:21,924 INFO: particles=20 iter=50 n_caps=14 minZ=0.027761 runtime=97.05s placement={0: 0, 13: 1135, 20: 1074, 1: 3041, 2: 3347, 7: 2389, 15: 0}
2026-04-02 16:11:04,347 INFO: particles=20 iter=50 n_caps=15 minZ=0.028132 runtime=102.42s placement={13: 1084, 20: 1135, 0: 0, 1: 3041, 7: 3347, 15: 1263}
2026-04-02 16:12:47,874 INFO: particles=20 iter=50 n_caps=16 minZ=0.028004 runtime=103.53s placement={20: 1293, 0: 0, 1: 1075, 8: 3173, 15: 343, 18: 2190}
2026-04-02 16:15:02,281 INFO: particles=20 iter=50 n_caps=17 minZ=0.026309 runtime=134.41s placement={0: 3347, 1: 1161, 9: 1126, 15: 367, 18: 0}
2026-04-02 16:17:22,194 INFO: particles=20 iter=50 n_caps=18 minZ=0.024240 runtime=139.91s placement={1: 1031, 9: 1161, 0: 0, 15: 954, 18: 0, 20: 3347}
2026-04-02 16:19:46,786 INFO: particles=20 iter=50 n_caps=19 minZ=0.023365 runtime=144.59s placement={9: 1036, 0: 301, 1: 1155, 15: 3347, 18: 0, 20: 2490}
2026-04-02 16:22:19,382 INFO: particles=20 iter=50 n_caps=20 minZ=0.024304 runtime=152.59s placement={0: 434, 1: 1249, 15: 0, 18: 797, 20: 0}
