2026-03-31 16:28:14,304 INFO: particles=30 iter=25 n_caps=1 minZ=0.071104 runtime=21.54s placement={0: 1318}
2026-03-31 16:28:55,175 INFO: particles=30 iter=25 n_caps=2 minZ=0.057319 runtime=40.87s placement={14: 1229, 0: 1479}
2026-03-31 16:29:58,658 INFO: particles=30 iter=25 n_caps=3 minZ=0.044004 runtime=63.48s placement={0: 1014, 7: 1493, 14: 2232}
2026-03-31 16:31:16,615 INFO: particles=30 iter=25 n_caps=4 minZ=0.050969 runtime=77.96s placement={4: 1556, 14: 2302, 0: 989, 16: 11}
2026-03-31 16:32:59,373 INFO: particles=30 iter=25 n_caps=5 minZ=0.041637 runtime=102.76s placement={18: 1487, 5: 1654, 0: 1012, 1: 559, 10: 1321}
2026-03-31 16:34:56,365 INFO: particles=30 iter=25 n_caps=6 minZ=0.031661 runtime=116.99s placement={0: 1494, 1: 1511, 10: 586, 16: 3347}
2026-03-31 16:37:07,468 INFO: particles=30 iter=25 n_caps=7 minZ=0.032768 runtime=131.10s placement={0: 0, 1: 1413, 10: 1014, 16: 1492}
2026-03-31 16:39:36,146 INFO: particles=30 iter=25 n_caps=8 minZ=0.034732 runtime=148.68s placement={0: 4, 10: 1370, 1: 929, 15: 893}
2026-03-31 16:42:18,857 INFO: particles=30 iter=25 n_caps=9 minZ=0.029364 runtime=162.71s placement={10: 1002, 0: 3, 13: 1300, 1: 885}
2026-03-31 16:45:20,651 INFO: particles=30 iter=25 n_caps=10 minZ=0.026656 runtime=181.79s placement={0: 1781, 13: 1478, 1: 1432, 14: 2}
2026-03-31 16:48:41,839 INFO: particles=30 iter=25 n_caps=11 minZ=0.025215 runtime=201.19s placement={15: 989, 0: 1734, 1: 166, 2: 573}
2026-03-31 16:52:21,934 INFO: particles=30 iter=25 n_caps=12 minZ=0.023824 runtime=220.09s placement={0: 1364, 1: 3040, 16: 389, 3: 3308}
2026-03-31 16:56:17,583 INFO: particles=30 iter=25 n_caps=13 minZ=0.022705 runtime=235.65s placement={0: 1299, 1: 2694, 13: 1379, 14: 3347}
2026-03-31 17:00:32,095 INFO: particles=30 iter=25 n_caps=14 minZ=0.023058 runtime=254.51s placement={0: 0, 1: 2694, 13: 1331, 14: 297}
2026-03-31 17:05:05,990 INFO: particles=30 iter=25 n_caps=15 minZ=0.022895 runtime=273.89s placement={0: 0, 1: 2694, 13: 980, 14: 1379}
2026-03-31 17:09:59,641 INFO: particles=30 iter=25 n_caps=16 minZ=0.020426 runtime=293.65s placement={0: 0, 1: 2695, 12: 3347, 13: 1292, 14: 0, 7: 0}
2026-03-31 17:15:20,920 INFO: particles=30 iter=25 n_caps=17 minZ=0.021022 runtime=321.28s placement={0: 0, 1: 2695, 12: 1265, 13: 868, 14: 0, 7: 0}
2026-03-31 17:21:04,656 INFO: particles=30 iter=25 n_caps=18 minZ=0.020795 runtime=343.74s placement={0: 0, 1: 2695, 12: 1663, 13: 3347, 14: 1300, 7: 0}
2026-03-31 17:26:52,701 INFO: particles=30 iter=25 n_caps=19 minZ=0.020892 runtime=348.04s placement={0: 0, 1: 2695, 12: 1174, 13: 1265, 14: 3347, 7: 1300, 15: 0}
2026-03-31 17:32:57,842 INFO: particles=30 iter=25 n_caps=20 minZ=0.021820 runtime=365.14s placement={0: 0, 1: 2485, 13: 27, 14: 1499, 12: 983, 5: 3347}
