2026-03-16 12:38:49,229 INFO: particles=20 iter=10 n_caps=1 minZ=0.108919 runtime=9.84s placement={15: 1008}
2026-03-16 12:38:59,178 INFO: particles=20 iter=10 n_caps=2 minZ=0.056892 runtime=9.95s placement={0: 1014, 16: 2355}
2026-03-16 12:39:09,224 INFO: particles=20 iter=10 n_caps=3 minZ=0.074709 runtime=10.04s placement={16: 1014, 0: 2355, 7: 0}
2026-03-16 12:39:19,097 INFO: particles=20 iter=10 n_caps=4 minZ=0.052857 runtime=9.87s placement={0: 1014, 7: 2355, 5: 0, 9: 2743}
2026-03-16 12:39:29,541 INFO: particles=20 iter=10 n_caps=5 minZ=0.062906 runtime=10.44s placement={7: 2777, 0: 978, 20: 1108, 1: 486}
2026-03-16 12:39:40,014 INFO: particles=20 iter=10 n_caps=6 minZ=0.041401 runtime=10.47s placement={0: 1014, 14: 2050, 6: 987, 1: 1840}
2026-03-16 12:39:50,595 INFO: particles=20 iter=10 n_caps=7 minZ=0.044526 runtime=10.58s placement={15: 773, 5: 2064, 0: 1507, 1: 1885, 8: 1194, 6: 137}
2026-03-16 12:40:01,155 INFO: particles=20 iter=10 n_caps=8 minZ=0.054383 runtime=10.56s placement={7: 685, 0: 1873, 15: 978, 9: 2619, 8: 1133, 6: 1123, 10: 0}
2026-03-16 12:40:11,858 INFO: particles=20 iter=10 n_caps=9 minZ=0.042943 runtime=10.70s placement={0: 1311, 15: 1873, 9: 0, 7: 2350, 8: 1133, 10: 1123, 1: 2619}
2026-03-16 12:40:22,786 INFO: particles=20 iter=10 n_caps=10 minZ=0.044463 runtime=10.93s placement={5: 962, 9: 1562, 7: 0, 6: 523, 12: 1064, 0: 3257, 1: 194, 10: 2031}
2026-03-16 12:40:33,523 INFO: particles=20 iter=10 n_caps=11 minZ=0.036728 runtime=10.74s placement={3: 1115, 6: 2273, 5: 1785, 16: 333, 0: 0, 1: 1193, 9: 113, 7: 1731, 4: 1529}
2026-03-16 12:40:44,368 INFO: particles=20 iter=10 n_caps=12 minZ=0.041183 runtime=10.84s placement={7: 1060, 0: 447, 17: 2147, 1: 368, 13: 1085, 9: 2361, 4: 0}
2026-03-16 12:40:55,479 INFO: particles=20 iter=10 n_caps=13 minZ=0.035912 runtime=11.11s placement={0: 0, 17: 1726, 1: 2117, 18: 1056, 11: 0, 4: 1915, 15: 514, 9: 1329}
2026-03-16 12:41:06,829 INFO: particles=20 iter=10 n_caps=14 minZ=0.032821 runtime=11.35s placement={18: 945, 0: 1344, 1: 2137, 17: 723, 13: 863, 16: 0, 9: 791, 10: 0}
2026-03-16 12:41:18,191 INFO: particles=20 iter=10 n_caps=15 minZ=0.033863 runtime=11.36s placement={0: 1070, 1: 1857, 18: 2165, 6: 656, 13: 410, 17: 715, 9: 0, 7: 1302, 15: 0, 14: 3081}
2026-03-16 12:41:29,698 INFO: particles=20 iter=10 n_caps=16 minZ=0.037011 runtime=11.51s placement={0: 0, 18: 1770, 3: 3309, 12: 359, 1: 249, 19: 1065, 9: 0, 5: 1080, 20: 2262, 13: 0}
2026-03-16 12:41:41,416 INFO: particles=20 iter=10 n_caps=17 minZ=0.033142 runtime=11.72s placement={1: 0, 0: 1872, 20: 1464, 14: 2498, 18: 0, 9: 3347}
2026-03-16 12:41:53,269 INFO: particles=20 iter=10 n_caps=18 minZ=0.028320 runtime=11.85s placement={0: 456, 20: 861, 1: 1064, 15: 0, 18: 253, 8: 2223, 7: 3347, 10: 2051, 17: 289}
2026-03-16 12:42:05,229 INFO: particles=20 iter=10 n_caps=19 minZ=0.028384 runtime=11.96s placement={20: 201, 0: 289, 15: 1064, 1: 0, 18: 486, 8: 0, 7: 2223, 10: 456, 17: 2051, 6: 71}
2026-03-16 12:42:17,108 INFO: particles=20 iter=10 n_caps=20 minZ=0.026172 runtime=11.88s placement={0: 3347, 15: 840, 1: 1065, 18: 1855, 7: 261, 8: 0, 9: 724, 17: 337, 5: 171}
