2026-03-25 17:23:20,531 INFO: particles=20 iter=25 n_caps=1 minZ=0.085029 runtime=11.53s placement={0: 1316}
2026-03-25 17:23:32,408 INFO: particles=20 iter=25 n_caps=2 minZ=0.072533 runtime=11.88s placement={0: 1752, 9: 753}
2026-03-25 17:23:44,689 INFO: particles=20 iter=25 n_caps=3 minZ=0.051228 runtime=12.28s placement={10: 1986, 0: 1014, 9: 1232}
2026-03-25 17:23:57,223 INFO: particles=20 iter=25 n_caps=4 minZ=0.058891 runtime=12.53s placement={0: 1808, 9: 1014, 1: 1232}
2026-03-25 17:24:11,929 INFO: particles=20 iter=25 n_caps=5 minZ=0.055374 runtime=14.71s placement={0: 587, 1: 1102, 9: 1647, 15: 678}
2026-03-25 17:24:25,137 INFO: particles=20 iter=25 n_caps=6 minZ=0.049468 runtime=13.21s placement={0: 767, 1: 1274, 10: 590, 16: 1626, 9: 61}
2026-03-25 17:24:38,709 INFO: particles=20 iter=25 n_caps=7 minZ=0.047928 runtime=13.57s placement={0: 483, 6: 1162, 2: 338, 1: 3347, 7: 891, 5: 268}
2026-03-25 17:24:52,524 INFO: particles=20 iter=25 n_caps=8 minZ=0.037994 runtime=13.81s placement={6: 1883, 0: 982, 1: 164, 5: 1522, 7: 520, 14: 149, 13: 0}
2026-03-25 17:25:06,718 INFO: particles=20 iter=25 n_caps=9 minZ=0.033984 runtime=14.19s placement={0: 1014, 1: 1716, 14: 1096, 15: 396, 7: 1}
2026-03-25 17:25:21,104 INFO: particles=20 iter=25 n_caps=10 minZ=0.030331 runtime=14.38s placement={0: 0, 1: 1733, 15: 772, 14: 899, 7: 398}
2026-03-25 17:25:35,778 INFO: particles=20 iter=25 n_caps=11 minZ=0.032547 runtime=14.67s placement={0: 0, 15: 1733, 1: 772, 14: 1084, 7: 899, 16: 0}
2026-03-25 17:25:51,329 INFO: particles=20 iter=25 n_caps=12 minZ=0.031324 runtime=15.55s placement={0: 69, 1: 1809, 15: 736, 9: 1282, 16: 1114}
2026-03-25 17:26:06,636 INFO: particles=20 iter=25 n_caps=13 minZ=0.029918 runtime=15.31s placement={0: 106, 15: 1809, 9: 736, 1: 1282, 16: 103, 7: 69, 10: 126}
2026-03-25 17:26:22,206 INFO: particles=20 iter=25 n_caps=14 minZ=0.029618 runtime=15.57s placement={15: 1246, 9: 1809, 0: 0, 1: 1282, 16: 35, 7: 106, 10: 69}
2026-03-25 17:26:38,252 INFO: particles=20 iter=25 n_caps=15 minZ=0.028752 runtime=16.05s placement={16: 1710, 0: 81, 1: 630, 19: 0, 10: 0, 12: 0, 14: 2767}
2026-03-25 17:26:54,464 INFO: particles=20 iter=25 n_caps=16 minZ=0.030227 runtime=16.21s placement={0: 2772, 1: 1788, 19: 1352, 10: 1014, 12: 57, 18: 0, 9: 2814}
2026-03-25 17:27:10,963 INFO: particles=20 iter=25 n_caps=17 minZ=0.025300 runtime=16.50s placement={0: 0, 1: 1788, 19: 1531, 10: 115, 12: 2, 18: 57, 9: 0}
2026-03-25 17:27:27,767 INFO: particles=20 iter=25 n_caps=18 minZ=0.025791 runtime=16.80s placement={0: 0, 1: 1788, 19: 618, 10: 29, 12: 178, 18: 2, 9: 57, 7: 0}
2026-03-25 17:27:44,876 INFO: particles=20 iter=25 n_caps=19 minZ=0.027319 runtime=17.11s placement={0: 0, 19: 1788, 1: 618, 10: 0, 12: 334, 18: 178, 9: 2, 7: 0}
2026-03-25 17:28:02,355 INFO: particles=20 iter=25 n_caps=20 minZ=0.025578 runtime=17.48s placement={19: 2383, 1: 2213, 0: 33, 14: 1825, 9: 1560, 18: 570, 6: 373, 8: 2855}
