2026-03-19 18:08:25,030 INFO: particles=20 iter=15 n_caps=1 minZ=0.108016 runtime=12.74s placement={16: 997}
2026-03-19 18:08:38,049 INFO: particles=20 iter=15 n_caps=2 minZ=0.057817 runtime=13.02s placement={0: 1014, 6: 2696}
2026-03-19 18:08:51,330 INFO: particles=20 iter=15 n_caps=3 minZ=0.065612 runtime=13.28s placement={0: 1943, 14: 783, 5: 875}
2026-03-19 18:09:04,837 INFO: particles=20 iter=15 n_caps=4 minZ=0.058867 runtime=13.51s placement={14: 2518, 6: 735, 0: 979, 5: 524}
2026-03-19 18:09:18,592 INFO: particles=20 iter=15 n_caps=5 minZ=0.054517 runtime=13.76s placement={6: 2518, 0: 735, 5: 979, 7: 524, 9: 2417}
2026-03-19 18:09:32,651 INFO: particles=20 iter=15 n_caps=6 minZ=0.047447 runtime=14.06s placement={0: 1129, 5: 735, 7: 979, 9: 524, 1: 2417}
2026-03-19 18:09:46,920 INFO: particles=20 iter=15 n_caps=7 minZ=0.048342 runtime=14.27s placement={5: 2518, 7: 735, 9: 979, 0: 0, 1: 2417}
2026-03-19 18:10:01,452 INFO: particles=20 iter=15 n_caps=8 minZ=0.035617 runtime=14.53s placement={7: 1604, 9: 508, 0: 1196, 1: 497, 6: 0}
2026-03-19 18:10:16,307 INFO: particles=20 iter=15 n_caps=9 minZ=0.035542 runtime=14.85s placement={7: 2163, 0: 1012, 1: 525, 6: 1465, 14: 1843}
2026-03-19 18:10:31,299 INFO: particles=20 iter=15 n_caps=10 minZ=0.035750 runtime=14.99s placement={0: 599, 1: 573, 6: 2320, 14: 1111, 19: 1712, 7: 766}
2026-03-19 18:10:46,557 INFO: particles=20 iter=15 n_caps=11 minZ=0.036478 runtime=15.26s placement={0: 0, 1: 573, 6: 1025, 14: 599, 19: 1111, 7: 1712, 9: 766}
2026-03-19 18:11:02,064 INFO: particles=20 iter=15 n_caps=12 minZ=0.032171 runtime=15.51s placement={0: 0, 1: 580, 9: 534, 14: 736, 20: 619, 6: 520, 8: 1146}
2026-03-19 18:11:17,865 INFO: particles=20 iter=15 n_caps=13 minZ=0.031292 runtime=15.80s placement={0: 509, 9: 580, 1: 534, 14: 2504, 20: 736, 6: 619, 8: 520, 7: 0, 15: 0}
2026-03-19 18:11:33,911 INFO: particles=20 iter=15 n_caps=14 minZ=0.034005 runtime=16.05s placement={9: 2180, 0: 0, 1: 534, 14: 1677, 20: 2504, 6: 736, 8: 619, 7: 509, 15: 0}
2026-03-19 18:11:50,217 INFO: particles=20 iter=15 n_caps=15 minZ=0.031319 runtime=16.31s placement={0: 0, 1: 381, 15: 184, 20: 1099, 7: 124, 3: 1160, 16: 229, 4: 389, 14: 766}
2026-03-19 18:12:06,840 INFO: particles=20 iter=15 n_caps=16 minZ=0.030159 runtime=16.62s placement={14: 619, 15: 1792, 6: 2419, 0: 1257, 7: 1979, 1: 0, 17: 253, 5: 455, 13: 1410, 4: 700}
2026-03-19 18:12:23,701 INFO: particles=20 iter=15 n_caps=17 minZ=0.029555 runtime=16.86s placement={14: 241, 7: 1865, 0: 1292, 6: 1101, 1: 1101, 16: 475, 8: 0, 15: 554, 4: 1592, 20: 2156}
2026-03-19 18:12:40,716 INFO: particles=20 iter=15 n_caps=18 minZ=0.026620 runtime=17.01s placement={7: 1275, 0: 1667, 10: 3347, 1: 1030, 13: 1293, 9: 768, 15: 322, 14: 1170, 16: 1238, 11: 1306}
2026-03-19 18:12:57,837 INFO: particles=20 iter=15 n_caps=19 minZ=0.024748 runtime=17.12s placement={0: 1179, 10: 1676, 1: 3347, 13: 1832, 9: 1397, 15: 768, 14: 1297, 16: 1170, 11: 1667}
2026-03-19 18:13:15,301 INFO: particles=20 iter=15 n_caps=20 minZ=0.024353 runtime=17.46s placement={10: 1671, 0: 0, 1: 3347, 12: 985, 7: 0, 15: 1309, 14: 1057, 16: 1163, 17: 1297, 20: 1171}
