2026-03-23 16:52:04,917 INFO: particles=30 iter=50 n_caps=1 minZ=0.087365 runtime=39.53s placement={9: 1012}
2026-03-23 16:52:45,995 INFO: particles=30 iter=50 n_caps=2 minZ=0.052018 runtime=41.08s placement={0: 1014, 9: 1485}
2026-03-23 16:53:27,809 INFO: particles=30 iter=50 n_caps=3 minZ=0.060698 runtime=41.81s placement={9: 1014, 0: 1487, 7: 0}
2026-03-23 16:54:11,059 INFO: particles=30 iter=50 n_caps=4 minZ=0.045932 runtime=43.25s placement={0: 1012, 7: 1477, 15: 0, 9: 1530}
2026-03-23 16:54:55,625 INFO: particles=30 iter=50 n_caps=5 minZ=0.055414 runtime=44.57s placement={6: 1152, 14: 1182, 11: 0, 0: 1303, 15: 745}
2026-03-23 16:55:41,033 INFO: particles=30 iter=50 n_caps=6 minZ=0.048857 runtime=45.41s placement={14: 1024, 10: 1012, 0: 2230, 15: 1079, 5: 512, 6: 874}
2026-03-23 16:56:27,087 INFO: particles=30 iter=50 n_caps=7 minZ=0.037565 runtime=46.05s placement={10: 1024, 0: 1012, 14: 2227, 5: 1176, 6: 502, 9: 922, 15: 2454}
2026-03-23 16:57:14,581 INFO: particles=30 iter=50 n_caps=8 minZ=0.034994 runtime=47.49s placement={0: 1774, 16: 1565, 5: 2229, 9: 606, 6: 501, 14: 986, 1: 2611}
2026-03-23 16:58:03,337 INFO: particles=30 iter=50 n_caps=9 minZ=0.033305 runtime=48.76s placement={16: 666, 5: 616, 0: 0, 6: 481, 1: 506}
2026-03-23 16:58:52,731 INFO: particles=30 iter=50 n_caps=10 minZ=0.030551 runtime=49.39s placement={5: 680, 0: 2695, 13: 1015, 1: 338}
2026-03-23 16:59:43,104 INFO: particles=30 iter=50 n_caps=11 minZ=0.025888 runtime=50.37s placement={0: 0, 13: 576, 1: 734, 11: 2707, 6: 935}
2026-03-23 17:00:34,929 INFO: particles=30 iter=50 n_caps=12 minZ=0.024735 runtime=51.82s placement={14: 1026, 0: 0, 1: 529, 11: 0, 6: 2585}
2026-03-23 17:01:27,419 INFO: particles=30 iter=50 n_caps=13 minZ=0.025729 runtime=52.49s placement={0: 2471, 1: 609, 11: 1492, 6: 0}
2026-03-23 17:02:21,330 INFO: particles=30 iter=50 n_caps=14 minZ=0.024535 runtime=53.91s placement={0: 0, 1: 825, 14: 2065, 6: 1588}
2026-03-23 17:03:16,780 INFO: particles=30 iter=50 n_caps=15 minZ=0.024142 runtime=55.45s placement={0: 0, 1: 825, 14: 795, 6: 2065}
2026-03-23 17:04:11,853 INFO: particles=30 iter=50 n_caps=16 minZ=0.024418 runtime=55.07s placement={0: 0, 1: 825, 14: 463, 6: 795, 10: 0}
2026-03-23 17:05:07,923 INFO: particles=30 iter=50 n_caps=17 minZ=0.024321 runtime=56.07s placement={0: 1, 1: 825, 14: 451, 6: 395, 11: 0}
2026-03-23 17:06:05,970 INFO: particles=30 iter=50 n_caps=18 minZ=0.023498 runtime=58.05s placement={0: 0, 1: 856, 14: 434, 6: 460, 12: 0}
2026-03-23 17:07:04,620 INFO: particles=30 iter=50 n_caps=19 minZ=0.022454 runtime=58.65s placement={0: 0, 14: 856, 6: 433, 1: 459, 12: 2493}
2026-03-23 17:08:04,135 INFO: particles=30 iter=50 n_caps=20 minZ=0.024216 runtime=59.51s placement={15: 745, 6: 807, 0: 0, 1: 490, 12: 0, 7: 0}
