2026-03-17 01:57:08,646 INFO: particles=20 iter=50 n_caps=1 minZ=0.085029 runtime=47.47s placement={0: 1317}
2026-03-17 01:57:56,826 INFO: particles=20 iter=50 n_caps=2 minZ=0.067716 runtime=48.18s placement={0: 1296, 10: 893}
2026-03-17 01:58:45,558 INFO: particles=20 iter=50 n_caps=3 minZ=0.051173 runtime=48.73s placement={9: 1695, 0: 1012, 7: 0}
2026-03-17 01:59:35,715 INFO: particles=20 iter=50 n_caps=4 minZ=0.052074 runtime=50.16s placement={0: 1012, 4: 770, 15: 160, 10: 1810}
2026-03-17 02:00:25,643 INFO: particles=20 iter=50 n_caps=5 minZ=0.048994 runtime=49.93s placement={0: 1014, 7: 3297, 6: 976, 14: 3320, 20: 2129}
2026-03-17 02:01:16,693 INFO: particles=20 iter=50 n_caps=6 minZ=0.055201 runtime=51.05s placement={5: 2580, 6: 3155, 17: 2131, 7: 1046, 0: 2121, 15: 510}
2026-03-17 02:02:08,185 INFO: particles=20 iter=50 n_caps=7 minZ=0.040623 runtime=51.49s placement={5: 2590, 17: 3177, 6: 2532, 0: 1014, 15: 2121, 10: 600, 9: 966}
2026-03-17 02:03:00,657 INFO: particles=20 iter=50 n_caps=8 minZ=0.039183 runtime=52.47s placement={14: 2626, 1: 3124, 0: 1012, 11: 782, 10: 1663, 9: 0, 15: 1006}
2026-03-17 02:03:53,715 INFO: particles=20 iter=50 n_caps=9 minZ=0.040720 runtime=53.06s placement={0: 1012, 1: 3205, 11: 2396, 7: 217, 12: 782, 14: 0, 15: 1343, 19: 2278}
2026-03-17 02:04:47,478 INFO: particles=20 iter=50 n_caps=10 minZ=0.032108 runtime=53.76s placement={0: 2721, 20: 2645, 1: 3342, 14: 1363, 15: 343}
2026-03-17 02:05:41,180 INFO: particles=20 iter=50 n_caps=11 minZ=0.026461 runtime=53.70s placement={20: 1803, 0: 344, 1: 3346, 15: 2321, 14: 2552, 6: 0}
2026-03-17 02:06:35,698 INFO: particles=20 iter=50 n_caps=12 minZ=0.029876 runtime=54.52s placement={0: 3347, 1: 723, 15: 3346, 14: 1812, 6: 314}
2026-03-17 02:07:30,722 INFO: particles=20 iter=50 n_caps=13 minZ=0.028366 runtime=55.02s placement={0: 13, 15: 748, 1: 3346, 14: 1189, 6: 2235}
2026-03-17 02:08:27,219 INFO: particles=20 iter=50 n_caps=14 minZ=0.026195 runtime=56.50s placement={15: 579, 0: 233, 1: 3347, 6: 390}
2026-03-17 02:09:24,902 INFO: particles=20 iter=50 n_caps=15 minZ=0.022629 runtime=57.68s placement={0: 2947, 1: 1314, 7: 1523}
2026-03-17 02:10:22,372 INFO: particles=20 iter=50 n_caps=16 minZ=0.021748 runtime=57.47s placement={0: 0, 1: 1313, 7: 140}
2026-03-17 02:11:20,389 INFO: particles=20 iter=50 n_caps=17 minZ=0.020462 runtime=58.02s placement={0: 0, 1: 1306, 7: 980}
2026-03-17 02:12:20,027 INFO: particles=20 iter=50 n_caps=18 minZ=0.020754 runtime=59.64s placement={0: 0, 1: 1278, 7: 1016}
2026-03-17 02:13:19,210 INFO: particles=20 iter=50 n_caps=19 minZ=0.020398 runtime=59.18s placement={0: 0, 1: 1278, 7: 3347}
2026-03-17 02:14:19,525 INFO: particles=20 iter=50 n_caps=20 minZ=0.020135 runtime=60.31s placement={0: 0, 7: 1278, 1: 3347}
