2026-04-01 21:25:06,403 INFO: particles=20 iter=15 n_caps=1 minZ=0.114529 runtime=17.44s placement={9: 1316}
2026-04-01 21:25:24,423 INFO: particles=20 iter=15 n_caps=2 minZ=0.084468 runtime=18.02s placement={9: 1101, 10: 1493}
2026-04-01 21:25:40,331 INFO: particles=20 iter=15 n_caps=3 minZ=0.063169 runtime=15.91s placement={9: 1363, 7: 1324, 0: 977}
2026-04-01 21:25:54,801 INFO: particles=20 iter=15 n_caps=4 minZ=0.059650 runtime=14.47s placement={7: 1358, 0: 1317, 9: 700, 10: 1852}
2026-04-01 21:26:12,081 INFO: particles=20 iter=15 n_caps=5 minZ=0.048064 runtime=17.28s placement={0: 1012, 9: 1700, 3: 1683, 16: 1669, 5: 1193}
2026-04-01 21:26:31,108 INFO: particles=20 iter=15 n_caps=6 minZ=0.048918 runtime=19.03s placement={7: 1269, 0: 1499, 1: 2605, 11: 2434}
2026-04-01 21:26:50,171 INFO: particles=20 iter=15 n_caps=7 minZ=0.038989 runtime=19.06s placement={0: 1200, 1: 1014, 11: 2483, 8: 2760}
2026-04-01 21:27:07,718 INFO: particles=20 iter=15 n_caps=8 minZ=0.032218 runtime=17.55s placement={0: 767, 14: 860, 1: 3114, 8: 1003}
2026-04-01 21:27:24,029 INFO: particles=20 iter=15 n_caps=9 minZ=0.035613 runtime=16.31s placement={14: 1019, 0: 1012, 1: 3123, 5: 186, 16: 0}
2026-04-01 21:27:40,620 INFO: particles=20 iter=15 n_caps=10 minZ=0.034531 runtime=16.59s placement={0: 2231, 16: 1028, 4: 3347, 1: 0, 17: 1034, 6: 0}
2026-04-01 21:28:01,419 INFO: particles=20 iter=15 n_caps=11 minZ=0.032675 runtime=20.80s placement={17: 892, 5: 552, 0: 3347, 1: 1086, 4: 740, 14: 396, 16: 712}
2026-04-01 21:28:23,058 INFO: particles=20 iter=15 n_caps=12 minZ=0.029813 runtime=21.64s placement={5: 892, 0: 712, 1: 2776, 4: 1537, 14: 740, 16: 3347, 9: 2952}
2026-04-01 21:28:44,652 INFO: particles=20 iter=15 n_caps=13 minZ=0.027795 runtime=21.59s placement={0: 890, 1: 552, 4: 1086, 14: 1537, 16: 523, 9: 712, 20: 2952}
2026-04-01 21:29:06,468 INFO: particles=20 iter=15 n_caps=14 minZ=0.029276 runtime=21.81s placement={0: 93, 1: 552, 4: 2776, 14: 1086, 16: 1012, 9: 3347, 20: 712}
2026-04-01 21:29:28,496 INFO: particles=20 iter=15 n_caps=15 minZ=0.026183 runtime=22.03s placement={0: 0, 4: 552, 14: 2776, 1: 1086, 16: 396, 9: 523, 20: 3347, 10: 93}
2026-04-01 21:29:50,851 INFO: particles=20 iter=15 n_caps=16 minZ=0.031444 runtime=22.35s placement={0: 0, 14: 0, 1: 2600, 15: 551, 7: 1143, 16: 562, 8: 1277, 6: 0}
2026-04-01 21:30:10,978 INFO: particles=20 iter=15 n_caps=17 minZ=0.027306 runtime=20.13s placement={17: 3012, 0: 0, 1: 1031, 19: 1726, 9: 0, 10: 878, 2: 2668, 6: 2674, 11: 0}
2026-04-01 21:30:30,425 INFO: particles=20 iter=15 n_caps=18 minZ=0.027280 runtime=19.45s placement={0: 686, 1: 299, 19: 1448, 10: 615, 7: 0, 2: 823, 11: 1103, 9: 3247}
2026-04-01 21:30:49,822 INFO: particles=20 iter=15 n_caps=19 minZ=0.030323 runtime=19.40s placement={0: 0, 1: 367, 19: 1206, 11: 3299, 7: 611, 2: 2684, 10: 855, 9: 813, 20: 3259}
2026-04-01 21:31:09,410 INFO: particles=20 iter=15 n_caps=20 minZ=0.027738 runtime=19.59s placement={0: 3075, 19: 287, 1: 0, 16: 1257, 7: 3314, 2: 1532, 6: 2653, 9: 0, 20: 66, 18: 0, 5: 0}
