2026-03-21 11:58:46,279 INFO: particles=50 iter=15 n_caps=1 minZ=0.089878 runtime=32.58s placement={10: 1014}
2026-03-21 11:59:19,384 INFO: particles=50 iter=15 n_caps=2 minZ=0.055520 runtime=33.11s placement={0: 1014, 10: 1811}
2026-03-21 11:59:53,244 INFO: particles=50 iter=15 n_caps=3 minZ=0.063364 runtime=33.86s placement={9: 1012, 0: 1810, 7: 0}
2026-03-21 12:00:27,719 INFO: particles=50 iter=15 n_caps=4 minZ=0.049521 runtime=34.47s placement={0: 1012, 7: 1810, 10: 0, 15: 1603}
2026-03-21 12:01:02,795 INFO: particles=50 iter=15 n_caps=5 minZ=0.054912 runtime=35.08s placement={6: 439, 15: 1673, 5: 503, 0: 1631, 7: 605}
2026-03-21 12:01:38,492 INFO: particles=50 iter=15 n_caps=6 minZ=0.051954 runtime=35.70s placement={15: 617, 0: 1658, 6: 459, 5: 1666, 16: 588, 10: 973}
2026-03-21 12:02:14,758 INFO: particles=50 iter=15 n_caps=7 minZ=0.046874 runtime=36.27s placement={0: 617, 6: 1658, 5: 459, 15: 1666, 10: 588, 14: 973, 9: 2551}
2026-03-21 12:02:51,689 INFO: particles=50 iter=15 n_caps=8 minZ=0.039668 runtime=36.93s placement={0: 1941, 8: 1672, 10: 810, 9: 1688, 1: 921, 5: 1980}
2026-03-21 12:03:29,187 INFO: particles=50 iter=15 n_caps=9 minZ=0.036559 runtime=37.50s placement={11: 871, 10: 1590, 14: 810, 1: 1650, 5: 788, 0: 0}
2026-03-21 12:04:07,325 INFO: particles=50 iter=15 n_caps=10 minZ=0.030498 runtime=38.14s placement={10: 588, 14: 1406, 0: 1993, 6: 1515, 1: 928}
2026-03-21 12:04:46,002 INFO: particles=50 iter=15 n_caps=11 minZ=0.029937 runtime=38.68s placement={14: 588, 0: 1993, 6: 437, 1: 1515, 15: 1691}
2026-03-21 12:05:25,326 INFO: particles=50 iter=15 n_caps=12 minZ=0.027770 runtime=39.32s placement={0: 2975, 8: 1385, 1: 473, 13: 1790}
2026-03-21 12:06:05,389 INFO: particles=50 iter=15 n_caps=13 minZ=0.028289 runtime=40.06s placement={7: 489, 0: 190, 1: 790, 14: 0, 2: 3035}
2026-03-21 12:06:45,935 INFO: particles=50 iter=15 n_caps=14 minZ=0.025698 runtime=40.55s placement={0: 1186, 1: 3221, 14: 3347, 11: 203}
2026-03-21 12:07:26,884 INFO: particles=50 iter=15 n_caps=15 minZ=0.025854 runtime=40.95s placement={0: 0, 1: 3221, 14: 837, 11: 3252}
2026-03-21 12:08:08,470 INFO: particles=50 iter=15 n_caps=16 minZ=0.025989 runtime=41.58s placement={0: 0, 1: 3294, 12: 2323, 10: 1440}
2026-03-21 12:08:50,704 INFO: particles=50 iter=15 n_caps=17 minZ=0.026332 runtime=42.23s placement={0: 0, 1: 3294, 12: 1388, 10: 1718}
2026-03-21 12:09:33,557 INFO: particles=50 iter=15 n_caps=18 minZ=0.026805 runtime=42.85s placement={0: 0, 1: 3294, 12: 1170, 10: 0, 6: 0, 7: 0}
2026-03-21 12:10:17,024 INFO: particles=50 iter=15 n_caps=19 minZ=0.026440 runtime=43.47s placement={0: 0, 1: 3347, 12: 867, 8: 3347, 6: 0, 9: 0, 17: 0, 4: 0}
2026-03-21 12:11:01,211 INFO: particles=50 iter=15 n_caps=20 minZ=0.026264 runtime=44.19s placement={0: 1280, 12: 3347, 1: 867, 8: 3046, 6: 0, 9: 0, 17: 0, 4: 0, 7: 38}
