2026-03-20 08:16:28,751 INFO: particles=30 iter=10 n_caps=1 minZ=0.114405 runtime=12.65s placement={9: 1301}
2026-03-20 08:16:41,683 INFO: particles=30 iter=10 n_caps=2 minZ=0.074520 runtime=12.93s placement={0: 1225, 7: 1169}
2026-03-20 08:16:54,929 INFO: particles=30 iter=10 n_caps=3 minZ=0.070636 runtime=13.25s placement={9: 840, 0: 1517, 16: 0}
2026-03-20 08:17:08,401 INFO: particles=30 iter=10 n_caps=4 minZ=0.070000 runtime=13.47s placement={0: 840, 16: 1517, 7: 0, 10: 1667}
2026-03-20 08:17:22,142 INFO: particles=30 iter=10 n_caps=5 minZ=0.055289 runtime=13.74s placement={15: 565, 0: 1303, 2: 0, 14: 1012, 4: 1009}
2026-03-20 08:17:36,183 INFO: particles=30 iter=10 n_caps=6 minZ=0.045938 runtime=14.04s placement={20: 632, 10: 1375, 0: 1014, 14: 1521, 19: 1127, 17: 0}
2026-03-20 08:17:50,380 INFO: particles=30 iter=10 n_caps=7 minZ=0.052559 runtime=14.20s placement={10: 585, 0: 1569, 14: 1182, 20: 1353, 16: 1012, 11: 0, 2: 3347}
2026-03-20 08:18:04,840 INFO: particles=30 iter=10 n_caps=8 minZ=0.057115 runtime=14.46s placement={7: 837, 10: 1568, 5: 1046, 16: 0, 0: 811, 2: 1807, 11: 3062, 4: 1772}
2026-03-20 08:18:19,583 INFO: particles=30 iter=10 n_caps=9 minZ=0.048186 runtime=14.74s placement={6: 1664, 0: 3201, 14: 483, 1: 34, 15: 2227, 5: 1368, 20: 936}
2026-03-20 08:18:34,549 INFO: particles=30 iter=10 n_caps=10 minZ=0.039517 runtime=14.97s placement={0: 799, 15: 1876, 1: 279, 14: 104, 13: 3347, 20: 1612, 6: 891}
2026-03-20 08:18:49,810 INFO: particles=30 iter=10 n_caps=11 minZ=0.034906 runtime=15.26s placement={13: 1279, 0: 1014, 1: 265, 14: 841, 17: 1258, 18: 3347, 6: 810, 2: 980}
2026-03-20 08:19:05,340 INFO: particles=30 iter=10 n_caps=12 minZ=0.037342 runtime=15.53s placement={0: 1713, 1: 1833, 7: 160, 19: 492, 18: 1181, 9: 1554, 2: 1025, 4: 1080}
2026-03-20 08:19:21,208 INFO: particles=30 iter=10 n_caps=13 minZ=0.032317 runtime=15.87s placement={0: 0, 1: 2555, 20: 0, 19: 0, 6: 3294, 3: 0}
2026-03-20 08:19:37,245 INFO: particles=30 iter=10 n_caps=14 minZ=0.034246 runtime=16.04s placement={0: 0, 1: 2555, 20: 459, 19: 0, 6: 1801, 3: 1232, 7: 0}
2026-03-20 08:19:53,378 INFO: particles=30 iter=10 n_caps=15 minZ=0.033139 runtime=16.13s placement={0: 1014, 20: 2555, 19: 459, 1: 0, 6: 0, 3: 640, 7: 0, 15: 0, 10: 0}
2026-03-20 08:20:09,905 INFO: particles=30 iter=10 n_caps=16 minZ=0.031995 runtime=16.53s placement={5: 486, 10: 3347, 0: 1538, 20: 0, 1: 0, 8: 3347, 19: 687, 2: 118, 9: 275, 3: 0}
2026-03-20 08:20:26,713 INFO: particles=30 iter=10 n_caps=17 minZ=0.036249 runtime=16.81s placement={10: 518, 2: 3208, 20: 1757, 0: 1034, 1: 161, 9: 797, 19: 3347, 3: 2779, 18: 544, 8: 54, 7: 211, 4: 0, 16: 1530, 14: 1076}
2026-03-20 08:20:43,777 INFO: particles=30 iter=10 n_caps=18 minZ=0.030342 runtime=17.06s placement={5: 720, 16: 3028, 0: 1043, 3: 2884, 8: 40, 19: 1070, 1: 3347, 7: 946, 20: 938, 9: 486, 17: 344, 14: 1499, 10: 1303}
2026-03-20 08:21:01,046 INFO: particles=30 iter=10 n_caps=19 minZ=0.030230 runtime=17.27s placement={16: 692, 0: 838, 4: 1904, 8: 2781, 19: 0, 1: 1390, 6: 833, 20: 628, 9: 896, 14: 616, 15: 495, 5: 1067}
2026-03-20 08:21:18,549 INFO: particles=30 iter=10 n_caps=20 minZ=0.025190 runtime=17.50s placement={0: 667, 11: 3317, 8: 2051, 19: 3089, 1: 0, 4: 3347, 20: 2903, 7: 513, 16: 94, 13: 619, 2: 1908, 5: 2323}
