2026-03-21 08:04:10,732 INFO: particles=50 iter=10 n_caps=1 minZ=0.088670 runtime=21.46s placement={0: 1302}
2026-03-21 08:04:32,739 INFO: particles=50 iter=10 n_caps=2 minZ=0.073043 runtime=22.01s placement={0: 1420, 9: 342}
2026-03-21 08:04:55,168 INFO: particles=50 iter=10 n_caps=3 minZ=0.051705 runtime=22.43s placement={8: 890, 0: 1014, 9: 1996}
2026-03-21 08:05:17,996 INFO: particles=50 iter=10 n_caps=4 minZ=0.052826 runtime=22.83s placement={0: 890, 9: 1014, 6: 1996, 10: 1418}
2026-03-21 08:05:41,225 INFO: particles=50 iter=10 n_caps=5 minZ=0.054727 runtime=23.23s placement={16: 893, 10: 819, 15: 1102, 0: 966, 5: 1383}
2026-03-21 08:06:04,842 INFO: particles=50 iter=10 n_caps=6 minZ=0.051822 runtime=23.62s placement={10: 893, 15: 819, 0: 1102, 5: 966, 20: 1383, 14: 2784}
2026-03-21 08:06:28,926 INFO: particles=50 iter=10 n_caps=7 minZ=0.045024 runtime=24.08s placement={14: 953, 0: 1012, 5: 1180, 20: 871, 12: 1237, 9: 481, 6: 1866}
2026-03-21 08:06:53,427 INFO: particles=50 iter=10 n_caps=8 minZ=0.052334 runtime=24.50s placement={0: 1376, 15: 1182, 20: 2102, 13: 439, 16: 466, 10: 0, 14: 1404, 6: 1969}
2026-03-21 08:07:18,385 INFO: particles=50 iter=10 n_caps=9 minZ=0.053941 runtime=24.96s placement={20: 3347, 7: 1609, 14: 3347, 0: 586, 15: 1251, 6: 276, 10: 678, 16: 1232, 19: 1186}
2026-03-21 08:07:43,706 INFO: particles=50 iter=10 n_caps=10 minZ=0.040765 runtime=25.32s placement={0: 1603, 19: 1663, 1: 2386, 6: 1246, 10: 19, 13: 888, 20: 1318, 14: 968}
2026-03-21 08:08:09,425 INFO: particles=50 iter=10 n_caps=11 minZ=0.037756 runtime=25.72s placement={20: 1852, 0: 1351, 1: 3031, 7: 1548, 19: 243, 2: 34}
2026-03-21 08:08:35,613 INFO: particles=50 iter=10 n_caps=12 minZ=0.035615 runtime=26.19s placement={18: 3162, 14: 168, 0: 2023, 4: 29, 1: 949, 20: 0, 9: 832, 10: 0, 19: 2263}
2026-03-21 08:09:02,177 INFO: particles=50 iter=10 n_caps=13 minZ=0.031179 runtime=26.56s placement={14: 3076, 0: 2748, 4: 1833, 1: 39, 20: 2037, 9: 0, 10: 1232, 19: 1167}
2026-03-21 08:09:29,074 INFO: particles=50 iter=10 n_caps=14 minZ=0.033127 runtime=26.90s placement={0: 2497, 4: 116, 1: 1833, 20: 1344, 9: 2037, 10: 0, 19: 1232}
2026-03-21 08:09:56,366 INFO: particles=50 iter=10 n_caps=15 minZ=0.032440 runtime=27.29s placement={0: 344, 1: 93, 20: 1256, 9: 1310, 18: 0}
2026-03-21 08:10:27,338 INFO: particles=50 iter=10 n_caps=16 minZ=0.029107 runtime=30.97s placement={0: 0, 1: 80, 20: 807, 11: 1415, 19: 2395}
2026-03-21 08:10:58,199 INFO: particles=50 iter=10 n_caps=17 minZ=0.028868 runtime=30.86s placement={0: 332, 1: 80, 20: 0, 11: 807, 19: 1046, 7: 0, 10: 0}
2026-03-21 08:11:26,646 INFO: particles=50 iter=10 n_caps=18 minZ=0.028625 runtime=28.45s placement={0: 0, 1: 0, 20: 2465, 7: 0, 19: 1150, 15: 280, 11: 0, 16: 0}
2026-03-21 08:11:55,415 INFO: particles=50 iter=10 n_caps=19 minZ=0.027866 runtime=28.77s placement={0: 0, 20: 0, 5: 2526, 1: 0, 19: 1262, 2: 3347, 15: 1359, 11: 276, 16: 0, 6: 0}
2026-03-21 08:12:24,642 INFO: particles=50 iter=10 n_caps=20 minZ=0.028902 runtime=29.23s placement={20: 2992, 0: 0, 1: 2421, 19: 28, 16: 3347, 10: 1523, 15: 355, 6: 0}
