2026-04-01 20:51:13,302 INFO: particles=20 iter=10 n_caps=1 minZ=0.091131 runtime=10.56s placement={0: 1301}
2026-04-01 20:51:25,460 INFO: particles=20 iter=10 n_caps=2 minZ=0.056598 runtime=12.16s placement={14: 2053, 0: 1014}
2026-04-01 20:51:38,225 INFO: particles=20 iter=10 n_caps=3 minZ=0.070030 runtime=12.76s placement={0: 2053, 9: 1014, 10: 2459}
2026-04-01 20:51:51,658 INFO: particles=20 iter=10 n_caps=4 minZ=0.072840 runtime=13.43s placement={9: 2053, 10: 1014, 0: 2459, 6: 0}
2026-04-01 20:52:05,982 INFO: particles=20 iter=10 n_caps=5 minZ=0.047295 runtime=14.32s placement={9: 2053, 0: 1014, 6: 2459, 7: 0, 15: 1591}
2026-04-01 20:52:20,886 INFO: particles=20 iter=10 n_caps=6 minZ=0.056313 runtime=14.90s placement={0: 1677, 5: 1054, 1: 2992, 20: 0, 9: 1653}
2026-04-01 20:52:36,109 INFO: particles=20 iter=10 n_caps=7 minZ=0.061812 runtime=15.22s placement={14: 1203, 4: 1518, 0: 2129, 17: 2996, 13: 2899, 15: 686, 9: 2355}
2026-04-01 20:52:52,487 INFO: particles=20 iter=10 n_caps=8 minZ=0.060771 runtime=16.38s placement={4: 1203, 0: 1518, 17: 2129, 13: 2996, 14: 2899, 9: 686, 10: 2355, 15: 2362}
2026-04-01 20:53:09,373 INFO: particles=20 iter=10 n_caps=9 minZ=0.055150 runtime=16.88s placement={0: 1662, 15: 838, 5: 2134, 16: 916, 10: 2954, 12: 1332, 7: 1557, 6: 2531, 4: 859}
2026-04-01 20:53:26,988 INFO: particles=20 iter=10 n_caps=10 minZ=0.053644 runtime=17.61s placement={15: 2165, 6: 1854, 17: 118, 9: 798, 12: 3347, 10: 1531, 13: 1739, 11: 2978, 0: 1387, 20: 566}
2026-04-01 20:53:45,401 INFO: particles=20 iter=10 n_caps=11 minZ=0.051995 runtime=18.41s placement={18: 3008, 9: 1594, 15: 1170, 16: 0, 10: 1338, 8: 380, 17: 1651, 20: 2818, 14: 275, 11: 3347, 0: 1935}
2026-04-01 20:54:03,944 INFO: particles=20 iter=10 n_caps=12 minZ=0.053997 runtime=18.54s placement={7: 3142, 11: 2015, 17: 1080, 12: 0, 6: 833, 15: 1160, 18: 685, 16: 2844, 10: 500, 0: 2055, 5: 1881}
2026-04-01 20:54:23,578 INFO: particles=20 iter=10 n_caps=13 minZ=0.050477 runtime=19.63s placement={11: 3142, 17: 2015, 12: 1080, 6: 833, 15: 1232, 18: 1160, 16: 685, 10: 2844, 0: 500, 5: 2055, 7: 1881, 9: 1292}
2026-04-01 20:54:44,014 INFO: particles=20 iter=10 n_caps=14 minZ=0.035335 runtime=20.44s placement={0: 1358, 1: 3347, 13: 3040, 12: 3341, 14: 3247, 3: 14, 19: 1470, 7: 1312, 16: 1043}
2026-04-01 20:55:05,128 INFO: particles=20 iter=10 n_caps=15 minZ=0.034653 runtime=21.11s placement={0: 0, 1: 3347, 13: 1775, 9: 3038, 14: 3347, 2: 2440, 19: 0, 7: 1455, 15: 1453}
2026-04-01 20:55:26,233 INFO: particles=20 iter=10 n_caps=16 minZ=0.033655 runtime=21.11s placement={0: 1682, 1: 3347, 13: 1093, 9: 1775, 14: 3038, 2: 3224, 19: 2440, 7: 0, 15: 1455, 10: 0, 6: 44}
2026-04-01 20:55:53,466 INFO: particles=20 iter=10 n_caps=17 minZ=0.031520 runtime=27.23s placement={0: 0, 13: 3347, 9: 1093, 14: 1775, 1: 3038, 2: 3347, 19: 3224, 7: 2440, 15: 0, 10: 1682, 6: 0, 16: 44}
2026-04-01 20:56:21,552 INFO: particles=20 iter=10 n_caps=18 minZ=0.032858 runtime=28.08s placement={13: 197, 9: 3347, 14: 1093, 0: 0, 2: 3038, 19: 3347, 7: 3224, 15: 2440, 1: 0, 10: 1433, 6: 1682, 16: 0}
2026-04-01 20:56:51,460 INFO: particles=20 iter=10 n_caps=19 minZ=0.029980 runtime=29.91s placement={9: 297, 14: 1455, 0: 2331, 1: 2733, 19: 3316, 13: 3309, 11: 45, 15: 635, 10: 0}
2026-04-01 20:57:20,849 INFO: particles=20 iter=10 n_caps=20 minZ=0.030530 runtime=29.39s placement={16: 343, 0: 2308, 2: 1272, 18: 2877, 1: 3145, 13: 1127, 4: 1373, 3: 4, 19: 1367, 17: 1653, 9: 0, 10: 326, 5: 1156}
