2026-03-22 20:59:50,829 INFO: particles=50 iter=50 n_caps=1 minZ=0.085029 runtime=114.55s placement={0: 1316}
2026-03-22 21:01:49,990 INFO: particles=50 iter=50 n_caps=2 minZ=0.052973 runtime=119.16s placement={0: 1014, 9: 1633}
2026-03-22 21:03:48,553 INFO: particles=50 iter=50 n_caps=3 minZ=0.056823 runtime=118.56s placement={9: 1014, 0: 1127, 7: 0}
2026-03-22 21:05:49,024 INFO: particles=50 iter=50 n_caps=4 minZ=0.042173 runtime=120.47s placement={0: 1014, 9: 1362, 6: 268, 10: 1686}
2026-03-22 21:07:51,520 INFO: particles=50 iter=50 n_caps=5 minZ=0.048168 runtime=122.50s placement={9: 1012, 6: 1170, 10: 333, 0: 1673, 7: 66}
2026-03-22 21:09:57,259 INFO: particles=50 iter=50 n_caps=6 minZ=0.048257 runtime=125.74s placement={7: 1045, 10: 1432, 0: 767, 5: 1673, 16: 123, 6: 1684}
2026-03-22 21:12:05,842 INFO: particles=50 iter=50 n_caps=7 minZ=0.038934 runtime=128.58s placement={10: 1127, 0: 1014, 6: 1068, 14: 1898, 7: 138, 15: 1684, 5: 1034}
2026-03-22 21:14:13,508 INFO: particles=50 iter=50 n_caps=8 minZ=0.040215 runtime=127.67s placement={0: 1127, 6: 1016, 14: 1064, 7: 1908, 15: 149, 5: 1676, 9: 1014, 10: 1821}
2026-03-22 21:16:23,506 INFO: particles=50 iter=50 n_caps=9 minZ=0.034901 runtime=130.00s placement={0: 785, 8: 146, 5: 1169, 14: 1814, 3: 67, 9: 1659, 1: 1127, 16: 1511}
2026-03-22 21:18:35,330 INFO: particles=50 iter=50 n_caps=10 minZ=0.030437 runtime=131.82s placement={0: 882, 1: 8, 15: 128, 8: 472, 17: 0, 9: 618, 7: 0}
2026-03-22 21:20:50,553 INFO: particles=50 iter=50 n_caps=11 minZ=0.032092 runtime=135.22s placement={0: 195, 9: 722, 1: 69, 6: 2271, 18: 1804, 15: 874, 7: 605, 14: 0}
2026-03-22 21:23:15,929 INFO: particles=50 iter=50 n_caps=12 minZ=0.026087 runtime=145.38s placement={9: 742, 0: 1012, 1: 260, 16: 2276, 20: 431, 19: 0, 17: 240}
2026-03-22 21:25:34,853 INFO: particles=50 iter=50 n_caps=13 minZ=0.024943 runtime=138.92s placement={0: 1473, 1: 874, 16: 1784, 20: 3221, 19: 690, 17: 0}
2026-03-22 21:27:55,736 INFO: particles=50 iter=50 n_caps=14 minZ=0.027110 runtime=140.88s placement={0: 0, 1: 874, 16: 344, 20: 2274, 19: 1150, 17: 690}
2026-03-22 21:30:16,668 INFO: particles=50 iter=50 n_caps=15 minZ=0.023615 runtime=140.93s placement={0: 0, 16: 870, 1: 356, 20: 1781, 19: 601, 17: 1915}
2026-03-22 21:32:38,838 INFO: particles=50 iter=50 n_caps=16 minZ=0.023443 runtime=142.17s placement={16: 892, 0: 0, 20: 356, 1: 1780, 19: 3222, 17: 598}
2026-03-22 21:35:02,871 INFO: particles=50 iter=50 n_caps=17 minZ=0.022978 runtime=144.03s placement={0: 2785, 20: 901, 1: 363, 19: 2265, 17: 3222, 7: 0}
2026-03-22 21:37:28,334 INFO: particles=50 iter=50 n_caps=18 minZ=0.021736 runtime=145.46s placement={20: 1020, 0: 0, 1: 358, 19: 1801, 17: 2269, 7: 0}
2026-03-22 21:39:57,130 INFO: particles=50 iter=50 n_caps=19 minZ=0.022822 runtime=148.80s placement={0: 3347, 1: 898, 20: 358, 17: 1801, 7: 0, 10: 0}
2026-03-22 21:42:25,252 INFO: particles=50 iter=50 n_caps=20 minZ=0.022897 runtime=148.12s placement={0: 0, 20: 898, 17: 358, 1: 1800, 7: 1345, 10: 2785}
