2026-03-20 14:04:36,323 INFO: particles=30 iter=25 n_caps=1 minZ=0.085029 runtime=31.73s placement={0: 1316}
2026-03-20 14:05:08,746 INFO: particles=30 iter=25 n_caps=2 minZ=0.070590 runtime=32.42s placement={0: 1465, 10: 1085}
2026-03-20 14:05:41,863 INFO: particles=30 iter=25 n_caps=3 minZ=0.051024 runtime=33.12s placement={15: 1523, 0: 1012, 9: 1169}
2026-03-20 14:06:15,732 INFO: particles=30 iter=25 n_caps=4 minZ=0.055382 runtime=33.87s placement={0: 1523, 9: 1012, 10: 1169, 6: 2656}
2026-03-20 14:06:50,128 INFO: particles=30 iter=25 n_caps=5 minZ=0.056218 runtime=34.40s placement={8: 1525, 10: 797, 6: 1169, 15: 2656, 0: 911}
2026-03-20 14:07:25,121 INFO: particles=30 iter=25 n_caps=6 minZ=0.047955 runtime=34.99s placement={10: 686, 6: 658, 15: 1169, 7: 2480, 0: 981, 11: 1604}
2026-03-20 14:08:00,720 INFO: particles=30 iter=25 n_caps=7 minZ=0.049376 runtime=35.60s placement={6: 686, 15: 658, 7: 1169, 0: 2480, 10: 981, 9: 1604, 20: 1759}
2026-03-20 14:08:37,141 INFO: particles=30 iter=25 n_caps=8 minZ=0.034039 runtime=36.42s placement={15: 738, 7: 1290, 0: 1401, 1: 2655, 10: 468, 14: 1254}
2026-03-20 14:09:14,085 INFO: particles=30 iter=25 n_caps=9 minZ=0.029815 runtime=36.94s placement={9: 761, 0: 2121, 1: 1193, 7: 2923}
2026-03-20 14:09:51,438 INFO: particles=30 iter=25 n_caps=10 minZ=0.028972 runtime=37.35s placement={0: 1642, 1: 1161, 7: 1193}
2026-03-20 14:10:29,416 INFO: particles=30 iter=25 n_caps=11 minZ=0.028547 runtime=37.98s placement={0: 0, 7: 1161, 1: 1193}
2026-03-20 14:11:07,952 INFO: particles=30 iter=25 n_caps=12 minZ=0.028054 runtime=38.54s placement={7: 761, 0: 0, 1: 1193}
2026-03-20 14:11:46,988 INFO: particles=30 iter=25 n_caps=13 minZ=0.025637 runtime=39.04s placement={0: 1276, 1: 1161, 7: 0}
2026-03-20 14:12:26,562 INFO: particles=30 iter=25 n_caps=14 minZ=0.025123 runtime=39.57s placement={0: 0, 1: 1265}
2026-03-20 14:13:06,873 INFO: particles=30 iter=25 n_caps=15 minZ=0.023478 runtime=40.31s placement={0: 1415, 1: 1262, 15: 0, 7: 0}
2026-03-20 14:13:47,749 INFO: particles=30 iter=25 n_caps=16 minZ=0.023012 runtime=40.87s placement={0: 100, 1: 1262, 15: 1415, 7: 0}
2026-03-20 14:14:29,209 INFO: particles=30 iter=25 n_caps=17 minZ=0.023374 runtime=41.46s placement={0: 0, 1: 1171, 15: 230, 7: 1467}
2026-03-20 14:15:11,191 INFO: particles=30 iter=25 n_caps=18 minZ=0.022691 runtime=41.98s placement={0: 0, 1: 1171, 15: 0, 7: 230}
2026-03-20 14:15:53,957 INFO: particles=30 iter=25 n_caps=19 minZ=0.022679 runtime=42.77s placement={0: 0, 1: 1171, 15: 1617, 7: 0}
2026-03-20 14:16:36,954 INFO: particles=30 iter=25 n_caps=20 minZ=0.023032 runtime=43.00s placement={0: 0, 1: 1171, 15: 1784, 7: 1617}
