2026-03-22 20:00:48,987 INFO: particles=20 iter=40 n_caps=1 minZ=0.085029 runtime=21.10s placement={0: 1316}
2026-03-22 20:01:10,738 INFO: particles=20 iter=40 n_caps=2 minZ=0.072963 runtime=21.75s placement={5: 983, 0: 1493}
2026-03-22 20:01:34,111 INFO: particles=20 iter=40 n_caps=3 minZ=0.055389 runtime=23.37s placement={0: 1477, 10: 1432, 9: 1012}
2026-03-22 20:01:56,801 INFO: particles=20 iter=40 n_caps=4 minZ=0.046152 runtime=22.69s placement={15: 811, 9: 1379, 0: 1014, 2: 0}
2026-03-22 20:02:21,505 INFO: particles=20 iter=40 n_caps=5 minZ=0.051702 runtime=24.70s placement={0: 3347, 1: 1338}
2026-03-22 20:02:45,548 INFO: particles=20 iter=40 n_caps=6 minZ=0.038469 runtime=24.04s placement={0: 3279, 1: 566, 7: 0}
2026-03-22 20:03:09,952 INFO: particles=20 iter=40 n_caps=7 minZ=0.040096 runtime=24.40s placement={0: 1, 1: 566, 7: 3279}
2026-03-22 20:03:35,636 INFO: particles=20 iter=40 n_caps=8 minZ=0.038612 runtime=25.68s placement={0: 0, 1: 566, 7: 1483}
2026-03-22 20:04:01,666 INFO: particles=20 iter=40 n_caps=9 minZ=0.037253 runtime=26.03s placement={0: 0, 1: 569, 7: 1144}
2026-03-22 20:04:28,345 INFO: particles=20 iter=40 n_caps=10 minZ=0.034300 runtime=26.68s placement={0: 0, 7: 581, 1: 984, 9: 52}
2026-03-22 20:04:55,265 INFO: particles=20 iter=40 n_caps=11 minZ=0.028639 runtime=26.92s placement={8: 167, 0: 274, 1: 947, 16: 2503}
2026-03-22 20:05:23,780 INFO: particles=20 iter=40 n_caps=12 minZ=0.028571 runtime=28.51s placement={0: 1436, 1: 875, 15: 394, 7: 376}
2026-03-22 20:05:52,920 INFO: particles=20 iter=40 n_caps=13 minZ=0.026033 runtime=29.14s placement={0: 1398, 1: 1567, 15: 0, 8: 14, 6: 0}
2026-03-22 20:06:22,023 INFO: particles=20 iter=40 n_caps=14 minZ=0.031715 runtime=29.10s placement={0: 0, 1: 1428, 15: 1013, 8: 2559, 6: 1580, 2: 0}
2026-03-22 20:06:51,519 INFO: particles=20 iter=40 n_caps=15 minZ=0.025789 runtime=29.50s placement={0: 0, 1: 1500, 17: 3327, 7: 10, 6: 456}
2026-03-22 20:07:21,424 INFO: particles=20 iter=40 n_caps=16 minZ=0.025257 runtime=29.90s placement={0: 80, 1: 1500, 17: 2274, 7: 0, 6: 0}
2026-03-22 20:07:53,403 INFO: particles=20 iter=40 n_caps=17 minZ=0.027692 runtime=31.98s placement={0: 552, 1: 3238, 9: 736, 13: 3290, 4: 0, 10: 649, 8: 39, 15: 363}
2026-03-22 20:08:25,102 INFO: particles=20 iter=40 n_caps=18 minZ=0.026451 runtime=31.70s placement={0: 343, 9: 3229, 1: 421, 14: 0, 7: 13, 10: 375, 13: 0, 19: 0}
2026-03-22 20:08:57,646 INFO: particles=20 iter=40 n_caps=19 minZ=0.024993 runtime=32.54s placement={0: 0, 1: 3243, 17: 0, 10: 1660, 5: 502, 12: 0, 19: 14, 6: 199}
2026-03-22 20:09:30,143 INFO: particles=20 iter=40 n_caps=20 minZ=0.024524 runtime=32.50s placement={0: 0, 1: 3241, 17: 1040, 9: 2393, 5: 0, 10: 513, 19: 11, 6: 0}
