2026-03-19 22:04:01,832 INFO: particles=20 iter=40 n_caps=1 minZ=0.085029 runtime=34.18s placement={0: 1317}
2026-03-19 22:04:36,866 INFO: particles=20 iter=40 n_caps=2 minZ=0.057584 runtime=35.03s placement={0: 1014, 7: 3181}
2026-03-19 22:05:12,468 INFO: particles=20 iter=40 n_caps=3 minZ=0.068275 runtime=35.60s placement={0: 2087, 16: 767, 1: 3207}
2026-03-19 22:05:48,747 INFO: particles=20 iter=40 n_caps=4 minZ=0.053760 runtime=36.28s placement={16: 3347, 0: 1014, 10: 2045, 4: 0}
2026-03-19 22:06:25,752 INFO: particles=20 iter=40 n_caps=5 minZ=0.056413 runtime=37.00s placement={0: 3068, 10: 753, 1: 1593, 16: 1352, 14: 2319}
2026-03-19 22:07:03,317 INFO: particles=20 iter=40 n_caps=6 minZ=0.050993 runtime=37.56s placement={9: 3068, 0: 799, 16: 1593, 15: 1261, 10: 2319, 14: 0}
2026-03-19 22:07:41,607 INFO: particles=20 iter=40 n_caps=7 minZ=0.046178 runtime=38.29s placement={0: 1521, 16: 798, 15: 1588, 9: 1265, 14: 2319, 1: 0}
2026-03-19 22:08:20,711 INFO: particles=20 iter=40 n_caps=8 minZ=0.040454 runtime=39.10s placement={20: 2185, 0: 907, 1: 695, 19: 3042, 7: 208, 8: 59}
2026-03-19 22:09:00,507 INFO: particles=20 iter=40 n_caps=9 minZ=0.034393 runtime=39.80s placement={0: 607, 1: 749, 19: 0, 14: 1594, 7: 1044, 10: 3347}
2026-03-19 22:09:40,762 INFO: particles=20 iter=40 n_caps=10 minZ=0.035601 runtime=40.25s placement={0: 1014, 1: 755, 19: 1102, 15: 0, 8: 106, 5: 723, 16: 3347, 6: 0}
2026-03-19 22:10:21,719 INFO: particles=20 iter=40 n_caps=11 minZ=0.040436 runtime=40.96s placement={0: 110, 19: 97, 15: 1020, 1: 398, 11: 1938, 5: 1030, 17: 710, 7: 2534, 18: 36, 16: 0}
2026-03-19 22:11:03,368 INFO: particles=20 iter=40 n_caps=12 minZ=0.037156 runtime=41.65s placement={10: 1301, 20: 3, 0: 956, 1: 3347, 19: 3347, 9: 3291}
2026-03-19 22:11:45,615 INFO: particles=20 iter=40 n_caps=13 minZ=0.033445 runtime=42.25s placement={17: 1385, 0: 1397, 1: 1343, 20: 2531, 19: 3347, 15: 2565}
2026-03-19 22:12:28,592 INFO: particles=20 iter=40 n_caps=14 minZ=0.029998 runtime=42.98s placement={0: 3347, 1: 2552, 20: 2473, 19: 3330, 16: 0}
2026-03-19 22:13:11,930 INFO: particles=20 iter=40 n_caps=15 minZ=0.031121 runtime=43.34s placement={0: 0, 20: 2552, 1: 2473, 19: 100, 16: 3347}
2026-03-19 22:13:55,951 INFO: particles=20 iter=40 n_caps=16 minZ=0.030291 runtime=44.02s placement={20: 2637, 0: 0, 1: 2473, 19: 1034, 16: 3330, 7: 0}
2026-03-19 22:14:40,642 INFO: particles=20 iter=40 n_caps=17 minZ=0.028837 runtime=44.69s placement={0: 3347, 1: 3290, 20: 2463, 16: 100, 8: 0, 13: 0, 19: 3347}
2026-03-19 22:15:25,801 INFO: particles=20 iter=40 n_caps=18 minZ=0.026964 runtime=45.16s placement={0: 0, 1: 3289, 20: 2387, 16: 973, 8: 3347, 13: 0, 19: 0}
2026-03-19 22:16:11,710 INFO: particles=20 iter=40 n_caps=19 minZ=0.025796 runtime=45.91s placement={0: 0, 20: 3287, 1: 1817, 17: 2428, 6: 1033, 13: 3347, 19: 0}
2026-03-19 22:16:58,230 INFO: particles=20 iter=40 n_caps=20 minZ=0.029231 runtime=46.52s placement={20: 2116, 0: 0, 17: 1817, 1: 2428, 6: 686, 13: 1033, 19: 3347}
