2026-03-09 07:47:17,080 INFO: n_caps=1 | iter=15 | minZ=0.030001 | placement={1: 1484}
2026-03-09 07:47:17,080 INFO: init_n_caps=2 | seeded_previous_caps=1 | new_cap_random_init(cap=265,port=14)
2026-03-09 07:47:31,849 INFO: n_caps=2 | iter=15 | minZ=0.030000 | placement={20: 2487, 18: 392}
2026-03-09 07:47:31,849 INFO: init_n_caps=3 | seeded_previous_caps=2 | new_cap_random_init(cap=3347,port=6)
2026-03-09 07:47:47,095 INFO: n_caps=3 | iter=15 | minZ=0.030001 | placement={18: 678, 2: 2442, 12: 1969}
2026-03-09 07:47:47,095 INFO: init_n_caps=4 | seeded_previous_caps=3 | new_cap_random_init(cap=3058,port=11)
2026-03-09 07:48:03,008 INFO: n_caps=4 | iter=15 | minZ=0.030000 | placement={9: 1802, 7: 1999, 8: 1253, 10: 2394}
2026-03-09 07:48:03,009 INFO: init_n_caps=5 | seeded_previous_caps=4 | new_cap_random_init(cap=1595,port=19)
2026-03-09 07:48:19,180 INFO: n_caps=5 | iter=15 | minZ=0.030000 | placement={9: 2207, 8: 1876, 4: 1150, 12: 1041, 5: 661}
2026-03-09 07:48:19,181 INFO: init_n_caps=6 | seeded_previous_caps=5 | new_cap_random_init(cap=1573,port=5)
2026-03-09 07:48:35,959 INFO: n_caps=6 | iter=15 | minZ=0.030000 | placement={12: 0, 0: 2428, 17: 2831, 13: 2080, 1: 961, 8: 1364}
2026-03-09 07:48:35,959 INFO: init_n_caps=7 | seeded_previous_caps=6 | new_cap_random_init(cap=2132,port=5)
2026-03-09 07:48:52,985 INFO: n_caps=7 | iter=15 | minZ=0.030000 | placement={11: 1828, 19: 3347, 12: 1640, 0: 1031, 10: 815, 6: 0, 9: 103}
2026-03-09 07:48:52,986 INFO: init_n_caps=8 | seeded_previous_caps=7 | new_cap_random_init(cap=1892,port=17)
2026-03-09 07:49:10,427 INFO: n_caps=8 | iter=15 | minZ=0.030000 | placement={10: 0, 12: 1393, 14: 319, 11: 1653, 19: 1734, 13: 430, 15: 1833}
2026-03-09 07:49:10,428 INFO: init_n_caps=9 | seeded_previous_caps=8 | new_cap_random_init(cap=1832,port=19)
2026-03-09 07:49:28,289 INFO: n_caps=9 | iter=15 | minZ=0.030001 | placement={12: 119, 10: 3059, 7: 0, 18: 1527, 8: 1727, 14: 382, 16: 1472, 11: 357, 0: 0}
2026-03-09 07:49:28,289 INFO: init_n_caps=10 | seeded_previous_caps=9 | new_cap_random_init(cap=2085,port=1)
2026-03-09 07:49:46,899 INFO: n_caps=10 | iter=15 | minZ=0.030000 | placement={3: 3347, 5: 1914, 12: 506, 16: 3347, 9: 2600, 10: 0, 0: 367, 20: 1736, 11: 2331, 13: 1525}
2026-03-09 07:49:46,899 INFO: init_n_caps=11 | seeded_previous_caps=10 | new_cap_random_init(cap=570,port=0)
2026-03-09 07:50:06,043 INFO: n_caps=11 | iter=15 | minZ=0.030000 | placement={0: 3347, 3: 3347, 9: 0, 13: 2780, 6: 639, 5: 200, 19: 2481, 16: 2272, 17: 707, 4: 1836, 20: 1208}
2026-03-09 07:50:06,043 INFO: init_n_caps=12 | seeded_previous_caps=11 | new_cap_random_init(cap=0,port=7)
2026-03-09 07:50:25,413 INFO: n_caps=12 | iter=15 | minZ=0.030000 | placement={3: 1820, 12: 949, 14: 329, 13: 2698, 0: 583, 19: 729, 17: 2118, 20: 128, 9: 45, 11: 585, 2: 286}
2026-03-09 07:50:25,413 INFO: init_n_caps=13 | seeded_previous_caps=12 | new_cap_random_init(cap=615,port=15)
2026-03-09 07:50:45,576 INFO: n_caps=13 | iter=15 | minZ=0.030000 | placement={5: 2705, 13: 1011, 11: 2670, 4: 2088, 10: 2334, 9: 2288, 19: 0, 1: 1252, 16: 3347, 17: 2540, 14: 831, 12: 2041, 0: 2815}
2026-03-09 07:50:45,577 INFO: init_n_caps=14 | seeded_previous_caps=13 | new_cap_random_init(cap=938,port=5)
2026-03-09 07:51:06,215 INFO: n_caps=14 | iter=15 | minZ=0.030000 | placement={4: 1215, 12: 1354, 19: 1579, 6: 410, 3: 782, 20: 1535, 7: 2386, 10: 2277, 15: 2552, 5: 2545, 9: 2762, 8: 1738, 11: 3323}
2026-03-09 07:51:06,216 INFO: init_n_caps=15 | seeded_previous_caps=14 | new_cap_random_init(cap=827,port=15)
2026-03-09 07:51:27,039 INFO: n_caps=15 | iter=15 | minZ=0.030001 | placement={16: 1342, 17: 1692, 18: 130, 15: 1626, 11: 1420, 3: 423, 14: 3345, 19: 2550, 12: 1870, 10: 397, 4: 2506, 5: 136}
2026-03-09 07:51:27,039 INFO: init_n_caps=16 | seeded_previous_caps=15 | new_cap_random_init(cap=2816,port=1)
2026-03-09 07:51:48,547 INFO: n_caps=16 | iter=15 | minZ=0.030001 | placement={15: 1261, 17: 1138, 0: 2996, 7: 2814, 6: 403, 16: 1465, 20: 1171, 5: 1686, 1: 2451, 12: 3283, 19: 0, 10: 1361, 18: 2840, 14: 814, 8: 2872}
2026-03-09 07:51:48,548 INFO: init_n_caps=17 | seeded_previous_caps=16 | new_cap_random_init(cap=2547,port=6)
2026-03-09 07:52:10,323 INFO: n_caps=17 | iter=15 | minZ=0.030001 | placement={18: 1652, 4: 3172, 16: 1253, 15: 562, 2: 1662, 3: 1183, 13: 1273, 17: 2489, 19: 1844, 8: 379, 11: 1174, 1: 839, 7: 1659, 14: 1547, 5: 2010}
2026-03-09 07:52:10,324 INFO: init_n_caps=18 | seeded_previous_caps=17 | new_cap_random_init(cap=3091,port=19)
2026-03-09 07:52:32,563 INFO: n_caps=18 | iter=15 | minZ=0.030000 | placement={0: 0, 12: 3220, 5: 2518, 7: 1330, 2: 860, 13: 1011, 15: 1555, 16: 2870, 14: 0, 20: 423, 6: 1961, 8: 3347, 9: 712, 1: 1159, 17: 1077, 18: 63}
2026-03-09 07:52:32,563 INFO: init_n_caps=19 | seeded_previous_caps=18 | new_cap_random_init(cap=0,port=19)
2026-03-09 07:52:55,273 INFO: n_caps=19 | iter=15 | minZ=0.030000 | placement={2: 1264, 17: 1556, 3: 1921, 16: 203, 6: 37, 0: 754, 11: 3133, 19: 1964, 15: 2192, 5: 2256, 8: 2925, 9: 193, 14: 2525, 18: 2198, 1: 227, 7: 581, 10: 1872}
2026-03-09 07:52:55,274 INFO: init_n_caps=20 | seeded_previous_caps=19 | new_cap_random_init(cap=447,port=10)
2026-03-09 07:53:18,675 INFO: n_caps=20 | iter=15 | minZ=0.030000 | placement={14: 3141, 17: 2082, 1: 391, 10: 0, 16: 1364, 18: 2195, 19: 2223, 2: 963, 9: 2453, 8: 3347, 6: 3347, 7: 1656, 11: 1355, 15: 2504, 13: 3202, 0: 1928}
