2026-03-29 06:26:34,906 INFO: particles=20 iter=10 n_caps=1 minZ=0.086674 runtime=5.34s placement={10: 1289}
2026-03-29 06:26:44,732 INFO: particles=20 iter=10 n_caps=2 minZ=0.075543 runtime=9.83s placement={9: 1321, 14: 845}
2026-03-29 06:26:59,318 INFO: particles=20 iter=10 n_caps=3 minZ=0.052818 runtime=14.59s placement={14: 1321, 10: 845, 0: 1631}
2026-03-29 06:27:18,144 INFO: particles=20 iter=10 n_caps=4 minZ=0.048247 runtime=18.83s placement={9: 1244, 0: 1584, 7: 1844, 15: 3027}
2026-03-29 06:27:41,798 INFO: particles=20 iter=10 n_caps=5 minZ=0.045433 runtime=23.65s placement={0: 1244, 7: 1584, 15: 1844, 16: 3027, 5: 1534}
2026-03-29 06:28:09,401 INFO: particles=20 iter=10 n_caps=6 minZ=0.038829 runtime=27.60s placement={7: 1497, 14: 1600, 16: 1791, 4: 3114, 0: 1014, 9: 0}
2026-03-29 06:28:40,921 INFO: particles=20 iter=10 n_caps=7 minZ=0.044889 runtime=31.52s placement={14: 1497, 16: 1600, 4: 1791, 0: 3114, 9: 1014, 7: 0, 10: 1188}
2026-03-29 06:29:17,096 INFO: particles=20 iter=10 n_caps=8 minZ=0.042969 runtime=36.17s placement={15: 956, 5: 1485, 0: 1562, 10: 3191, 7: 1069, 11: 126, 16: 1189, 14: 2399}
2026-03-29 06:29:58,350 INFO: particles=20 iter=10 n_caps=9 minZ=0.039917 runtime=41.25s placement={5: 956, 0: 1485, 10: 1562, 7: 3191, 11: 1069, 15: 126, 14: 1189, 16: 2399, 9: 2541}
2026-03-29 06:30:43,356 INFO: particles=20 iter=10 n_caps=10 minZ=0.035080 runtime=45.01s placement={0: 911, 10: 1485, 7: 1562, 11: 3191, 15: 1069, 14: 126, 16: 1189, 9: 2399, 1: 2541}
2026-03-29 06:31:36,562 INFO: particles=20 iter=10 n_caps=11 minZ=0.035213 runtime=53.20s placement={10: 956, 7: 1485, 11: 1562, 15: 3191, 14: 1069, 16: 126, 9: 1189, 1: 2399, 0: 0}
2026-03-29 06:32:31,362 INFO: particles=20 iter=10 n_caps=12 minZ=0.030569 runtime=54.80s placement={0: 1940, 9: 2121, 16: 1688, 17: 3347, 15: 1391, 14: 0, 1: 0, 12: 0}
2026-03-29 06:33:29,965 INFO: particles=20 iter=10 n_caps=13 minZ=0.035039 runtime=58.60s placement={9: 1358, 16: 2121, 17: 1688, 15: 3347, 14: 1391, 1: 0, 0: 1940, 12: 640, 10: 0}
2026-03-29 06:34:32,614 INFO: particles=20 iter=10 n_caps=14 minZ=0.026443 runtime=62.65s placement={0: 2574, 1: 0, 20: 1751, 9: 2413, 15: 730, 8: 2527, 7: 554, 16: 2801}
2026-03-29 06:35:41,080 INFO: particles=20 iter=10 n_caps=15 minZ=0.026277 runtime=68.46s placement={0: 172, 20: 0, 11: 1055, 1: 1503, 17: 1220, 9: 1464, 10: 1086, 18: 683}
2026-03-29 06:36:53,055 INFO: particles=20 iter=10 n_caps=16 minZ=0.024569 runtime=71.98s placement={20: 1777, 11: 0, 0: 2048, 17: 1503, 1: 1220, 9: 992, 10: 2514, 18: 1086, 15: 172, 6: 0}
2026-03-29 06:38:08,107 INFO: particles=20 iter=10 n_caps=17 minZ=0.021958 runtime=75.05s placement={0: 3347, 1: 0, 20: 1908, 8: 509, 10: 1288, 17: 2318, 15: 1905, 5: 0, 19: 0}
2026-03-29 06:39:28,616 INFO: particles=20 iter=10 n_caps=18 minZ=0.024170 runtime=80.51s placement={0: 3347, 20: 0, 1: 1908, 8: 572, 10: 1000, 17: 1288, 15: 1012, 5: 1905, 19: 0, 9: 0}
2026-03-29 06:40:53,290 INFO: particles=20 iter=10 n_caps=19 minZ=0.025684 runtime=84.67s placement={14: 1003, 0: 0, 1: 1809, 10: 1992, 7: 580, 15: 1593, 4: 709, 20: 1929, 9: 3347, 17: 0}
2026-03-29 06:42:27,125 INFO: particles=20 iter=10 n_caps=20 minZ=0.021966 runtime=93.83s placement={0: 3347, 1: 2810, 10: 1201, 9: 219, 12: 415, 2: 1713, 4: 875, 19: 921, 8: 1153, 15: 216, 16: 33, 5: 2312}
