2026-03-19 22:19:55,133 INFO: particles=50 iter=50 n_caps=1 minZ=0.087365 runtime=106.63s placement={9: 1014}
2026-03-19 22:21:43,834 INFO: particles=50 iter=50 n_caps=2 minZ=0.051974 runtime=108.70s placement={0: 1014, 10: 1488}
2026-03-19 22:23:34,275 INFO: particles=50 iter=50 n_caps=3 minZ=0.054879 runtime=110.44s placement={9: 1014, 0: 1126, 15: 100}
2026-03-19 22:25:26,457 INFO: particles=50 iter=50 n_caps=4 minZ=0.043037 runtime=112.18s placement={0: 1014, 15: 1120, 7: 109, 10: 1568}
2026-03-19 22:27:22,103 INFO: particles=50 iter=50 n_caps=5 minZ=0.050912 runtime=115.65s placement={15: 897, 6: 861, 9: 100, 0: 1517, 5: 617}
2026-03-19 22:29:18,990 INFO: particles=50 iter=50 n_caps=6 minZ=0.041189 runtime=116.89s placement={6: 871, 9: 438, 0: 1014, 5: 2203, 7: 269, 14: 2548}
2026-03-19 22:31:20,199 INFO: particles=50 iter=50 n_caps=7 minZ=0.035620 runtime=121.21s placement={8: 505, 0: 1661, 1: 920, 6: 863, 16: 364}
2026-03-19 22:33:23,031 INFO: particles=50 iter=50 n_caps=8 minZ=0.032019 runtime=122.83s placement={0: 1012, 1: 1522, 6: 1019, 16: 364, 9: 1359}
2026-03-19 22:35:27,109 INFO: particles=50 iter=50 n_caps=9 minZ=0.034601 runtime=124.08s placement={0: 0, 6: 1352, 16: 1016, 1: 429, 9: 1012}
2026-03-19 22:37:32,353 INFO: particles=50 iter=50 n_caps=10 minZ=0.027329 runtime=125.24s placement={6: 409, 16: 1353, 0: 23, 1: 417, 9: 1766, 15: 0}
2026-03-19 22:39:39,720 INFO: particles=50 iter=50 n_caps=11 minZ=0.026821 runtime=127.37s placement={14: 464, 0: 1045, 1: 932, 9: 604, 15: 1370}
2026-03-19 22:41:49,664 INFO: particles=50 iter=50 n_caps=12 minZ=0.025004 runtime=129.94s placement={0: 1962, 1: 1783, 6: 612}
2026-03-19 22:44:02,012 INFO: particles=50 iter=50 n_caps=13 minZ=0.025577 runtime=132.35s placement={0: 2134, 1: 2640, 7: 0}
2026-03-19 22:46:15,040 INFO: particles=50 iter=50 n_caps=14 minZ=0.022191 runtime=133.03s placement={0: 0, 1: 2713, 7: 2078}
2026-03-19 22:48:29,417 INFO: particles=50 iter=50 n_caps=15 minZ=0.022786 runtime=134.38s placement={0: 0, 1: 2713, 7: 1045}
2026-03-19 22:50:45,020 INFO: particles=50 iter=50 n_caps=16 minZ=0.022092 runtime=135.60s placement={0: 0, 1: 2713, 7: 143}
2026-03-19 22:53:04,480 INFO: particles=50 iter=50 n_caps=17 minZ=0.021196 runtime=139.46s placement={0: 0, 1: 2713, 7: 0}
2026-03-19 22:55:44,298 INFO: particles=50 iter=50 n_caps=18 minZ=0.021224 runtime=159.82s placement={0: 0, 1: 2713, 7: 2280}
2026-03-19 22:58:06,252 INFO: particles=50 iter=50 n_caps=19 minZ=0.021403 runtime=141.95s placement={0: 0, 1: 2697, 7: 2813}
2026-03-19 23:00:29,925 INFO: particles=50 iter=50 n_caps=20 minZ=0.022734 runtime=143.67s placement={0: 2, 1: 2699, 7: 1014}
