2026-04-02 02:06:31,250 INFO: particles=20 iter=40 n_caps=1 minZ=0.080251 runtime=43.07s placement={0: 1012}
2026-04-02 02:07:14,722 INFO: particles=20 iter=40 n_caps=2 minZ=0.069266 runtime=43.47s placement={0: 1282, 9: 1101}
2026-04-02 02:07:55,857 INFO: particles=20 iter=40 n_caps=3 minZ=0.057814 runtime=41.13s placement={9: 1012, 0: 1476, 7: 10}
2026-04-02 02:08:40,333 INFO: particles=20 iter=40 n_caps=4 minZ=0.043104 runtime=44.48s placement={0: 1690, 7: 1460, 1: 10}
2026-04-02 02:09:22,698 INFO: particles=20 iter=40 n_caps=5 minZ=0.044013 runtime=42.37s placement={5: 466, 6: 1538, 0: 1014, 15: 2515, 16: 0}
2026-04-02 02:10:06,625 INFO: particles=20 iter=40 n_caps=6 minZ=0.045898 runtime=43.93s placement={6: 838, 0: 767, 15: 1013, 16: 2357, 1: 0}
2026-04-02 02:10:52,881 INFO: particles=20 iter=40 n_caps=7 minZ=0.031330 runtime=46.25s placement={0: 1012, 15: 1301, 16: 974, 1: 2371}
2026-04-02 02:11:38,579 INFO: particles=20 iter=40 n_caps=8 minZ=0.037196 runtime=45.70s placement={15: 859, 16: 1263, 0: 0, 1: 2364, 9: 1012}
2026-04-02 02:12:25,404 INFO: particles=20 iter=40 n_caps=9 minZ=0.034596 runtime=46.82s placement={16: 745, 0: 0, 1: 768, 9: 1005, 20: 2600}
2026-04-02 02:13:12,015 INFO: particles=20 iter=40 n_caps=10 minZ=0.030314 runtime=46.61s placement={0: 2479, 1: 1080, 10: 121, 20: 328, 17: 3302}
2026-04-02 02:14:12,354 INFO: particles=20 iter=40 n_caps=11 minZ=0.030870 runtime=60.34s placement={0: 11, 1: 961, 14: 2511, 20: 1125, 16: 2350}
2026-04-02 02:15:16,602 INFO: particles=20 iter=40 n_caps=12 minZ=0.029521 runtime=64.25s placement={0: 0, 1: 978, 14: 934, 20: 1571, 16: 784}
2026-04-02 02:16:22,030 INFO: particles=20 iter=40 n_caps=13 minZ=0.028676 runtime=65.43s placement={0: 0, 14: 892, 1: 780, 20: 572, 16: 1118}
2026-04-02 02:17:22,912 INFO: particles=20 iter=40 n_caps=14 minZ=0.030132 runtime=60.88s placement={15: 1159, 0: 49, 1: 688, 20: 2656, 16: 1506}
2026-04-02 02:18:28,198 INFO: particles=20 iter=40 n_caps=15 minZ=0.024929 runtime=65.29s placement={0: 2587, 1: 985, 16: 366, 20: 1074, 2: 99}
2026-04-02 02:19:38,024 INFO: particles=20 iter=40 n_caps=16 minZ=0.024107 runtime=69.83s placement={0: 0, 16: 985, 1: 366, 20: 3018, 2: 91}
2026-04-02 02:20:35,683 INFO: particles=20 iter=40 n_caps=17 minZ=0.024181 runtime=57.66s placement={16: 995, 0: 0, 20: 366, 1: 3018, 2: 1263}
2026-04-02 02:21:26,575 INFO: particles=20 iter=40 n_caps=18 minZ=0.023403 runtime=50.89s placement={0: 0, 18: 969, 1: 209, 8: 459, 2: 2776}
2026-04-02 02:22:20,416 INFO: particles=20 iter=40 n_caps=19 minZ=0.022017 runtime=53.84s placement={18: 1122, 0: 0, 1: 183, 9: 0}
2026-04-02 02:23:16,522 INFO: particles=20 iter=40 n_caps=20 minZ=0.020689 runtime=56.11s placement={0: 3110, 1: 988, 9: 1021}
