2026-03-23 23:30:27,989 INFO: particles=80 iter=40 n_caps=1 minZ=0.080251 runtime=132.11s placement={0: 1012}
2026-03-23 23:32:42,926 INFO: particles=80 iter=40 n_caps=2 minZ=0.052721 runtime=134.94s placement={0: 1012, 9: 1900}
2026-03-23 23:35:00,469 INFO: particles=80 iter=40 n_caps=3 minZ=0.053370 runtime=137.54s placement={9: 1012, 0: 1993, 7: 510}
2026-03-23 23:37:28,979 INFO: particles=80 iter=40 n_caps=4 minZ=0.042984 runtime=148.51s placement={0: 1012, 7: 1696, 6: 511, 9: 1658}
2026-03-23 23:39:59,876 INFO: particles=80 iter=40 n_caps=5 minZ=0.048804 runtime=150.90s placement={6: 0, 16: 1564, 7: 1449, 0: 1012, 11: 0}
2026-03-23 23:42:32,654 INFO: particles=80 iter=40 n_caps=6 minZ=0.047322 runtime=152.78s placement={10: 2055, 15: 2808, 0: 1014, 18: 600, 7: 156, 11: 839}
2026-03-23 23:45:05,809 INFO: particles=80 iter=40 n_caps=7 minZ=0.040726 runtime=153.15s placement={16: 1629, 8: 2272, 5: 2117, 0: 1012, 14: 764, 7: 1658, 6: 2873}
2026-03-23 23:47:44,980 INFO: particles=80 iter=40 n_caps=8 minZ=0.035127 runtime=159.17s placement={0: 2755, 1: 3215, 17: 2188, 14: 1795}
2026-03-23 23:50:17,527 INFO: particles=80 iter=40 n_caps=9 minZ=0.030033 runtime=152.55s placement={0: 0, 1: 3225, 17: 3347, 14: 2924}
2026-03-23 23:52:50,518 INFO: particles=80 iter=40 n_caps=10 minZ=0.033266 runtime=152.99s placement={0: 27, 17: 3259, 1: 3347, 14: 1012}
2026-03-23 23:55:31,693 INFO: particles=80 iter=40 n_caps=11 minZ=0.032057 runtime=161.17s placement={17: 526, 0: 0, 1: 3347, 14: 893, 7: 27}
2026-03-23 23:58:08,560 INFO: particles=80 iter=40 n_caps=12 minZ=0.025892 runtime=156.87s placement={0: 2923, 1: 3262, 14: 1768, 7: 0}
2026-03-24 00:00:58,473 INFO: particles=80 iter=40 n_caps=13 minZ=0.025257 runtime=169.91s placement={0: 2923, 1: 3262, 14: 3347, 7: 1785, 6: 76}
2026-03-24 00:03:44,186 INFO: particles=80 iter=40 n_caps=14 minZ=0.025800 runtime=165.71s placement={0: 0, 14: 3262, 1: 3347, 7: 2443, 6: 2923}
2026-03-24 00:06:27,782 INFO: particles=80 iter=40 n_caps=15 minZ=0.027377 runtime=163.60s placement={15: 331, 0: 0, 1: 3347, 7: 1178, 8: 0}
2026-03-24 00:09:29,137 INFO: particles=80 iter=40 n_caps=16 minZ=0.020738 runtime=181.35s placement={0: 504, 1: 3341, 3: 2046, 9: 11}
2026-03-24 00:12:22,012 INFO: particles=80 iter=40 n_caps=17 minZ=0.020847 runtime=172.87s placement={0: 141, 1: 3341, 3: 3347, 9: 980}
2026-03-24 00:15:11,419 INFO: particles=80 iter=40 n_caps=18 minZ=0.020025 runtime=169.41s placement={0: 0, 3: 3341, 1: 3347, 9: 391}
2026-03-24 00:18:03,676 INFO: particles=80 iter=40 n_caps=19 minZ=0.022041 runtime=172.26s placement={3: 343, 0: 1, 1: 3347, 9: 893}
2026-03-24 00:20:56,720 INFO: particles=80 iter=40 n_caps=20 minZ=0.020196 runtime=173.04s placement={0: 588, 1: 3341, 9: 1014}
