2026-03-19 21:38:08,220 INFO: particles=50 iter=50 n_caps=1 minZ=0.080251 runtime=106.06s placement={0: 1014}
2026-03-19 21:39:57,180 INFO: particles=50 iter=50 n_caps=2 minZ=0.054784 runtime=108.96s placement={0: 1014, 7: 1377}
2026-03-19 21:41:47,903 INFO: particles=50 iter=50 n_caps=3 minZ=0.046398 runtime=110.72s placement={10: 1689, 14: 1673, 0: 1014}
2026-03-19 21:43:40,001 INFO: particles=50 iter=50 n_caps=4 minZ=0.046189 runtime=112.10s placement={10: 1696, 0: 1012, 11: 483, 16: 1783}
2026-03-19 21:45:35,830 INFO: particles=50 iter=50 n_caps=5 minZ=0.049924 runtime=115.83s placement={0: 1012, 11: 829, 16: 587, 12: 1830, 7: 2093}
2026-03-19 21:47:32,544 INFO: particles=50 iter=50 n_caps=6 minZ=0.033295 runtime=116.71s placement={0: 844, 1: 0}
2026-03-19 21:49:31,567 INFO: particles=50 iter=50 n_caps=7 minZ=0.032259 runtime=119.02s placement={0: 843, 1: 0, 7: 0}
2026-03-19 21:51:32,387 INFO: particles=50 iter=50 n_caps=8 minZ=0.031516 runtime=120.82s placement={0: 96, 1: 1, 7: 844}
2026-03-19 21:53:35,796 INFO: particles=50 iter=50 n_caps=9 minZ=0.030223 runtime=123.41s placement={0: 3347, 1: 0, 7: 1324}
2026-03-19 21:55:39,657 INFO: particles=50 iter=50 n_caps=10 minZ=0.027417 runtime=123.86s placement={0: 0, 1: 0, 7: 1702}
2026-03-19 21:57:45,777 INFO: particles=50 iter=50 n_caps=11 minZ=0.028174 runtime=126.12s placement={0: 0, 1: 0, 8: 1056}
2026-03-19 21:59:54,006 INFO: particles=50 iter=50 n_caps=12 minZ=0.024664 runtime=128.23s placement={0: 0, 8: 0, 1: 1058}
2026-03-19 22:02:04,175 INFO: particles=50 iter=50 n_caps=13 minZ=0.024820 runtime=130.17s placement={10: 1017, 0: 0, 1: 1013}
2026-03-19 22:04:15,678 INFO: particles=50 iter=50 n_caps=14 minZ=0.021694 runtime=131.50s placement={0: 1703, 1: 0, 7: 0}
2026-03-19 22:06:29,092 INFO: particles=50 iter=50 n_caps=15 minZ=0.021531 runtime=133.41s placement={0: 0, 1: 0, 7: 0, 20: 1703, 10: 0}
2026-03-19 22:08:44,962 INFO: particles=50 iter=50 n_caps=16 minZ=0.021042 runtime=135.87s placement={0: 100, 1: 0, 7: 0, 20: 0, 10: 1703}
2026-03-19 22:11:02,813 INFO: particles=50 iter=50 n_caps=17 minZ=0.020710 runtime=137.85s placement={0: 21, 1: 0, 7: 0, 20: 0, 10: 0}
2026-03-19 22:13:22,541 INFO: particles=50 iter=50 n_caps=18 minZ=0.020562 runtime=139.73s placement={0: 0, 1: 0, 7: 3347, 20: 0, 10: 0}
2026-03-19 22:15:44,313 INFO: particles=50 iter=50 n_caps=19 minZ=0.020971 runtime=141.77s placement={0: 144, 1: 0, 7: 1014, 20: 0, 10: 0}
2026-03-19 22:18:08,500 INFO: particles=50 iter=50 n_caps=20 minZ=0.019768 runtime=144.19s placement={0: 0, 1: 0, 7: 0, 20: 3347, 10: 0, 14: 144}
