2026-03-17 06:57:30,961 INFO: particles=30 iter=10 n_caps=1 minZ=0.089878 runtime=13.63s placement={10: 1012}
2026-03-17 06:57:44,768 INFO: particles=30 iter=10 n_caps=2 minZ=0.054410 runtime=13.81s placement={0: 1012, 9: 1694}
2026-03-17 06:57:59,026 INFO: particles=30 iter=10 n_caps=3 minZ=0.061812 runtime=14.26s placement={9: 1012, 0: 1696, 10: 0}
2026-03-17 06:58:13,516 INFO: particles=30 iter=10 n_caps=4 minZ=0.042491 runtime=14.49s placement={0: 1662, 9: 1696, 1: 0}
2026-03-17 06:58:28,303 INFO: particles=30 iter=10 n_caps=5 minZ=0.048379 runtime=14.79s placement={6: 956, 0: 1127, 1: 0}
2026-03-17 06:58:43,313 INFO: particles=30 iter=10 n_caps=6 minZ=0.039761 runtime=15.01s placement={0: 1234, 1: 1085, 11: 641}
2026-03-17 06:58:58,747 INFO: particles=30 iter=10 n_caps=7 minZ=0.040832 runtime=15.43s placement={0: 0, 1: 1085, 11: 1234}
2026-03-17 06:59:14,129 INFO: particles=30 iter=10 n_caps=8 minZ=0.041896 runtime=15.38s placement={0: 666, 1: 1037, 10: 1936}
2026-03-17 06:59:29,846 INFO: particles=30 iter=10 n_caps=9 minZ=0.034178 runtime=15.72s placement={0: 653, 1: 785, 10: 226, 6: 0, 16: 438}
2026-03-17 06:59:45,803 INFO: particles=30 iter=10 n_caps=10 minZ=0.034482 runtime=15.96s placement={0: 0, 10: 785, 1: 226, 6: 653, 16: 0}
2026-03-17 07:00:01,656 INFO: particles=30 iter=10 n_caps=11 minZ=0.036235 runtime=15.85s placement={12: 1497, 0: 150, 1: 74, 20: 553, 15: 38}
2026-03-17 07:00:18,055 INFO: particles=30 iter=10 n_caps=12 minZ=0.037826 runtime=16.40s placement={0: 2146, 1: 864, 20: 1484, 15: 387}
2026-03-17 07:00:34,603 INFO: particles=30 iter=10 n_caps=13 minZ=0.033562 runtime=16.55s placement={0: 1696, 1: 642, 20: 0, 13: 0, 2: 0}
2026-03-17 07:00:51,417 INFO: particles=30 iter=10 n_caps=14 minZ=0.032135 runtime=16.81s placement={0: 0, 5: 2240, 13: 923, 17: 3017, 1: 2245, 6: 680, 2: 3347}
2026-03-17 07:01:08,196 INFO: particles=30 iter=10 n_caps=15 minZ=0.028195 runtime=16.78s placement={1: 1038, 15: 2977, 17: 528, 2: 3146, 0: 922, 7: 3347, 8: 232, 20: 105}
2026-03-17 07:01:25,351 INFO: particles=30 iter=10 n_caps=16 minZ=0.029737 runtime=17.15s placement={15: 1038, 17: 2977, 1: 528, 0: 233, 7: 1426, 8: 922, 20: 232}
2026-03-17 07:01:42,714 INFO: particles=30 iter=10 n_caps=17 minZ=0.027440 runtime=17.36s placement={17: 1038, 1: 2977, 0: 233, 7: 3146, 8: 3347, 20: 922, 9: 2516}
2026-03-17 07:02:00,218 INFO: particles=30 iter=10 n_caps=18 minZ=0.025178 runtime=17.50s placement={1: 1038, 0: 2859, 7: 528, 8: 1903, 20: 3347, 9: 233}
2026-03-17 07:02:17,884 INFO: particles=30 iter=10 n_caps=19 minZ=0.023844 runtime=17.66s placement={0: 405, 6: 3029, 1: 335, 7: 1353, 20: 2285, 9: 71}
2026-03-17 07:02:35,799 INFO: particles=30 iter=10 n_caps=20 minZ=0.025286 runtime=17.92s placement={7: 946, 0: 434, 1: 0, 5: 3347, 9: 687, 20: 1758, 11: 1749, 10: 0, 8: 0}
