2026-04-01 15:02:58,136 INFO: particles=30 iter=10 n_caps=1 minZ=0.089459 runtime=10.70s placement={16: 1287}
2026-04-01 15:03:15,381 INFO: particles=30 iter=10 n_caps=2 minZ=0.062903 runtime=17.24s placement={0: 1283, 9: 2640}
2026-04-01 15:03:43,228 INFO: particles=30 iter=10 n_caps=3 minZ=0.063084 runtime=27.85s placement={9: 1256, 10: 2611, 16: 990}
2026-04-01 15:04:19,397 INFO: particles=30 iter=10 n_caps=4 minZ=0.042150 runtime=36.17s placement={9: 1256, 16: 2611, 0: 990, 10: 1512}
2026-04-01 15:05:03,031 INFO: particles=30 iter=10 n_caps=5 minZ=0.045881 runtime=43.63s placement={16: 1256, 0: 2611, 10: 990, 9: 1512, 14: 1576}
2026-04-01 15:05:49,174 INFO: particles=30 iter=10 n_caps=6 minZ=0.042910 runtime=46.14s placement={0: 989, 10: 3165, 5: 1268, 14: 2810, 20: 1841, 2: 3347}
2026-04-01 15:06:52,375 INFO: particles=30 iter=10 n_caps=7 minZ=0.041150 runtime=63.20s placement={8: 1599, 5: 214, 0: 3347, 1: 1326, 15: 2086}
2026-04-01 15:08:01,746 INFO: particles=30 iter=10 n_caps=8 minZ=0.034348 runtime=69.37s placement={0: 2187, 1: 0, 20: 3347, 13: 2473}
2026-04-01 15:09:19,792 INFO: particles=30 iter=10 n_caps=9 minZ=0.034520 runtime=78.05s placement={0: 2187, 1: 0, 20: 2655, 13: 3347, 7: 0}
2026-04-01 15:10:38,449 INFO: particles=30 iter=10 n_caps=10 minZ=0.034276 runtime=78.66s placement={0: 1012, 1: 1417, 9: 763, 13: 2894, 14: 2092, 10: 0}
2026-04-01 15:12:07,159 INFO: particles=30 iter=10 n_caps=11 minZ=0.031664 runtime=88.71s placement={0: 96, 1: 2360, 9: 1617, 14: 2760, 10: 839, 15: 1973, 5: 1197, 7: 868, 17: 405}
2026-04-01 15:13:46,422 INFO: particles=30 iter=10 n_caps=12 minZ=0.031273 runtime=99.26s placement={0: 1357, 9: 1935, 1: 2270, 17: 819, 10: 2510, 15: 752, 5: 1850, 8: 862}
2026-04-01 15:15:34,431 INFO: particles=30 iter=10 n_caps=13 minZ=0.030249 runtime=108.01s placement={9: 1483, 0: 0, 18: 1990, 10: 798, 15: 2176, 6: 690, 8: 1943, 1: 1350}
2026-04-01 15:17:36,828 INFO: particles=30 iter=10 n_caps=14 minZ=0.026903 runtime=122.40s placement={0: 1651, 18: 1500, 10: 1990, 15: 798, 6: 2176, 8: 690, 1: 1943}
2026-04-01 15:19:39,742 INFO: particles=30 iter=10 n_caps=15 minZ=0.026748 runtime=122.91s placement={18: 1483, 10: 1500, 15: 1990, 6: 798, 8: 2176, 0: 0, 1: 1943}
2026-04-01 15:21:49,735 INFO: particles=30 iter=10 n_caps=16 minZ=0.025744 runtime=129.99s placement={10: 1483, 15: 1500, 6: 1990, 8: 798, 0: 3075, 1: 690}
2026-04-01 15:24:09,267 INFO: particles=30 iter=10 n_caps=17 minZ=0.022913 runtime=139.53s placement={18: 1061, 7: 1485, 2: 2218, 0: 277, 1: 2196, 10: 3162, 3: 1742}
2026-04-01 15:26:39,467 INFO: particles=30 iter=10 n_caps=18 minZ=0.022261 runtime=150.20s placement={7: 1061, 2: 1485, 0: 1960, 1: 848, 10: 277, 3: 3162, 9: 1742, 6: 3080}
2026-04-01 15:29:18,771 INFO: particles=30 iter=10 n_caps=19 minZ=0.021827 runtime=159.30s placement={2: 1061, 0: 1323, 1: 2218, 10: 1960, 3: 277, 9: 3162, 6: 1742}
2026-04-01 15:32:02,407 INFO: particles=30 iter=10 n_caps=20 minZ=0.020531 runtime=163.64s placement={0: 350, 1: 1485, 10: 0, 3: 1960, 9: 277, 6: 3162}
