2026-03-23 06:29:05,018 INFO: particles=30 iter=25 n_caps=1 minZ=0.085029 runtime=19.88s placement={0: 1317}
2026-03-23 06:29:25,930 INFO: particles=30 iter=25 n_caps=2 minZ=0.073107 runtime=20.91s placement={10: 1378, 0: 999}
2026-03-23 06:29:47,692 INFO: particles=30 iter=25 n_caps=3 minZ=0.058326 runtime=21.76s placement={0: 1979, 10: 1014, 9: 1398}
2026-03-23 06:30:09,200 INFO: particles=30 iter=25 n_caps=4 minZ=0.063152 runtime=21.51s placement={10: 1979, 9: 1014, 15: 1398, 0: 43}
2026-03-23 06:30:31,087 INFO: particles=30 iter=25 n_caps=5 minZ=0.053595 runtime=21.89s placement={9: 2017, 20: 1310, 0: 1012, 6: 0, 19: 1971}
2026-03-23 06:30:54,096 INFO: particles=30 iter=25 n_caps=6 minZ=0.056298 runtime=23.01s placement={10: 1511, 0: 1625, 5: 1101, 18: 3, 16: 1298, 7: 1156}
2026-03-23 06:31:17,119 INFO: particles=30 iter=25 n_caps=7 minZ=0.043813 runtime=23.02s placement={0: 1014, 2: 1796, 18: 2134, 15: 3, 9: 1594, 16: 1163, 5: 1379}
2026-03-23 06:31:41,028 INFO: particles=30 iter=25 n_caps=8 minZ=0.048168 runtime=23.91s placement={0: 798, 9: 2091, 15: 1151, 10: 1075, 14: 1600, 18: 1357, 16: 1494, 7: 169}
2026-03-23 06:32:05,862 INFO: particles=30 iter=25 n_caps=9 minZ=0.045999 runtime=24.83s placement={9: 892, 14: 2008, 10: 1036, 13: 706, 18: 1408, 16: 1519, 6: 2673, 0: 618, 5: 1241}
2026-03-23 06:32:31,397 INFO: particles=30 iter=25 n_caps=10 minZ=0.037294 runtime=25.53s placement={20: 1301, 16: 2514, 0: 1413, 11: 0, 14: 973, 5: 1361, 1: 188}
2026-03-23 06:32:56,852 INFO: particles=30 iter=25 n_caps=11 minZ=0.029645 runtime=25.45s placement={14: 643, 0: 3347, 10: 823, 15: 0, 1: 512}
2026-03-23 06:33:22,550 INFO: particles=30 iter=25 n_caps=12 minZ=0.029299 runtime=25.70s placement={0: 2438, 10: 2548, 14: 823, 1: 0}
2026-03-23 06:33:48,817 INFO: particles=30 iter=25 n_caps=13 minZ=0.027128 runtime=26.27s placement={10: 668, 14: 2558, 0: 0, 1: 0}
2026-03-23 06:34:15,788 INFO: particles=30 iter=25 n_caps=14 minZ=0.023277 runtime=26.97s placement={0: 1904, 1: 3243}
2026-03-23 06:34:43,811 INFO: particles=30 iter=25 n_caps=15 minZ=0.023125 runtime=28.02s placement={1: 875, 0: 0}
2026-03-23 06:35:13,779 INFO: particles=30 iter=25 n_caps=16 minZ=0.022361 runtime=29.97s placement={0: 171, 1: 3243}
2026-03-23 06:35:42,932 INFO: particles=30 iter=25 n_caps=17 minZ=0.022039 runtime=29.15s placement={0: 0, 1: 3243}
2026-03-23 06:36:12,167 INFO: particles=30 iter=25 n_caps=18 minZ=0.021892 runtime=29.23s placement={0: 0, 1: 3243, 9: 0}
2026-03-23 06:36:42,356 INFO: particles=30 iter=25 n_caps=19 minZ=0.021584 runtime=30.19s placement={0: 0, 1: 3243, 9: 0}
2026-03-23 06:37:11,955 INFO: particles=30 iter=25 n_caps=20 minZ=0.021692 runtime=29.60s placement={0: 0, 1: 3243, 9: 171}
