2026-03-24 21:21:34,208 INFO: particles=80 iter=10 n_caps=1 minZ=0.089207 runtime=21.08s placement={0: 1488}
2026-03-24 21:21:56,500 INFO: particles=80 iter=10 n_caps=2 minZ=0.070659 runtime=22.29s placement={0: 1517, 10: 341}
2026-03-24 21:22:19,404 INFO: particles=80 iter=10 n_caps=3 minZ=0.059513 runtime=22.90s placement={0: 1012, 6: 1246, 8: 461}
2026-03-24 21:22:43,010 INFO: particles=80 iter=10 n_caps=4 minZ=0.049275 runtime=23.61s placement={6: 1904, 0: 1014, 10: 650, 9: 1371}
2026-03-24 21:23:06,584 INFO: particles=80 iter=10 n_caps=5 minZ=0.043319 runtime=23.57s placement={0: 1012, 10: 1024, 6: 997, 1: 1516}
2026-03-24 21:23:31,170 INFO: particles=80 iter=10 n_caps=6 minZ=0.041513 runtime=24.59s placement={10: 1533, 6: 1024, 0: 37, 1: 1516}
2026-03-24 21:23:56,409 INFO: particles=80 iter=10 n_caps=7 minZ=0.033276 runtime=25.24s placement={10: 1336, 0: 0, 1: 903, 7: 1776}
2026-03-24 21:24:22,332 INFO: particles=80 iter=10 n_caps=8 minZ=0.032825 runtime=25.92s placement={0: 1811, 1: 899, 7: 0}
2026-03-24 21:24:48,365 INFO: particles=80 iter=10 n_caps=9 minZ=0.032851 runtime=26.03s placement={0: 1584, 1: 0, 19: 0}
2026-03-24 21:25:14,623 INFO: particles=80 iter=10 n_caps=10 minZ=0.034168 runtime=26.26s placement={0: 0, 1: 0, 19: 1584, 7: 0}
2026-03-24 21:25:41,523 INFO: particles=80 iter=10 n_caps=11 minZ=0.031831 runtime=26.90s placement={0: 0, 1: 0, 19: 2180, 7: 0}
2026-03-24 21:26:09,505 INFO: particles=80 iter=10 n_caps=12 minZ=0.032688 runtime=27.98s placement={0: 0, 1: 0, 19: 0, 7: 1584}
2026-03-24 21:26:37,450 INFO: particles=80 iter=10 n_caps=13 minZ=0.033182 runtime=27.94s placement={0: 0, 1: 0, 19: 212, 7: 2180, 15: 0}
2026-03-24 21:27:05,974 INFO: particles=80 iter=10 n_caps=14 minZ=0.029876 runtime=28.52s placement={0: 82, 1: 0, 19: 2081, 7: 0, 15: 0}
2026-03-24 21:27:35,900 INFO: particles=80 iter=10 n_caps=15 minZ=0.029424 runtime=29.93s placement={0: 767, 1: 0, 20: 855, 7: 123, 15: 0, 11: 520}
2026-03-24 21:28:05,902 INFO: particles=80 iter=10 n_caps=16 minZ=0.026019 runtime=30.00s placement={2: 1280, 20: 0, 0: 991, 10: 2170, 1: 86, 16: 874, 14: 430}
2026-03-24 21:28:36,797 INFO: particles=80 iter=10 n_caps=17 minZ=0.023777 runtime=30.89s placement={20: 1280, 0: 388, 10: 1071, 1: 2170, 16: 374, 14: 441}
2026-03-24 21:29:07,967 INFO: particles=80 iter=10 n_caps=18 minZ=0.022535 runtime=31.17s placement={0: 421, 10: 0, 1: 990, 16: 1216, 14: 39, 20: 3347}
2026-03-24 21:29:39,659 INFO: particles=80 iter=10 n_caps=19 minZ=0.024684 runtime=31.69s placement={10: 1428, 0: 0, 1: 946, 16: 2907, 14: 857, 20: 0}
2026-03-24 21:30:12,165 INFO: particles=80 iter=10 n_caps=20 minZ=0.024864 runtime=32.51s placement={0: 1587, 1: 0, 20: 0, 13: 0, 19: 0, 7: 0}
