2026-03-29 06:42:32,663 INFO: particles=20 iter=10 n_caps=1 minZ=0.090277 runtime=5.35s placement={15: 1277}
2026-03-29 06:42:42,392 INFO: particles=20 iter=10 n_caps=2 minZ=0.053148 runtime=9.73s placement={0: 1070, 10: 2560}
2026-03-29 06:42:56,808 INFO: particles=20 iter=10 n_caps=3 minZ=0.061893 runtime=14.42s placement={10: 1070, 0: 2560, 16: 0}
2026-03-29 06:43:16,910 INFO: particles=20 iter=10 n_caps=4 minZ=0.046149 runtime=20.10s placement={0: 989, 16: 2754, 20: 0, 6: 1530}
2026-03-29 06:43:40,336 INFO: particles=20 iter=10 n_caps=5 minZ=0.047769 runtime=23.43s placement={16: 990, 15: 966, 6: 1169, 0: 1531, 5: 71}
2026-03-29 06:44:09,237 INFO: particles=20 iter=10 n_caps=6 minZ=0.043561 runtime=28.90s placement={15: 990, 6: 966, 0: 1169, 5: 1531, 7: 71, 10: 2775}
2026-03-29 06:44:41,938 INFO: particles=20 iter=10 n_caps=7 minZ=0.042098 runtime=32.70s placement={6: 990, 0: 966, 5: 1169, 7: 1531, 10: 71, 15: 2775, 9: 2610}
2026-03-29 06:45:18,348 INFO: particles=20 iter=10 n_caps=8 minZ=0.038601 runtime=36.41s placement={0: 990, 5: 966, 6: 1169, 10: 1531, 15: 71, 9: 2775, 16: 2610, 14: 1157}
2026-03-29 06:45:59,755 INFO: particles=20 iter=10 n_caps=9 minZ=0.039787 runtime=41.41s placement={5: 527, 7: 1032, 9: 1017, 15: 1740, 10: 0, 16: 2816, 14: 2914, 0: 1102, 8: 0}
2026-03-29 06:46:45,591 INFO: particles=20 iter=10 n_caps=10 minZ=0.041525 runtime=45.83s placement={7: 1054, 9: 1083, 8: 481, 13: 1226, 14: 2590, 0: 2914, 10: 1100, 5: 375, 6: 1047}
2026-03-29 06:47:36,337 INFO: particles=20 iter=10 n_caps=11 minZ=0.038684 runtime=50.75s placement={9: 1054, 7: 1083, 13: 1871, 8: 1226, 14: 1182, 0: 2590, 10: 2914, 5: 1100, 6: 375, 15: 1047}
2026-03-29 06:48:36,467 INFO: particles=20 iter=10 n_caps=12 minZ=0.033820 runtime=60.13s placement={6: 578, 14: 945, 7: 2006, 10: 1800, 0: 763, 8: 2403, 5: 3347, 1: 247, 9: 0, 16: 171}
2026-03-29 06:49:35,272 INFO: particles=20 iter=10 n_caps=13 minZ=0.029891 runtime=58.80s placement={0: 1695, 7: 887, 1: 0, 10: 0, 9: 237, 17: 0, 11: 2110, 20: 936}
2026-03-29 06:50:37,597 INFO: particles=20 iter=10 n_caps=14 minZ=0.030679 runtime=62.32s placement={8: 1572, 0: 1322, 1: 641, 9: 1142, 16: 3347, 20: 1421, 15: 791, 19: 2228, 5: 1303, 14: 1035}
2026-03-29 06:51:47,396 INFO: particles=20 iter=10 n_caps=15 minZ=0.026584 runtime=69.80s placement={0: 1490, 1: 1290, 9: 273, 15: 1078, 20: 3347, 16: 1733, 19: 795, 3: 2219, 17: 1228}
2026-03-29 06:52:58,334 INFO: particles=20 iter=10 n_caps=16 minZ=0.027813 runtime=70.94s placement={0: 892, 9: 1399, 1: 139, 15: 1014, 20: 1477, 16: 1704, 19: 1692, 4: 884, 17: 2234, 18: 0}
2026-03-29 06:54:14,934 INFO: particles=20 iter=10 n_caps=17 minZ=0.025454 runtime=76.60s placement={9: 1910, 0: 615, 1: 129, 16: 680, 19: 968, 15: 864, 20: 1700, 17: 1100, 18: 894, 10: 0, 13: 0}
2026-03-29 06:55:40,765 INFO: particles=20 iter=10 n_caps=18 minZ=0.025683 runtime=85.83s placement={0: 1518, 1: 1878, 16: 129, 19: 680, 15: 3347, 20: 864, 17: 1684, 18: 615, 10: 894, 13: 0}
2026-03-29 06:57:10,637 INFO: particles=20 iter=10 n_caps=19 minZ=0.026072 runtime=89.87s placement={0: 0, 15: 1929, 20: 131, 1: 0, 16: 1316, 19: 3347, 18: 3347, 14: 1242, 3: 463, 11: 552, 9: 1362}
2026-03-29 06:58:42,108 INFO: particles=20 iter=10 n_caps=20 minZ=0.025451 runtime=91.47s placement={13: 3347, 20: 215, 0: 1041, 1: 0, 15: 200, 19: 2199, 16: 1997, 6: 3347, 12: 3347, 11: 2176, 14: 0}
