2026-03-19 23:02:15,582 INFO: particles=50 iter=50 n_caps=1 minZ=0.080251 runtime=105.65s placement={0: 1014}
2026-03-19 23:04:04,287 INFO: particles=50 iter=50 n_caps=2 minZ=0.052008 runtime=108.70s placement={0: 1014, 9: 1517}
2026-03-19 23:05:54,478 INFO: particles=50 iter=50 n_caps=3 minZ=0.052540 runtime=110.19s placement={9: 1014, 0: 1464, 10: 367}
2026-03-19 23:07:46,959 INFO: particles=50 iter=50 n_caps=4 minZ=0.041426 runtime=112.48s placement={0: 1014, 9: 1464, 10: 367, 15: 1532}
2026-03-19 23:09:41,812 INFO: particles=50 iter=50 n_caps=5 minZ=0.049176 runtime=114.85s placement={9: 1012, 10: 1471, 15: 366, 0: 1493, 7: 0}
2026-03-19 23:11:38,582 INFO: particles=50 iter=50 n_caps=6 minZ=0.041556 runtime=116.77s placement={10: 924, 14: 1194, 0: 1014, 7: 1522, 13: 203, 9: 2411}
2026-03-19 23:13:38,339 INFO: particles=50 iter=50 n_caps=7 minZ=0.042503 runtime=119.76s placement={15: 245, 0: 433, 1: 627, 10: 1317}
2026-03-19 23:15:53,430 INFO: particles=50 iter=50 n_caps=8 minZ=0.033239 runtime=135.09s placement={0: 1012, 1: 2483, 10: 1986, 14: 1035}
2026-03-19 23:17:56,828 INFO: particles=50 iter=50 n_caps=9 minZ=0.028607 runtime=123.40s placement={0: 18, 1: 2477, 10: 434, 14: 1283}
2026-03-19 23:20:01,408 INFO: particles=50 iter=50 n_caps=10 minZ=0.026574 runtime=124.58s placement={0: 0, 10: 2831, 1: 393, 15: 2081}
2026-03-19 23:22:07,681 INFO: particles=50 iter=50 n_caps=11 minZ=0.026640 runtime=126.27s placement={10: 150, 0: 0, 1: 395, 15: 1978}
2026-03-19 23:24:16,112 INFO: particles=50 iter=50 n_caps=12 minZ=0.024792 runtime=128.43s placement={0: 0, 1: 2829, 15: 395, 14: 1782}
2026-03-19 23:26:26,419 INFO: particles=50 iter=50 n_caps=13 minZ=0.024080 runtime=130.31s placement={0: 0, 15: 2855, 1: 395, 14: 0}
2026-03-19 23:28:38,403 INFO: particles=50 iter=50 n_caps=14 minZ=0.024256 runtime=131.98s placement={15: 149, 0: 0, 1: 395, 14: 0}
2026-03-19 23:30:51,854 INFO: particles=50 iter=50 n_caps=15 minZ=0.021695 runtime=133.45s placement={0: 2534, 1: 2823, 14: 12}
2026-03-19 23:33:07,197 INFO: particles=50 iter=50 n_caps=16 minZ=0.024600 runtime=135.34s placement={0: 30, 1: 2823, 14: 1012}
2026-03-19 23:35:24,892 INFO: particles=50 iter=50 n_caps=17 minZ=0.024276 runtime=137.69s placement={0: 1, 1: 2823, 14: 1014}
2026-03-19 23:37:43,974 INFO: particles=50 iter=50 n_caps=18 minZ=0.021539 runtime=139.08s placement={0: 0, 1: 2823, 14: 1371}
2026-03-19 23:40:05,042 INFO: particles=50 iter=50 n_caps=19 minZ=0.021121 runtime=141.07s placement={0: 0, 1: 2823, 14: 2078}
2026-03-19 23:42:27,797 INFO: particles=50 iter=50 n_caps=20 minZ=0.020898 runtime=142.75s placement={0: 0, 1: 2823, 14: 1977}
