2026-03-25 10:07:31,866 INFO: particles=80 iter=25 n_caps=1 minZ=0.080251 runtime=53.16s placement={0: 1012}
2026-03-25 10:08:26,860 INFO: particles=80 iter=25 n_caps=2 minZ=0.070730 runtime=54.99s placement={0: 1518, 6: 367}
2026-03-25 10:09:22,621 INFO: particles=80 iter=25 n_caps=3 minZ=0.065000 runtime=55.76s placement={6: 1377, 0: 1007, 5: 300}
2026-03-25 10:10:20,427 INFO: particles=80 iter=25 n_caps=4 minZ=0.047327 runtime=57.81s placement={0: 1014, 5: 1660, 16: 2541, 11: 1550}
2026-03-25 10:11:19,944 INFO: particles=80 iter=25 n_caps=5 minZ=0.042614 runtime=59.52s placement={5: 1057, 16: 1341, 10: 1632, 0: 1012, 6: 981}
2026-03-25 10:12:19,938 INFO: particles=80 iter=25 n_caps=6 minZ=0.046114 runtime=59.99s placement={15: 1221, 10: 1710, 0: 1126, 6: 1022, 7: 845, 5: 898}
2026-03-25 10:13:22,796 INFO: particles=80 iter=25 n_caps=7 minZ=0.044536 runtime=62.86s placement={8: 1265, 0: 1012, 6: 1327, 7: 2002, 5: 517, 12: 1012, 15: 3034}
2026-03-25 10:14:26,338 INFO: particles=80 iter=25 n_caps=8 minZ=0.039825 runtime=63.54s placement={0: 1012, 7: 890, 9: 1345, 8: 1253, 6: 783, 15: 1565, 13: 3342}
2026-03-25 10:15:31,557 INFO: particles=80 iter=25 n_caps=9 minZ=0.041409 runtime=65.22s placement={6: 1056, 9: 561, 5: 1232, 1: 2176, 13: 687, 15: 1463, 14: 3344, 0: 0}
2026-03-25 10:16:39,356 INFO: particles=80 iter=25 n_caps=10 minZ=0.028521 runtime=67.80s placement={9: 1152, 5: 1314, 0: 1012, 13: 2167, 15: 590, 14: 1500, 1: 2092, 2: 0}
2026-03-25 10:17:47,790 INFO: particles=80 iter=25 n_caps=11 minZ=0.027763 runtime=68.43s placement={5: 1228, 0: 936, 14: 1274, 15: 2589, 12: 868, 1: 613}
2026-03-25 10:18:58,143 INFO: particles=80 iter=25 n_caps=12 minZ=0.025213 runtime=70.35s placement={0: 1056, 15: 1317, 17: 1487, 12: 2599, 1: 891}
2026-03-25 10:20:09,229 INFO: particles=80 iter=25 n_caps=13 minZ=0.023750 runtime=71.09s placement={15: 1227, 17: 1317, 12: 1487, 0: 1056, 1: 891, 7: 40}
2026-03-25 10:21:22,246 INFO: particles=80 iter=25 n_caps=14 minZ=0.024332 runtime=73.02s placement={17: 1227, 12: 1317, 0: 2552, 1: 2599, 7: 1056, 6: 40}
2026-03-25 10:22:36,410 INFO: particles=80 iter=25 n_caps=15 minZ=0.025249 runtime=74.16s placement={15: 2017, 0: 2901, 1: 1579, 6: 996, 4: 907, 2: 2542}
2026-03-25 10:23:54,475 INFO: particles=80 iter=25 n_caps=16 minZ=0.024835 runtime=78.06s placement={0: 2654, 1: 1181, 2: 523}
2026-03-25 10:25:11,011 INFO: particles=80 iter=25 n_caps=17 minZ=0.024224 runtime=76.54s placement={0: 2654, 1: 1181, 2: 736, 7: 0}
2026-03-25 10:26:30,752 INFO: particles=80 iter=25 n_caps=18 minZ=0.022862 runtime=79.74s placement={0: 0, 1: 1074, 2: 0, 5: 2630}
2026-03-25 10:27:53,018 INFO: particles=80 iter=25 n_caps=19 minZ=0.024072 runtime=82.27s placement={0: 0, 1: 1072, 4: 1647, 6: 2601}
2026-03-25 10:29:15,272 INFO: particles=80 iter=25 n_caps=20 minZ=0.024955 runtime=82.25s placement={0: 0, 1: 1072, 4: 1457, 6: 440}
