2026-03-22 19:31:26,685 INFO: particles=50 iter=50 n_caps=1 minZ=0.087365 runtime=120.46s placement={9: 1012}
2026-03-22 19:33:26,106 INFO: particles=50 iter=50 n_caps=2 minZ=0.051974 runtime=119.42s placement={0: 1012, 10: 1487}
2026-03-22 19:35:23,409 INFO: particles=50 iter=50 n_caps=3 minZ=0.047997 runtime=117.30s placement={9: 1432, 0: 1012, 7: 1567}
2026-03-22 19:37:24,590 INFO: particles=50 iter=50 n_caps=4 minZ=0.043496 runtime=121.18s placement={0: 1014, 7: 969, 15: 1808, 14: 1044}
2026-03-22 19:39:27,035 INFO: particles=50 iter=50 n_caps=5 minZ=0.040918 runtime=122.44s placement={7: 971, 15: 1022, 14: 1743, 0: 1012, 16: 96}
2026-03-22 19:41:36,781 INFO: particles=50 iter=50 n_caps=6 minZ=0.041092 runtime=129.75s placement={14: 1265, 15: 982, 0: 1014, 16: 893, 6: 107, 10: 905}
2026-03-22 19:43:43,857 INFO: particles=50 iter=50 n_caps=7 minZ=0.040193 runtime=127.08s placement={15: 1317, 0: 1014, 16: 966, 6: 756, 10: 99, 7: 1197, 19: 2411}
2026-03-22 19:45:52,570 INFO: particles=50 iter=50 n_caps=8 minZ=0.047588 runtime=128.71s placement={0: 1493, 15: 667, 5: 565, 10: 367, 9: 149, 19: 656, 18: 2399, 6: 2668}
2026-03-22 19:48:02,934 INFO: particles=50 iter=50 n_caps=9 minZ=0.035270 runtime=130.36s placement={20: 712, 0: 2028, 1: 2505, 15: 517, 12: 2792, 11: 2274, 9: 672}
2026-03-22 19:50:14,975 INFO: particles=50 iter=50 n_caps=10 minZ=0.035047 runtime=132.04s placement={0: 1029, 1: 1349, 9: 3054, 14: 504, 10: 1600, 3: 193, 12: 3267}
2026-03-22 19:52:28,644 INFO: particles=50 iter=50 n_caps=11 minZ=0.029409 runtime=133.67s placement={0: 433, 10: 1461, 14: 3021, 9: 722, 1: 1473, 3: 997, 12: 151}
2026-03-22 19:54:44,628 INFO: particles=50 iter=50 n_caps=12 minZ=0.025762 runtime=135.98s placement={13: 984, 14: 1525, 5: 2450, 0: 145, 1: 0, 15: 865, 19: 59}
2026-03-22 19:56:59,624 INFO: particles=50 iter=50 n_caps=13 minZ=0.028909 runtime=135.00s placement={13: 1026, 5: 1473, 0: 1712, 1: 632, 15: 1032, 19: 3344}
2026-03-22 19:59:22,287 INFO: particles=50 iter=50 n_caps=14 minZ=0.029024 runtime=142.66s placement={11: 1195, 0: 245, 1: 2988, 16: 1226, 20: 2319, 2: 1166}
2026-03-22 20:01:42,370 INFO: particles=50 iter=50 n_caps=15 minZ=0.024928 runtime=140.08s placement={0: 1836, 1: 1162, 16: 0, 20: 1249, 2: 64}
2026-03-22 20:04:01,462 INFO: particles=50 iter=50 n_caps=16 minZ=0.023935 runtime=139.09s placement={0: 2123, 1: 1163, 16: 58, 19: 1279, 6: 0}
2026-03-22 20:06:34,469 INFO: particles=50 iter=50 n_caps=17 minZ=0.025704 runtime=153.01s placement={0: 0, 1: 1313, 17: 2958, 19: 903, 8: 2224}
2026-03-22 20:09:00,339 INFO: particles=50 iter=50 n_caps=18 minZ=0.022347 runtime=145.87s placement={0: 9, 17: 1482, 1: 3078, 19: 0, 7: 1315}
2026-03-22 20:11:24,815 INFO: particles=50 iter=50 n_caps=19 minZ=0.021897 runtime=144.48s placement={16: 1115, 0: 0, 1: 3150, 19: 28, 5: 379}
2026-03-22 20:13:50,793 INFO: particles=50 iter=50 n_caps=20 minZ=0.019837 runtime=145.98s placement={0: 3, 1: 1487, 19: 3174, 5: 8, 10: 0, 2: 2793}
