2026-03-26 00:55:09,465 INFO: particles=30 iter=10 n_caps=1 minZ=0.080251 runtime=6.93s placement={0: 1014}
2026-03-26 00:55:16,578 INFO: particles=30 iter=10 n_caps=2 minZ=0.055187 runtime=7.11s placement={0: 1014, 10: 1361}
2026-03-26 00:55:23,914 INFO: particles=30 iter=10 n_caps=3 minZ=0.072978 runtime=7.34s placement={10: 341, 14: 1120, 0: 677}
2026-03-26 00:55:31,430 INFO: particles=30 iter=10 n_caps=4 minZ=0.055136 runtime=7.52s placement={14: 341, 0: 1120, 9: 677, 10: 1740}
2026-03-26 00:55:39,127 INFO: particles=30 iter=10 n_caps=5 minZ=0.056009 runtime=7.70s placement={0: 341, 9: 1120, 10: 677, 14: 1740, 20: 2476}
2026-03-26 00:55:47,024 INFO: particles=30 iter=10 n_caps=6 minZ=0.055579 runtime=7.90s placement={4: 923, 10: 968, 15: 739, 16: 1282, 14: 1079, 0: 388}
2026-03-26 00:55:55,040 INFO: particles=30 iter=10 n_caps=7 minZ=0.047529 runtime=8.02s placement={10: 923, 15: 968, 16: 739, 14: 1282, 0: 1079, 5: 388, 9: 689}
2026-03-26 00:56:03,298 INFO: particles=30 iter=10 n_caps=8 minZ=0.045331 runtime=8.26s placement={15: 923, 16: 968, 14: 739, 0: 1282, 5: 1079, 9: 388, 10: 689, 2: 1715}
2026-03-26 00:56:11,784 INFO: particles=30 iter=10 n_caps=9 minZ=0.045529 runtime=8.48s placement={16: 923, 14: 968, 0: 2564, 5: 1282, 9: 1079, 10: 388, 2: 689, 1: 1715}
2026-03-26 00:56:20,431 INFO: particles=30 iter=10 n_caps=10 minZ=0.035725 runtime=8.65s placement={14: 1114, 0: 2756, 6: 1068, 15: 1346, 9: 1177, 1: 463}
2026-03-26 00:56:29,319 INFO: particles=30 iter=10 n_caps=11 minZ=0.034341 runtime=8.89s placement={0: 2016, 6: 972, 16: 872, 13: 1059, 1: 1172}
2026-03-26 00:56:38,341 INFO: particles=30 iter=10 n_caps=12 minZ=0.035353 runtime=9.02s placement={0: 0, 14: 0, 15: 63, 1: 1551, 3: 370, 2: 2512}
2026-03-26 00:56:47,635 INFO: particles=30 iter=10 n_caps=13 minZ=0.031943 runtime=9.29s placement={12: 934, 0: 1012, 1: 2062, 4: 2452, 13: 274}
2026-03-26 00:56:57,027 INFO: particles=30 iter=10 n_caps=14 minZ=0.025493 runtime=9.39s placement={0: 1012, 1: 0, 7: 1031, 12: 2501, 14: 1264}
2026-03-26 00:57:06,577 INFO: particles=30 iter=10 n_caps=15 minZ=0.030712 runtime=9.55s placement={0: 0, 1: 0, 7: 1908, 12: 2604, 14: 1012, 10: 1264}
2026-03-26 00:57:16,336 INFO: particles=30 iter=10 n_caps=16 minZ=0.027817 runtime=9.76s placement={0: 0, 7: 0, 1: 1908, 12: 3102, 14: 163, 10: 1012, 16: 0}
2026-03-26 00:57:26,296 INFO: particles=30 iter=10 n_caps=17 minZ=0.026066 runtime=9.96s placement={7: 1250, 0: 0, 1: 1908, 12: 1466, 14: 2501, 10: 163, 16: 0, 15: 0}
2026-03-26 00:57:36,399 INFO: particles=30 iter=10 n_caps=18 minZ=0.024510 runtime=10.10s placement={0: 1279, 1: 0, 12: 661, 14: 2604, 10: 2501, 16: 1264, 15: 0}
2026-03-26 00:57:46,769 INFO: particles=30 iter=10 n_caps=19 minZ=0.027122 runtime=10.37s placement={0: 0, 1: 2068, 14: 277, 15: 3099, 20: 3020, 12: 599, 16: 2295, 2: 398}
2026-03-26 00:57:57,313 INFO: particles=30 iter=10 n_caps=20 minZ=0.027095 runtime=10.54s placement={0: 0, 1: 2086, 15: 556, 10: 1526, 20: 3089, 11: 333, 13: 609, 2: 0}
