2026-03-30 05:25:06,456 INFO: particles=30 iter=10 n_caps=1 minZ=0.090571 runtime=8.11s placement={0: 2817}
2026-03-30 05:25:21,280 INFO: particles=30 iter=10 n_caps=2 minZ=0.065333 runtime=14.82s placement={6: 2672, 0: 1109}
2026-03-30 05:25:43,981 INFO: particles=30 iter=10 n_caps=3 minZ=0.060238 runtime=22.70s placement={0: 2672, 9: 1109, 10: 1122}
2026-03-30 05:26:13,772 INFO: particles=30 iter=10 n_caps=4 minZ=0.054154 runtime=29.79s placement={15: 2944, 8: 1589, 0: 1100, 7: 160}
2026-03-30 05:26:51,521 INFO: particles=30 iter=10 n_caps=5 minZ=0.048513 runtime=37.75s placement={8: 2960, 0: 1392, 7: 1097, 9: 939, 15: 2642}
2026-03-30 05:27:33,003 INFO: particles=30 iter=10 n_caps=6 minZ=0.047182 runtime=41.48s placement={0: 2533, 6: 1593, 7: 1045, 16: 1626, 10: 2945, 8: 2572}
2026-03-30 05:28:21,122 INFO: particles=30 iter=10 n_caps=7 minZ=0.045956 runtime=48.12s placement={6: 1924, 7: 1870, 16: 1604, 10: 1961, 8: 3347, 0: 3068, 17: 0}
2026-03-30 05:29:16,076 INFO: particles=30 iter=10 n_caps=8 minZ=0.048175 runtime=54.95s placement={6: 922, 16: 1087, 9: 1630, 7: 1638, 0: 3347, 10: 3043, 11: 0, 14: 1179}
2026-03-30 05:30:17,869 INFO: particles=30 iter=10 n_caps=9 minZ=0.041466 runtime=61.79s placement={16: 1356, 7: 1428, 0: 971, 1: 2350, 14: 3347, 10: 1734, 11: 0, 15: 443}
2026-03-30 05:31:27,465 INFO: particles=30 iter=10 n_caps=10 minZ=0.034027 runtime=69.60s placement={0: 891, 1: 1202, 5: 3347, 15: 1373, 18: 0, 10: 930, 6: 1961}
2026-03-30 05:32:46,696 INFO: particles=30 iter=10 n_caps=11 minZ=0.035242 runtime=79.23s placement={0: 1752, 1: 72, 4: 2467, 14: 3347, 7: 994, 10: 464, 6: 1129, 8: 457}
2026-03-30 05:34:10,835 INFO: particles=30 iter=10 n_caps=12 minZ=0.028250 runtime=84.14s placement={0: 456, 1: 52, 6: 126, 14: 2574, 7: 3347, 13: 1974, 10: 278, 5: 1417, 12: 88}
2026-03-30 05:35:39,371 INFO: particles=30 iter=10 n_caps=13 minZ=0.031968 runtime=88.54s placement={0: 409, 5: 80, 17: 1497, 8: 3081, 1: 3347, 14: 1010, 10: 2250, 4: 2142, 11: 2244, 6: 510}
2026-03-30 05:37:14,872 INFO: particles=30 iter=10 n_caps=14 minZ=0.031306 runtime=95.50s placement={1: 2079, 18: 1084, 7: 855, 0: 2538, 20: 0, 2: 1165, 15: 1415, 10: 59, 19: 0}
2026-03-30 05:39:04,206 INFO: particles=30 iter=10 n_caps=15 minZ=0.026993 runtime=109.33s placement={17: 2043, 5: 716, 0: 1061, 20: 762, 1: 0, 3: 1583, 14: 1410, 6: 2145, 15: 1046, 18: 639, 7: 178}
2026-03-30 05:40:55,766 INFO: particles=30 iter=10 n_caps=16 minZ=0.028400 runtime=111.56s placement={5: 1855, 0: 103, 20: 1222, 1: 775, 3: 0, 14: 2201, 6: 1729, 15: 2075, 18: 659, 8: 955, 19: 2940}
2026-03-30 05:42:59,981 INFO: particles=30 iter=10 n_caps=17 minZ=0.024434 runtime=124.21s placement={0: 899, 20: 0, 1: 110, 16: 2173, 19: 1022, 11: 19, 6: 448, 7: 3099}
2026-03-30 05:45:03,109 INFO: particles=30 iter=10 n_caps=18 minZ=0.026070 runtime=123.13s placement={20: 78, 0: 1014, 1: 45, 15: 2602, 19: 1180, 9: 1696, 7: 0, 6: 0, 4: 0}
2026-03-30 05:47:15,343 INFO: particles=30 iter=10 n_caps=19 minZ=0.025436 runtime=132.23s placement={0: 3347, 1: 312, 16: 0, 20: 1749, 3: 215, 10: 1166, 19: 0, 2: 78}
2026-03-30 05:49:32,251 INFO: particles=30 iter=10 n_caps=20 minZ=0.022438 runtime=136.91s placement={0: 2627, 1: 2339, 16: 894, 20: 704, 10: 1372, 19: 341, 2: 0, 4: 1025, 5: 159, 12: 0}
