2026-03-25 18:27:40,226 INFO: particles=20 iter=40 n_caps=1 minZ=0.085029 runtime=18.46s placement={0: 1316}
2026-03-25 18:27:59,201 INFO: particles=20 iter=40 n_caps=2 minZ=0.066319 runtime=18.97s placement={7: 1122, 0: 1012}
2026-03-25 18:28:18,671 INFO: particles=20 iter=40 n_caps=3 minZ=0.055967 runtime=19.47s placement={0: 1014, 8: 1014, 9: 1429}
2026-03-25 18:28:38,631 INFO: particles=20 iter=40 n_caps=4 minZ=0.048059 runtime=19.96s placement={9: 1014, 6: 1170, 0: 1354, 10: 456}
2026-03-25 18:28:59,033 INFO: particles=20 iter=40 n_caps=5 minZ=0.046961 runtime=20.40s placement={6: 1014, 0: 1170, 9: 1354, 7: 456, 10: 1553}
2026-03-25 18:29:19,968 INFO: particles=20 iter=40 n_caps=6 minZ=0.037825 runtime=20.93s placement={0: 1012, 9: 1169, 6: 1354, 10: 456, 15: 1553, 16: 1026}
2026-03-25 18:29:41,390 INFO: particles=20 iter=40 n_caps=7 minZ=0.037042 runtime=21.42s placement={9: 1012, 6: 1257, 10: 1350, 15: 433, 16: 1536, 0: 1014, 8: 0}
2026-03-25 18:30:03,312 INFO: particles=20 iter=40 n_caps=8 minZ=0.043627 runtime=21.92s placement={6: 1012, 9: 1257, 15: 1350, 16: 433, 0: 1666, 8: 1014, 1: 0}
2026-03-25 18:30:25,747 INFO: particles=20 iter=40 n_caps=9 minZ=0.034358 runtime=22.44s placement={9: 1056, 15: 1078, 16: 1344, 0: 1014, 10: 1522, 1: 954}
2026-03-25 18:30:48,584 INFO: particles=20 iter=40 n_caps=10 minZ=0.030370 runtime=22.84s placement={16: 1202, 15: 925, 0: 1505, 10: 553, 1: 1434}
2026-03-25 18:31:11,943 INFO: particles=20 iter=40 n_caps=11 minZ=0.027044 runtime=23.36s placement={15: 1202, 0: 1593, 9: 1383, 1: 619, 14: 2725}
2026-03-25 18:31:35,804 INFO: particles=20 iter=40 n_caps=12 minZ=0.028538 runtime=23.86s placement={0: 2340, 9: 950, 1: 878, 13: 1480}
2026-03-25 18:32:00,862 INFO: particles=20 iter=40 n_caps=13 minZ=0.029090 runtime=25.06s placement={9: 1127, 0: 0, 1: 1164, 15: 898, 20: 2302}
2026-03-25 18:32:26,931 INFO: particles=20 iter=40 n_caps=14 minZ=0.023824 runtime=26.07s placement={0: 1663, 1: 949, 15: 2275, 20: 2718}
2026-03-25 18:32:57,428 INFO: particles=20 iter=40 n_caps=15 minZ=0.023734 runtime=30.50s placement={0: 1663, 1: 949, 15: 0, 20: 1410, 7: 0}
2026-03-25 18:33:28,561 INFO: particles=20 iter=40 n_caps=16 minZ=0.024085 runtime=31.13s placement={0: 1012, 1: 954, 16: 700, 20: 573, 7: 111}
2026-03-25 18:33:59,953 INFO: particles=20 iter=40 n_caps=17 minZ=0.023837 runtime=31.39s placement={0: 100, 1: 954, 16: 1654, 20: 1877, 7: 0}
2026-03-25 18:34:29,226 INFO: particles=20 iter=40 n_caps=18 minZ=0.020715 runtime=29.27s placement={0: 0, 1: 952, 17: 670, 20: 150, 7: 433}
2026-03-25 18:35:01,622 INFO: particles=20 iter=40 n_caps=19 minZ=0.020340 runtime=32.40s placement={0: 0, 1: 952, 17: 1012, 20: 714, 7: 2181}
2026-03-25 18:35:34,452 INFO: particles=20 iter=40 n_caps=20 minZ=0.022186 runtime=32.83s placement={0: 6, 17: 952, 1: 1012, 20: 1625, 7: 590}
