2026-03-19 16:21:21,460 INFO: particles=20 iter=10 n_caps=1 minZ=0.095240 runtime=8.64s placement={15: 1014}
2026-03-19 16:21:30,256 INFO: particles=20 iter=10 n_caps=2 minZ=0.066061 runtime=8.80s placement={14: 2592, 0: 910}
2026-03-19 16:21:39,219 INFO: particles=20 iter=10 n_caps=3 minZ=0.064160 runtime=8.96s placement={0: 2592, 9: 910, 10: 2480}
2026-03-19 16:21:48,358 INFO: particles=20 iter=10 n_caps=4 minZ=0.065403 runtime=9.14s placement={9: 2592, 10: 910, 0: 2480, 6: 0}
2026-03-19 16:21:57,652 INFO: particles=20 iter=10 n_caps=5 minZ=0.058989 runtime=9.29s placement={10: 2592, 0: 910, 6: 2480, 7: 0, 14: 1670}
2026-03-19 16:22:07,134 INFO: particles=20 iter=10 n_caps=6 minZ=0.065287 runtime=9.48s placement={0: 2592, 6: 910, 7: 2480, 14: 0, 9: 1670, 5: 1763}
2026-03-19 16:22:16,769 INFO: particles=20 iter=10 n_caps=7 minZ=0.062437 runtime=9.63s placement={6: 2586, 14: 998, 13: 1690, 0: 1568, 2: 2117, 7: 1813, 16: 243}
2026-03-19 16:22:26,536 INFO: particles=20 iter=10 n_caps=8 minZ=0.053685 runtime=9.77s placement={14: 2586, 13: 998, 0: 1138, 2: 1568, 6: 2117, 16: 1813, 1: 243}
2026-03-19 16:22:36,490 INFO: particles=20 iter=10 n_caps=9 minZ=0.048305 runtime=9.95s placement={3: 2754, 0: 1567, 1: 2817, 4: 1095, 10: 1937, 15: 1844, 16: 3094}
2026-03-19 16:22:46,595 INFO: particles=20 iter=10 n_caps=10 minZ=0.042850 runtime=10.10s placement={0: 528, 1: 423, 6: 1756, 7: 822, 15: 1783, 2: 40, 14: 785}
2026-03-19 16:22:56,807 INFO: particles=20 iter=10 n_caps=11 minZ=0.044598 runtime=10.21s placement={0: 3347, 1: 138, 8: 1534, 16: 606, 20: 0, 10: 408, 14: 484}
2026-03-19 16:23:07,223 INFO: particles=20 iter=10 n_caps=12 minZ=0.032877 runtime=10.42s placement={1: 859, 7: 1845, 14: 1707, 5: 1329, 2: 823, 18: 3245, 0: 167, 17: 2962, 16: 434}
2026-03-19 16:23:17,822 INFO: particles=20 iter=10 n_caps=13 minZ=0.033467 runtime=10.60s placement={10: 842, 16: 1293, 6: 1477, 0: 980, 20: 583, 1: 2178, 17: 1414, 18: 3056, 15: 0}
2026-03-19 16:23:28,597 INFO: particles=20 iter=10 n_caps=14 minZ=0.035401 runtime=10.77s placement={16: 842, 6: 1293, 0: 1789, 20: 1245, 1: 583, 17: 883, 18: 1414, 15: 980, 10: 0}
2026-03-19 16:23:39,552 INFO: particles=20 iter=10 n_caps=15 minZ=0.032926 runtime=10.96s placement={5: 849, 0: 1718, 20: 1968, 1: 1259, 16: 2142, 17: 811, 15: 1483, 7: 1004, 14: 2757}
2026-03-19 16:23:50,649 INFO: particles=20 iter=10 n_caps=16 minZ=0.031851 runtime=11.10s placement={0: 3072, 20: 1397, 1: 3188, 19: 438, 18: 2100, 15: 149, 6: 1613, 17: 1458, 10: 844}
2026-03-19 16:24:01,985 INFO: particles=20 iter=10 n_caps=17 minZ=0.029504 runtime=11.34s placement={16: 649, 0: 1014, 1: 3347, 19: 915, 20: 1078, 15: 3251, 5: 483, 14: 0, 11: 3185, 12: 1952, 6: 0}
2026-03-19 16:24:13,414 INFO: particles=20 iter=10 n_caps=18 minZ=0.031830 runtime=11.43s placement={0: 0, 1: 792, 19: 3347, 10: 982, 16: 0, 4: 1677, 15: 766, 11: 907, 18: 2916, 3: 1979, 6: 0, 2: 2894}
2026-03-19 16:24:24,965 INFO: particles=20 iter=10 n_caps=19 minZ=0.030189 runtime=11.55s placement={0: 0, 19: 832, 10: 3347, 1: 1765, 15: 960, 5: 226, 16: 186, 7: 0, 20: 503, 6: 3184, 8: 1974, 13: 2526}
2026-03-19 16:24:36,690 INFO: particles=20 iter=10 n_caps=20 minZ=0.031203 runtime=11.72s placement={19: 581, 7: 945, 0: 0, 1: 1981, 16: 1932, 4: 1001, 14: 718, 8: 464, 20: 0, 5: 505, 12: 3179, 15: 0}
