2026-03-09 21:18:59,559 INFO: n_caps=1 | iter=15 | minZ=0.030000 | placement={3: 2879}
2026-03-09 21:18:59,560 INFO: init_n_caps=2 | seeded_previous_caps=1 | new_cap_random_init(cap=519,port=10)
2026-03-09 21:19:37,290 INFO: n_caps=2 | iter=15 | minZ=0.030000 | placement={13: 783, 12: 340}
2026-03-09 21:19:37,290 INFO: init_n_caps=3 | seeded_previous_caps=2 | new_cap_random_init(cap=2296,port=11)
2026-03-09 21:20:32,632 INFO: n_caps=3 | iter=15 | minZ=0.030000 | placement={5: 2373, 11: 661, 1: 640}
2026-03-09 21:20:32,633 INFO: init_n_caps=4 | seeded_previous_caps=3 | new_cap_random_init(cap=873,port=7)
2026-03-09 21:21:44,862 INFO: n_caps=4 | iter=15 | minZ=0.030002 | placement={4: 450, 2: 609, 10: 127, 0: 0}
2026-03-09 21:21:44,863 INFO: init_n_caps=5 | seeded_previous_caps=4 | new_cap_random_init(cap=810,port=6)
2026-03-09 21:23:14,691 INFO: n_caps=5 | iter=15 | minZ=0.030000 | placement={1: 3347, 0: 528, 7: 139, 10: 8, 19: 1051}
2026-03-09 21:23:14,692 INFO: init_n_caps=6 | seeded_previous_caps=5 | new_cap_random_init(cap=332,port=12)
2026-03-09 21:25:03,954 INFO: n_caps=6 | iter=15 | minZ=0.030000 | placement={20: 1944, 6: 421, 14: 1206, 7: 1136, 5: 3347, 19: 271}
2026-03-09 21:25:03,954 INFO: init_n_caps=7 | seeded_previous_caps=6 | new_cap_random_init(cap=3347,port=19)
2026-03-09 21:27:12,061 INFO: n_caps=7 | iter=15 | minZ=0.030000 | placement={7: 1808, 16: 0, 6: 1749, 5: 275, 14: 3347, 15: 0, 0: 3347}
2026-03-09 21:27:12,061 INFO: init_n_caps=8 | seeded_previous_caps=7 | new_cap_random_init(cap=1317,port=9)
2026-03-09 21:29:37,482 INFO: n_caps=8 | iter=15 | minZ=0.030001 | placement={1: 1220, 15: 498, 8: 1058, 4: 2525, 2: 3347, 10: 276, 6: 2182, 0: 264}
2026-03-09 21:29:37,483 INFO: init_n_caps=9 | seeded_previous_caps=8 | new_cap_random_init(cap=329,port=17)
2026-03-09 21:32:23,022 INFO: n_caps=9 | iter=15 | minZ=0.030002 | placement={0: 1685, 9: 310, 5: 982, 2: 2029, 10: 1620, 1: 1380, 3: 2082, 6: 3347, 11: 0}
2026-03-09 21:32:23,023 INFO: init_n_caps=10 | seeded_previous_caps=9 | new_cap_random_init(cap=0,port=18)
2026-03-09 21:35:24,285 INFO: n_caps=10 | iter=15 | minZ=0.030000 | placement={7: 1579, 3: 3347, 6: 796, 16: 2329, 11: 1245, 2: 277, 5: 2000, 15: 750, 1: 546, 8: 1172}
2026-03-09 21:35:24,286 INFO: init_n_caps=11 | seeded_previous_caps=10 | new_cap_random_init(cap=1209,port=19)
2026-03-09 21:38:44,800 INFO: n_caps=11 | iter=15 | minZ=0.030001 | placement={17: 1907, 5: 1436, 20: 1482, 11: 2705, 6: 1538, 3: 763, 19: 2044, 0: 1390, 4: 370, 12: 617, 10: 0}
2026-03-09 21:38:44,801 INFO: init_n_caps=12 | seeded_previous_caps=11 | new_cap_random_init(cap=2971,port=11)
2026-03-09 21:42:25,299 INFO: n_caps=12 | iter=15 | minZ=0.030000 | placement={8: 1839, 15: 1807, 20: 1986, 3: 1810, 2: 2624, 9: 1929, 6: 310, 5: 2947, 19: 724, 16: 1087, 4: 686}
2026-03-09 21:42:25,300 INFO: init_n_caps=13 | seeded_previous_caps=12 | new_cap_random_init(cap=1489,port=7)
2026-03-09 21:46:25,962 INFO: n_caps=13 | iter=15 | minZ=0.030000 | placement={13: 2005, 5: 0, 6: 1287, 0: 2142, 17: 948, 4: 1461, 7: 2600, 15: 1610, 9: 1538, 18: 1904, 8: 2051, 3: 1202, 1: 2283}
2026-03-09 21:46:25,962 INFO: init_n_caps=14 | seeded_previous_caps=13 | new_cap_random_init(cap=2198,port=3)
2026-03-09 21:50:43,009 INFO: n_caps=14 | iter=15 | minZ=0.030000 | placement={0: 0, 20: 2030, 11: 0, 16: 7, 4: 3149, 1: 1006, 2: 1130, 5: 1739, 8: 2743, 6: 0, 7: 808, 3: 2416}
2026-03-09 21:50:43,010 INFO: init_n_caps=15 | seeded_previous_caps=14 | new_cap_random_init(cap=0,port=14)
2026-03-09 21:55:21,864 INFO: n_caps=15 | iter=15 | minZ=0.030002 | placement={4: 2684, 14: 1877, 16: 2824, 5: 146, 1: 1735, 10: 3347, 8: 2313, 9: 1283, 0: 1662, 6: 3345, 20: 1294, 7: 1135, 3: 0, 13: 3347}
2026-03-09 21:55:21,865 INFO: init_n_caps=16 | seeded_previous_caps=15 | new_cap_random_init(cap=678,port=3)
2026-03-09 22:00:19,133 INFO: n_caps=16 | iter=15 | minZ=0.030000 | placement={14: 2598, 16: 1648, 6: 1958, 10: 126, 11: 1390, 8: 3347, 9: 1514, 2: 1125, 7: 1861, 17: 3346, 5: 1283, 3: 1906, 13: 0, 15: 3347, 20: 789}
2026-03-09 22:00:19,133 INFO: init_n_caps=17 | seeded_previous_caps=16 | new_cap_random_init(cap=2426,port=4)
2026-03-09 22:05:34,550 INFO: n_caps=17 | iter=15 | minZ=0.030001 | placement={14: 3026, 19: 2800, 7: 872, 1: 24, 8: 2161, 12: 1447, 15: 3108, 6: 1108, 9: 1160, 17: 41, 5: 1834, 13: 538, 4: 1616}
2026-03-09 22:05:34,550 INFO: init_n_caps=18 | seeded_previous_caps=17 | new_cap_random_init(cap=2466,port=9)
2026-03-09 22:11:09,673 INFO: n_caps=18 | iter=15 | minZ=0.030000 | placement={7: 2656, 14: 105, 13: 282, 16: 862, 6: 386, 3: 2038, 18: 910, 5: 2353, 0: 2595, 19: 1437, 11: 2026, 8: 1858, 15: 2840, 9: 132, 17: 241, 4: 2136}
2026-03-09 22:11:09,673 INFO: init_n_caps=19 | seeded_previous_caps=18 | new_cap_random_init(cap=1274,port=16)
2026-03-09 22:13:54,453 INFO: n_caps=19 | iter=7 | minZ=0.029424 | placement={0: 572, 14: 3162, 12: 1914, 7: 992, 4: 2100, 10: 900, 11: 867, 20: 2482, 1: 1798, 9: 1801, 16: 2474, 19: 1455, 18: 659, 8: 482, 17: 3347}
