2026-04-01 13:33:54,864 INFO: particles=30 iter=10 n_caps=1 minZ=0.076276 runtime=10.65s placement={0: 1632}
2026-04-01 13:34:12,324 INFO: particles=30 iter=10 n_caps=2 minZ=0.072654 runtime=17.46s placement={0: 1480, 2: 28}
2026-04-01 13:34:39,615 INFO: particles=30 iter=10 n_caps=3 minZ=0.043879 runtime=27.29s placement={0: 1014, 5: 1999, 7: 1291}
2026-04-01 13:35:11,524 INFO: particles=30 iter=10 n_caps=4 minZ=0.051474 runtime=31.91s placement={5: 1014, 7: 1999, 0: 1291, 16: 0}
2026-04-01 13:35:56,408 INFO: particles=30 iter=10 n_caps=5 minZ=0.050188 runtime=44.88s placement={7: 1492, 0: 1993, 14: 1288, 8: 0, 5: 1248}
2026-04-01 13:36:49,901 INFO: particles=30 iter=10 n_caps=6 minZ=0.046444 runtime=53.49s placement={0: 1493, 14: 1979, 7: 1286, 17: 0, 4: 1309, 5: 1301}
2026-04-01 13:37:47,554 INFO: particles=30 iter=10 n_caps=7 minZ=0.042155 runtime=57.65s placement={15: 1000, 7: 2017, 16: 1370, 5: 0, 4: 1010, 0: 989, 14: 0}
2026-04-01 13:38:57,883 INFO: particles=30 iter=10 n_caps=8 minZ=0.045429 runtime=70.33s placement={7: 2502, 15: 1945, 0: 1375, 8: 602, 1: 1424, 14: 1702, 11: 182, 9: 2140}
2026-04-01 13:40:10,260 INFO: particles=30 iter=10 n_caps=9 minZ=0.040304 runtime=72.38s placement={14: 3096, 0: 2355, 10: 1089, 1: 734, 9: 1313, 5: 1906, 13: 0, 16: 1434}
2026-04-01 13:41:32,029 INFO: particles=30 iter=10 n_caps=10 minZ=0.038357 runtime=81.77s placement={0: 3322, 15: 1620, 1: 726, 6: 290, 7: 240, 20: 2038}
2026-04-01 13:43:03,822 INFO: particles=30 iter=10 n_caps=11 minZ=0.034828 runtime=91.79s placement={15: 2459, 0: 911, 6: 257, 1: 0, 7: 1441, 20: 3, 19: 3336, 18: 0}
2026-04-01 13:44:48,728 INFO: particles=30 iter=10 n_caps=12 minZ=0.032755 runtime=104.91s placement={0: 1014, 6: 2479, 8: 2536, 7: 1254, 1: 1572, 5: 397, 9: 939, 3: 1016, 10: 463, 19: 0}
2026-04-01 13:46:45,760 INFO: particles=30 iter=10 n_caps=13 minZ=0.033675 runtime=117.03s placement={6: 2613, 11: 2560, 7: 144, 0: 1874, 5: 1607, 1: 114, 9: 997, 10: 1007, 18: 764, 8: 0, 14: 2492}
2026-04-01 13:48:48,420 INFO: particles=30 iter=10 n_caps=14 minZ=0.034015 runtime=122.66s placement={10: 3229, 5: 2603, 0: 971, 9: 1688, 1: 1979, 8: 174, 6: 905, 17: 996, 7: 777, 13: 0}
2026-04-01 13:50:47,964 INFO: particles=30 iter=10 n_caps=15 minZ=0.025680 runtime=119.54s placement={0: 2819, 1: 2165, 7: 2293, 11: 340, 10: 439, 14: 1766, 8: 1554, 6: 2520}
2026-04-01 13:53:11,058 INFO: particles=30 iter=10 n_caps=16 minZ=0.027012 runtime=143.09s placement={0: 3347, 1: 3103, 8: 1699, 12: 88, 9: 1362, 15: 348, 13: 3124, 18: 0}
2026-04-01 13:55:30,374 INFO: particles=30 iter=10 n_caps=17 minZ=0.025433 runtime=139.32s placement={0: 1399, 1: 2454, 8: 0, 15: 1822, 11: 2638, 14: 1324, 12: 0, 18: 898, 13: 2286, 19: 86}
2026-04-01 13:57:57,740 INFO: particles=30 iter=10 n_caps=18 minZ=0.028891 runtime=147.37s placement={0: 2078, 7: 2375, 1: 0, 16: 941, 9: 1463, 10: 2180, 14: 565, 18: 1048, 12: 896, 19: 2508, 11: 0, 8: 789}
2026-04-01 14:00:28,662 INFO: particles=30 iter=10 n_caps=19 minZ=0.026028 runtime=150.92s placement={6: 3295, 0: 899, 15: 0, 1: 2463, 9: 670, 10: 1788, 14: 1281, 17: 2073, 11: 1129, 19: 753, 7: 2514, 8: 0, 5: 0}
2026-04-01 14:03:12,097 INFO: particles=30 iter=10 n_caps=20 minZ=0.024491 runtime=163.44s placement={0: 1121, 14: 1900, 1: 0, 9: 1844, 10: 1400, 15: 1928, 19: 0, 11: 2193, 20: 1093, 8: 2585, 6: 785}
