2026-03-25 15:48:32,433 INFO: particles=20 iter=15 n_caps=1 minZ=0.105470 runtime=6.95s placement={14: 953}
2026-03-25 15:48:39,561 INFO: particles=20 iter=15 n_caps=2 minZ=0.077750 runtime=7.13s placement={0: 1012, 20: 2506}
2026-03-25 15:48:46,928 INFO: particles=20 iter=15 n_caps=3 minZ=0.068858 runtime=7.37s placement={0: 1613, 14: 2130, 10: 1047}
2026-03-25 15:48:54,457 INFO: particles=20 iter=15 n_caps=4 minZ=0.073937 runtime=7.53s placement={14: 1722, 10: 1781, 15: 1179, 0: 13}
2026-03-25 15:49:02,185 INFO: particles=20 iter=15 n_caps=5 minZ=0.060376 runtime=7.73s placement={9: 1737, 15: 2873, 0: 798, 5: 1040, 6: 2428}
2026-03-25 15:49:10,098 INFO: particles=20 iter=15 n_caps=6 minZ=0.054974 runtime=7.91s placement={0: 2304, 1: 3347, 8: 247, 10: 1618, 9: 1117}
2026-03-25 15:49:18,204 INFO: particles=20 iter=15 n_caps=7 minZ=0.051322 runtime=8.11s placement={0: 910, 1: 3347, 9: 0, 5: 1176, 10: 2579, 8: 0}
2026-03-25 15:49:26,493 INFO: particles=20 iter=15 n_caps=8 minZ=0.042558 runtime=8.29s placement={0: 2026, 9: 3347, 1: 0, 7: 154, 8: 2565, 5: 0, 10: 2887}
2026-03-25 15:49:34,978 INFO: particles=20 iter=15 n_caps=9 minZ=0.042874 runtime=8.48s placement={10: 780, 0: 1195, 1: 50, 6: 2018, 15: 0, 7: 1121}
2026-03-25 15:49:43,640 INFO: particles=20 iter=15 n_caps=10 minZ=0.036979 runtime=8.66s placement={0: 606, 1: 2964, 14: 2098, 8: 0, 9: 1799}
2026-03-25 15:49:52,543 INFO: particles=20 iter=15 n_caps=11 minZ=0.038744 runtime=8.90s placement={0: 511, 1: 0, 20: 1888, 5: 2460, 6: 0, 12: 1448, 7: 2123, 17: 0}
2026-03-25 15:50:01,619 INFO: particles=20 iter=15 n_caps=12 minZ=0.038997 runtime=9.08s placement={0: 1276, 1: 0, 20: 1105, 5: 1889, 6: 636, 8: 3347, 14: 1749, 18: 3347}
2026-03-25 15:50:10,902 INFO: particles=20 iter=15 n_caps=13 minZ=0.034133 runtime=9.28s placement={0: 3347, 1: 0, 4: 1965, 2: 1809, 7: 1439, 15: 1649, 18: 3347, 5: 0}
2026-03-25 15:50:20,290 INFO: particles=20 iter=15 n_caps=14 minZ=0.035026 runtime=9.39s placement={1: 0, 0: 0, 2: 1388, 6: 1416, 14: 1257, 19: 415, 5: 3347}
2026-03-25 15:50:29,953 INFO: particles=20 iter=15 n_caps=15 minZ=0.033037 runtime=9.66s placement={1: 2030, 0: 3346, 6: 1486, 12: 1116, 15: 843, 7: 3073, 2: 0, 9: 1899, 5: 30}
2026-03-25 15:50:39,709 INFO: particles=20 iter=15 n_caps=16 minZ=0.032562 runtime=9.75s placement={0: 3073, 1: 1327, 6: 1095, 12: 1486, 15: 1404, 7: 148, 2: 3346, 9: 0, 5: 1899, 16: 30, 14: 289}
2026-03-25 15:50:49,618 INFO: particles=20 iter=15 n_caps=17 minZ=0.028356 runtime=9.91s placement={0: 94, 1: 1994, 6: 784, 13: 1135, 15: 1116, 7: 905, 2: 3091, 9: 3346, 5: 0, 16: 1464, 14: 11}
2026-03-25 15:50:59,791 INFO: particles=20 iter=15 n_caps=18 minZ=0.028758 runtime=10.17s placement={0: 0, 1: 1870, 5: 297, 18: 1185, 10: 1906, 2: 0, 11: 3134, 3: 3347, 16: 0, 13: 826, 20: 0}
2026-03-25 15:51:10,108 INFO: particles=20 iter=15 n_caps=19 minZ=0.032831 runtime=10.32s placement={0: 0, 5: 1774, 1: 146, 20: 566, 10: 1756, 2: 1329, 8: 0, 3: 3347, 19: 3347, 14: 0}
2026-03-25 15:51:20,566 INFO: particles=20 iter=15 n_caps=20 minZ=0.026489 runtime=10.46s placement={5: 1048, 0: 0, 1: 0, 20: 0, 6: 0, 10: 1364, 4: 0, 19: 3347, 14: 3347, 2: 0, 13: 0}
