2026-03-20 06:57:29,393 INFO: particles=20 iter=50 n_caps=1 minZ=0.080251 runtime=42.43s placement={0: 1014}
2026-03-20 06:58:12,715 INFO: particles=20 iter=50 n_caps=2 minZ=0.068436 runtime=43.32s placement={0: 1100, 9: 1870}
2026-03-20 06:58:56,847 INFO: particles=20 iter=50 n_caps=3 minZ=0.068733 runtime=44.13s placement={9: 1127, 0: 1899, 10: 0}
2026-03-20 06:59:41,963 INFO: particles=20 iter=50 n_caps=4 minZ=0.046310 runtime=45.12s placement={0: 1014, 10: 2182, 11: 0, 9: 1494}
2026-03-20 07:00:27,808 INFO: particles=20 iter=50 n_caps=5 minZ=0.057985 runtime=45.84s placement={9: 1014, 11: 2163, 10: 0, 0: 1494, 6: 0}
2026-03-20 07:01:14,677 INFO: particles=20 iter=50 n_caps=6 minZ=0.040515 runtime=46.87s placement={0: 1014, 9: 1497, 15: 898, 14: 1290, 10: 3144, 7: 1694}
2026-03-20 07:02:02,258 INFO: particles=20 iter=50 n_caps=7 minZ=0.049006 runtime=47.58s placement={9: 1014, 15: 1455, 14: 898, 10: 1345, 7: 3178, 0: 1689, 12: 0}
2026-03-20 07:02:50,694 INFO: particles=20 iter=50 n_caps=8 minZ=0.035061 runtime=48.43s placement={0: 1544, 16: 1440, 8: 974, 1: 0, 10: 0}
2026-03-20 07:03:40,016 INFO: particles=20 iter=50 n_caps=9 minZ=0.032767 runtime=49.32s placement={15: 1373, 5: 1719, 0: 1960, 1: 0, 9: 270, 7: 67}
2026-03-20 07:04:30,145 INFO: particles=20 iter=50 n_caps=10 minZ=0.030462 runtime=50.13s placement={0: 2773, 1: 1981, 12: 0}
2026-03-20 07:05:20,939 INFO: particles=20 iter=50 n_caps=11 minZ=0.027488 runtime=50.79s placement={0: 38, 1: 1987, 14: 1781}
2026-03-20 07:06:12,564 INFO: particles=20 iter=50 n_caps=12 minZ=0.027261 runtime=51.62s placement={0: 0, 14: 1987, 1: 1781, 7: 38}
2026-03-20 07:07:04,876 INFO: particles=20 iter=50 n_caps=13 minZ=0.026238 runtime=52.31s placement={14: 1322, 0: 0, 1: 1787, 7: 2778}
2026-03-20 07:07:58,018 INFO: particles=20 iter=50 n_caps=14 minZ=0.026037 runtime=53.14s placement={0: 2373, 1: 2008, 7: 2736, 6: 0}
2026-03-20 07:08:51,991 INFO: particles=20 iter=50 n_caps=15 minZ=0.026448 runtime=53.97s placement={0: 1, 1: 2008, 7: 213, 6: 0}
2026-03-20 07:09:52,410 INFO: particles=20 iter=50 n_caps=16 minZ=0.027259 runtime=60.42s placement={0: 88, 1: 2008, 7: 1127, 6: 38}
2026-03-20 07:10:48,222 INFO: particles=20 iter=50 n_caps=17 minZ=0.027194 runtime=55.81s placement={0: 145, 1: 2168, 9: 1417, 7: 2775, 10: 0}
2026-03-20 07:11:44,630 INFO: particles=20 iter=50 n_caps=18 minZ=0.025840 runtime=56.41s placement={0: 0, 1: 571, 10: 251, 7: 3265, 9: 22, 15: 0}
2026-03-20 07:12:41,609 INFO: particles=20 iter=50 n_caps=19 minZ=0.024706 runtime=56.98s placement={0: 0, 1: 571, 10: 0, 7: 209, 9: 1, 15: 22}
2026-03-20 07:13:39,448 INFO: particles=20 iter=50 n_caps=20 minZ=0.030784 runtime=57.84s placement={0: 0, 1: 573, 10: 1057, 9: 1012, 11: 2405, 15: 1, 16: 0}
