2026-03-08 22:58:52,042 INFO: n_caps=1 | iter=15 | minZ=0.040001 | placement={11: 2245}
2026-03-08 22:58:52,042 INFO: init_n_caps=2 | seeded_previous_caps=1 | new_cap_random_init(cap=1966,port=19)
2026-03-08 22:59:26,261 INFO: n_caps=2 | iter=15 | minZ=0.040000 | placement={0: 2246, 1: 1963}
2026-03-08 22:59:26,261 INFO: init_n_caps=3 | seeded_previous_caps=2 | new_cap_random_init(cap=0,port=18)
2026-03-08 23:00:01,026 INFO: n_caps=3 | iter=15 | minZ=0.040001 | placement={12: 2401, 13: 1863, 19: 2232}
2026-03-08 23:00:01,027 INFO: init_n_caps=4 | seeded_previous_caps=3 | new_cap_random_init(cap=2011,port=16)
2026-03-08 23:00:36,795 INFO: n_caps=4 | iter=15 | minZ=0.040000 | placement={9: 2405, 20: 1739, 1: 3044, 13: 2072}
2026-03-08 23:00:36,796 INFO: init_n_caps=5 | seeded_previous_caps=4 | new_cap_random_init(cap=1514,port=13)
2026-03-08 23:01:13,907 INFO: n_caps=5 | iter=15 | minZ=0.040000 | placement={16: 3289, 9: 1728, 0: 2784, 13: 2888, 1: 1485}
2026-03-08 23:01:13,908 INFO: init_n_caps=6 | seeded_previous_caps=5 | new_cap_random_init(cap=2706,port=16)
2026-03-08 23:02:00,453 INFO: n_caps=6 | iter=15 | minZ=0.040003 | placement={6: 3347, 0: 3347, 15: 3347, 1: 3347, 20: 1516}
2026-03-08 23:02:00,454 INFO: init_n_caps=7 | seeded_previous_caps=6 | new_cap_random_init(cap=1166,port=0)
2026-03-08 23:02:45,409 INFO: n_caps=7 | iter=15 | minZ=0.040000 | placement={1: 3347, 15: 1201, 0: 2165, 10: 0, 18: 849, 3: 872, 16: 3347}
2026-03-08 23:02:45,410 INFO: init_n_caps=8 | seeded_previous_caps=7 | new_cap_random_init(cap=262,port=13)
2026-03-08 23:03:25,354 INFO: n_caps=8 | iter=15 | minZ=0.040000 | placement={18: 488, 6: 2643, 12: 828, 16: 0, 7: 570, 17: 1544, 13: 504, 0: 2383}
2026-03-08 23:03:25,354 INFO: init_n_caps=9 | seeded_previous_caps=8 | new_cap_random_init(cap=3123,port=4)
2026-03-08 23:04:05,064 INFO: n_caps=9 | iter=15 | minZ=0.040001 | placement={6: 488, 12: 2643, 16: 828, 7: 0, 17: 570, 13: 1544, 0: 504, 11: 2383, 1: 3123}
2026-03-08 23:04:05,065 INFO: init_n_caps=10 | seeded_previous_caps=9 | new_cap_random_init(cap=1044,port=13)
2026-03-08 23:04:42,951 INFO: n_caps=10 | iter=15 | minZ=0.040000 | placement={4: 651, 20: 2042, 6: 104, 13: 559, 14: 1354, 10: 0, 15: 995, 5: 1256, 7: 0, 19: 2051}
2026-03-08 23:04:42,952 INFO: init_n_caps=11 | seeded_previous_caps=10 | new_cap_random_init(cap=673,port=8)
2026-03-08 23:05:23,294 INFO: n_caps=11 | iter=15 | minZ=0.040000 | placement={19: 738, 5: 1801, 11: 14, 14: 562, 6: 916, 15: 0, 0: 1896, 7: 1294, 20: 0, 1: 2007, 9: 601}
2026-03-08 23:05:23,294 INFO: init_n_caps=12 | seeded_previous_caps=11 | new_cap_random_init(cap=3320,port=17)
2026-03-08 23:06:06,610 INFO: n_caps=12 | iter=15 | minZ=0.040001 | placement={2: 459, 4: 1321, 10: 0, 6: 254, 14: 742, 3: 0, 17: 2632, 16: 740, 11: 372, 13: 245, 9: 3347}
2026-03-08 23:06:06,610 INFO: init_n_caps=13 | seeded_previous_caps=12 | new_cap_random_init(cap=400,port=14)
2026-03-08 23:06:47,763 INFO: n_caps=13 | iter=15 | minZ=0.040000 | placement={9: 0, 10: 2111, 2: 220, 14: 350, 1: 686, 5: 813, 17: 589, 18: 2640, 8: 735, 3: 418, 12: 227, 16: 2967, 7: 611}
2026-03-08 23:06:47,764 INFO: init_n_caps=14 | seeded_previous_caps=13 | new_cap_random_init(cap=1519,port=4)
2026-03-08 23:07:30,850 INFO: n_caps=14 | iter=15 | minZ=0.040000 | placement={10: 2541, 0: 809, 13: 315, 2: 430, 7: 1058, 17: 979, 9: 1969, 11: 0, 1: 621, 12: 423, 14: 1150}
2026-03-08 23:07:30,850 INFO: init_n_caps=15 | seeded_previous_caps=14 | new_cap_random_init(cap=1770,port=19)
2026-03-08 23:08:13,824 INFO: n_caps=15 | iter=15 | minZ=0.040001 | placement={0: 2541, 13: 2041, 2: 315, 7: 430, 17: 1058, 9: 979, 11: 1969, 1: 2561, 12: 621, 10: 0, 14: 809, 6: 1150, 5: 1770}
2026-03-08 23:08:13,824 INFO: init_n_caps=16 | seeded_previous_caps=15 | new_cap_random_init(cap=0,port=11)
2026-03-08 23:08:57,460 INFO: n_caps=16 | iter=15 | minZ=0.040000 | placement={11: 0, 2: 1981, 10: 0, 20: 415, 9: 940, 6: 1188, 1: 1798, 12: 2543, 13: 514, 8: 357, 0: 0, 7: 586, 3: 1140}
2026-03-08 23:08:57,460 INFO: init_n_caps=17 | seeded_previous_caps=16 | new_cap_random_init(cap=1897,port=6)
2026-03-08 23:09:43,029 INFO: n_caps=17 | iter=15 | minZ=0.040000 | placement={2: 0, 3: 1646, 20: 327, 9: 0, 5: 1164, 0: 810, 11: 2774, 12: 2451, 6: 1955, 1: 1106, 13: 613, 4: 1849, 14: 0, 8: 1578}
2026-03-08 23:09:43,030 INFO: init_n_caps=18 | seeded_previous_caps=17 | new_cap_random_init(cap=341,port=1)
2026-03-08 23:09:49,495 INFO: n_caps=18 | iter=2 | minZ=0.039875 | placement={14: 159, 10: 1334, 11: 2776, 9: 2299, 0: 497, 6: 186, 4: 2817, 3: 1867, 1: 1313, 2: 3146, 7: 2947, 8: 1452, 5: 898, 16: 1466}
