2026-03-26 01:15:43,077 INFO: particles=30 iter=10 n_caps=1 minZ=0.080251 runtime=6.93s placement={0: 1014}
2026-03-26 01:15:50,195 INFO: particles=30 iter=10 n_caps=2 minZ=0.085590 runtime=7.12s placement={9: 1014, 16: 0}
2026-03-26 01:15:57,509 INFO: particles=30 iter=10 n_caps=3 minZ=0.072654 runtime=7.31s placement={15: 1391, 0: 1180, 7: 1543}
2026-03-26 01:16:05,011 INFO: particles=30 iter=10 n_caps=4 minZ=0.060334 runtime=7.50s placement={0: 1476, 6: 1415, 16: 1445, 7: 1823}
2026-03-26 01:16:12,692 INFO: particles=30 iter=10 n_caps=5 minZ=0.063830 runtime=7.68s placement={6: 1563, 19: 1432, 5: 434, 14: 1117, 16: 1354}
2026-03-26 01:16:20,550 INFO: particles=30 iter=10 n_caps=6 minZ=0.053022 runtime=7.86s placement={16: 1001, 7: 1119, 10: 1362, 17: 1311, 14: 1363, 0: 1044}
2026-03-26 01:16:28,579 INFO: particles=30 iter=10 n_caps=7 minZ=0.052534 runtime=8.03s placement={6: 613, 9: 1345, 20: 1019, 15: 1085, 0: 1497, 10: 1419, 3: 3087}
2026-03-26 01:16:36,793 INFO: particles=30 iter=10 n_caps=8 minZ=0.047485 runtime=8.21s placement={9: 613, 20: 1345, 15: 1019, 0: 1132, 10: 1497, 3: 1419, 1: 3087}
2026-03-26 01:16:45,288 INFO: particles=30 iter=10 n_caps=9 minZ=0.042288 runtime=8.50s placement={1: 997, 0: 1180, 8: 0, 13: 432, 6: 429}
2026-03-26 01:16:53,985 INFO: particles=30 iter=10 n_caps=10 minZ=0.038201 runtime=8.70s placement={0: 1991, 1: 1649, 6: 731, 17: 851, 11: 2725, 16: 1340, 14: 0}
2026-03-26 01:17:02,785 INFO: particles=30 iter=10 n_caps=11 minZ=0.036001 runtime=8.80s placement={0: 0, 7: 1651, 16: 1117, 1: 869, 11: 2040, 15: 1677, 14: 1348, 13: 0}
2026-03-26 01:17:11,815 INFO: particles=30 iter=10 n_caps=12 minZ=0.044301 runtime=9.03s placement={9: 687, 20: 633, 0: 1792, 1: 1621, 10: 574, 16: 3347, 19: 3141, 11: 0, 13: 0, 8: 233}
2026-03-26 01:17:21,011 INFO: particles=30 iter=10 n_caps=13 minZ=0.041314 runtime=9.20s placement={16: 447, 9: 447, 0: 2341, 15: 1610, 10: 1815, 7: 818, 4: 3239, 1: 2840, 11: 0, 8: 3347}
2026-03-26 01:17:30,334 INFO: particles=30 iter=10 n_caps=14 minZ=0.039246 runtime=9.32s placement={9: 447, 0: 2790, 15: 2376, 10: 1610, 7: 1815, 4: 818, 1: 3239, 11: 3164, 8: 0, 14: 2341}
2026-03-26 01:17:39,879 INFO: particles=30 iter=10 n_caps=15 minZ=0.031708 runtime=9.54s placement={0: 990, 16: 253, 6: 2255, 7: 2164, 1: 1793, 9: 3347, 3: 3240, 19: 520}
2026-03-26 01:17:49,563 INFO: particles=30 iter=10 n_caps=16 minZ=0.030383 runtime=9.68s placement={16: 515, 6: 253, 7: 2255, 0: 0, 1: 1793, 9: 3284, 3: 3347, 19: 3347}
2026-03-26 01:17:59,487 INFO: particles=30 iter=10 n_caps=17 minZ=0.028692 runtime=9.92s placement={0: 1291, 1: 766, 8: 730, 17: 2380}
2026-03-26 01:18:09,494 INFO: particles=30 iter=10 n_caps=18 minZ=0.029480 runtime=10.01s placement={0: 793, 1: 1422, 10: 1076, 3: 3347, 2: 3134, 15: 1766, 4: 2825}
2026-03-26 01:18:19,753 INFO: particles=30 iter=10 n_caps=19 minZ=0.030203 runtime=10.26s placement={0: 2692, 1: 1587, 9: 1498, 4: 939, 12: 3347, 5: 1412, 14: 765, 11: 0}
2026-03-26 01:18:30,143 INFO: particles=30 iter=10 n_caps=20 minZ=0.029486 runtime=10.39s placement={0: 0, 1: 1587, 9: 2176, 4: 0, 12: 3347, 5: 3347, 14: 2692, 11: 765}
