2026-03-26 01:49:09,677 INFO: particles=30 iter=15 n_caps=1 minZ=0.080251 runtime=10.43s placement={0: 1014}
2026-03-26 01:49:20,627 INFO: particles=30 iter=15 n_caps=2 minZ=0.078668 runtime=10.95s placement={0: 1014, 6: 0}
2026-03-26 01:49:31,755 INFO: particles=30 iter=15 n_caps=3 minZ=0.064539 runtime=11.13s placement={10: 677, 5: 692, 0: 1376}
2026-03-26 01:49:43,668 INFO: particles=30 iter=15 n_caps=4 minZ=0.056272 runtime=11.91s placement={6: 499, 0: 911, 9: 1500, 5: 1857}
2026-03-26 01:49:58,188 INFO: particles=30 iter=15 n_caps=5 minZ=0.054966 runtime=14.52s placement={0: 499, 9: 911, 5: 1500, 14: 1857, 10: 1025}
2026-03-26 01:50:12,960 INFO: particles=30 iter=15 n_caps=6 minZ=0.050839 runtime=14.77s placement={9: 1815, 0: 910, 14: 1331, 7: 1451, 17: 97, 6: 365}
2026-03-26 01:50:27,948 INFO: particles=30 iter=15 n_caps=7 minZ=0.050976 runtime=14.99s placement={0: 1465, 14: 1122, 10: 1522, 15: 1369, 6: 159, 7: 196, 19: 693}
2026-03-26 01:50:43,184 INFO: particles=30 iter=15 n_caps=8 minZ=0.052223 runtime=15.24s placement={13: 1471, 9: 1221, 14: 1209, 6: 1375, 10: 802, 19: 204, 0: 767, 3: 0}
2026-03-26 01:50:58,794 INFO: particles=30 iter=15 n_caps=9 minZ=0.040767 runtime=15.61s placement={9: 1491, 14: 1590, 5: 1767, 6: 942, 15: 743, 0: 1014, 3: 714, 10: 9, 18: 1733}
2026-03-26 01:51:14,667 INFO: particles=30 iter=15 n_caps=10 minZ=0.042888 runtime=15.87s placement={16: 810, 4: 2635, 5: 1741, 14: 3347, 0: 1014, 3: 1004, 10: 933, 1: 368, 15: 1728, 2: 1618}
2026-03-26 01:51:30,842 INFO: particles=30 iter=15 n_caps=11 minZ=0.034213 runtime=16.17s placement={1: 753, 5: 3347, 0: 915, 15: 2565, 16: 666, 18: 3347}
2026-03-26 01:51:47,237 INFO: particles=30 iter=15 n_caps=12 minZ=0.032572 runtime=16.39s placement={0: 3347, 1: 3098, 14: 473, 16: 333, 19: 951, 15: 254}
2026-03-26 01:52:03,877 INFO: particles=30 iter=15 n_caps=13 minZ=0.030899 runtime=16.64s placement={0: 157, 1: 3098, 14: 3347, 16: 2564, 19: 1177, 15: 3347}
2026-03-26 01:52:20,796 INFO: particles=30 iter=15 n_caps=14 minZ=0.030359 runtime=16.92s placement={0: 0, 1: 3098, 14: 912, 16: 473, 19: 654, 15: 951, 10: 157}
2026-03-26 01:52:37,985 INFO: particles=30 iter=15 n_caps=15 minZ=0.031717 runtime=17.19s placement={0: 0, 16: 3172, 1: 998, 17: 3347, 19: 385, 15: 1180, 10: 269}
2026-03-26 01:52:55,431 INFO: particles=30 iter=15 n_caps=16 minZ=0.025603 runtime=17.45s placement={13: 1385, 0: 61, 14: 809, 1: 3347, 19: 2660, 16: 1267, 10: 3347, 17: 30}
2026-03-26 01:53:13,360 INFO: particles=30 iter=15 n_caps=17 minZ=0.025955 runtime=17.93s placement={0: 2280, 14: 3347, 1: 730, 19: 503, 16: 0, 9: 1364, 18: 51, 15: 4}
2026-03-26 01:53:31,301 INFO: particles=30 iter=15 n_caps=18 minZ=0.026586 runtime=17.94s placement={14: 2108, 0: 0, 1: 730, 19: 3347, 16: 2658, 9: 1169, 18: 1410, 15: 51}
2026-03-26 01:53:49,474 INFO: particles=30 iter=15 n_caps=19 minZ=0.030575 runtime=18.17s placement={0: 2280, 1: 3347, 19: 730, 16: 503, 9: 1164, 18: 1012, 15: 1410, 7: 0, 10: 2367}
2026-03-26 01:54:07,954 INFO: particles=30 iter=15 n_caps=20 minZ=0.029758 runtime=18.48s placement={0: 0, 19: 3347, 1: 730, 16: 3347, 9: 0, 18: 96, 15: 1012, 7: 2280, 10: 0, 14: 2367}
