2026-03-16 23:23:15,444 INFO: particles=20 iter=50 n_caps=1 minZ=0.080251 runtime=55.46s placement={0: 1012}
2026-03-16 23:24:11,642 INFO: particles=20 iter=50 n_caps=2 minZ=0.071931 runtime=56.20s placement={0: 953, 7: 524}
2026-03-16 23:25:08,605 INFO: particles=20 iter=50 n_caps=3 minZ=0.059731 runtime=56.96s placement={5: 1002, 15: 343, 0: 1488}
2026-03-16 23:26:05,998 INFO: particles=20 iter=50 n_caps=4 minZ=0.042431 runtime=57.39s placement={15: 1318, 0: 1012, 9: 1509, 10: 586}
2026-03-16 23:27:03,016 INFO: particles=20 iter=50 n_caps=5 minZ=0.048806 runtime=57.02s placement={0: 2636, 9: 1012, 10: 1512, 1: 586}
2026-03-16 23:28:01,262 INFO: particles=20 iter=50 n_caps=6 minZ=0.049210 runtime=58.25s placement={9: 1314, 10: 1012, 0: 0, 1: 586}
2026-03-16 23:28:59,116 INFO: particles=20 iter=50 n_caps=7 minZ=0.035317 runtime=57.85s placement={9: 1226, 0: 0, 1: 1500, 7: 1664}
2026-03-16 23:29:58,996 INFO: particles=20 iter=50 n_caps=8 minZ=0.034076 runtime=59.88s placement={0: 1363, 1: 978, 9: 0}
2026-03-16 23:30:58,139 INFO: particles=20 iter=50 n_caps=9 minZ=0.036004 runtime=59.14s placement={0: 518, 1: 998, 10: 1411, 15: 1376}
2026-03-16 23:31:58,921 INFO: particles=20 iter=50 n_caps=10 minZ=0.026633 runtime=60.78s placement={0: 847, 1: 1091, 15: 95, 10: 3222}
2026-03-16 23:32:58,926 INFO: particles=20 iter=50 n_caps=11 minZ=0.025214 runtime=60.00s placement={0: 0, 1: 1090, 15: 1661, 10: 0}
2026-03-16 23:33:59,721 INFO: particles=20 iter=50 n_caps=12 minZ=0.024041 runtime=60.79s placement={0: 18, 15: 1063, 1: 1686, 10: 1315}
2026-03-16 23:35:01,613 INFO: particles=20 iter=50 n_caps=13 minZ=0.025631 runtime=61.89s placement={15: 1012, 0: 0, 1: 1686, 10: 95}
2026-03-16 23:36:04,128 INFO: particles=20 iter=50 n_caps=14 minZ=0.022380 runtime=62.51s placement={0: 2628, 1: 1063, 10: 1662, 16: 0}
2026-03-16 23:37:07,741 INFO: particles=20 iter=50 n_caps=15 minZ=0.021974 runtime=63.61s placement={0: 2628, 10: 1063, 1: 1662, 16: 15, 15: 0}
2026-03-16 23:38:12,151 INFO: particles=20 iter=50 n_caps=16 minZ=0.023476 runtime=64.41s placement={10: 1012, 0: 0, 1: 1662, 16: 0, 15: 2628}
2026-03-16 23:39:17,121 INFO: particles=20 iter=50 n_caps=17 minZ=0.022566 runtime=64.97s placement={0: 1769, 1: 1063, 16: 893, 15: 0}
2026-03-16 23:40:23,800 INFO: particles=20 iter=50 n_caps=18 minZ=0.022329 runtime=66.68s placement={0: 0, 1: 1063, 16: 1014, 15: 15}
2026-03-16 23:41:30,170 INFO: particles=20 iter=50 n_caps=19 minZ=0.021566 runtime=66.37s placement={0: 0, 1: 1063, 16: 957, 15: 0, 7: 0}
2026-03-16 23:42:36,837 INFO: particles=20 iter=50 n_caps=20 minZ=0.022805 runtime=66.67s placement={0: 0, 1: 1063, 16: 3226, 15: 893, 7: 0}
