2026-03-25 15:25:02,602 INFO: particles=20 iter=10 n_caps=1 minZ=0.085029 runtime=4.66s placement={0: 1316}
2026-03-25 15:25:07,359 INFO: particles=20 iter=10 n_caps=2 minZ=0.079918 runtime=4.76s placement={6: 1317, 0: 1132}
2026-03-25 15:25:12,251 INFO: particles=20 iter=10 n_caps=3 minZ=0.061472 runtime=4.89s placement={0: 1324, 16: 1130, 9: 1012}
2026-03-25 15:25:17,263 INFO: particles=20 iter=10 n_caps=4 minZ=0.068113 runtime=5.01s placement={16: 1324, 9: 1130, 10: 1012, 15: 0}
2026-03-25 15:25:22,406 INFO: particles=20 iter=10 n_caps=5 minZ=0.066727 runtime=5.14s placement={9: 1324, 10: 1130, 15: 1012, 0: 0, 14: 2696}
2026-03-25 15:25:27,682 INFO: particles=20 iter=10 n_caps=6 minZ=0.044551 runtime=5.28s placement={10: 1324, 15: 1130, 0: 1012, 14: 0, 9: 2696, 13: 1623}
2026-03-25 15:25:33,102 INFO: particles=20 iter=10 n_caps=7 minZ=0.056013 runtime=5.42s placement={15: 1254, 0: 1612, 10: 1303, 16: 790, 11: 2113, 1: 375, 9: 1264}
2026-03-25 15:25:38,645 INFO: particles=20 iter=10 n_caps=8 minZ=0.048229 runtime=5.54s placement={0: 2593, 10: 1612, 15: 1303, 11: 790, 1: 2113, 9: 375}
2026-03-25 15:25:44,320 INFO: particles=20 iter=10 n_caps=9 minZ=0.039107 runtime=5.67s placement={11: 1368, 15: 2130, 12: 1339, 0: 0, 10: 2360, 1: 388}
2026-03-25 15:25:50,142 INFO: particles=20 iter=10 n_caps=10 minZ=0.033907 runtime=5.82s placement={14: 1351, 10: 655, 0: 1275, 20: 461, 1: 2874}
2026-03-25 15:25:56,019 INFO: particles=20 iter=10 n_caps=11 minZ=0.033273 runtime=5.88s placement={10: 1351, 0: 2487, 20: 1243, 1: 461, 9: 1275}
2026-03-25 15:26:02,067 INFO: particles=20 iter=10 n_caps=12 minZ=0.031927 runtime=6.05s placement={0: 1667, 20: 509, 1: 1252, 7: 751}
2026-03-25 15:26:08,236 INFO: particles=20 iter=10 n_caps=13 minZ=0.029260 runtime=6.17s placement={20: 1282, 0: 1195, 1: 821, 16: 2425, 19: 0}
2026-03-25 15:26:14,464 INFO: particles=20 iter=10 n_caps=14 minZ=0.027544 runtime=6.23s placement={0: 3347, 1: 0, 16: 1195, 20: 2425}
2026-03-25 15:26:20,777 INFO: particles=20 iter=10 n_caps=15 minZ=0.026899 runtime=6.31s placement={0: 3347, 1: 0, 16: 914, 20: 1195, 7: 0}
2026-03-25 15:26:27,232 INFO: particles=20 iter=10 n_caps=16 minZ=0.027412 runtime=6.45s placement={0: 0, 1: 0, 16: 555, 20: 914, 7: 3347, 15: 0, 5: 0}
2026-03-25 15:26:33,831 INFO: particles=20 iter=10 n_caps=17 minZ=0.026803 runtime=6.60s placement={0: 0, 1: 0, 16: 3347, 20: 555, 7: 0, 15: 3347, 5: 0, 14: 0}
2026-03-25 15:26:40,539 INFO: particles=20 iter=10 n_caps=18 minZ=0.029531 runtime=6.71s placement={0: 0, 1: 0, 16: 1014, 20: 3347, 7: 2425, 15: 0, 5: 3347, 14: 0}
2026-03-25 15:26:47,390 INFO: particles=20 iter=10 n_caps=19 minZ=0.030941 runtime=6.85s placement={0: 0, 1: 0, 14: 386, 20: 1072, 7: 1048, 15: 2409, 6: 0, 17: 0, 10: 0}
2026-03-25 15:26:54,359 INFO: particles=20 iter=10 n_caps=20 minZ=0.030217 runtime=6.97s placement={0: 455, 1: 0, 20: 2486, 19: 242, 6: 483, 18: 1188, 2: 2285, 17: 3347, 9: 6, 14: 0}
