2026-03-25 20:46:42,209 INFO: particles=80 iter=40 n_caps=1 minZ=0.080251 runtime=83.59s placement={0: 1014}
2026-03-25 20:48:07,636 INFO: particles=80 iter=40 n_caps=2 minZ=0.052020 runtime=85.43s placement={0: 1014, 9: 1722}
2026-03-25 20:49:38,769 INFO: particles=80 iter=40 n_caps=3 minZ=0.051993 runtime=91.13s placement={10: 1317, 0: 1014, 4: 340}
2026-03-25 20:51:08,147 INFO: particles=80 iter=40 n_caps=4 minZ=0.051570 runtime=89.38s placement={0: 1014, 16: 81, 7: 1480, 1: 1072}
2026-03-25 20:52:41,128 INFO: particles=80 iter=40 n_caps=5 minZ=0.042423 runtime=92.98s placement={16: 1319, 5: 1025, 0: 1014, 15: 1268, 9: 66}
2026-03-25 20:54:09,765 INFO: particles=80 iter=40 n_caps=6 minZ=0.041507 runtime=88.64s placement={5: 1360, 0: 1012, 16: 975, 10: 1127, 11: 55, 19: 3277}
2026-03-25 20:55:35,389 INFO: particles=80 iter=40 n_caps=7 minZ=0.039111 runtime=85.62s placement={0: 1014, 15: 1607, 9: 1568, 10: 818, 19: 12, 1: 3347}
2026-03-25 20:57:04,250 INFO: particles=80 iter=40 n_caps=8 minZ=0.032841 runtime=88.86s placement={1: 0, 14: 1776, 0: 388, 10: 417}
2026-03-25 20:58:33,869 INFO: particles=80 iter=40 n_caps=9 minZ=0.032225 runtime=89.62s placement={14: 0, 0: 421, 1: 2595, 10: 1753, 3: 189}
2026-03-25 21:00:08,576 INFO: particles=80 iter=40 n_caps=10 minZ=0.029828 runtime=94.71s placement={0: 1362, 1: 911, 10: 755}
2026-03-25 21:01:58,108 INFO: particles=80 iter=40 n_caps=11 minZ=0.023701 runtime=109.53s placement={0: 0, 1: 777, 9: 155}
2026-03-25 21:03:46,812 INFO: particles=80 iter=40 n_caps=12 minZ=0.024440 runtime=108.70s placement={0: 2, 1: 825, 6: 1693}
2026-03-25 21:05:37,251 INFO: particles=80 iter=40 n_caps=13 minZ=0.023155 runtime=110.44s placement={0: 2, 1: 768, 2: 0}
2026-03-25 21:07:30,492 INFO: particles=80 iter=40 n_caps=14 minZ=0.022855 runtime=113.24s placement={0: 0, 1: 768, 2: 2, 10: 0, 7: 0}
2026-03-25 21:09:24,738 INFO: particles=80 iter=40 n_caps=15 minZ=0.022456 runtime=114.25s placement={0: 0, 1: 768, 2: 0, 10: 2, 7: 0}
2026-03-25 21:11:22,463 INFO: particles=80 iter=40 n_caps=16 minZ=0.023066 runtime=117.72s placement={0: 0, 1: 768, 2: 1276, 10: 0, 7: 2}
2026-03-25 21:13:07,137 INFO: particles=80 iter=40 n_caps=17 minZ=0.022901 runtime=104.67s placement={0: 0, 1: 768, 2: 293, 10: 1276, 7: 0}
2026-03-25 21:15:07,423 INFO: particles=80 iter=40 n_caps=18 minZ=0.023203 runtime=120.29s placement={0: 0, 1: 768, 2: 498, 10: 293, 7: 1276}
2026-03-25 21:17:11,348 INFO: particles=80 iter=40 n_caps=19 minZ=0.023665 runtime=123.92s placement={0: 0, 1: 768, 2: 1464, 10: 498, 7: 293, 15: 0}
2026-03-25 21:19:14,801 INFO: particles=80 iter=40 n_caps=20 minZ=0.022812 runtime=123.45s placement={0: 0, 1: 768, 10: 1459, 7: 499, 15: 0}
