2026-03-25 20:43:46,666 INFO: particles=20 iter=40 n_caps=1 minZ=0.087365 runtime=18.43s placement={9: 1012}
2026-03-25 20:44:05,538 INFO: particles=20 iter=40 n_caps=2 minZ=0.053154 runtime=18.87s placement={0: 1014, 10: 2025}
2026-03-25 20:44:25,064 INFO: particles=20 iter=40 n_caps=3 minZ=0.058239 runtime=19.53s placement={9: 1012, 0: 2026, 6: 82}
2026-03-25 20:44:45,028 INFO: particles=20 iter=40 n_caps=4 minZ=0.043854 runtime=19.96s placement={0: 1012, 6: 2026, 7: 82, 10: 1663}
2026-03-25 20:45:05,489 INFO: particles=20 iter=40 n_caps=5 minZ=0.058460 runtime=20.46s placement={6: 1012, 7: 2026, 10: 82, 0: 1663, 5: 0}
2026-03-25 20:45:26,371 INFO: particles=20 iter=40 n_caps=6 minZ=0.058458 runtime=20.88s placement={7: 1012, 10: 2026, 0: 82, 6: 1663, 5: 0, 9: 1057}
2026-03-25 20:45:47,940 INFO: particles=20 iter=40 n_caps=7 minZ=0.031744 runtime=21.57s placement={3: 695, 0: 1014, 1: 364, 6: 0}
2026-03-25 20:46:09,901 INFO: particles=20 iter=40 n_caps=8 minZ=0.035784 runtime=21.96s placement={0: 1012, 1: 1485, 9: 1887, 15: 497}
2026-03-25 20:46:32,465 INFO: particles=20 iter=40 n_caps=9 minZ=0.036588 runtime=22.56s placement={0: 1012, 1: 1427, 9: 78, 14: 1150, 10: 783, 8: 0}
2026-03-25 20:46:55,483 INFO: particles=20 iter=40 n_caps=10 minZ=0.030527 runtime=23.02s placement={0: 1313, 5: 1474, 1: 190, 15: 1031, 8: 1521}
2026-03-25 20:47:18,823 INFO: particles=20 iter=40 n_caps=11 minZ=0.028861 runtime=23.34s placement={5: 697, 0: 0, 1: 190, 15: 0, 8: 1031}
2026-03-25 20:47:42,722 INFO: particles=20 iter=40 n_caps=12 minZ=0.023842 runtime=23.90s placement={0: 1080, 1: 1473, 15: 2852, 9: 0}
2026-03-25 20:48:06,987 INFO: particles=20 iter=40 n_caps=13 minZ=0.022748 runtime=24.26s placement={0: 0, 1: 1471, 15: 214, 9: 2852}
2026-03-25 20:48:31,818 INFO: particles=20 iter=40 n_caps=14 minZ=0.022359 runtime=24.83s placement={0: 0, 15: 1452, 9: 213, 1: 2946, 5: 0}
2026-03-25 20:48:56,977 INFO: particles=20 iter=40 n_caps=15 minZ=0.022843 runtime=25.16s placement={15: 686, 9: 1452, 0: 0, 1: 2946, 5: 0}
2026-03-25 20:49:22,704 INFO: particles=20 iter=40 n_caps=16 minZ=0.023050 runtime=25.73s placement={9: 686, 0: 2604, 1: 213, 5: 1061}
2026-03-25 20:49:48,875 INFO: particles=20 iter=40 n_caps=17 minZ=0.021032 runtime=26.17s placement={0: 1618, 1: 1452, 5: 0}
2026-03-25 20:50:15,464 INFO: particles=20 iter=40 n_caps=18 minZ=0.020824 runtime=26.59s placement={0: 0, 1: 1452, 5: 1404, 20: 1618}
2026-03-25 20:50:42,570 INFO: particles=20 iter=40 n_caps=19 minZ=0.021081 runtime=27.11s placement={0: 0, 1: 1452, 5: 421, 20: 2604}
2026-03-25 20:51:10,106 INFO: particles=20 iter=40 n_caps=20 minZ=0.021161 runtime=27.54s placement={0: 0, 1: 1452, 5: 1019, 20: 0}
