2026-03-26 12:03:05,805 INFO: particles=30 iter=50 n_caps=1 minZ=0.093198 runtime=34.72s placement={14: 1012}
2026-03-26 12:03:41,270 INFO: particles=30 iter=50 n_caps=2 minZ=0.053241 runtime=35.46s placement={0: 1012, 9: 2515}
2026-03-26 12:04:17,729 INFO: particles=30 iter=50 n_caps=3 minZ=0.060454 runtime=36.46s placement={9: 1014, 0: 1960, 5: 0}
2026-03-26 12:04:55,216 INFO: particles=30 iter=50 n_caps=4 minZ=0.042618 runtime=37.49s placement={0: 1627, 5: 1583, 1: 0}
2026-03-26 12:05:33,676 INFO: particles=30 iter=50 n_caps=5 minZ=0.038119 runtime=38.46s placement={5: 1107, 0: 1012, 1: 0}
2026-03-26 12:06:13,200 INFO: particles=30 iter=50 n_caps=6 minZ=0.034103 runtime=39.52s placement={0: 764, 1: 1392}
2026-03-26 12:06:53,460 INFO: particles=30 iter=50 n_caps=7 minZ=0.033490 runtime=40.26s placement={0: 764, 1: 1392, 7: 0}
2026-03-26 12:07:34,651 INFO: particles=30 iter=50 n_caps=8 minZ=0.035691 runtime=41.19s placement={0: 0, 1: 1393, 7: 764}
2026-03-26 12:08:17,261 INFO: particles=30 iter=50 n_caps=9 minZ=0.030321 runtime=42.61s placement={0: 1028, 1: 2193, 14: 1288, 16: 313}
2026-03-26 12:09:00,472 INFO: particles=30 iter=50 n_caps=10 minZ=0.026641 runtime=43.21s placement={0: 0, 1: 2276, 14: 1898, 16: 266}
2026-03-26 12:09:44,307 INFO: particles=30 iter=50 n_caps=11 minZ=0.026951 runtime=43.83s placement={0: 0, 1: 2443, 14: 1404, 16: 1011}
2026-03-26 12:10:29,042 INFO: particles=30 iter=50 n_caps=12 minZ=0.024092 runtime=44.73s placement={0: 0, 14: 2460, 1: 1406, 16: 1309}
2026-03-26 12:11:14,535 INFO: particles=30 iter=50 n_caps=13 minZ=0.024182 runtime=45.49s placement={14: 1430, 0: 0, 1: 1396, 16: 2157}
2026-03-26 12:12:00,837 INFO: particles=30 iter=50 n_caps=14 minZ=0.023017 runtime=46.30s placement={0: 2494, 1: 2477, 16: 1396}
2026-03-26 12:12:48,134 INFO: particles=30 iter=50 n_caps=15 minZ=0.022850 runtime=47.30s placement={0: 2494, 16: 2477, 1: 1396, 7: 44}
2026-03-26 12:13:36,270 INFO: particles=30 iter=50 n_caps=16 minZ=0.022854 runtime=48.14s placement={16: 1431, 0: 0, 1: 1396, 7: 2494}
2026-03-26 12:14:24,973 INFO: particles=30 iter=50 n_caps=17 minZ=0.021649 runtime=48.70s placement={0: 2752, 1: 2477, 7: 0, 10: 0}
2026-03-26 12:15:14,828 INFO: particles=30 iter=50 n_caps=18 minZ=0.021195 runtime=49.86s placement={0: 2752, 1: 2477, 7: 0, 10: 44, 5: 0}
2026-03-26 12:16:05,500 INFO: particles=30 iter=50 n_caps=19 minZ=0.021283 runtime=50.67s placement={0: 0, 1: 2477, 7: 0, 10: 2494, 5: 2752}
2026-03-26 12:16:57,050 INFO: particles=30 iter=50 n_caps=20 minZ=0.020820 runtime=51.55s placement={0: 0, 1: 2477, 7: 0, 10: 0, 5: 0}
