2026-03-24 18:27:34,315 INFO: particles=50 iter=50 n_caps=1 minZ=0.085029 runtime=66.81s placement={0: 1316}
2026-03-24 18:28:43,115 INFO: particles=50 iter=50 n_caps=2 minZ=0.064704 runtime=68.80s placement={0: 1409, 9: 1012}
2026-03-24 18:29:53,140 INFO: particles=50 iter=50 n_caps=3 minZ=0.051742 runtime=70.02s placement={9: 1485, 0: 1012, 7: 28}
2026-03-24 18:31:05,466 INFO: particles=50 iter=50 n_caps=4 minZ=0.052145 runtime=72.33s placement={0: 1455, 9: 1111, 6: 615, 16: 1170}
2026-03-24 18:32:18,774 INFO: particles=50 iter=50 n_caps=5 minZ=0.050464 runtime=73.31s placement={9: 1377, 6: 1103, 15: 586, 0: 1170, 5: 10}
2026-03-24 18:33:34,178 INFO: particles=50 iter=50 n_caps=6 minZ=0.038786 runtime=75.40s placement={9: 1354, 0: 1133, 1: 1279, 7: 12, 10: 1901}
2026-03-24 18:34:52,832 INFO: particles=50 iter=50 n_caps=7 minZ=0.028723 runtime=78.65s placement={1: 2244, 0: 1112, 5: 878, 9: 269}
2026-03-24 18:36:13,139 INFO: particles=50 iter=50 n_caps=8 minZ=0.031577 runtime=80.31s placement={0: 24, 1: 417, 9: 806}
2026-03-24 18:37:34,233 INFO: particles=50 iter=50 n_caps=9 minZ=0.030518 runtime=81.09s placement={0: 0, 9: 490, 1: 719}
2026-03-24 18:38:57,026 INFO: particles=50 iter=50 n_caps=10 minZ=0.026690 runtime=82.79s placement={9: 2389, 0: 0, 1: 709}
2026-03-24 18:40:21,535 INFO: particles=50 iter=50 n_caps=11 minZ=0.024696 runtime=84.51s placement={0: 1505, 1: 584, 9: 0}
2026-03-24 18:41:47,900 INFO: particles=50 iter=50 n_caps=12 minZ=0.024153 runtime=86.36s placement={0: 0, 1: 612, 9: 251}
2026-03-24 18:43:15,603 INFO: particles=50 iter=50 n_caps=13 minZ=0.023317 runtime=87.70s placement={0: 0, 1: 612, 9: 22}
2026-03-24 18:44:45,677 INFO: particles=50 iter=50 n_caps=14 minZ=0.024989 runtime=90.07s placement={0: 0, 1: 612, 9: 1014}
2026-03-24 18:46:16,870 INFO: particles=50 iter=50 n_caps=15 minZ=0.023269 runtime=91.19s placement={0: 0, 1: 612, 9: 1511}
2026-03-24 18:47:53,970 INFO: particles=50 iter=50 n_caps=16 minZ=0.022785 runtime=97.10s placement={0: 0, 1: 612, 9: 610}
2026-03-24 18:49:28,479 INFO: particles=50 iter=50 n_caps=17 minZ=0.023643 runtime=94.51s placement={0: 0, 1: 612, 9: 1014, 7: 78}
2026-03-24 18:51:04,805 INFO: particles=50 iter=50 n_caps=18 minZ=0.021406 runtime=96.32s placement={0: 0, 1: 612, 9: 713, 7: 0, 6: 78, 5: 25}
2026-03-24 18:52:42,701 INFO: particles=50 iter=50 n_caps=19 minZ=0.021237 runtime=97.90s placement={0: 0, 9: 612, 1: 713, 7: 0, 6: 25, 5: 78, 10: 0}
2026-03-24 18:54:22,964 INFO: particles=50 iter=50 n_caps=20 minZ=0.021498 runtime=100.26s placement={9: 2369, 0: 0, 1: 713, 7: 0, 6: 78, 5: 0, 10: 25}
