2026-03-25 16:48:03,246 INFO: particles=20 iter=25 n_caps=1 minZ=0.089878 runtime=11.52s placement={10: 1012}
2026-03-25 16:48:15,105 INFO: particles=20 iter=25 n_caps=2 minZ=0.052851 runtime=11.86s placement={0: 1012, 9: 1481}
2026-03-25 16:48:27,315 INFO: particles=20 iter=25 n_caps=3 minZ=0.064680 runtime=12.21s placement={9: 1012, 0: 1481, 7: 0}
2026-03-25 16:48:39,773 INFO: particles=20 iter=25 n_caps=4 minZ=0.046741 runtime=12.46s placement={0: 1012, 7: 1493, 6: 0, 9: 2001}
2026-03-25 16:48:52,599 INFO: particles=20 iter=25 n_caps=5 minZ=0.056506 runtime=12.83s placement={9: 685, 8: 1151, 10: 0, 5: 1723, 0: 997}
2026-03-25 16:49:05,729 INFO: particles=20 iter=25 n_caps=6 minZ=0.047230 runtime=13.13s placement={0: 1584, 10: 1180, 1: 2490, 9: 1184}
2026-03-25 16:49:19,182 INFO: particles=20 iter=25 n_caps=7 minZ=0.039950 runtime=13.45s placement={11: 688, 0: 1480, 1: 2614, 9: 1438, 18: 36}
2026-03-25 16:49:32,884 INFO: particles=20 iter=25 n_caps=8 minZ=0.045996 runtime=13.70s placement={0: 1490, 1: 482, 14: 3347, 15: 1401, 11: 0, 16: 1409}
2026-03-25 16:49:46,980 INFO: particles=20 iter=25 n_caps=9 minZ=0.039127 runtime=14.10s placement={0: 1014, 15: 2450, 1: 2503, 8: 2346, 3: 1954, 14: 25, 10: 1711, 16: 387}
2026-03-25 16:50:01,354 INFO: particles=20 iter=25 n_caps=10 minZ=0.031822 runtime=14.37s placement={0: 1504, 20: 842, 19: 0, 1: 135}
2026-03-25 16:50:15,915 INFO: particles=20 iter=25 n_caps=11 minZ=0.041947 runtime=14.56s placement={20: 1633, 19: 0, 0: 898, 1: 0, 10: 1504, 9: 0}
2026-03-25 16:50:30,925 INFO: particles=20 iter=25 n_caps=12 minZ=0.033845 runtime=15.01s placement={19: 464, 0: 1755, 18: 0, 1: 0, 17: 1149, 8: 877, 7: 1010, 16: 3242}
2026-03-25 16:50:46,245 INFO: particles=20 iter=25 n_caps=13 minZ=0.031484 runtime=15.32s placement={0: 777, 12: 1849, 1: 0, 20: 0, 5: 110, 19: 3067, 15: 0, 9: 2888}
2026-03-25 16:51:01,994 INFO: particles=20 iter=25 n_caps=14 minZ=0.027417 runtime=15.75s placement={6: 112, 0: 1677, 1: 1255, 11: 1733, 20: 1385, 14: 2366, 8: 609}
2026-03-25 16:51:18,000 INFO: particles=20 iter=25 n_caps=15 minZ=0.027119 runtime=16.01s placement={0: 978, 1: 1649, 11: 1088, 20: 1187, 15: 1600, 3: 2153, 9: 1066}
2026-03-25 16:51:34,240 INFO: particles=20 iter=25 n_caps=16 minZ=0.027932 runtime=16.24s placement={0: 1005, 11: 1780, 1: 1017, 20: 1195, 14: 763, 8: 1582, 9: 812, 13: 0}
2026-03-25 16:51:50,730 INFO: particles=20 iter=25 n_caps=17 minZ=0.027444 runtime=16.49s placement={11: 2927, 0: 0, 1: 1012, 20: 592, 14: 1255, 8: 826, 9: 1692, 15: 904}
2026-03-25 16:52:07,619 INFO: particles=20 iter=25 n_caps=18 minZ=0.025815 runtime=16.89s placement={0: 1438, 1: 1654, 20: 1034, 11: 751, 8: 433, 15: 3052, 14: 841, 13: 0}
2026-03-25 16:52:24,667 INFO: particles=20 iter=25 n_caps=19 minZ=0.024740 runtime=17.05s placement={0: 0, 1: 1654, 20: 1742, 11: 1034, 8: 751, 15: 993, 14: 433, 13: 0}
2026-03-25 16:52:42,105 INFO: particles=20 iter=25 n_caps=20 minZ=0.025676 runtime=17.44s placement={0: 0, 1: 1862, 20: 1246, 10: 1012, 8: 926, 16: 2132, 17: 3120, 13: 548}
