2026-03-18 04:50:52,450 INFO: particles=30 iter=50 n_caps=1 minZ=0.085029 runtime=72.53s placement={0: 1317}
2026-03-18 04:52:06,048 INFO: particles=30 iter=50 n_caps=2 minZ=0.067762 runtime=73.60s placement={0: 1303, 9: 1044}
2026-03-18 04:53:18,939 INFO: particles=30 iter=50 n_caps=3 minZ=0.048095 runtime=72.89s placement={10: 1316, 0: 1012, 15: 144}
2026-03-18 04:54:33,408 INFO: particles=30 iter=50 n_caps=4 minZ=0.053340 runtime=74.47s placement={0: 1345, 15: 1014, 10: 150, 9: 1673}
2026-03-18 04:55:47,574 INFO: particles=30 iter=50 n_caps=5 minZ=0.051748 runtime=74.17s placement={15: 1345, 10: 1014, 9: 150, 0: 1690, 6: 0}
2026-03-18 04:57:03,672 INFO: particles=30 iter=50 n_caps=6 minZ=0.054145 runtime=76.10s placement={10: 1345, 9: 1014, 0: 150, 6: 1690, 7: 0, 5: 2582}
2026-03-18 04:58:19,881 INFO: particles=30 iter=50 n_caps=7 minZ=0.039507 runtime=76.21s placement={9: 1345, 0: 1014, 6: 150, 7: 1690, 5: 0, 10: 2582, 15: 1749}
2026-03-18 04:59:39,991 INFO: particles=30 iter=50 n_caps=8 minZ=0.036310 runtime=80.11s placement={0: 1364, 6: 786, 1: 29, 5: 1369, 12: 0, 15: 2320, 16: 1394}
2026-03-18 05:00:58,352 INFO: particles=30 iter=50 n_caps=9 minZ=0.030860 runtime=78.36s placement={0: 1519, 1: 0, 5: 1400, 15: 1416, 16: 422, 8: 362}
2026-03-18 05:02:19,688 INFO: particles=30 iter=50 n_caps=10 minZ=0.029542 runtime=81.34s placement={0: 1323, 1: 0, 15: 879, 16: 639, 12: 0}
2026-03-18 05:03:41,713 INFO: particles=30 iter=50 n_caps=11 minZ=0.027728 runtime=82.02s placement={0: 0, 15: 0, 1: 955, 16: 1312, 12: 1326}
2026-03-18 05:05:04,896 INFO: particles=30 iter=50 n_caps=12 minZ=0.025004 runtime=83.18s placement={16: 1015, 1: 0, 17: 750, 0: 0, 10: 1622, 7: 39}
2026-03-18 05:06:28,878 INFO: particles=30 iter=50 n_caps=13 minZ=0.025408 runtime=83.98s placement={1: 1016, 16: 0, 0: 0, 10: 1014, 7: 0, 6: 39, 20: 2781}
2026-03-18 05:07:53,608 INFO: particles=30 iter=50 n_caps=14 minZ=0.023265 runtime=84.73s placement={16: 634, 0: 228, 1: 586, 10: 813, 6: 0, 5: 0, 20: 37}
2026-03-18 05:09:18,377 INFO: particles=30 iter=50 n_caps=15 minZ=0.023729 runtime=84.77s placement={0: 2741, 1: 0, 10: 1270, 6: 1015, 5: 0, 20: 0}
2026-03-18 05:10:45,965 INFO: particles=30 iter=50 n_caps=16 minZ=0.024350 runtime=87.59s placement={0: 0, 1: 0, 10: 343, 6: 1661, 5: 1023, 20: 0}
2026-03-18 05:12:13,911 INFO: particles=30 iter=50 n_caps=17 minZ=0.024883 runtime=87.95s placement={0: 64, 1: 0, 6: 201, 7: 1125, 20: 2375, 5: 0}
2026-03-18 05:13:43,322 INFO: particles=30 iter=50 n_caps=18 minZ=0.021866 runtime=89.41s placement={0: 0, 6: 0, 1: 195, 7: 783, 16: 464, 5: 2496}
2026-03-18 05:15:13,783 INFO: particles=30 iter=50 n_caps=19 minZ=0.023823 runtime=90.46s placement={6: 701, 0: 4, 1: 208, 7: 963, 14: 1022, 5: 1242}
2026-03-18 05:16:44,618 INFO: particles=30 iter=50 n_caps=20 minZ=0.020203 runtime=90.84s placement={0: 996, 1: 0, 6: 447, 13: 1027, 5: 1931}
