2026-03-30 18:39:49,361 INFO: particles=30 iter=15 n_caps=1 minZ=0.089247 runtime=13.77s placement={5: 1229}
2026-03-30 18:40:12,741 INFO: particles=30 iter=15 n_caps=2 minZ=0.058149 runtime=23.38s placement={0: 1317, 10: 1911}
2026-03-30 18:40:48,877 INFO: particles=30 iter=15 n_caps=3 minZ=0.049763 runtime=36.14s placement={9: 2412, 6: 1222, 0: 983}
2026-03-30 18:41:33,950 INFO: particles=30 iter=15 n_caps=4 minZ=0.046367 runtime=45.07s placement={6: 2412, 0: 1222, 9: 983, 10: 1605}
2026-03-30 18:42:30,273 INFO: particles=30 iter=15 n_caps=5 minZ=0.044903 runtime=56.32s placement={0: 2221, 10: 1276, 9: 1012, 15: 2167, 5: 1299}
2026-03-30 18:43:37,655 INFO: particles=30 iter=15 n_caps=6 minZ=0.042989 runtime=67.38s placement={9: 2623, 6: 1683, 14: 1242, 0: 2025, 10: 1071, 5: 294}
2026-03-30 18:44:57,039 INFO: particles=30 iter=15 n_caps=7 minZ=0.034243 runtime=79.38s placement={1: 2008, 0: 1014, 6: 1335, 5: 1094, 11: 0, 15: 2334}
2026-03-30 18:46:26,407 INFO: particles=30 iter=15 n_caps=8 minZ=0.042812 runtime=89.37s placement={7: 2012, 0: 1071, 5: 321, 6: 2687, 9: 1352, 15: 269, 13: 1689, 3: 119}
2026-03-30 18:48:07,728 INFO: particles=30 iter=15 n_caps=9 minZ=0.037329 runtime=101.32s placement={0: 1183, 5: 2071, 1: 953, 13: 2338, 9: 1315, 10: 137}
2026-03-30 18:50:01,803 INFO: particles=30 iter=15 n_caps=10 minZ=0.035245 runtime=114.08s placement={9: 1442, 1: 2607, 0: 0, 13: 3347, 10: 2358, 11: 1360, 8: 1135}
2026-03-30 18:52:02,100 INFO: particles=30 iter=15 n_caps=11 minZ=0.032981 runtime=120.30s placement={1: 1207, 0: 677, 16: 677, 9: 3347, 10: 1364, 11: 1204, 6: 0, 20: 222}
2026-03-30 18:54:17,345 INFO: particles=30 iter=15 n_caps=12 minZ=0.029527 runtime=135.24s placement={0: 1752, 9: 1302, 10: 1903, 1: 3345, 2: 2876, 20: 2426, 19: 3233, 11: 1539}
2026-03-30 18:56:42,137 INFO: particles=30 iter=15 n_caps=13 minZ=0.028897 runtime=144.79s placement={9: 1021, 10: 1183, 0: 0, 1: 3347, 20: 1836, 19: 1753, 8: 3263}
2026-03-30 18:59:20,194 INFO: particles=30 iter=15 n_caps=14 minZ=0.025305 runtime=158.06s placement={9: 1210, 0: 1958, 1: 1823, 20: 2928, 19: 2392, 10: 1720, 13: 0}
2026-03-30 19:02:11,986 INFO: particles=30 iter=15 n_caps=15 minZ=0.027696 runtime=171.79s placement={0: 366, 1: 789, 14: 1711, 20: 1532, 8: 3347, 13: 385, 7: 2355, 15: 1670}
2026-03-30 19:05:08,527 INFO: particles=30 iter=15 n_caps=16 minZ=0.025037 runtime=176.54s placement={0: 877, 1: 286, 16: 1813, 19: 810, 5: 981, 18: 3052, 6: 205, 20: 11}
2026-03-30 19:08:19,998 INFO: particles=30 iter=15 n_caps=17 minZ=0.027325 runtime=191.47s placement={0: 0, 1: 343, 15: 3046, 20: 1055, 2: 797, 17: 2371, 5: 1350, 16: 131, 19: 153, 7: 0}
2026-03-30 19:11:37,485 INFO: particles=30 iter=15 n_caps=18 minZ=0.025314 runtime=197.49s placement={0: 720, 1: 285, 14: 0, 13: 3347, 20: 1488, 6: 1521, 15: 860, 19: 1671, 9: 387, 7: 0, 17: 0}
2026-03-30 19:15:08,840 INFO: particles=30 iter=15 n_caps=19 minZ=0.023219 runtime=211.35s placement={0: 0, 15: 366, 16: 0, 20: 3347, 1: 1511, 6: 428, 17: 3347, 19: 99, 9: 683, 7: 387, 18: 0}
2026-03-30 19:18:43,734 INFO: particles=30 iter=15 n_caps=20 minZ=0.025230 runtime=214.89s placement={15: 1018, 11: 46, 20: 0, 0: 0, 1: 1185, 4: 428, 16: 1902, 19: 948, 9: 1358, 8: 697, 17: 172}
