2026-03-08 15:20:43,244 INFO: n_caps=1 | iter=15 | minZ=0.040000 | placement={0: 2900}
2026-03-08 15:20:43,245 INFO: init_n_caps=2 | seeded_previous_caps=1 | new_cap_random_init(cap=0,port=3)
2026-03-08 15:20:58,985 INFO: n_caps=2 | iter=15 | minZ=0.040002 | placement={2: 1288, 18: 446}
2026-03-08 15:20:58,985 INFO: init_n_caps=3 | seeded_previous_caps=2 | new_cap_random_init(cap=437,port=14)
2026-03-08 15:21:18,550 INFO: n_caps=3 | iter=15 | minZ=0.040000 | placement={15: 652, 12: 394, 8: 1644}
2026-03-08 15:21:18,550 INFO: init_n_caps=4 | seeded_previous_caps=3 | new_cap_random_init(cap=2648,port=15)
2026-03-08 15:21:38,836 INFO: n_caps=4 | iter=15 | minZ=0.040002 | placement={0: 634, 20: 0, 3: 1490, 1: 3347}
2026-03-08 15:21:38,837 INFO: init_n_caps=5 | seeded_previous_caps=4 | new_cap_random_init(cap=14,port=4)
2026-03-08 15:21:59,389 INFO: n_caps=5 | iter=15 | minZ=0.040001 | placement={18: 1263, 19: 1987, 6: 2094, 8: 1243, 14: 44}
2026-03-08 15:21:59,389 INFO: init_n_caps=6 | seeded_previous_caps=5 | new_cap_random_init(cap=3138,port=12)
2026-03-08 15:22:20,612 INFO: n_caps=6 | iter=15 | minZ=0.040001 | placement={18: 1183, 7: 2088, 8: 2834, 19: 706, 10: 0, 17: 2558}
2026-03-08 15:22:20,613 INFO: init_n_caps=7 | seeded_previous_caps=6 | new_cap_random_init(cap=3138,port=16)
2026-03-08 15:22:42,319 INFO: n_caps=7 | iter=15 | minZ=0.040000 | placement={0: 1343, 11: 0, 17: 3347, 13: 0, 7: 5, 12: 1135, 4: 3347}
2026-03-08 15:22:42,319 INFO: init_n_caps=8 | seeded_previous_caps=7 | new_cap_random_init(cap=0,port=13)
2026-03-08 15:23:04,741 INFO: n_caps=8 | iter=15 | minZ=0.040001 | placement={19: 2390, 8: 2219, 9: 2305, 11: 2168, 7: 3347, 12: 781, 2: 292}
2026-03-08 15:23:04,741 INFO: init_n_caps=9 | seeded_previous_caps=8 | new_cap_random_init(cap=3198,port=19)
2026-03-08 15:23:27,163 INFO: n_caps=9 | iter=15 | minZ=0.040001 | placement={5: 309, 6: 1460, 0: 410, 20: 3347, 4: 47, 1: 0, 19: 1756, 9: 2054}
2026-03-08 15:23:27,163 INFO: init_n_caps=10 | seeded_previous_caps=9 | new_cap_random_init(cap=999,port=17)
2026-03-08 15:23:50,451 INFO: n_caps=10 | iter=15 | minZ=0.040000 | placement={16: 3347, 0: 2429, 17: 1981, 15: 3347, 4: 1149, 18: 1924, 12: 3329, 1: 468, 19: 2565, 6: 967}
2026-03-08 15:23:50,451 INFO: init_n_caps=11 | seeded_previous_caps=10 | new_cap_random_init(cap=2821,port=15)
2026-03-08 15:24:14,261 INFO: n_caps=11 | iter=15 | minZ=0.040004 | placement={2: 2168, 13: 3269, 15: 257, 3: 1436, 14: 2305, 20: 1941, 12: 823, 19: 2285, 1: 2489}
2026-03-08 15:24:14,262 INFO: init_n_caps=12 | seeded_previous_caps=11 | new_cap_random_init(cap=458,port=17)
2026-03-08 15:24:19,149 INFO: n_caps=12 | iter=3 | minZ=0.039096 | placement={12: 1710, 0: 1340, 10: 1941, 1: 0, 4: 3183, 6: 2362, 20: 11, 2: 3293}
