2026-03-22 19:24:37,314 INFO: particles=20 iter=40 n_caps=1 minZ=0.080251 runtime=21.13s placement={0: 1012}
2026-03-22 19:24:59,182 INFO: particles=20 iter=40 n_caps=2 minZ=0.081273 runtime=21.87s placement={10: 1012, 0: 13}
2026-03-22 19:25:21,712 INFO: particles=20 iter=40 n_caps=3 minZ=0.051621 runtime=22.53s placement={0: 1012, 15: 13, 9: 1729}
2026-03-22 19:25:44,747 INFO: particles=20 iter=40 n_caps=4 minZ=0.054247 runtime=23.03s placement={15: 1400, 9: 1412, 5: 1566, 0: 911}
2026-03-22 19:26:09,129 INFO: particles=20 iter=40 n_caps=5 minZ=0.055722 runtime=24.38s placement={9: 1401, 5: 1314, 0: 1666, 10: 1045, 1: 2423}
2026-03-22 19:26:34,256 INFO: particles=20 iter=40 n_caps=6 minZ=0.042464 runtime=25.13s placement={0: 1592, 1: 0, 15: 1453, 9: 1180}
2026-03-22 19:26:58,970 INFO: particles=20 iter=40 n_caps=7 minZ=0.043002 runtime=24.71s placement={0: 1592, 15: 0, 1: 1453, 9: 892, 7: 0}
2026-03-22 19:27:24,358 INFO: particles=20 iter=40 n_caps=8 minZ=0.032060 runtime=25.39s placement={14: 1296, 0: 1014, 9: 1472, 1: 786, 7: 1387, 5: 0, 16: 1}
2026-03-22 19:27:50,369 INFO: particles=20 iter=40 n_caps=9 minZ=0.034469 runtime=26.01s placement={0: 2168, 9: 982, 1: 1446, 7: 240, 6: 1452, 16: 0}
2026-03-22 19:28:17,135 INFO: particles=20 iter=40 n_caps=10 minZ=0.034443 runtime=26.77s placement={9: 96, 0: 1937, 1: 1006, 10: 1104, 11: 230, 15: 1460, 12: 0}
2026-03-22 19:28:44,405 INFO: particles=20 iter=40 n_caps=11 minZ=0.034845 runtime=27.27s placement={0: 1625, 1: 938, 6: 865, 10: 745, 15: 289, 11: 2014, 7: 0}
2026-03-22 19:29:12,741 INFO: particles=20 iter=40 n_caps=12 minZ=0.031670 runtime=28.34s placement={1: 718, 6: 822, 14: 1618, 15: 1562, 0: 892, 7: 1178, 17: 15}
2026-03-22 19:29:41,978 INFO: particles=20 iter=40 n_caps=13 minZ=0.027592 runtime=29.24s placement={6: 715, 14: 821, 15: 1482, 0: 216, 1: 215, 7: 1619, 17: 1103, 18: 5}
2026-03-22 19:30:11,001 INFO: particles=20 iter=40 n_caps=14 minZ=0.024844 runtime=29.02s placement={14: 713, 15: 812, 0: 1126, 1: 1582, 7: 215, 17: 35, 18: 288}
2026-03-22 19:30:40,887 INFO: particles=20 iter=40 n_caps=15 minZ=0.025578 runtime=29.89s placement={15: 713, 0: 2427, 1: 1498, 7: 1582, 17: 1560, 18: 35, 9: 1126}
2026-03-22 19:31:10,959 INFO: particles=20 iter=40 n_caps=16 minZ=0.025001 runtime=30.07s placement={0: 2607, 1: 812, 7: 1498, 17: 524, 18: 1560, 9: 215}
2026-03-22 19:31:41,918 INFO: particles=20 iter=40 n_caps=17 minZ=0.025142 runtime=30.96s placement={0: 1530, 5: 623, 1: 1380, 14: 1053, 16: 266, 8: 0, 4: 2379, 7: 0}
2026-03-22 19:32:13,844 INFO: particles=20 iter=40 n_caps=18 minZ=0.026282 runtime=31.93s placement={5: 542, 0: 0, 1: 2193, 7: 2418, 18: 1588, 10: 1020, 6: 1557, 13: 2331}
2026-03-22 19:32:46,032 INFO: particles=20 iter=40 n_caps=19 minZ=0.024590 runtime=32.19s placement={0: 0, 1: 1410, 11: 17, 18: 2417, 12: 292, 6: 567, 16: 1107, 9: 36}
2026-03-22 19:33:19,344 INFO: particles=20 iter=40 n_caps=20 minZ=0.022548 runtime=33.31s placement={0: 0, 1: 1745, 11: 2192, 17: 11, 12: 1773, 6: 223, 16: 588, 9: 0}
