2026-03-19 18:42:29,665 INFO: particles=20 iter=25 n_caps=1 minZ=0.080251 runtime=21.29s placement={0: 1014}
2026-03-19 18:42:51,317 INFO: particles=20 iter=25 n_caps=2 minZ=0.078668 runtime=21.65s placement={0: 1014, 6: 0}
2026-03-19 18:43:13,356 INFO: particles=20 iter=25 n_caps=3 minZ=0.059581 runtime=22.04s placement={5: 1001, 6: 456, 0: 1695}
2026-03-19 18:43:35,844 INFO: particles=20 iter=25 n_caps=4 minZ=0.060338 runtime=22.49s placement={6: 1001, 0: 456, 10: 1695, 9: 969}
2026-03-19 18:43:58,721 INFO: particles=20 iter=25 n_caps=5 minZ=0.050268 runtime=22.88s placement={0: 1001, 10: 456, 9: 1695, 14: 969, 15: 1153}
2026-03-19 18:44:22,133 INFO: particles=20 iter=25 n_caps=6 minZ=0.046869 runtime=23.41s placement={15: 1228, 8: 514, 16: 2141, 14: 636, 0: 1014, 9: 329}
2026-03-19 18:44:46,065 INFO: particles=20 iter=25 n_caps=7 minZ=0.047075 runtime=23.93s placement={10: 1513, 14: 509, 15: 2122, 0: 1103, 9: 967, 6: 252, 11: 2610}
2026-03-19 18:45:10,397 INFO: particles=20 iter=25 n_caps=8 minZ=0.048575 runtime=24.33s placement={14: 1513, 15: 509, 0: 2122, 9: 1103, 6: 967, 10: 252, 20: 2610, 2: 1763}
2026-03-19 18:45:35,290 INFO: particles=20 iter=25 n_caps=9 minZ=0.041940 runtime=24.89s placement={15: 1497, 0: 2479, 6: 2126, 7: 1025, 9: 806, 20: 242, 1: 2535}
2026-03-19 18:46:00,617 INFO: particles=20 iter=25 n_caps=10 minZ=0.039025 runtime=25.33s placement={0: 2696, 1: 383, 8: 1983, 11: 954, 20: 231}
2026-03-19 18:46:26,411 INFO: particles=20 iter=25 n_caps=11 minZ=0.032721 runtime=25.79s placement={0: 2781, 8: 234, 12: 1175, 20: 976, 1: 231, 4: 1}
2026-03-19 18:46:52,458 INFO: particles=20 iter=25 n_caps=12 minZ=0.030019 runtime=26.05s placement={5: 641, 11: 302, 20: 1126, 0: 116, 1: 225, 4: 3347}
2026-03-19 18:47:18,955 INFO: particles=20 iter=25 n_caps=13 minZ=0.031064 runtime=26.50s placement={11: 661, 20: 301, 0: 920, 1: 850, 4: 971, 15: 66}
2026-03-19 18:47:45,766 INFO: particles=20 iter=25 n_caps=14 minZ=0.029707 runtime=26.81s placement={20: 483, 0: 1896, 1: 1227, 4: 1831, 15: 0}
2026-03-19 18:48:12,943 INFO: particles=20 iter=25 n_caps=15 minZ=0.025504 runtime=27.18s placement={0: 3347, 1: 633, 4: 1559, 15: 3347}
2026-03-19 18:48:40,479 INFO: particles=20 iter=25 n_caps=16 minZ=0.026471 runtime=27.54s placement={0: 3347, 1: 633, 4: 143, 15: 984, 10: 0}
2026-03-19 18:49:08,530 INFO: particles=20 iter=25 n_caps=17 minZ=0.025407 runtime=28.05s placement={0: 0, 1: 427, 4: 99, 15: 1688, 10: 3347}
2026-03-19 18:49:36,824 INFO: particles=20 iter=25 n_caps=18 minZ=0.025514 runtime=28.29s placement={0: 0, 1: 427, 4: 1505, 15: 1625, 10: 1823}
2026-03-19 18:50:05,556 INFO: particles=20 iter=25 n_caps=19 minZ=0.026216 runtime=28.73s placement={0: 0, 1: 568, 15: 186, 4: 0, 7: 1094, 5: 0}
2026-03-19 18:50:34,650 INFO: particles=20 iter=25 n_caps=20 minZ=0.023787 runtime=29.09s placement={0: 0, 1: 788, 15: 451, 4: 0, 7: 0, 5: 0}
