2026-03-19 15:50:35,574 INFO: particles=20 iter=10 n_caps=1 minZ=0.087365 runtime=8.60s placement={9: 1012}
2026-03-19 15:50:44,320 INFO: particles=20 iter=10 n_caps=2 minZ=0.060073 runtime=8.75s placement={0: 1012, 10: 1532}
2026-03-19 15:50:53,263 INFO: particles=20 iter=10 n_caps=3 minZ=0.072587 runtime=8.94s placement={10: 1012, 9: 1532, 7: 0}
2026-03-19 15:51:02,398 INFO: particles=20 iter=10 n_caps=4 minZ=0.071781 runtime=9.13s placement={9: 1012, 7: 1532, 0: 0, 20: 1697}
2026-03-19 15:51:11,749 INFO: particles=20 iter=10 n_caps=5 minZ=0.052924 runtime=9.35s placement={0: 1008, 5: 1281, 1: 987}
2026-03-19 15:51:21,245 INFO: particles=20 iter=10 n_caps=6 minZ=0.048015 runtime=9.50s placement={7: 1013, 0: 1126, 1: 1893, 2: 0}
2026-03-19 15:51:30,915 INFO: particles=20 iter=10 n_caps=7 minZ=0.037441 runtime=9.67s placement={0: 665, 6: 426, 1: 1303, 20: 0, 7: 1012}
2026-03-19 15:51:40,707 INFO: particles=20 iter=10 n_caps=8 minZ=0.038936 runtime=9.79s placement={6: 1014, 0: 1012, 1: 1303, 20: 665, 7: 0, 10: 0}
2026-03-19 15:51:50,657 INFO: particles=20 iter=10 n_caps=9 minZ=0.035566 runtime=9.95s placement={0: 0, 1: 426, 20: 1601, 6: 665, 10: 1012, 9: 1163}
2026-03-19 15:52:00,818 INFO: particles=20 iter=10 n_caps=10 minZ=0.034569 runtime=10.16s placement={0: 0, 1: 426, 20: 1303, 6: 1601, 10: 0, 9: 0}
2026-03-19 15:52:11,093 INFO: particles=20 iter=10 n_caps=11 minZ=0.035866 runtime=10.27s placement={0: 0, 20: 426, 6: 1303, 1: 1601, 10: 665, 9: 1012, 15: 0}
2026-03-19 15:52:21,570 INFO: particles=20 iter=10 n_caps=12 minZ=0.036247 runtime=10.48s placement={20: 1014, 6: 426, 0: 0, 10: 1601, 1: 665, 9: 0, 15: 0}
2026-03-19 15:52:32,207 INFO: particles=20 iter=10 n_caps=13 minZ=0.029702 runtime=10.64s placement={0: 0, 1: 459, 10: 1303, 14: 664, 15: 1135, 20: 3347}
2026-03-19 15:52:43,031 INFO: particles=20 iter=10 n_caps=14 minZ=0.030005 runtime=10.82s placement={0: 0, 10: 459, 1: 1303, 14: 1584, 15: 530, 20: 0}
2026-03-19 15:52:53,995 INFO: particles=20 iter=10 n_caps=15 minZ=0.034897 runtime=10.96s placement={10: 1146, 0: 3347, 14: 1266, 1: 1785, 15: 1265, 20: 0, 5: 0, 6: 0}
2026-03-19 15:53:05,144 INFO: particles=20 iter=10 n_caps=16 minZ=0.029189 runtime=11.15s placement={0: 1790, 13: 334, 1: 1283, 18: 0, 20: 104, 5: 3347, 10: 0, 11: 13}
2026-03-19 15:53:16,460 INFO: particles=20 iter=10 n_caps=17 minZ=0.035507 runtime=11.32s placement={11: 709, 0: 0, 1: 1493, 19: 0, 20: 904, 5: 0, 12: 3347, 13: 0, 9: 2256, 6: 0}
2026-03-19 15:53:27,913 INFO: particles=20 iter=10 n_caps=18 minZ=0.030937 runtime=11.45s placement={0: 0, 1: 358, 19: 1692, 20: 830, 5: 0, 11: 0, 13: 3347, 9: 0, 6: 2256, 10: 1906}
2026-03-19 15:53:39,571 INFO: particles=20 iter=10 n_caps=19 minZ=0.029212 runtime=11.66s placement={0: 2425, 1: 175, 14: 1190, 20: 998, 5: 3347, 11: 0, 13: 0, 8: 0, 9: 13, 10: 1287, 12: 535}
2026-03-19 15:53:51,349 INFO: particles=20 iter=10 n_caps=20 minZ=0.029126 runtime=11.78s placement={0: 0, 14: 175, 1: 1190, 20: 1329, 5: 197, 11: 535, 13: 1273, 8: 3347, 9: 0, 10: 2425, 12: 1287, 6: 0}
