2026-03-23 07:07:29,284 INFO: particles=80 iter=15 n_caps=1 minZ=0.082346 runtime=56.19s placement={0: 953}
2026-03-23 07:08:24,427 INFO: particles=80 iter=15 n_caps=2 minZ=0.061442 runtime=55.14s placement={0: 1014, 7: 1522}
2026-03-23 07:09:20,545 INFO: particles=80 iter=15 n_caps=3 minZ=0.060639 runtime=56.12s placement={6: 1004, 0: 1334, 9: 586}
2026-03-23 07:10:18,032 INFO: particles=80 iter=15 n_caps=4 minZ=0.055429 runtime=57.49s placement={0: 1004, 9: 1334, 14: 586, 10: 1112}
2026-03-23 07:11:17,546 INFO: particles=80 iter=15 n_caps=5 minZ=0.057126 runtime=59.51s placement={8: 1776, 9: 2319, 16: 1328, 7: 966, 0: 342}
2026-03-23 07:12:16,881 INFO: particles=80 iter=15 n_caps=6 minZ=0.038218 runtime=59.33s placement={9: 1381, 15: 2084, 5: 1310, 0: 1512, 1: 388}
2026-03-23 07:13:16,040 INFO: particles=80 iter=15 n_caps=7 minZ=0.033855 runtime=59.16s placement={16: 1254, 0: 1534, 1: 1516}
2026-03-23 07:14:15,890 INFO: particles=80 iter=15 n_caps=8 minZ=0.030322 runtime=59.85s placement={0: 2735, 1: 345}
2026-03-23 07:15:17,005 INFO: particles=80 iter=15 n_caps=9 minZ=0.029785 runtime=61.11s placement={0: 2735, 1: 345, 7: 0}
2026-03-23 07:16:18,969 INFO: particles=80 iter=15 n_caps=10 minZ=0.029439 runtime=61.96s placement={0: 0, 1: 345, 7: 2735}
2026-03-23 07:17:21,799 INFO: particles=80 iter=15 n_caps=11 minZ=0.029072 runtime=62.83s placement={0: 0, 1: 346, 7: 1572}
2026-03-23 07:18:25,308 INFO: particles=80 iter=15 n_caps=12 minZ=0.028514 runtime=63.51s placement={0: 0, 1: 346, 7: 1247}
2026-03-23 07:19:30,269 INFO: particles=80 iter=15 n_caps=13 minZ=0.028185 runtime=64.96s placement={0: 342, 1: 127, 9: 1165, 6: 0}
2026-03-23 07:20:36,628 INFO: particles=80 iter=15 n_caps=14 minZ=0.024611 runtime=66.36s placement={0: 0, 1: 139, 9: 1130, 7: 342}
2026-03-23 07:21:45,317 INFO: particles=80 iter=15 n_caps=15 minZ=0.024218 runtime=68.69s placement={0: 0, 1: 139, 9: 1772, 7: 125}
2026-03-23 07:22:52,124 INFO: particles=80 iter=15 n_caps=16 minZ=0.025071 runtime=66.81s placement={0: 0, 9: 139, 1: 1772, 7: 157}
2026-03-23 07:24:01,222 INFO: particles=80 iter=15 n_caps=17 minZ=0.024363 runtime=69.10s placement={10: 1084, 0: 0, 1: 994, 7: 0, 5: 0}
2026-03-23 07:25:10,822 INFO: particles=80 iter=15 n_caps=18 minZ=0.020939 runtime=69.60s placement={0: 1695, 1: 0, 7: 764, 5: 0, 13: 0}
2026-03-23 07:26:22,160 INFO: particles=80 iter=15 n_caps=19 minZ=0.020838 runtime=71.34s placement={0: 0, 1: 0, 7: 625, 5: 764, 13: 0}
2026-03-23 07:27:33,086 INFO: particles=80 iter=15 n_caps=20 minZ=0.020890 runtime=70.92s placement={0: 0, 1: 0, 7: 1028, 5: 625, 13: 764}
