2026-03-30 08:55:48,038 INFO: particles=30 iter=15 n_caps=1 minZ=0.072657 runtime=12.18s placement={0: 1466}
2026-03-30 08:56:10,704 INFO: particles=30 iter=15 n_caps=2 minZ=0.058395 runtime=22.67s placement={0: 1316, 7: 983}
2026-03-30 08:56:42,982 INFO: particles=30 iter=15 n_caps=3 minZ=0.048532 runtime=32.28s placement={7: 1472, 0: 1012, 20: 0}
2026-03-30 08:57:25,256 INFO: particles=30 iter=15 n_caps=4 minZ=0.050288 runtime=42.27s placement={0: 1478, 20: 1277, 9: 1455, 10: 2514}
2026-03-30 08:58:18,293 INFO: particles=30 iter=15 n_caps=5 minZ=0.046275 runtime=53.04s placement={15: 1453, 9: 1282, 10: 1414, 0: 2515, 4: 0}
2026-03-30 08:59:20,379 INFO: particles=30 iter=15 n_caps=6 minZ=0.040869 runtime=62.08s placement={16: 1303, 6: 2667, 0: 910, 7: 2547, 8: 0, 5: 1872}
2026-03-30 09:00:32,969 INFO: particles=30 iter=15 n_caps=7 minZ=0.045913 runtime=72.59s placement={16: 1392, 0: 2069, 9: 1156, 1: 2481, 17: 3347, 6: 1868, 5: 2077}
2026-03-30 09:02:01,897 INFO: particles=30 iter=15 n_caps=8 minZ=0.036671 runtime=88.93s placement={0: 2412, 11: 169, 1: 621, 14: 426, 8: 3347}
2026-03-30 09:03:35,952 INFO: particles=30 iter=15 n_caps=9 minZ=0.036216 runtime=94.05s placement={10: 1671, 1: 60, 15: 618, 8: 481, 0: 1149, 16: 0}
2026-03-30 09:05:18,463 INFO: particles=30 iter=15 n_caps=10 minZ=0.028492 runtime=102.51s placement={0: 1901, 15: 1625, 5: 487, 1: 905, 14: 1196}
2026-03-30 09:07:10,267 INFO: particles=30 iter=15 n_caps=11 minZ=0.029709 runtime=111.80s placement={15: 2387, 5: 1625, 0: 0, 1: 905, 14: 1127}
2026-03-30 09:09:14,009 INFO: particles=30 iter=15 n_caps=12 minZ=0.024930 runtime=123.74s placement={5: 2387, 0: 2638, 1: 487, 14: 3347}
2026-03-30 09:11:26,992 INFO: particles=30 iter=15 n_caps=13 minZ=0.024123 runtime=132.98s placement={0: 900, 1: 1625, 14: 2425}
2026-03-30 09:13:52,324 INFO: particles=30 iter=15 n_caps=14 minZ=0.022377 runtime=145.33s placement={0: 0, 1: 1462, 14: 120}
2026-03-30 09:16:24,110 INFO: particles=30 iter=15 n_caps=15 minZ=0.021166 runtime=151.79s placement={0: 0, 1: 1455, 13: 406, 2: 0}
2026-03-30 09:19:14,168 INFO: particles=30 iter=15 n_caps=16 minZ=0.021434 runtime=170.06s placement={0: 0, 13: 1455, 1: 406, 2: 714}
2026-03-30 09:22:08,295 INFO: particles=30 iter=15 n_caps=17 minZ=0.020734 runtime=174.13s placement={13: 2280, 0: 0, 1: 406, 2: 2547, 10: 0}
2026-03-30 09:25:20,007 INFO: particles=30 iter=15 n_caps=18 minZ=0.020001 runtime=191.71s placement={0: 2229, 1: 1455, 2: 0, 10: 0, 15: 0}
2026-03-30 09:28:39,405 INFO: particles=30 iter=15 n_caps=19 minZ=0.021344 runtime=199.40s placement={0: 0, 1: 1455, 2: 1170, 10: 0, 15: 0}
2026-03-30 09:32:01,412 INFO: particles=30 iter=15 n_caps=20 minZ=0.021825 runtime=202.01s placement={0: 0, 1: 1475, 2: 996, 10: 994, 16: 0, 17: 0}
