2026-03-24 18:17:06,456 INFO: particles=80 iter=50 n_caps=1 minZ=0.080251 runtime=163.37s placement={0: 1012}
2026-03-24 18:19:51,295 INFO: particles=80 iter=50 n_caps=2 minZ=0.065729 runtime=164.84s placement={0: 910, 15: 1485}
2026-03-24 18:22:39,471 INFO: particles=80 iter=50 n_caps=3 minZ=0.055123 runtime=168.18s placement={15: 1126, 0: 1485, 10: 585}
2026-03-24 18:25:41,707 INFO: particles=80 iter=50 n_caps=4 minZ=0.042835 runtime=182.24s placement={0: 1014, 10: 1723, 7: 524, 14: 1724}
2026-03-24 18:28:50,258 INFO: particles=80 iter=50 n_caps=5 minZ=0.047829 runtime=188.55s placement={9: 1014, 7: 1474, 14: 606, 0: 1719, 5: 615}
2026-03-24 18:32:01,225 INFO: particles=80 iter=50 n_caps=6 minZ=0.038147 runtime=190.97s placement={7: 426, 14: 1784, 0: 1012, 6: 1701, 10: 764, 9: 1510}
2026-03-24 18:35:10,265 INFO: particles=80 iter=50 n_caps=7 minZ=0.035678 runtime=189.04s placement={16: 1451, 0: 1014, 1: 1191, 2: 0}
2026-03-24 18:38:11,254 INFO: particles=80 iter=50 n_caps=8 minZ=0.027347 runtime=180.99s placement={0: 2747, 1: 0, 2: 1468}
2026-03-24 18:41:17,720 INFO: particles=80 iter=50 n_caps=9 minZ=0.028252 runtime=186.47s placement={0: 0, 1: 3}
2026-03-24 18:44:25,433 INFO: particles=80 iter=50 n_caps=10 minZ=0.024654 runtime=187.71s placement={0: 0, 1: 2, 6: 0}
2026-03-24 18:47:46,628 INFO: particles=80 iter=50 n_caps=11 minZ=0.023725 runtime=201.19s placement={0: 0, 1: 2, 6: 0, 7: 0}
2026-03-24 18:50:59,120 INFO: particles=80 iter=50 n_caps=12 minZ=0.023885 runtime=192.49s placement={0: 0, 1: 2, 6: 3184, 7: 0}
2026-03-24 18:54:19,415 INFO: particles=80 iter=50 n_caps=13 minZ=0.024237 runtime=200.29s placement={0: 75, 1: 2, 6: 965, 7: 3184}
2026-03-24 18:57:57,053 INFO: particles=80 iter=50 n_caps=14 minZ=0.022776 runtime=217.64s placement={0: 0, 1: 2, 5: 0, 6: 954, 15: 95}
2026-03-24 19:01:22,639 INFO: particles=80 iter=50 n_caps=15 minZ=0.020975 runtime=205.58s placement={0: 0, 1: 2, 5: 1512, 6: 0, 15: 0}
2026-03-24 19:04:56,705 INFO: particles=80 iter=50 n_caps=16 minZ=0.023901 runtime=214.07s placement={0: 0, 1: 2, 5: 1012, 6: 1512, 15: 0}
2026-03-24 19:08:24,406 INFO: particles=80 iter=50 n_caps=17 minZ=0.025258 runtime=207.70s placement={0: 0, 1: 0, 5: 1119, 6: 935, 14: 0, 2: 22}
2026-03-24 19:12:04,762 INFO: particles=80 iter=50 n_caps=18 minZ=0.023323 runtime=220.36s placement={16: 1542, 7: 1831, 5: 652, 0: 0, 1: 2222, 17: 466, 12: 13, 2: 15}
2026-03-24 19:16:10,598 INFO: particles=80 iter=50 n_caps=19 minZ=0.021870 runtime=245.84s placement={5: 1749, 1: 1686, 0: 2800, 6: 716, 18: 2497, 14: 974}
2026-03-24 19:19:48,219 INFO: particles=80 iter=50 n_caps=20 minZ=0.020889 runtime=217.62s placement={1: 3347, 0: 1045, 5: 1058, 18: 715, 14: 855}
