2026-04-01 20:00:31,370 INFO: particles=20 iter=10 n_caps=1 minZ=0.088670 runtime=10.02s placement={0: 1302}
2026-04-01 20:00:43,003 INFO: particles=20 iter=10 n_caps=2 minZ=0.072750 runtime=11.63s placement={0: 1317, 9: 1592}
2026-04-01 20:00:55,601 INFO: particles=20 iter=10 n_caps=3 minZ=0.068226 runtime=12.60s placement={10: 1325, 0: 1994, 9: 616}
2026-04-01 20:01:09,004 INFO: particles=20 iter=10 n_caps=4 minZ=0.060088 runtime=13.40s placement={0: 1418, 9: 1960, 15: 608, 10: 2233}
2026-04-01 20:01:23,395 INFO: particles=20 iter=10 n_caps=5 minZ=0.057757 runtime=14.39s placement={9: 1436, 15: 1933, 10: 555, 19: 2222, 0: 910}
2026-04-01 20:01:38,370 INFO: particles=20 iter=10 n_caps=6 minZ=0.058735 runtime=14.97s placement={20: 1123, 5: 685, 19: 713, 0: 2084, 14: 1625, 9: 949}
2026-04-01 20:01:53,851 INFO: particles=20 iter=10 n_caps=7 minZ=0.060662 runtime=15.48s placement={9: 1030, 11: 1189, 0: 677, 14: 2026, 12: 1709, 16: 906, 17: 743}
2026-04-01 20:02:09,552 INFO: particles=20 iter=10 n_caps=8 minZ=0.052416 runtime=15.70s placement={14: 1014, 0: 1105, 15: 508, 13: 1181, 16: 1699, 18: 1033, 7: 527, 8: 1593}
2026-04-01 20:02:26,709 INFO: particles=20 iter=10 n_caps=9 minZ=0.040506 runtime=17.16s placement={0: 1014, 15: 1105, 13: 508, 16: 1181, 18: 1699, 7: 1033, 8: 527, 9: 1593, 11: 2397}
2026-04-01 20:02:44,329 INFO: particles=20 iter=10 n_caps=10 minZ=0.039985 runtime=17.62s placement={9: 1919, 0: 585, 1: 18, 6: 1540, 20: 921, 10: 1716, 7: 1327}
2026-04-01 20:03:03,106 INFO: particles=20 iter=10 n_caps=11 minZ=0.037475 runtime=18.78s placement={0: 1409, 1: 526, 20: 1422, 12: 219, 7: 1704, 19: 552}
2026-04-01 20:03:22,013 INFO: particles=20 iter=10 n_caps=12 minZ=0.041516 runtime=18.91s placement={0: 1704, 1: 526, 20: 552, 12: 2468, 7: 219, 19: 1409, 14: 1422, 15: 0}
2026-04-01 20:03:41,754 INFO: particles=20 iter=10 n_caps=13 minZ=0.038686 runtime=19.74s placement={0: 3347, 1: 1365, 20: 0, 15: 269, 13: 2600, 7: 679, 8: 3347, 19: 0, 14: 388}
2026-04-01 20:04:01,715 INFO: particles=20 iter=10 n_caps=14 minZ=0.036825 runtime=19.96s placement={0: 1014, 1: 1551, 20: 557, 15: 536, 12: 981, 7: 2768, 9: 770, 19: 3347, 18: 0, 8: 3347}
2026-04-01 20:04:22,228 INFO: particles=20 iter=10 n_caps=15 minZ=0.036775 runtime=20.51s placement={1: 2555, 20: 1255, 0: 281, 14: 1347, 13: 494, 11: 1440, 9: 2859, 19: 1826, 12: 3347, 7: 331}
2026-04-01 20:04:43,749 INFO: particles=20 iter=10 n_caps=16 minZ=0.032478 runtime=21.52s placement={20: 2790, 0: 257, 1: 825, 12: 3347, 14: 1555, 9: 2037, 19: 2425, 6: 1425, 8: 579, 7: 2862}
2026-04-01 20:05:11,038 INFO: particles=20 iter=10 n_caps=17 minZ=0.028738 runtime=27.29s placement={0: 292, 1: 1667, 14: 841, 10: 3347, 5: 0, 20: 1651, 6: 2494, 11: 1777, 9: 2036, 19: 3347}
2026-04-01 20:05:39,955 INFO: particles=20 iter=10 n_caps=18 minZ=0.033128 runtime=28.92s placement={0: 0, 19: 1121, 8: 0, 1: 3347, 20: 786, 6: 382, 9: 873, 16: 1147, 10: 3347, 15: 0}
2026-04-01 20:06:09,975 INFO: particles=20 iter=10 n_caps=19 minZ=0.034765 runtime=30.02s placement={19: 3347, 8: 1117, 0: 0, 1: 3347, 20: 0, 6: 0, 9: 2119, 15: 2405, 10: 755, 17: 3347}
2026-04-01 20:06:41,448 INFO: particles=20 iter=10 n_caps=20 minZ=0.031276 runtime=31.47s placement={4: 3347, 20: 2051, 5: 0, 8: 1716, 0: 1349, 7: 0, 6: 348, 1: 2028, 19: 0, 3: 0, 14: 430, 9: 181, 10: 3228}
