2026-03-22 16:18:01,128 INFO: particles=20 iter=15 n_caps=1 minZ=0.095240 runtime=7.94s placement={15: 1012}
2026-03-22 16:18:09,251 INFO: particles=20 iter=15 n_caps=2 minZ=0.054884 runtime=8.12s placement={0: 1012, 5: 2485}
2026-03-22 16:18:17,580 INFO: particles=20 iter=15 n_caps=3 minZ=0.070353 runtime=8.33s placement={5: 1012, 0: 2485, 7: 30}
2026-03-22 16:18:26,115 INFO: particles=20 iter=15 n_caps=4 minZ=0.049393 runtime=8.53s placement={0: 1012, 7: 2485, 6: 30, 9: 905}
2026-03-22 16:18:34,925 INFO: particles=20 iter=15 n_caps=5 minZ=0.060452 runtime=8.81s placement={14: 967, 6: 1718, 10: 1148, 15: 893, 5: 306}
2026-03-22 16:18:44,206 INFO: particles=20 iter=15 n_caps=6 minZ=0.059834 runtime=9.28s placement={6: 967, 10: 1718, 15: 1148, 5: 893, 0: 306, 2: 2476}
2026-03-22 16:18:53,971 INFO: particles=20 iter=15 n_caps=7 minZ=0.050286 runtime=9.76s placement={10: 967, 15: 1718, 5: 1148, 0: 893, 2: 306, 20: 2476, 9: 1124}
2026-03-22 16:19:03,453 INFO: particles=20 iter=15 n_caps=8 minZ=0.049739 runtime=9.48s placement={15: 1772, 5: 1735, 0: 1127, 1: 1055, 20: 343, 9: 2576, 10: 1012, 12: 2006}
2026-03-22 16:19:13,127 INFO: particles=20 iter=15 n_caps=9 minZ=0.047080 runtime=9.67s placement={5: 1772, 0: 2485, 1: 1103, 18: 1060, 9: 300, 10: 2481, 12: 1052}
2026-03-22 16:19:23,123 INFO: particles=20 iter=15 n_caps=10 minZ=0.040394 runtime=10.00s placement={0: 2026, 1: 1514, 18: 1616, 9: 1044, 10: 795, 19: 2771, 11: 533, 3: 1485}
2026-03-22 16:19:33,960 INFO: particles=20 iter=15 n_caps=11 minZ=0.044907 runtime=10.84s placement={0: 1871, 18: 1514, 9: 1616, 10: 63, 19: 795, 1: 2771, 11: 2026, 3: 533, 5: 1485}
2026-03-22 16:19:44,447 INFO: particles=20 iter=15 n_caps=12 minZ=0.040485 runtime=10.49s placement={1: 1113, 9: 1964, 0: 1014, 14: 1975, 3: 0, 10: 2132, 16: 1233, 8: 1787, 7: 1789, 6: 2263}
2026-03-22 16:19:55,007 INFO: particles=20 iter=15 n_caps=13 minZ=0.033052 runtime=10.56s placement={13: 540, 0: 0, 15: 2876, 6: 2354, 1: 0, 16: 1173, 20: 1906, 7: 1755, 5: 2231}
2026-03-22 16:20:05,875 INFO: particles=20 iter=15 n_caps=14 minZ=0.031940 runtime=10.87s placement={0: 3347, 16: 1591, 3: 3094, 1: 2398, 18: 0, 20: 1247, 7: 1027, 6: 1372}
2026-03-22 16:20:16,806 INFO: particles=20 iter=15 n_caps=15 minZ=0.031234 runtime=10.93s placement={16: 542, 0: 1014, 1: 3347, 19: 2864, 20: 0, 8: 0, 6: 996, 18: 3347, 7: 0}
2026-03-22 16:20:28,092 INFO: particles=20 iter=15 n_caps=16 minZ=0.029892 runtime=11.29s placement={0: 1776, 1: 3347, 9: 3347, 20: 3021, 6: 0, 18: 0, 10: 3272, 17: 0}
2026-03-22 16:20:39,429 INFO: particles=20 iter=15 n_caps=17 minZ=0.028628 runtime=11.34s placement={0: 610, 8: 3347, 20: 3347, 1: 3270, 3: 639, 19: 3137, 7: 107, 18: 3347}
2026-03-22 16:20:50,945 INFO: particles=20 iter=15 n_caps=18 minZ=0.030734 runtime=11.52s placement={7: 272, 19: 3034, 0: 0, 1: 2353, 2: 1227, 20: 467, 6: 2245, 17: 316, 4: 2207}
2026-03-22 16:21:02,779 INFO: particles=20 iter=15 n_caps=19 minZ=0.024534 runtime=11.83s placement={19: 270, 0: 0, 1: 3347, 20: 1173, 5: 768, 16: 2016, 6: 0, 11: 1322}
2026-03-22 16:21:14,976 INFO: particles=20 iter=15 n_caps=20 minZ=0.023457 runtime=12.20s placement={0: 3223, 1: 2861, 20: 218, 5: 1173, 16: 768, 6: 2170, 11: 0}
