2026-03-09 00:25:00,741 INFO: n_caps=1 | iter=15 | minZ=0.040001 | placement={5: 260}
2026-03-09 00:25:00,742 INFO: init_n_caps=2 | seeded_previous_caps=1 | new_cap_random_init(cap=880,port=10)
2026-03-09 00:25:34,778 INFO: n_caps=2 | iter=15 | minZ=0.040006 | placement={20: 0, 16: 3129}
2026-03-09 00:25:34,778 INFO: init_n_caps=3 | seeded_previous_caps=2 | new_cap_random_init(cap=3347,port=13)
2026-03-09 00:26:09,499 INFO: n_caps=3 | iter=15 | minZ=0.040001 | placement={16: 1240, 5: 2661, 14: 2718}
2026-03-09 00:26:09,499 INFO: init_n_caps=4 | seeded_previous_caps=3 | new_cap_random_init(cap=2678,port=10)
2026-03-09 00:26:45,032 INFO: n_caps=4 | iter=15 | minZ=0.040000 | placement={10: 1776, 9: 279, 11: 2727, 16: 2789}
2026-03-09 00:26:45,032 INFO: init_n_caps=5 | seeded_previous_caps=4 | new_cap_random_init(cap=1683,port=10)
2026-03-09 00:27:23,849 INFO: n_caps=5 | iter=15 | minZ=0.040000 | placement={14: 882, 2: 2586, 5: 2039, 15: 2549, 4: 3347}
2026-03-09 00:27:23,850 INFO: init_n_caps=6 | seeded_previous_caps=5 | new_cap_random_init(cap=2464,port=13)
2026-03-09 00:28:11,554 INFO: n_caps=6 | iter=15 | minZ=0.040001 | placement={16: 1631, 2: 2741, 4: 1624, 5: 2320, 15: 543, 11: 174}
2026-03-09 00:28:11,555 INFO: init_n_caps=7 | seeded_previous_caps=6 | new_cap_random_init(cap=2719,port=6)
2026-03-09 00:28:59,042 INFO: n_caps=7 | iter=15 | minZ=0.040003 | placement={2: 1921, 4: 2473, 6: 1561, 14: 2444, 10: 2623, 12: 113, 19: 2775}
2026-03-09 00:28:59,043 INFO: init_n_caps=8 | seeded_previous_caps=7 | new_cap_random_init(cap=443,port=18)
2026-03-09 00:29:42,092 INFO: n_caps=8 | iter=15 | minZ=0.040000 | placement={8: 662, 18: 3221, 14: 2030, 13: 1454, 12: 1600, 9: 2153, 16: 561, 11: 3347}
2026-03-09 00:29:42,093 INFO: init_n_caps=9 | seeded_previous_caps=8 | new_cap_random_init(cap=1427,port=13)
2026-03-09 00:30:22,966 INFO: n_caps=9 | iter=15 | minZ=0.040003 | placement={8: 3347, 0: 1384, 12: 3347, 9: 0, 7: 0, 1: 0, 20: 1642, 4: 1930, 16: 2096}
2026-03-09 00:30:22,967 INFO: init_n_caps=10 | seeded_previous_caps=9 | new_cap_random_init(cap=1403,port=0)
2026-03-09 00:31:14,448 INFO: n_caps=10 | iter=15 | minZ=0.040000 | placement={0: 1976, 13: 1427, 17: 3347, 8: 0, 1: 0, 20: 0, 18: 1832, 16: 295}
2026-03-09 00:31:14,449 INFO: init_n_caps=11 | seeded_previous_caps=10 | new_cap_random_init(cap=0,port=8)
2026-03-09 00:32:10,775 INFO: n_caps=11 | iter=15 | minZ=0.040000 | placement={8: 894, 6: 2520, 7: 3182, 18: 512, 10: 2348, 16: 3113, 14: 1141, 0: 1990, 12: 2439, 19: 863, 5: 3347}
2026-03-09 00:32:10,775 INFO: init_n_caps=12 | seeded_previous_caps=11 | new_cap_random_init(cap=1471,port=18)
2026-03-09 00:33:07,133 INFO: n_caps=12 | iter=15 | minZ=0.040004 | placement={5: 0, 1: 3347, 20: 1602, 9: 751, 19: 1655, 0: 716, 18: 3347, 4: 842, 8: 3289}
2026-03-09 00:33:07,133 INFO: init_n_caps=13 | seeded_previous_caps=12 | new_cap_random_init(cap=938,port=16)
2026-03-09 00:34:07,340 INFO: n_caps=13 | iter=15 | minZ=0.040001 | placement={3: 0, 19: 3060, 6: 2793, 20: 1151, 0: 3215, 18: 1691, 4: 3347, 10: 1512, 1: 3259, 17: 1864, 11: 732}
2026-03-09 00:34:07,341 INFO: init_n_caps=14 | seeded_previous_caps=13 | new_cap_random_init(cap=517,port=3)
2026-03-09 00:35:02,599 INFO: n_caps=14 | iter=15 | minZ=0.040000 | placement={13: 40, 6: 3137, 20: 2744, 17: 0, 4: 1826, 19: 2972, 18: 1124, 15: 1135, 7: 3278, 0: 1157, 16: 3267, 10: 2181, 11: 1986, 9: 169}
2026-03-09 00:35:02,600 INFO: init_n_caps=15 | seeded_previous_caps=14 | new_cap_random_init(cap=2338,port=17)
2026-03-09 00:35:55,721 INFO: n_caps=15 | iter=15 | minZ=0.040000 | placement={13: 805, 9: 677, 19: 3093, 10: 265, 14: 2000, 20: 611, 8: 1891, 12: 2752, 6: 1644, 18: 848, 17: 22, 16: 1741, 5: 870}
2026-03-09 00:35:55,721 INFO: init_n_caps=16 | seeded_previous_caps=15 | new_cap_random_init(cap=2200,port=7)
2026-03-09 00:36:58,498 INFO: n_caps=16 | iter=15 | minZ=0.040001 | placement={11: 3347, 10: 2513, 16: 2556, 9: 268, 20: 571, 0: 2509, 7: 2782, 1: 3347, 18: 387, 6: 2446, 4: 1514, 12: 0}
2026-03-09 00:36:58,499 INFO: init_n_caps=17 | seeded_previous_caps=16 | new_cap_random_init(cap=1900,port=2)
2026-03-09 00:38:02,550 INFO: n_caps=17 | iter=15 | minZ=0.040000 | placement={6: 1652, 13: 2763, 12: 2721, 17: 1634, 0: 3347, 7: 2238, 8: 3347, 5: 2779, 3: 1766, 18: 2174, 1: 1140, 4: 3143, 10: 2555, 11: 1484, 9: 1653, 20: 2830}
2026-03-09 00:38:02,551 INFO: init_n_caps=18 | seeded_previous_caps=17 | new_cap_random_init(cap=1052,port=9)
2026-03-09 00:39:07,457 INFO: n_caps=18 | iter=15 | minZ=0.040000 | placement={15: 1684, 10: 2192, 11: 2338, 0: 1587, 5: 3347, 7: 1512, 2: 3347, 6: 2634, 17: 1980, 1: 1297, 3: 1068, 9: 2184, 8: 2886, 19: 2925, 14: 2996, 13: 838}
2026-03-09 00:39:07,458 INFO: init_n_caps=19 | seeded_previous_caps=18 | new_cap_random_init(cap=2622,port=10)
2026-03-09 00:39:11,491 INFO: n_caps=19 | iter=1 | minZ=0.034919 | placement={1: 2104, 19: 944, 13: 3298, 0: 1064, 9: 1314, 12: 1960, 11: 754, 15: 1315, 18: 3123, 17: 716, 14: 3046, 10: 1318, 8: 1074, 5: 2839}
