2026-04-02 00:08:55,591 INFO: particles=20 iter=25 n_caps=1 minZ=0.080251 runtime=32.33s placement={0: 1014}
2026-04-02 00:09:29,227 INFO: particles=20 iter=25 n_caps=2 minZ=0.073947 runtime=33.64s placement={9: 1014, 0: 143}
2026-04-02 00:10:03,401 INFO: particles=20 iter=25 n_caps=3 minZ=0.055342 runtime=34.17s placement={0: 1014, 10: 143, 15: 1601}
2026-04-02 00:10:38,149 INFO: particles=20 iter=25 n_caps=4 minZ=0.066523 runtime=34.75s placement={10: 1014, 15: 143, 9: 1601, 6: 0}
2026-04-02 00:11:12,926 INFO: particles=20 iter=25 n_caps=5 minZ=0.057857 runtime=34.78s placement={14: 1014, 9: 95, 5: 1583, 15: 0, 0: 1771}
2026-04-02 00:11:45,140 INFO: particles=20 iter=25 n_caps=6 minZ=0.056844 runtime=32.21s placement={9: 1014, 5: 95, 14: 1583, 0: 0, 15: 1771, 10: 2495}
2026-04-02 00:12:17,834 INFO: particles=20 iter=25 n_caps=7 minZ=0.049867 runtime=32.69s placement={5: 1014, 14: 95, 0: 1583, 15: 0, 10: 1771, 9: 2495, 16: 1567}
2026-04-02 00:12:49,727 INFO: particles=20 iter=25 n_caps=8 minZ=0.038347 runtime=31.89s placement={14: 1494, 0: 1012, 17: 1222, 10: 0, 9: 1663, 16: 1791, 1: 1572}
2026-04-02 00:13:20,656 INFO: particles=20 iter=25 n_caps=9 minZ=0.034168 runtime=30.93s placement={0: 2425, 17: 108, 14: 1247, 8: 0, 16: 1659, 1: 1786}
2026-04-02 00:13:53,477 INFO: particles=20 iter=25 n_caps=10 minZ=0.032739 runtime=32.82s placement={17: 1477, 14: 109, 9: 1248, 16: 0, 0: 91, 1: 1786}
2026-04-02 00:14:24,914 INFO: particles=20 iter=25 n_caps=11 minZ=0.029633 runtime=31.44s placement={14: 1846, 9: 96, 15: 1307, 0: 2974, 1: 1579}
2026-04-02 00:14:55,157 INFO: particles=20 iter=25 n_caps=12 minZ=0.028089 runtime=30.24s placement={9: 1846, 15: 96, 0: 96, 1: 0, 19: 2974, 20: 2363}
2026-04-02 00:15:26,842 INFO: particles=20 iter=25 n_caps=13 minZ=0.030189 runtime=31.68s placement={15: 1846, 0: 2425, 1: 1307, 19: 96, 20: 2974, 10: 2363, 14: 1638}
2026-04-02 00:15:58,393 INFO: particles=20 iter=25 n_caps=14 minZ=0.027615 runtime=31.55s placement={0: 2843, 1: 120, 19: 2463, 20: 16, 9: 2901, 13: 1592, 15: 1735}
2026-04-02 00:16:33,622 INFO: particles=20 iter=25 n_caps=15 minZ=0.030170 runtime=35.23s placement={0: 2887, 1: 0, 19: 1310, 20: 2770, 10: 0, 11: 2703, 13: 458, 5: 0}
2026-04-02 00:17:06,005 INFO: particles=20 iter=25 n_caps=16 minZ=0.029908 runtime=32.38s placement={0: 0, 1: 0, 19: 964, 20: 1310, 10: 2770, 11: 0, 13: 2703, 5: 2887, 6: 0}
2026-04-02 00:17:39,325 INFO: particles=20 iter=25 n_caps=17 minZ=0.030618 runtime=33.32s placement={0: 0, 1: 0, 19: 1706, 20: 964, 10: 1310, 11: 2770, 13: 0, 5: 2026, 6: 0, 15: 0}
2026-04-02 00:18:14,001 INFO: particles=20 iter=25 n_caps=18 minZ=0.031387 runtime=34.68s placement={0: 0, 1: 0, 19: 1372, 20: 1706, 10: 964, 11: 1310, 13: 2770, 5: 458, 6: 2887, 15: 0, 9: 0, 7: 0}
2026-04-02 00:18:48,095 INFO: particles=20 iter=25 n_caps=19 minZ=0.032565 runtime=34.09s placement={0: 2887, 1: 0, 19: 0, 20: 1372, 10: 1706, 11: 964, 13: 1310, 5: 2703, 6: 2026, 15: 0, 9: 0, 7: 0, 16: 0, 14: 0}
2026-04-02 00:19:23,187 INFO: particles=20 iter=25 n_caps=20 minZ=0.034104 runtime=35.09s placement={0: 0, 1: 0, 15: 945, 20: 593, 10: 0, 11: 2252, 9: 1288, 7: 685, 4: 261, 16: 2834, 5: 1258, 17: 0, 13: 0}
