2026-03-16 13:28:19,278 INFO: particles=20 iter=10 n_caps=1 minZ=0.104342 runtime=9.03s placement={0: 2274}
2026-03-16 13:28:28,597 INFO: particles=20 iter=10 n_caps=2 minZ=0.086784 runtime=9.32s placement={0: 2227, 10: 990}
2026-03-16 13:28:38,063 INFO: particles=20 iter=10 n_caps=3 minZ=0.068790 runtime=9.47s placement={7: 2092, 0: 989, 6: 0}
2026-03-16 13:28:47,779 INFO: particles=20 iter=10 n_caps=4 minZ=0.064811 runtime=9.72s placement={0: 2025, 5: 1003, 9: 121, 10: 1641}
2026-03-16 13:28:57,811 INFO: particles=20 iter=10 n_caps=5 minZ=0.056483 runtime=10.03s placement={6: 1079, 15: 1456, 14: 677, 0: 1837, 5: 358}
2026-03-16 13:29:07,916 INFO: particles=20 iter=10 n_caps=6 minZ=0.050085 runtime=10.10s placement={15: 1079, 14: 1456, 0: 677, 5: 1837, 10: 358, 9: 1103}
2026-03-16 13:29:18,256 INFO: particles=20 iter=10 n_caps=7 minZ=0.047923 runtime=10.34s placement={14: 2170, 0: 1797, 1: 772, 10: 1537, 16: 285}
2026-03-16 13:29:28,460 INFO: particles=20 iter=10 n_caps=8 minZ=0.043285 runtime=10.20s placement={0: 2369, 1: 1766, 10: 772, 16: 1537}
2026-03-16 13:29:38,996 INFO: particles=20 iter=10 n_caps=9 minZ=0.040297 runtime=10.54s placement={0: 0, 10: 1766, 16: 886, 1: 1373}
2026-03-16 13:29:49,789 INFO: particles=20 iter=10 n_caps=10 minZ=0.038651 runtime=10.79s placement={10: 2200, 16: 1766, 0: 0, 1: 1373, 6: 0}
2026-03-16 13:30:00,746 INFO: particles=20 iter=10 n_caps=11 minZ=0.033518 runtime=10.96s placement={16: 2194, 0: 1411, 1: 275, 6: 3220}
2026-03-16 13:30:11,692 INFO: particles=20 iter=10 n_caps=12 minZ=0.034423 runtime=10.95s placement={0: 0, 1: 755, 6: 965, 4: 0, 11: 1385, 10: 2681}
2026-03-16 13:30:22,422 INFO: particles=20 iter=10 n_caps=13 minZ=0.033179 runtime=10.73s placement={0: 7, 1: 755, 6: 1348, 4: 0, 11: 0, 10: 1385, 9: 2681}
2026-03-16 13:30:33,257 INFO: particles=20 iter=10 n_caps=14 minZ=0.031098 runtime=10.83s placement={0: 131, 1: 755, 6: 443, 4: 3151, 11: 0, 10: 0, 9: 1385, 15: 7}
2026-03-16 13:30:44,346 INFO: particles=20 iter=10 n_caps=15 minZ=0.033675 runtime=11.09s placement={0: 0, 1: 952, 11: 0, 7: 215, 5: 616, 6: 3200, 10: 0, 12: 0, 16: 2690}
2026-03-16 13:30:55,785 INFO: particles=20 iter=10 n_caps=16 minZ=0.037485 runtime=11.44s placement={0: 110, 11: 952, 7: 0, 1: 215, 5: 1445, 6: 616, 10: 3200, 12: 0, 16: 1226, 9: 0, 15: 0}
2026-03-16 13:31:07,261 INFO: particles=20 iter=10 n_caps=17 minZ=0.039031 runtime=11.48s placement={8: 2299, 7: 1127, 12: 680, 1: 0, 6: 752, 15: 9, 14: 971, 13: 3292, 16: 788, 10: 0, 0: 1012, 2: 2470, 11: 321, 5: 1415, 9: 1217, 4: 0}
2026-03-16 13:31:19,016 INFO: particles=20 iter=10 n_caps=18 minZ=0.036272 runtime=11.75s placement={7: 3312, 0: 678, 1: 1901, 13: 3249, 9: 0, 20: 2127, 17: 0, 10: 3200, 8: 3235, 18: 533, 11: 0, 14: 1709}
2026-03-16 13:31:30,713 INFO: particles=20 iter=10 n_caps=19 minZ=0.037847 runtime=11.70s placement={0: 1160, 1: 1576, 13: 926, 9: 899, 20: 0, 16: 2098, 10: 0, 8: 3331, 18: 3347, 7: 271, 11: 668, 14: 0, 19: 1780}
2026-03-16 13:31:42,564 INFO: particles=20 iter=10 n_caps=20 minZ=0.036762 runtime=11.85s placement={0: 1258, 1: 1118, 13: 3347, 8: 3263, 20: 356, 16: 0, 11: 2169, 14: 0, 18: 3333, 9: 3347, 10: 3215, 12: 1082, 19: 0, 2: 0}
