2026-03-26 14:55:23,226 INFO: particles=50 iter=10 n_caps=1 minZ=0.093198 runtime=14.86s placement={14: 1014}
2026-03-26 14:55:38,343 INFO: particles=50 iter=10 n_caps=2 minZ=0.054524 runtime=15.12s placement={0: 1014, 9: 2421}
2026-03-26 14:55:53,693 INFO: particles=50 iter=10 n_caps=3 minZ=0.065534 runtime=15.35s placement={9: 1881, 10: 2346, 0: 981}
2026-03-26 14:56:09,420 INFO: particles=50 iter=10 n_caps=4 minZ=0.062785 runtime=15.73s placement={10: 2094, 0: 1303, 7: 1100, 15: 1425}
2026-03-26 14:56:25,466 INFO: particles=50 iter=10 n_caps=5 minZ=0.048093 runtime=16.05s placement={0: 1014, 5: 798, 1: 0, 6: 1674}
2026-03-26 14:56:41,919 INFO: particles=50 iter=10 n_caps=6 minZ=0.053784 runtime=16.45s placement={0: 1241, 1: 0, 14: 1753, 15: 413}
2026-03-26 14:56:58,581 INFO: particles=50 iter=10 n_caps=7 minZ=0.047135 runtime=16.66s placement={0: 875, 1: 26, 5: 584, 15: 1303, 14: 1684, 4: 438}
2026-03-26 14:57:15,511 INFO: particles=50 iter=10 n_caps=8 minZ=0.047202 runtime=16.93s placement={0: 766, 1: 47, 15: 604, 14: 1917, 7: 1798, 6: 631, 10: 0}
2026-03-26 14:57:32,875 INFO: particles=50 iter=10 n_caps=9 minZ=0.045539 runtime=17.36s placement={9: 855, 18: 2683, 6: 1911, 20: 1813, 14: 2358, 0: 1014, 19: 644, 8: 989}
2026-03-26 14:57:50,448 INFO: particles=50 iter=10 n_caps=10 minZ=0.051691 runtime=17.57s placement={16: 438, 9: 2431, 17: 2328, 6: 586, 0: 1416, 8: 2464, 14: 1132, 7: 106, 13: 2361, 15: 0}
2026-03-26 14:58:08,183 INFO: particles=50 iter=10 n_caps=11 minZ=0.044460 runtime=17.73s placement={14: 2952, 4: 2066, 8: 2160, 0: 1012, 15: 2076, 18: 1305, 9: 1660, 16: 116, 5: 0, 11: 2886}
2026-03-26 14:58:26,516 INFO: particles=50 iter=10 n_caps=12 minZ=0.038613 runtime=18.33s placement={0: 411, 18: 685, 1: 2513, 11: 2202, 7: 3347, 20: 311, 15: 0}
2026-03-26 14:58:45,061 INFO: particles=50 iter=10 n_caps=13 minZ=0.034578 runtime=18.54s placement={18: 767, 0: 695, 1: 1925, 11: 655, 10: 1657, 17: 367, 20: 408}
2026-03-26 14:59:03,775 INFO: particles=50 iter=10 n_caps=14 minZ=0.029089 runtime=18.71s placement={0: 2934, 1: 866, 3: 1863, 9: 2573, 16: 2596, 20: 334}
2026-03-26 14:59:22,764 INFO: particles=50 iter=10 n_caps=15 minZ=0.031076 runtime=18.99s placement={0: 3008, 3: 1868, 1: 1839, 10: 1185, 16: 401, 20: 934, 4: 0}
2026-03-26 14:59:42,175 INFO: particles=50 iter=10 n_caps=16 minZ=0.032253 runtime=19.41s placement={0: 0, 1: 1691, 8: 1645, 18: 1167, 20: 2346, 4: 2924, 3: 17}
2026-03-26 15:00:01,639 INFO: particles=50 iter=10 n_caps=17 minZ=0.031259 runtime=19.46s placement={0: 0, 8: 1691, 1: 1645, 18: 1997, 20: 375, 4: 274, 3: 2924}
2026-03-26 15:00:21,513 INFO: particles=50 iter=10 n_caps=18 minZ=0.025487 runtime=19.87s placement={10: 1257, 0: 0, 1: 1732, 15: 1941, 20: 1046, 2: 0, 12: 243, 7: 0, 8: 0}
2026-03-26 15:00:41,554 INFO: particles=50 iter=10 n_caps=19 minZ=0.025186 runtime=20.04s placement={0: 1698, 1: 888, 15: 1732, 20: 1995, 2: 95, 12: 0, 7: 0, 8: 0}
2026-03-26 15:01:01,986 INFO: particles=50 iter=10 n_caps=20 minZ=0.028029 runtime=20.43s placement={0: 0, 15: 888, 1: 1732, 20: 1941, 2: 344, 12: 95, 7: 12, 8: 0, 9: 1698}
