2026-03-26 08:19:59,301 INFO: particles=30 iter=40 n_caps=1 minZ=0.085029 runtime=27.69s placement={0: 1316}
2026-03-26 08:20:27,829 INFO: particles=30 iter=40 n_caps=2 minZ=0.054132 runtime=28.53s placement={0: 1014, 16: 1356}
2026-03-26 08:20:56,998 INFO: particles=30 iter=40 n_caps=3 minZ=0.062454 runtime=29.17s placement={16: 1012, 0: 1296, 7: 0}
2026-03-26 08:21:26,718 INFO: particles=30 iter=40 n_caps=4 minZ=0.046965 runtime=29.72s placement={0: 1012, 7: 1261, 15: 0, 9: 2541}
2026-03-26 08:21:57,432 INFO: particles=30 iter=40 n_caps=5 minZ=0.046693 runtime=30.71s placement={0: 1014, 14: 2172, 5: 303, 18: 2882, 7: 986}
2026-03-26 08:22:28,998 INFO: particles=30 iter=40 n_caps=6 minZ=0.045177 runtime=31.57s placement={15: 1182, 0: 1296, 6: 433, 9: 1692, 10: 1061, 14: 456}
2026-03-26 08:23:01,235 INFO: particles=30 iter=40 n_caps=7 minZ=0.040065 runtime=32.24s placement={0: 1012, 6: 928, 8: 0, 10: 2027, 14: 1195, 9: 965, 11: 2287}
2026-03-26 08:23:34,225 INFO: particles=30 iter=40 n_caps=8 minZ=0.046411 runtime=32.99s placement={0: 1169, 9: 898, 2: 0, 7: 1291, 6: 864, 5: 762, 16: 1083, 10: 1143}
2026-03-26 08:24:12,672 INFO: particles=30 iter=40 n_caps=9 minZ=0.040908 runtime=38.45s placement={15: 3015, 0: 1014, 16: 500, 4: 181, 10: 1150, 20: 1155, 6: 736, 8: 1277, 1: 0}
2026-03-26 08:24:47,102 INFO: particles=30 iter=40 n_caps=10 minZ=0.038974 runtime=34.43s placement={0: 1012, 19: 1366, 1: 2135, 10: 1776, 14: 950, 5: 996, 6: 3347, 8: 1762}
2026-03-26 08:25:22,351 INFO: particles=30 iter=40 n_caps=11 minZ=0.037526 runtime=35.25s placement={7: 1131, 0: 3272, 19: 1957, 17: 1584, 1: 1521, 10: 3347, 20: 0}
2026-03-26 08:25:58,160 INFO: particles=30 iter=40 n_caps=12 minZ=0.031688 runtime=35.81s placement={0: 1012, 20: 0, 16: 1639, 1: 1569, 10: 3279, 19: 3347}
2026-03-26 08:26:34,968 INFO: particles=30 iter=40 n_caps=13 minZ=0.031501 runtime=36.81s placement={19: 2874, 9: 2389, 20: 3347, 0: 843, 1: 3344, 17: 3347, 5: 0, 16: 437}
2026-03-26 08:27:12,201 INFO: particles=30 iter=40 n_caps=14 minZ=0.026347 runtime=37.23s placement={9: 2851, 20: 2443, 0: 3207, 1: 1548, 19: 653, 17: 3347, 5: 1374, 16: 0}
2026-03-26 08:27:50,225 INFO: particles=30 iter=40 n_caps=15 minZ=0.032714 runtime=38.02s placement={20: 3148, 0: 671, 1: 1483, 19: 1029, 17: 642, 7: 914, 16: 1374}
2026-03-26 08:28:28,920 INFO: particles=30 iter=40 n_caps=16 minZ=0.026168 runtime=38.69s placement={0: 667, 1: 2220, 20: 3347, 17: 1661, 9: 3347, 16: 592, 8: 3347}
2026-03-26 08:29:08,202 INFO: particles=30 iter=40 n_caps=17 minZ=0.024070 runtime=39.28s placement={0: 0, 1: 2201, 20: 1720, 17: 3347, 9: 3347, 16: 3347, 10: 701}
2026-03-26 08:29:49,645 INFO: particles=30 iter=40 n_caps=18 minZ=0.027580 runtime=41.44s placement={0: 0, 1: 2201, 20: 341, 17: 1720, 9: 685, 16: 3347, 10: 3244, 15: 7}
2026-03-26 08:30:30,397 INFO: particles=30 iter=40 n_caps=19 minZ=0.028713 runtime=40.75s placement={0: 0, 20: 2185, 16: 620, 1: 1662, 7: 2037, 17: 655, 15: 0}
2026-03-26 08:31:11,770 INFO: particles=30 iter=40 n_caps=20 minZ=0.026393 runtime=41.37s placement={20: 3347, 16: 2176, 0: 0, 1: 1883, 8: 3347, 17: 2075, 14: 3347}
