2026-04-01 20:02:31,560 INFO: particles=20 iter=10 n_caps=1 minZ=0.117063 runtime=9.28s placement={10: 1281}
2026-04-01 20:02:40,643 INFO: particles=20 iter=10 n_caps=2 minZ=0.065734 runtime=9.08s placement={0: 911, 9: 1632}
2026-04-01 20:02:49,468 INFO: particles=20 iter=10 n_caps=3 minZ=0.069976 runtime=8.82s placement={9: 911, 0: 1632, 7: 11}
2026-04-01 20:02:58,806 INFO: particles=20 iter=10 n_caps=4 minZ=0.058192 runtime=9.34s placement={0: 911, 7: 1632, 6: 11, 9: 1553}
2026-04-01 20:03:08,361 INFO: particles=20 iter=10 n_caps=5 minZ=0.062171 runtime=9.55s placement={5: 1246, 7: 977, 15: 850, 10: 527, 6: 0}
2026-04-01 20:03:17,791 INFO: particles=20 iter=10 n_caps=6 minZ=0.054281 runtime=9.43s placement={7: 1246, 15: 977, 10: 850, 5: 527, 6: 0, 0: 988}
2026-04-01 20:03:28,440 INFO: particles=20 iter=10 n_caps=7 minZ=0.055152 runtime=10.65s placement={15: 1246, 10: 977, 5: 850, 6: 527, 0: 0, 14: 988, 20: 1229}
2026-04-01 20:03:39,145 INFO: particles=20 iter=10 n_caps=8 minZ=0.053816 runtime=10.70s placement={10: 1246, 5: 977, 6: 850, 0: 527, 14: 0, 20: 988, 9: 1229, 2: 2572}
2026-04-01 20:03:48,979 INFO: particles=20 iter=10 n_caps=9 minZ=0.044991 runtime=9.83s placement={5: 1050, 6: 981, 0: 1170, 14: 509, 20: 0, 9: 862, 3: 1349, 15: 2582, 10: 1772}
2026-04-01 20:03:59,040 INFO: particles=20 iter=10 n_caps=10 minZ=0.040166 runtime=10.06s placement={9: 1260, 0: 1014, 16: 1113, 20: 0, 10: 0, 1: 945, 15: 1276, 8: 2625, 6: 1497, 13: 918}
2026-04-01 20:04:09,597 INFO: particles=20 iter=10 n_caps=11 minZ=0.043221 runtime=10.56s placement={0: 1550, 15: 1012, 20: 1111, 9: 136, 1: 0, 16: 809, 10: 1403, 4: 2726, 14: 1388, 5: 376}
2026-04-01 20:04:19,614 INFO: particles=20 iter=10 n_caps=12 minZ=0.046164 runtime=10.02s placement={20: 1290, 12: 860, 7: 1507, 0: 1522, 19: 0, 9: 798, 13: 1414, 14: 2576, 1: 1029}
2026-04-01 20:04:30,142 INFO: particles=20 iter=10 n_caps=13 minZ=0.040950 runtime=10.53s placement={9: 1676, 6: 815, 7: 1398, 20: 0, 10: 0, 17: 1352, 15: 1252, 0: 1465, 1: 1756, 5: 1635, 18: 3272}
2026-04-01 20:04:40,758 INFO: particles=20 iter=10 n_caps=14 minZ=0.039061 runtime=10.62s placement={6: 1676, 7: 815, 20: 1398, 10: 0, 17: 0, 15: 1352, 0: 3272, 1: 2471, 5: 524, 18: 1465, 9: 1644}
2026-04-01 20:04:51,982 INFO: particles=20 iter=10 n_caps=15 minZ=0.035051 runtime=11.22s placement={6: 1676, 20: 815, 10: 1398, 17: 0, 15: 0, 0: 1644, 1: 1252, 7: 1756, 18: 1635, 9: 3272, 5: 1145}
2026-04-01 20:05:03,702 INFO: particles=20 iter=10 n_caps=16 minZ=0.034610 runtime=11.72s placement={19: 858, 10: 728, 14: 1363, 16: 0, 0: 1029, 1: 1246, 3: 2931, 9: 1895, 6: 1688, 2: 1093}
2026-04-01 20:05:15,452 INFO: particles=20 iter=10 n_caps=17 minZ=0.028796 runtime=11.75s placement={20: 0, 19: 623, 18: 1470, 0: 3347, 1: 25, 9: 926, 7: 2924}
2026-04-01 20:05:28,640 INFO: particles=20 iter=10 n_caps=18 minZ=0.029449 runtime=13.19s placement={20: 0, 18: 623, 0: 3347, 1: 0, 9: 433, 7: 2557, 10: 3347}
2026-04-01 20:05:42,000 INFO: particles=20 iter=10 n_caps=19 minZ=0.027831 runtime=13.36s placement={18: 0, 0: 3347, 1: 1470, 9: 1551, 7: 926, 10: 3347, 15: 3347}
2026-04-01 20:05:55,553 INFO: particles=20 iter=10 n_caps=20 minZ=0.027720 runtime=13.55s placement={0: 3088, 1: 256, 8: 3347, 7: 250, 14: 3347}
