2026-03-26 01:12:49,431 INFO: particles=30 iter=10 n_caps=1 minZ=0.141545 runtime=6.97s placement={16: 2515}
2026-03-26 01:12:56,533 INFO: particles=30 iter=10 n_caps=2 minZ=0.083579 runtime=7.10s placement={0: 2303, 15: 2533}
2026-03-26 01:13:03,854 INFO: particles=30 iter=10 n_caps=3 minZ=0.069276 runtime=7.32s placement={5: 2124, 6: 913, 0: 1690}
2026-03-26 01:13:11,393 INFO: particles=30 iter=10 n_caps=4 minZ=0.059357 runtime=7.54s placement={5: 2124, 0: 913, 9: 1690, 15: 966}
2026-03-26 01:13:19,097 INFO: particles=30 iter=10 n_caps=5 minZ=0.052871 runtime=7.70s placement={0: 2124, 9: 915, 14: 1514, 10: 1044, 16: 898}
2026-03-26 01:13:26,958 INFO: particles=30 iter=10 n_caps=6 minZ=0.051761 runtime=7.86s placement={9: 2124, 14: 915, 10: 1514, 16: 1044, 0: 898, 7: 0}
2026-03-26 01:13:34,993 INFO: particles=30 iter=10 n_caps=7 minZ=0.039948 runtime=8.03s placement={14: 2132, 9: 769, 16: 1490, 0: 1012, 10: 898, 5: 0, 2: 1575}
2026-03-26 01:13:43,204 INFO: particles=30 iter=10 n_caps=8 minZ=0.051273 runtime=8.21s placement={9: 2132, 16: 769, 0: 1490, 10: 1012, 5: 898, 2: 0, 14: 1575, 13: 2378}
2026-03-26 01:13:51,633 INFO: particles=30 iter=10 n_caps=9 minZ=0.053851 runtime=8.43s placement={14: 2604, 0: 342, 8: 2093, 5: 1182, 15: 1663, 16: 0, 9: 1035, 13: 2234}
2026-03-26 01:14:00,280 INFO: particles=30 iter=10 n_caps=10 minZ=0.041499 runtime=8.65s placement={7: 985, 10: 775, 1: 1715, 0: 1819, 15: 303, 16: 0, 11: 1194, 14: 1180}
2026-03-26 01:14:09,061 INFO: particles=30 iter=10 n_caps=11 minZ=0.036174 runtime=8.78s placement={9: 1311, 0: 1432, 1: 1404, 15: 1601, 13: 0, 10: 0, 14: 1515}
2026-03-26 01:14:18,079 INFO: particles=30 iter=10 n_caps=12 minZ=0.031512 runtime=9.02s placement={0: 2098, 1: 0, 15: 1057, 13: 1853, 14: 0, 2: 1447}
2026-03-26 01:14:27,215 INFO: particles=30 iter=10 n_caps=13 minZ=0.031192 runtime=9.14s placement={0: 0, 15: 0, 13: 1057, 14: 0, 1: 0, 2: 2186}
2026-03-26 01:14:36,551 INFO: particles=30 iter=10 n_caps=14 minZ=0.033644 runtime=9.34s placement={16: 603, 10: 343, 4: 581, 17: 2165, 11: 0, 1: 0, 0: 1958, 5: 1124, 2: 2251, 12: 0, 7: 0}
2026-03-26 01:14:46,030 INFO: particles=30 iter=10 n_caps=15 minZ=0.033752 runtime=9.48s placement={10: 603, 4: 343, 16: 581, 11: 2165, 1: 0, 0: 2693, 5: 783, 2: 1124, 12: 1958, 7: 0}
2026-03-26 01:14:55,768 INFO: particles=30 iter=10 n_caps=16 minZ=0.029025 runtime=9.74s placement={0: 1889, 20: 0, 1: 1375, 2: 618, 16: 2403}
2026-03-26 01:15:05,561 INFO: particles=30 iter=10 n_caps=17 minZ=0.028049 runtime=9.79s placement={20: 1453, 0: 1051, 1: 0, 2: 0, 16: 2183, 6: 1937}
2026-03-26 01:15:15,556 INFO: particles=30 iter=10 n_caps=18 minZ=0.026152 runtime=9.99s placement={0: 0, 1: 0, 16: 1275, 6: 1107, 2: 2119, 20: 3347}
2026-03-26 01:15:25,667 INFO: particles=30 iter=10 n_caps=19 minZ=0.024942 runtime=10.11s placement={0: 0, 1: 0, 16: 923, 6: 0, 20: 0}
2026-03-26 01:15:35,955 INFO: particles=30 iter=10 n_caps=20 minZ=0.024634 runtime=10.29s placement={0: 0, 1: 0, 17: 1247, 8: 0, 20: 703, 7: 0}
