2026-03-25 17:28:14,108 INFO: particles=20 iter=25 n_caps=1 minZ=0.085029 runtime=11.56s placement={0: 1316}
2026-03-25 17:28:25,992 INFO: particles=20 iter=25 n_caps=2 minZ=0.075311 runtime=11.88s placement={16: 1477, 0: 1568}
2026-03-25 17:28:38,241 INFO: particles=20 iter=25 n_caps=3 minZ=0.053704 runtime=12.25s placement={0: 1014, 10: 1631, 3: 2435}
2026-03-25 17:28:50,823 INFO: particles=20 iter=25 n_caps=4 minZ=0.051917 runtime=12.58s placement={2: 1316, 0: 1012, 5: 2407, 14: 1485}
2026-03-25 17:29:03,725 INFO: particles=20 iter=25 n_caps=5 minZ=0.052914 runtime=12.90s placement={0: 1296, 5: 971, 14: 2416, 9: 1496, 6: 509}
2026-03-25 17:29:17,624 INFO: particles=20 iter=25 n_caps=6 minZ=0.054937 runtime=13.90s placement={5: 1012, 15: 971, 9: 2134, 7: 297, 6: 586, 0: 0}
2026-03-25 17:29:31,088 INFO: particles=20 iter=25 n_caps=7 minZ=0.048093 runtime=13.46s placement={15: 1012, 9: 971, 7: 2134, 6: 297, 0: 586, 5: 0, 10: 884}
2026-03-25 17:29:44,873 INFO: particles=20 iter=25 n_caps=8 minZ=0.048616 runtime=13.78s placement={9: 1012, 7: 971, 6: 2134, 0: 297, 5: 586, 10: 0, 15: 884, 1: 2574}
2026-03-25 17:29:59,061 INFO: particles=20 iter=25 n_caps=9 minZ=0.034378 runtime=14.19s placement={0: 1604, 1: 1224, 8: 160, 10: 599, 15: 0}
2026-03-25 17:30:13,433 INFO: particles=20 iter=25 n_caps=10 minZ=0.036864 runtime=14.37s placement={0: 0, 1: 1224, 8: 1688, 10: 160, 15: 599}
2026-03-25 17:30:28,175 INFO: particles=20 iter=25 n_caps=11 minZ=0.032785 runtime=14.74s placement={0: 0, 9: 1184, 20: 1540, 19: 4, 1: 503}
2026-03-25 17:30:43,132 INFO: particles=20 iter=25 n_caps=12 minZ=0.033500 runtime=14.96s placement={17: 1893, 19: 1253, 20: 1357, 0: 150, 1: 461}
2026-03-25 17:30:58,441 INFO: particles=20 iter=25 n_caps=13 minZ=0.029563 runtime=15.31s placement={19: 1893, 20: 1256, 0: 2972, 1: 1030, 11: 138}
2026-03-25 17:31:14,047 INFO: particles=20 iter=25 n_caps=14 minZ=0.029115 runtime=15.61s placement={19: 1893, 0: 3332, 1: 1305, 11: 1378, 9: 2972}
2026-03-25 17:31:29,851 INFO: particles=20 iter=25 n_caps=15 minZ=0.027040 runtime=15.80s placement={0: 3319, 1: 1256, 11: 1653, 9: 138}
2026-03-25 17:31:45,955 INFO: particles=20 iter=25 n_caps=16 minZ=0.026959 runtime=16.10s placement={0: 0, 1: 1256, 11: 104, 9: 1378, 20: 3319}
2026-03-25 17:32:02,522 INFO: particles=20 iter=25 n_caps=17 minZ=0.026944 runtime=16.57s placement={0: 0, 1: 1226, 11: 872, 9: 1705, 20: 3331, 6: 0}
2026-03-25 17:32:19,217 INFO: particles=20 iter=25 n_caps=18 minZ=0.024384 runtime=16.70s placement={0: 0, 1: 1229, 11: 1227, 9: 97, 20: 2973, 6: 0, 15: 0}
2026-03-25 17:32:36,160 INFO: particles=20 iter=25 n_caps=19 minZ=0.026192 runtime=16.94s placement={0: 0, 1: 1229, 11: 0, 9: 872, 20: 174, 6: 3327, 15: 0, 10: 0}
2026-03-25 17:32:53,444 INFO: particles=20 iter=25 n_caps=20 minZ=0.026015 runtime=17.28s placement={0: 0, 1: 1239, 13: 506, 10: 1081, 20: 738, 6: 3346, 15: 3342, 9: 0, 11: 48}
