2026-03-26 20:49:24,830 INFO: particles=50 iter=25 n_caps=1 minZ=0.087365 runtime=28.76s placement={9: 1012}
2026-03-26 20:49:54,372 INFO: particles=50 iter=25 n_caps=2 minZ=0.052108 runtime=29.54s placement={0: 1012, 9: 1695}
2026-03-26 20:50:24,980 INFO: particles=50 iter=25 n_caps=3 minZ=0.061766 runtime=30.61s placement={9: 1012, 0: 1695, 7: 0}
2026-03-26 20:50:56,160 INFO: particles=50 iter=25 n_caps=4 minZ=0.047418 runtime=31.18s placement={0: 1012, 7: 1695, 15: 0, 9: 1511}
2026-03-26 20:51:28,305 INFO: particles=50 iter=25 n_caps=5 minZ=0.039787 runtime=32.14s placement={7: 899, 15: 1658, 9: 1868, 14: 1397, 0: 1014}
2026-03-26 20:52:01,096 INFO: particles=50 iter=25 n_caps=6 minZ=0.048058 runtime=32.79s placement={15: 899, 9: 1658, 14: 1868, 0: 1397, 10: 1014, 5: 1328}
2026-03-26 20:52:34,673 INFO: particles=50 iter=25 n_caps=7 minZ=0.047813 runtime=33.58s placement={9: 899, 14: 1658, 0: 1868, 10: 1397, 5: 1014, 6: 1328, 2: 2605}
2026-03-26 20:53:08,959 INFO: particles=50 iter=25 n_caps=8 minZ=0.038729 runtime=34.29s placement={15: 902, 0: 1014, 8: 1721, 1: 1182, 10: 1047, 19: 2608, 7: 1507}
2026-03-26 20:53:48,440 INFO: particles=50 iter=25 n_caps=9 minZ=0.036474 runtime=39.48s placement={0: 2005, 1: 1376, 15: 1124, 19: 1860, 10: 1570, 20: 2967}
2026-03-26 20:54:32,566 INFO: particles=50 iter=25 n_caps=10 minZ=0.033289 runtime=44.13s placement={0: 0, 1: 1324, 15: 1874, 19: 1101, 10: 1873, 20: 1992}
2026-03-26 20:55:17,436 INFO: particles=50 iter=25 n_caps=11 minZ=0.033912 runtime=44.87s placement={0: 38, 1: 1419, 15: 712, 19: 1827, 9: 1113, 20: 1577}
2026-03-26 20:56:03,184 INFO: particles=50 iter=25 n_caps=12 minZ=0.033197 runtime=45.75s placement={0: 0, 15: 1247, 20: 611, 16: 1645, 1: 900, 19: 1349}
2026-03-26 20:56:49,804 INFO: particles=50 iter=25 n_caps=13 minZ=0.028386 runtime=46.62s placement={15: 929, 20: 1627, 17: 697, 0: 613, 19: 121, 1: 2980, 6: 0}
2026-03-26 20:57:36,956 INFO: particles=50 iter=25 n_caps=14 minZ=0.028749 runtime=47.15s placement={20: 929, 17: 1627, 0: 2537, 19: 1133, 1: 121, 6: 894}
2026-03-26 20:58:24,625 INFO: particles=50 iter=25 n_caps=15 minZ=0.024106 runtime=47.67s placement={17: 929, 0: 3347, 20: 660, 1: 1146, 6: 0}
2026-03-26 20:59:13,180 INFO: particles=50 iter=25 n_caps=16 minZ=0.022373 runtime=48.55s placement={0: 2949, 20: 1611, 1: 660, 6: 2687}
2026-03-26 21:00:02,352 INFO: particles=50 iter=25 n_caps=17 minZ=0.025618 runtime=49.17s placement={20: 938, 0: 0, 1: 654, 6: 1014}
2026-03-26 21:00:52,183 INFO: particles=50 iter=25 n_caps=18 minZ=0.023355 runtime=49.83s placement={0: 3347, 1: 1434, 6: 501, 9: 0}
2026-03-26 21:01:41,756 INFO: particles=50 iter=25 n_caps=19 minZ=0.023286 runtime=49.57s placement={0: 0, 1: 1434, 6: 2916, 9: 2772}
2026-03-26 21:02:32,994 INFO: particles=50 iter=25 n_caps=20 minZ=0.022589 runtime=51.24s placement={0: 0, 1: 1434, 6: 163, 9: 3347}
