2026-03-22 21:48:28,156 INFO: particles=20 iter=40 n_caps=1 minZ=0.089207 runtime=21.14s placement={0: 1488}
2026-03-22 21:48:49,895 INFO: particles=20 iter=40 n_caps=2 minZ=0.073054 runtime=21.74s placement={7: 766, 0: 2590}
2026-03-22 21:49:12,222 INFO: particles=20 iter=40 n_caps=3 minZ=0.051618 runtime=22.33s placement={0: 1014, 6: 2802, 14: 1485}
2026-03-22 21:49:35,109 INFO: particles=20 iter=40 n_caps=4 minZ=0.045967 runtime=22.89s placement={0: 1012, 14: 2895, 10: 1455, 15: 1742}
2026-03-22 21:49:58,586 INFO: particles=20 iter=40 n_caps=5 minZ=0.057163 runtime=23.48s placement={14: 926, 9: 3084, 15: 2080, 10: 1874, 0: 686}
2026-03-22 21:50:23,029 INFO: particles=20 iter=40 n_caps=6 minZ=0.051979 runtime=24.44s placement={9: 760, 15: 3112, 10: 1612, 0: 1281, 14: 685, 5: 2502}
2026-03-22 21:50:48,080 INFO: particles=20 iter=40 n_caps=7 minZ=0.049385 runtime=25.05s placement={15: 965, 9: 3111, 0: 1666, 14: 1263, 5: 655, 6: 2450, 10: 1359}
2026-03-22 21:51:13,218 INFO: particles=20 iter=40 n_caps=8 minZ=0.051764 runtime=25.14s placement={9: 893, 0: 3114, 15: 1601, 6: 1263, 5: 589, 10: 2441, 7: 1358, 14: 2592}
2026-03-22 21:51:38,888 INFO: particles=20 iter=40 n_caps=9 minZ=0.045927 runtime=25.67s placement={0: 898, 13: 3189, 6: 1519, 5: 1137, 10: 595, 7: 2452, 14: 1369, 15: 2576, 8: 2007}
2026-03-22 21:52:06,303 INFO: particles=20 iter=40 n_caps=10 minZ=0.041685 runtime=27.41s placement={15: 1949, 12: 3049, 1: 1594, 6: 1074, 13: 40, 0: 1014, 16: 875, 4: 2063, 11: 1923, 5: 302}
2026-03-22 21:52:33,972 INFO: particles=20 iter=40 n_caps=11 minZ=0.038329 runtime=27.67s placement={20: 2207, 0: 1127, 2: 1470, 17: 1386, 1: 0, 14: 649, 6: 703, 15: 412}
2026-03-22 21:53:02,778 INFO: particles=20 iter=40 n_caps=12 minZ=0.028986 runtime=28.81s placement={0: 3347, 1: 3311, 17: 1474, 11: 69, 7: 245, 15: 697}
2026-03-22 21:53:31,000 INFO: particles=20 iter=40 n_caps=13 minZ=0.029818 runtime=28.22s placement={1: 2050, 18: 3347, 0: 0, 10: 1169, 7: 0, 14: 1807}
2026-03-22 21:54:00,316 INFO: particles=20 iter=40 n_caps=14 minZ=0.032022 runtime=29.31s placement={18: 2335, 0: 0, 10: 1357, 5: 841, 1: 0, 14: 1031, 15: 183}
2026-03-22 21:54:30,085 INFO: particles=20 iter=40 n_caps=15 minZ=0.027045 runtime=29.77s placement={0: 183, 10: 3347, 5: 1335, 1: 822, 14: 163, 15: 0, 20: 3078}
2026-03-22 21:54:59,667 INFO: particles=20 iter=40 n_caps=16 minZ=0.027466 runtime=29.58s placement={10: 2329, 5: 3347, 0: 0, 1: 822, 14: 0, 15: 3347, 20: 183}
2026-03-22 21:55:30,519 INFO: particles=20 iter=40 n_caps=17 minZ=0.025842 runtime=30.85s placement={5: 2329, 0: 1750, 1: 1335, 14: 822, 15: 2587, 20: 0}
2026-03-22 21:56:01,138 INFO: particles=20 iter=40 n_caps=18 minZ=0.024445 runtime=30.62s placement={0: 975, 1: 3347, 14: 1390, 15: 787, 20: 3347}
2026-03-22 21:56:33,418 INFO: particles=20 iter=40 n_caps=19 minZ=0.024169 runtime=32.28s placement={0: 898, 14: 3347, 1: 1199, 15: 549, 20: 2820, 10: 876, 18: 0}
2026-03-22 21:57:05,272 INFO: particles=20 iter=40 n_caps=20 minZ=0.025629 runtime=31.85s placement={14: 2355, 0: 0, 1: 1209, 15: 1901, 20: 529, 10: 860, 18: 726}
