2026-03-23 00:38:09,029 INFO: particles=80 iter=10 n_caps=1 minZ=0.080251 runtime=37.03s placement={0: 1012}
2026-03-23 00:38:46,266 INFO: particles=80 iter=10 n_caps=2 minZ=0.053125 runtime=37.24s placement={0: 1012, 9: 1621}
2026-03-23 00:39:25,534 INFO: particles=80 iter=10 n_caps=3 minZ=0.060787 runtime=39.27s placement={9: 1012, 0: 1464, 4: 0}
2026-03-23 00:40:05,206 INFO: particles=80 iter=10 n_caps=4 minZ=0.049606 runtime=39.67s placement={0: 1012, 6: 1346, 8: 0, 9: 1508}
2026-03-23 00:40:44,488 INFO: particles=80 iter=10 n_caps=5 minZ=0.060037 runtime=39.28s placement={0: 1441, 5: 1472, 1: 2769, 16: 529}
2026-03-23 00:41:24,978 INFO: particles=80 iter=10 n_caps=6 minZ=0.047962 runtime=40.49s placement={8: 1010, 7: 2000, 0: 1012, 1: 0, 11: 312}
2026-03-23 00:42:07,030 INFO: particles=80 iter=10 n_caps=7 minZ=0.047701 runtime=42.05s placement={6: 912, 12: 2616, 0: 686, 1: 1137, 9: 1978, 7: 1818}
2026-03-23 00:42:49,267 INFO: particles=80 iter=10 n_caps=8 minZ=0.039238 runtime=42.24s placement={14: 770, 0: 1102, 1: 3075, 10: 1595, 6: 590}
2026-03-23 00:43:31,197 INFO: particles=80 iter=10 n_caps=9 minZ=0.030025 runtime=41.93s placement={0: 1012, 1: 3177, 10: 2916, 6: 1309, 4: 2120}
2026-03-23 00:44:13,572 INFO: particles=80 iter=10 n_caps=10 minZ=0.032458 runtime=42.38s placement={0: 0, 11: 3347, 1: 3108}
2026-03-23 00:44:56,050 INFO: particles=80 iter=10 n_caps=11 minZ=0.030076 runtime=42.48s placement={13: 812, 0: 0, 1: 3129, 7: 0}
2026-03-23 00:45:38,901 INFO: particles=80 iter=10 n_caps=12 minZ=0.026764 runtime=42.85s placement={0: 2182, 1: 3347, 7: 0, 10: 0}
2026-03-23 00:46:22,617 INFO: particles=80 iter=10 n_caps=13 minZ=0.026918 runtime=43.72s placement={0: 0, 1: 3347, 7: 2357, 10: 0}
2026-03-23 00:47:06,843 INFO: particles=80 iter=10 n_caps=14 minZ=0.026430 runtime=44.23s placement={0: 0, 1: 3347, 11: 2549}
2026-03-23 00:47:51,690 INFO: particles=80 iter=10 n_caps=15 minZ=0.028801 runtime=44.85s placement={0: 0, 1: 3347, 11: 434}
2026-03-23 00:48:36,643 INFO: particles=80 iter=10 n_caps=16 minZ=0.024928 runtime=44.95s placement={0: 0, 1: 3347, 11: 0, 7: 0, 6: 0}
2026-03-23 00:49:22,305 INFO: particles=80 iter=10 n_caps=17 minZ=0.025168 runtime=45.66s placement={0: 0, 1: 3347, 11: 2189, 7: 0, 6: 0, 10: 0}
2026-03-23 00:50:08,546 INFO: particles=80 iter=10 n_caps=18 minZ=0.028423 runtime=46.24s placement={0: 0, 1: 3347, 5: 292, 20: 275, 19: 0, 3: 0}
2026-03-23 00:50:58,391 INFO: particles=80 iter=10 n_caps=19 minZ=0.027948 runtime=49.84s placement={0: 0, 1: 3347, 5: 1547, 20: 0, 19: 275, 3: 0}
2026-03-23 00:51:48,396 INFO: particles=80 iter=10 n_caps=20 minZ=0.024635 runtime=50.00s placement={0: 239, 10: 3347, 1: 1192, 19: 633, 16: 284, 13: 174, 14: 0}
