2026-03-08 09:52:58,334 INFO: n_caps=1 | iter=15 | minZ=0.045000 | placement={2: 1651}
2026-03-08 09:52:58,334 INFO: init_n_caps=2 | seeded_previous_caps=1 | new_cap_random_init(cap=374,port=5)
2026-03-08 09:53:29,114 INFO: n_caps=2 | iter=15 | minZ=0.045001 | placement={3: 1534, 0: 352}
2026-03-08 09:53:29,114 INFO: init_n_caps=3 | seeded_previous_caps=2 | new_cap_random_init(cap=620,port=2)
2026-03-08 09:54:05,297 INFO: n_caps=3 | iter=15 | minZ=0.045001 | placement={5: 3163, 4: 2710, 12: 1021}
2026-03-08 09:54:05,298 INFO: init_n_caps=4 | seeded_previous_caps=3 | new_cap_random_init(cap=848,port=14)
2026-03-08 09:54:40,926 INFO: n_caps=4 | iter=15 | minZ=0.045003 | placement={7: 0, 10: 2834, 13: 2004, 4: 1033}
2026-03-08 09:54:40,927 INFO: init_n_caps=5 | seeded_previous_caps=4 | new_cap_random_init(cap=1283,port=11)
2026-03-08 09:55:13,872 INFO: n_caps=5 | iter=15 | minZ=0.045001 | placement={11: 484, 15: 530, 0: 0, 1: 240, 3: 89}
2026-03-08 09:55:13,873 INFO: init_n_caps=6 | seeded_previous_caps=5 | new_cap_random_init(cap=1904,port=16)
2026-03-08 09:55:53,269 INFO: n_caps=6 | iter=15 | minZ=0.045003 | placement={0: 1098, 1: 2973, 20: 542, 12: 2455}
2026-03-08 09:55:53,269 INFO: init_n_caps=7 | seeded_previous_caps=6 | new_cap_random_init(cap=0,port=6)
2026-03-08 09:56:31,488 INFO: n_caps=7 | iter=15 | minZ=0.045001 | placement={0: 0, 19: 2420, 10: 599, 9: 1203, 14: 3268, 20: 1134, 8: 1324}
2026-03-08 09:56:31,489 INFO: init_n_caps=8 | seeded_previous_caps=7 | new_cap_random_init(cap=147,port=3)
2026-03-08 09:57:09,467 INFO: n_caps=8 | iter=15 | minZ=0.045001 | placement={19: 0, 10: 2420, 9: 599, 14: 1203, 20: 3268, 8: 1134, 7: 1324, 5: 147}
2026-03-08 09:57:09,468 INFO: init_n_caps=9 | seeded_previous_caps=8 | new_cap_random_init(cap=3271,port=12)
2026-03-08 09:57:50,520 INFO: n_caps=9 | iter=15 | minZ=0.045000 | placement={17: 688, 8: 1119, 6: 2717, 9: 70, 7: 1245, 16: 221, 0: 2657, 11: 3271, 18: 2301}
2026-03-08 09:57:50,520 INFO: init_n_caps=10 | seeded_previous_caps=9 | new_cap_random_init(cap=2873,port=4)
2026-03-08 09:58:33,324 INFO: n_caps=10 | iter=15 | minZ=0.045000 | placement={3: 1135, 9: 980, 2: 3347, 8: 629, 18: 1053, 0: 476, 10: 2107, 16: 3347, 7: 3172, 11: 2628}
2026-03-08 09:58:33,324 INFO: init_n_caps=11 | seeded_previous_caps=10 | new_cap_random_init(cap=562,port=15)
2026-03-08 09:59:18,933 INFO: n_caps=11 | iter=15 | minZ=0.045000 | placement={9: 1065, 0: 1275, 11: 3347, 20: 459, 1: 804, 7: 516, 19: 917, 8: 3347, 10: 3347, 6: 3347, 16: 0}
2026-03-08 09:59:18,933 INFO: init_n_caps=12 | seeded_previous_caps=11 | new_cap_random_init(cap=1607,port=13)
2026-03-08 10:00:03,282 INFO: n_caps=12 | iter=15 | minZ=0.045001 | placement={0: 1868, 11: 1253, 20: 515, 1: 214, 3: 649, 19: 352, 9: 813, 10: 2665, 15: 3077, 13: 1617}
2026-03-08 10:00:03,282 INFO: init_n_caps=13 | seeded_previous_caps=12 | new_cap_random_init(cap=0,port=8)
2026-03-08 10:00:50,783 INFO: n_caps=13 | iter=15 | minZ=0.045002 | placement={20: 1460, 11: 1470, 16: 560, 14: 2634, 15: 2036, 5: 2662, 13: 3347, 8: 0, 9: 2364, 7: 2758, 12: 1257, 19: 234}
2026-03-08 10:00:50,783 INFO: init_n_caps=14 | seeded_previous_caps=13 | new_cap_random_init(cap=3347,port=1)
2026-03-08 10:01:36,343 INFO: n_caps=14 | iter=15 | minZ=0.045000 | placement={5: 2245, 6: 2385, 9: 1381, 8: 3347, 0: 1553, 19: 2275, 12: 2847, 15: 2633, 16: 1441, 20: 1526, 11: 643, 14: 1995, 10: 1298, 13: 1285}
2026-03-08 10:01:36,344 INFO: init_n_caps=15 | seeded_previous_caps=14 | new_cap_random_init(cap=913,port=18)
2026-03-08 10:02:23,192 INFO: n_caps=15 | iter=15 | minZ=0.043883 | placement={0: 3055, 9: 0, 1: 0, 20: 39, 17: 0, 18: 2645, 6: 119, 19: 3347, 2: 5, 10: 1017, 11: 3347}
