2026-03-24 11:27:59,699 INFO: particles=50 iter=50 n_caps=1 minZ=0.087365 runtime=67.05s placement={9: 1014}
2026-03-24 11:29:09,930 INFO: particles=50 iter=50 n_caps=2 minZ=0.052546 runtime=70.23s placement={0: 1014, 9: 1614}
2026-03-24 11:30:20,919 INFO: particles=50 iter=50 n_caps=3 minZ=0.055501 runtime=70.99s placement={9: 1001, 0: 1613, 10: 500}
2026-03-24 11:31:32,103 INFO: particles=50 iter=50 n_caps=4 minZ=0.042165 runtime=71.18s placement={0: 1012, 10: 1580, 5: 610, 9: 1982}
2026-03-24 11:32:45,443 INFO: particles=50 iter=50 n_caps=5 minZ=0.039374 runtime=73.34s placement={0: 1012, 9: 1564, 10: 685, 5: 1915, 6: 698}
2026-03-24 11:34:01,266 INFO: particles=50 iter=50 n_caps=6 minZ=0.043212 runtime=75.82s placement={9: 1012, 10: 1571, 5: 1169, 6: 1976, 0: 685, 7: 0}
2026-03-24 11:35:20,144 INFO: particles=50 iter=50 n_caps=7 minZ=0.040704 runtime=78.88s placement={3: 2951, 7: 1796, 5: 1292, 0: 1689, 1: 0, 9: 0}
2026-03-24 11:36:40,519 INFO: particles=50 iter=50 n_caps=8 minZ=0.039114 runtime=80.37s placement={5: 2548, 16: 993, 0: 1012, 6: 834, 9: 892, 1: 224, 14: 1948, 13: 0}
2026-03-24 11:38:02,631 INFO: particles=50 iter=50 n_caps=9 minZ=0.032324 runtime=82.11s placement={0: 1014, 1: 1694, 5: 1490, 14: 863, 16: 796, 12: 2966, 17: 0}
2026-03-24 11:39:26,258 INFO: particles=50 iter=50 n_caps=10 minZ=0.031659 runtime=83.63s placement={1: 1369, 0: 197, 14: 1491, 16: 342, 10: 991, 17: 2965}
2026-03-24 11:40:51,601 INFO: particles=50 iter=50 n_caps=11 minZ=0.029776 runtime=85.34s placement={0: 497, 14: 1698, 1: 1533, 16: 869, 10: 344, 17: 946, 7: 149}
2026-03-24 11:42:19,575 INFO: particles=50 iter=50 n_caps=12 minZ=0.028483 runtime=87.97s placement={14: 1373, 0: 0, 15: 1415, 10: 926, 17: 334, 1: 878, 7: 588}
2026-03-24 11:43:49,222 INFO: particles=50 iter=50 n_caps=13 minZ=0.025661 runtime=89.65s placement={0: 1679, 15: 1574, 1: 1428, 16: 923, 7: 1063}
2026-03-24 11:45:19,692 INFO: particles=50 iter=50 n_caps=14 minZ=0.021176 runtime=90.47s placement={15: 1396, 0: 0, 17: 1121, 1: 914, 7: 91}
2026-03-24 11:46:50,630 INFO: particles=50 iter=50 n_caps=15 minZ=0.020361 runtime=90.94s placement={0: 2665, 17: 1813, 1: 1121, 7: 2947}
2026-03-24 11:48:24,620 INFO: particles=50 iter=50 n_caps=16 minZ=0.021591 runtime=93.99s placement={17: 1396, 0: 0, 1: 1121, 7: 892}
2026-03-24 11:50:00,936 INFO: particles=50 iter=50 n_caps=17 minZ=0.018999 runtime=96.32s placement={0: 2939, 1: 1825, 7: 359}
2026-03-24 11:51:38,691 INFO: particles=50 iter=50 n_caps=18 minZ=0.019654 runtime=97.75s placement={0: 0, 1: 1825, 7: 837}
2026-03-24 11:53:16,346 INFO: particles=50 iter=50 n_caps=19 minZ=0.019586 runtime=97.65s placement={0: 0, 1: 1825, 7: 1127, 16: 0}
2026-03-24 11:54:56,289 INFO: particles=50 iter=50 n_caps=20 minZ=0.019532 runtime=99.94s placement={0: 0, 7: 1824, 1: 1127, 16: 0}
