2026-04-01 20:09:44,756 INFO: particles=20 iter=10 n_caps=1 minZ=0.093198 runtime=9.60s placement={14: 1012}
2026-04-01 20:09:54,273 INFO: particles=20 iter=10 n_caps=2 minZ=0.087814 runtime=9.52s placement={9: 1012, 20: 2344}
2026-04-01 20:10:03,414 INFO: particles=20 iter=10 n_caps=3 minZ=0.074603 runtime=9.14s placement={14: 2586, 7: 678, 16: 891}
2026-04-01 20:10:13,524 INFO: particles=20 iter=10 n_caps=4 minZ=0.054800 runtime=10.11s placement={7: 2165, 16: 509, 9: 1014, 0: 2747}
2026-04-01 20:10:24,108 INFO: particles=20 iter=10 n_caps=5 minZ=0.041388 runtime=10.58s placement={16: 2165, 9: 509, 0: 1014, 10: 2747, 7: 1259}
2026-04-01 20:10:34,689 INFO: particles=20 iter=10 n_caps=6 minZ=0.052543 runtime=10.58s placement={9: 2165, 0: 509, 10: 1014, 7: 2747, 15: 1259, 14: 2696}
2026-04-01 20:10:45,721 INFO: particles=20 iter=10 n_caps=7 minZ=0.047313 runtime=11.03s placement={0: 1580, 9: 509, 7: 1014, 15: 2747, 14: 1259, 1: 2696}
2026-04-01 20:10:55,452 INFO: particles=20 iter=10 n_caps=8 minZ=0.048247 runtime=9.73s placement={9: 2165, 7: 509, 15: 1014, 14: 2747, 0: 1580, 1: 2696, 5: 0}
2026-04-01 20:11:05,670 INFO: particles=20 iter=10 n_caps=9 minZ=0.040948 runtime=10.22s placement={6: 2068, 17: 729, 11: 3148, 1: 1834, 0: 1014, 10: 1506, 12: 511}
2026-04-01 20:11:16,538 INFO: particles=20 iter=10 n_caps=10 minZ=0.035006 runtime=10.87s placement={17: 2068, 11: 729, 1: 3148, 0: 1014, 10: 3186, 12: 1506, 9: 1141}
2026-04-01 20:11:27,959 INFO: particles=20 iter=10 n_caps=11 minZ=0.036527 runtime=11.42s placement={9: 1888, 0: 1346, 1: 3347, 10: 457, 11: 3347, 14: 330, 3: 2799}
2026-04-01 20:11:39,274 INFO: particles=20 iter=10 n_caps=12 minZ=0.038776 runtime=11.31s placement={0: 1602, 1: 724, 10: 1804, 11: 457, 14: 861, 3: 1346}
2026-04-01 20:11:50,527 INFO: particles=20 iter=10 n_caps=13 minZ=0.032963 runtime=11.25s placement={0: 1317, 1: 188, 12: 3263, 9: 2618, 20: 709, 11: 0}
2026-04-01 20:12:01,870 INFO: particles=20 iter=10 n_caps=14 minZ=0.036499 runtime=11.34s placement={0: 0, 10: 114, 9: 3236, 1: 2664, 20: 34, 11: 440}
2026-04-01 20:12:13,141 INFO: particles=20 iter=10 n_caps=15 minZ=0.034264 runtime=11.27s placement={0: 0, 10: 167, 1: 2863, 20: 0, 11: 3347, 5: 0, 15: 0}
2026-04-01 20:12:24,651 INFO: particles=20 iter=10 n_caps=16 minZ=0.031922 runtime=11.51s placement={9: 108, 12: 0, 0: 2550, 20: 1969, 1: 2455, 3: 1166, 16: 1037, 10: 0, 19: 3347}
2026-04-01 20:12:36,232 INFO: particles=20 iter=10 n_caps=17 minZ=0.025648 runtime=11.58s placement={13: 67, 0: 3347, 20: 915, 1: 1923, 3: 3296, 16: 1168, 9: 1594, 19: 0, 12: 1796}
2026-04-01 20:12:49,374 INFO: particles=20 iter=10 n_caps=18 minZ=0.026553 runtime=13.14s placement={0: 2294, 20: 0, 1: 915, 3: 1170, 16: 3296, 9: 300, 19: 1594, 12: 3347}
2026-04-01 20:13:01,862 INFO: particles=20 iter=10 n_caps=19 minZ=0.030729 runtime=12.49s placement={20: 67, 0: 0, 1: 915, 3: 2433, 16: 1170, 9: 1014, 19: 300, 12: 0}
2026-04-01 20:13:15,212 INFO: particles=20 iter=10 n_caps=20 minZ=0.025525 runtime=13.35s placement={0: 0, 1: 0, 3: 1923, 16: 2433, 9: 2859, 20: 1014, 12: 1594, 10: 3347}
