2026-04-02 02:59:42,047 INFO: particles=20 iter=40 n_caps=1 minZ=0.085029 runtime=43.70s placement={0: 1316}
2026-04-02 03:00:24,535 INFO: particles=20 iter=40 n_caps=2 minZ=0.065368 runtime=42.49s placement={0: 1319, 15: 617}
2026-04-02 03:01:08,231 INFO: particles=20 iter=40 n_caps=3 minZ=0.058650 runtime=43.70s placement={15: 1323, 16: 586, 0: 1481}
2026-04-02 03:01:52,474 INFO: particles=20 iter=40 n_caps=4 minZ=0.048156 runtime=44.24s placement={16: 1282, 0: 1014, 10: 705, 9: 2875}
2026-04-02 03:02:34,728 INFO: particles=20 iter=40 n_caps=5 minZ=0.054284 runtime=42.25s placement={0: 1300, 10: 1025, 9: 618, 14: 2884, 15: 2692}
2026-04-02 03:03:15,074 INFO: particles=20 iter=40 n_caps=6 minZ=0.058631 runtime=40.35s placement={15: 1296, 9: 629, 10: 509, 17: 2921, 0: 2596, 1: 0}
2026-04-02 03:03:55,986 INFO: particles=20 iter=40 n_caps=7 minZ=0.046702 runtime=40.91s placement={9: 1157, 14: 672, 15: 610, 1: 2883, 0: 1899, 3: 0}
2026-04-02 03:04:36,863 INFO: particles=20 iter=40 n_caps=8 minZ=0.032652 runtime=40.88s placement={16: 2451, 15: 821, 0: 931, 1: 3343}
2026-04-02 03:05:19,056 INFO: particles=20 iter=40 n_caps=9 minZ=0.031723 runtime=42.19s placement={15: 2451, 0: 2771, 1: 1039}
2026-04-02 03:06:01,560 INFO: particles=20 iter=40 n_caps=10 minZ=0.026892 runtime=42.50s placement={0: 2534, 1: 818}
2026-04-02 03:06:44,900 INFO: particles=20 iter=40 n_caps=11 minZ=0.023612 runtime=43.34s placement={0: 2533, 1: 761, 7: 0}
2026-04-02 03:07:30,014 INFO: particles=20 iter=40 n_caps=12 minZ=0.023878 runtime=45.11s placement={0: 2759, 1: 761, 7: 2533, 16: 0, 15: 0}
2026-04-02 03:08:16,644 INFO: particles=20 iter=40 n_caps=13 minZ=0.023771 runtime=46.63s placement={0: 0, 1: 761, 7: 2759, 16: 2533, 15: 0}
2026-04-02 03:09:08,262 INFO: particles=20 iter=40 n_caps=14 minZ=0.028082 runtime=51.62s placement={0: 0, 1: 761, 7: 1014, 16: 2759, 15: 2533}
2026-04-02 03:09:58,556 INFO: particles=20 iter=40 n_caps=15 minZ=0.033055 runtime=50.29s placement={0: 0, 1: 761, 7: 1012, 16: 1014, 15: 2759}
2026-04-02 03:10:52,793 INFO: particles=20 iter=40 n_caps=16 minZ=0.030048 runtime=54.24s placement={0: 514, 1: 617, 5: 116, 16: 1011, 15: 927, 2: 0}
2026-04-02 03:11:47,553 INFO: particles=20 iter=40 n_caps=17 minZ=0.026458 runtime=54.76s placement={0: 0, 1: 459, 16: 118, 15: 387, 10: 358, 7: 0}
2026-04-02 03:12:46,737 INFO: particles=20 iter=40 n_caps=18 minZ=0.025602 runtime=59.18s placement={0: 0, 1: 459, 16: 1162, 15: 119, 10: 0, 7: 358}
2026-04-02 03:13:46,447 INFO: particles=20 iter=40 n_caps=19 minZ=0.025092 runtime=59.71s placement={0: 0, 1: 459, 16: 3347, 15: 1162, 10: 0, 7: 0}
2026-04-02 03:14:46,243 INFO: particles=20 iter=40 n_caps=20 minZ=0.028315 runtime=59.80s placement={0: 0, 1: 149, 16: 1021, 15: 3347, 10: 0, 7: 0}
