2026-04-02 09:53:10,039 INFO: particles=20 iter=50 n_caps=1 minZ=0.089207 runtime=50.13s placement={0: 1487}
2026-04-02 09:54:01,724 INFO: particles=20 iter=50 n_caps=2 minZ=0.069388 runtime=51.68s placement={9: 1452, 0: 1302}
2026-04-02 09:54:48,221 INFO: particles=20 iter=50 n_caps=3 minZ=0.054377 runtime=46.50s placement={0: 1014, 18: 1245, 15: 1705}
2026-04-02 09:55:35,897 INFO: particles=20 iter=50 n_caps=4 minZ=0.043148 runtime=47.68s placement={0: 1014, 9: 1946, 15: 1127, 6: 2280}
2026-04-02 09:56:25,119 INFO: particles=20 iter=50 n_caps=5 minZ=0.056024 runtime=49.22s placement={9: 1014, 14: 1945, 6: 1127, 0: 2233, 7: 0}
2026-04-02 09:57:18,631 INFO: particles=20 iter=50 n_caps=6 minZ=0.048911 runtime=53.51s placement={14: 1014, 6: 1945, 0: 1127, 7: 2233, 15: 0, 10: 1655}
2026-04-02 09:58:09,279 INFO: particles=20 iter=50 n_caps=7 minZ=0.050825 runtime=50.65s placement={6: 1001, 0: 1768, 7: 456, 15: 1415, 10: 0, 5: 1122, 11: 2134}
2026-04-02 09:59:01,242 INFO: particles=20 iter=50 n_caps=8 minZ=0.037471 runtime=51.96s placement={0: 1012, 7: 1772, 15: 448, 10: 823, 5: 0, 11: 1046, 6: 2126, 9: 1258}
2026-04-02 09:59:57,054 INFO: particles=20 iter=50 n_caps=9 minZ=0.036537 runtime=55.81s placement={0: 1012, 15: 1757, 10: 456, 5: 922, 11: 40, 6: 1019, 9: 2117, 7: 1258, 1: 65}
2026-04-02 10:00:54,689 INFO: particles=20 iter=50 n_caps=10 minZ=0.044142 runtime=57.64s placement={15: 1076, 10: 1628, 5: 0, 7: 921, 6: 39, 9: 823, 8: 2114, 0: 1281, 4: 65}
2026-04-02 10:01:51,287 INFO: particles=20 iter=50 n_caps=11 minZ=0.030879 runtime=56.60s placement={0: 3120, 9: 1280, 1: 0, 6: 0, 5: 216, 20: 573, 16: 1543}
2026-04-02 10:02:46,300 INFO: particles=20 iter=50 n_caps=12 minZ=0.030809 runtime=55.01s placement={9: 1162, 0: 1543, 1: 0, 6: 3120, 5: 0, 20: 216, 16: 573, 7: 34}
2026-04-02 10:03:44,789 INFO: particles=20 iter=50 n_caps=13 minZ=0.029409 runtime=58.49s placement={0: 609, 1: 1276, 6: 1505, 5: 3125, 20: 0, 15: 213, 7: 1542, 10: 43, 8: 1569}
2026-04-02 10:04:48,327 INFO: particles=20 iter=50 n_caps=14 minZ=0.028326 runtime=63.54s placement={0: 0, 1: 1365, 6: 910, 5: 1384, 20: 3124, 14: 0, 9: 609, 10: 1523, 8: 15}
2026-04-02 10:05:46,666 INFO: particles=20 iter=50 n_caps=15 minZ=0.028469 runtime=58.34s placement={0: 1419, 1: 3070, 16: 1636, 17: 3347, 8: 267, 13: 838, 15: 1374, 9: 21}
2026-04-02 10:06:46,842 INFO: particles=20 iter=50 n_caps=16 minZ=0.022663 runtime=60.18s placement={0: 95, 1: 3058, 16: 1053, 17: 1333, 7: 384, 15: 0, 14: 842, 8: 1441, 9: 2714}
2026-04-02 10:07:49,144 INFO: particles=20 iter=50 n_caps=17 minZ=0.027483 runtime=62.30s placement={0: 0, 1: 3058, 16: 433, 17: 1053, 7: 3347, 15: 1441, 14: 267, 8: 1014, 9: 0}
2026-04-02 10:08:56,709 INFO: particles=20 iter=50 n_caps=18 minZ=0.027726 runtime=67.56s placement={0: 0, 1: 3018, 16: 1022, 17: 0, 6: 1255, 18: 3347, 15: 503, 7: 2067, 10: 1115}
2026-04-02 10:09:58,782 INFO: particles=20 iter=50 n_caps=19 minZ=0.026956 runtime=62.07s placement={0: 342, 16: 0, 15: 0, 1: 688, 7: 706, 14: 1266, 13: 3332, 8: 2710, 17: 2982, 9: 886}
2026-04-02 10:11:02,516 INFO: particles=20 iter=50 n_caps=20 minZ=0.024127 runtime=63.73s placement={17: 1044, 16: 2461, 0: 307, 7: 1113, 15: 703, 14: 1081, 1: 3344, 18: 3257, 9: 3132, 8: 0}
