2026-03-17 18:00:44,789 INFO: particles=30 iter=40 n_caps=1 minZ=0.085029 runtime=54.48s placement={0: 1316}
2026-03-17 18:01:40,157 INFO: particles=30 iter=40 n_caps=2 minZ=0.053651 runtime=55.37s placement={15: 1788, 0: 1012}
2026-03-17 18:02:37,663 INFO: particles=30 iter=40 n_caps=3 minZ=0.057217 runtime=57.51s placement={0: 1960, 9: 1012, 15: 2592}
2026-03-17 18:03:35,620 INFO: particles=30 iter=40 n_caps=4 minZ=0.067328 runtime=57.96s placement={9: 1960, 15: 1012, 10: 2592, 0: 0}
2026-03-17 18:04:34,757 INFO: particles=30 iter=40 n_caps=5 minZ=0.051623 runtime=59.14s placement={15: 1960, 9: 1012, 0: 2592, 14: 0, 10: 1511}
2026-03-17 18:05:33,899 INFO: particles=30 iter=40 n_caps=6 minZ=0.040759 runtime=59.14s placement={9: 1960, 0: 1012, 14: 2592, 10: 0, 5: 1511, 6: 2577}
2026-03-17 18:06:34,478 INFO: particles=30 iter=40 n_caps=7 minZ=0.048927 runtime=60.58s placement={0: 1960, 14: 1012, 9: 2592, 5: 0, 6: 1511, 10: 2577, 15: 1573}
2026-03-17 18:07:35,525 INFO: particles=30 iter=40 n_caps=8 minZ=0.047320 runtime=61.05s placement={14: 1700, 9: 1012, 7: 2604, 5: 333, 10: 1490, 15: 2546, 0: 1563, 6: 156}
2026-03-17 18:08:38,279 INFO: particles=30 iter=40 n_caps=9 minZ=0.045775 runtime=62.75s placement={10: 1267, 7: 1334, 1: 2632, 9: 213, 14: 1593, 0: 1899, 5: 826, 16: 60}
2026-03-17 18:09:41,962 INFO: particles=30 iter=40 n_caps=10 minZ=0.031982 runtime=63.68s placement={12: 1495, 0: 433, 20: 2720, 1: 3222, 18: 527}
2026-03-17 18:10:45,800 INFO: particles=30 iter=40 n_caps=11 minZ=0.028052 runtime=63.84s placement={0: 1751, 20: 1256, 1: 2488, 18: 2021}
2026-03-17 18:11:50,656 INFO: particles=30 iter=40 n_caps=12 minZ=0.031838 runtime=64.86s placement={20: 792, 0: 2749, 1: 2861, 2: 2992, 18: 1336, 10: 2533, 16: 0}
2026-03-17 18:12:56,518 INFO: particles=30 iter=40 n_caps=13 minZ=0.025451 runtime=65.86s placement={0: 807, 1: 575, 2: 2872, 18: 3064, 10: 2695, 17: 2509, 7: 71, 12: 3347}
2026-03-17 18:14:02,368 INFO: particles=30 iter=40 n_caps=14 minZ=0.026239 runtime=65.85s placement={0: 83, 2: 575, 18: 2872, 1: 3064, 10: 807, 17: 2695, 7: 2509, 12: 71, 9: 3347}
2026-03-17 18:15:08,824 INFO: particles=30 iter=40 n_caps=15 minZ=0.029883 runtime=66.46s placement={2: 764, 18: 575, 0: 0, 1: 3064, 10: 923, 17: 807, 7: 2695, 12: 2509, 9: 71}
2026-03-17 18:16:16,707 INFO: particles=30 iter=40 n_caps=16 minZ=0.027836 runtime=67.88s placement={19: 1289, 0: 455, 1: 2862, 16: 920, 15: 438, 7: 3243, 13: 2781, 14: 173}
2026-03-17 18:17:25,598 INFO: particles=30 iter=40 n_caps=17 minZ=0.028852 runtime=68.89s placement={0: 3344, 1: 1401, 12: 1036, 16: 267, 7: 336, 13: 1667, 14: 44}
2026-03-17 18:18:35,000 INFO: particles=30 iter=40 n_caps=18 minZ=0.026689 runtime=69.40s placement={0: 0, 1: 1179, 9: 1015, 16: 610, 14: 3347, 20: 197}
2026-03-17 18:19:46,337 INFO: particles=30 iter=40 n_caps=19 minZ=0.024466 runtime=71.34s placement={0: 0, 1: 1179, 9: 2904, 16: 1015, 14: 713, 20: 3347}
2026-03-17 18:20:56,407 INFO: particles=30 iter=40 n_caps=20 minZ=0.021716 runtime=70.07s placement={0: 0, 1: 1178, 9: 3011, 16: 3304, 14: 343, 20: 0}
