2026-03-22 18:02:01,155 INFO: particles=20 iter=25 n_caps=1 minZ=0.095301 runtime=14.40s placement={0: 1614}
2026-03-22 18:02:14,785 INFO: particles=20 iter=25 n_caps=2 minZ=0.066062 runtime=13.63s placement={0: 1014, 7: 268}
2026-03-22 18:02:28,812 INFO: particles=20 iter=25 n_caps=3 minZ=0.062189 runtime=14.03s placement={7: 1169, 15: 1415, 0: 1488}
2026-03-22 18:02:43,242 INFO: particles=20 iter=25 n_caps=4 minZ=0.048534 runtime=14.43s placement={16: 1133, 0: 1012, 10: 1914, 12: 1230}
2026-03-22 18:02:58,034 INFO: particles=20 iter=25 n_caps=5 minZ=0.048647 runtime=14.79s placement={0: 1014, 7: 965, 9: 0, 4: 1200, 5: 2449}
2026-03-22 18:03:13,301 INFO: particles=20 iter=25 n_caps=6 minZ=0.055220 runtime=15.27s placement={8: 1241, 9: 810, 2: 763, 0: 1126, 14: 2552, 16: 1510}
2026-03-22 18:03:28,935 INFO: particles=20 iter=25 n_caps=7 minZ=0.049909 runtime=15.63s placement={9: 1095, 1: 738, 0: 686, 14: 1080, 15: 2350, 10: 1499, 11: 1439}
2026-03-22 18:03:45,008 INFO: particles=20 iter=25 n_caps=8 minZ=0.042232 runtime=16.07s placement={7: 1042, 0: 1012, 14: 558, 15: 637, 9: 2256, 12: 2339, 17: 3157, 8: 959}
2026-03-22 18:04:01,450 INFO: particles=20 iter=25 n_caps=9 minZ=0.047240 runtime=16.44s placement={0: 1230, 9: 901, 12: 1275, 6: 594, 1: 2769, 15: 1323, 8: 1583}
2026-03-22 18:04:18,325 INFO: particles=20 iter=25 n_caps=10 minZ=0.048335 runtime=16.87s placement={10: 2309, 6: 462, 16: 605, 11: 1468, 19: 780, 0: 2320, 5: 1579, 14: 1507, 9: 1147, 7: 632}
2026-03-22 18:04:35,415 INFO: particles=20 iter=25 n_caps=11 minZ=0.044578 runtime=17.09s placement={4: 1157, 16: 421, 9: 393, 20: 1470, 0: 767, 5: 2347, 14: 1603, 13: 1133, 6: 912, 10: 359, 15: 1903}
2026-03-22 18:04:53,390 INFO: particles=20 iter=25 n_caps=12 minZ=0.038835 runtime=17.97s placement={17: 623, 14: 307, 20: 409, 0: 1012, 4: 797, 9: 2789, 13: 1071, 6: 745, 10: 1263, 16: 512, 15: 1836, 3: 403}
2026-03-22 18:05:11,240 INFO: particles=20 iter=25 n_caps=13 minZ=0.039987 runtime=17.85s placement={14: 613, 19: 851, 0: 3047, 2: 1149, 9: 867, 11: 1588, 6: 1075, 10: 767, 16: 1193, 1: 490, 8: 799}
2026-03-22 18:05:30,415 INFO: particles=20 iter=25 n_caps=14 minZ=0.033687 runtime=19.17s placement={20: 3347, 0: 1496, 1: 0, 6: 1193, 14: 1275, 3: 3276, 9: 104, 19: 430, 7: 19}
2026-03-22 18:05:49,102 INFO: particles=20 iter=25 n_caps=15 minZ=0.036469 runtime=18.69s placement={0: 3347, 1: 3347, 7: 950, 15: 1409, 14: 3313, 19: 0, 5: 1034, 13: 1786, 20: 609, 3: 3301}
2026-03-22 18:06:08,238 INFO: particles=20 iter=25 n_caps=16 minZ=0.030115 runtime=19.14s placement={0: 1019, 1: 3347, 19: 0, 2: 1195, 12: 245, 20: 3347, 15: 1497, 5: 905}
2026-03-22 18:06:28,115 INFO: particles=20 iter=25 n_caps=17 minZ=0.028877 runtime=19.88s placement={0: 0, 19: 3347, 1: 0, 10: 201, 20: 1438, 17: 3347, 4: 1028}
2026-03-22 18:06:47,751 INFO: particles=20 iter=25 n_caps=18 minZ=0.026967 runtime=19.64s placement={20: 2119, 0: 0, 1: 0, 7: 3215, 19: 3316, 17: 1473, 4: 879, 9: 219}
2026-03-22 18:07:07,642 INFO: particles=20 iter=25 n_caps=19 minZ=0.026392 runtime=19.89s placement={0: 3347, 1: 3347, 5: 1201, 20: 673, 17: 3330, 3: 3347, 11: 234}
2026-03-22 18:07:28,564 INFO: particles=20 iter=25 n_caps=20 minZ=0.027395 runtime=20.92s placement={0: 0, 1: 3347, 5: 2783, 20: 0, 19: 1325, 6: 3347}
