2026-03-19 02:11:09,526 INFO: particles=50 iter=40 n_caps=1 minZ=0.080251 runtime=91.01s placement={0: 1014}
2026-03-19 02:12:43,627 INFO: particles=50 iter=40 n_caps=2 minZ=0.053450 runtime=94.10s placement={0: 1012, 14: 1613}
2026-03-19 02:14:19,345 INFO: particles=50 iter=40 n_caps=3 minZ=0.053416 runtime=95.72s placement={14: 1014, 0: 1012, 8: 0}
2026-03-19 02:15:57,423 INFO: particles=50 iter=40 n_caps=4 minZ=0.045791 runtime=98.08s placement={0: 1014, 7: 767, 8: 0, 9: 2549}
2026-03-19 02:17:37,030 INFO: particles=50 iter=40 n_caps=5 minZ=0.046115 runtime=99.61s placement={8: 1428, 10: 1494, 7: 833, 0: 1012, 6: 2745}
2026-03-19 02:19:17,121 INFO: particles=50 iter=40 n_caps=6 minZ=0.040645 runtime=100.09s placement={0: 1012, 13: 3347, 1: 0, 9: 496}
2026-03-19 02:20:56,923 INFO: particles=50 iter=40 n_caps=7 minZ=0.037454 runtime=99.80s placement={14: 925, 0: 0, 1: 0, 9: 863}
2026-03-19 02:22:38,243 INFO: particles=50 iter=40 n_caps=8 minZ=0.026437 runtime=101.32s placement={0: 1920, 1: 3233, 7: 1126}
2026-03-19 02:24:23,316 INFO: particles=50 iter=40 n_caps=9 minZ=0.024455 runtime=105.07s placement={0: 5, 1: 3233, 7: 541}
2026-03-19 02:26:06,557 INFO: particles=50 iter=40 n_caps=10 minZ=0.024373 runtime=103.24s placement={0: 0, 7: 3233, 1: 361}
2026-03-19 02:27:54,010 INFO: particles=50 iter=40 n_caps=11 minZ=0.025889 runtime=107.45s placement={7: 893, 0: 0, 1: 362}
2026-03-19 02:29:41,681 INFO: particles=50 iter=40 n_caps=12 minZ=0.020884 runtime=107.67s placement={0: 899, 1: 3234, 7: 0}
2026-03-19 02:31:29,552 INFO: particles=50 iter=40 n_caps=13 minZ=0.020762 runtime=107.87s placement={0: 0, 1: 3234, 7: 0}
2026-03-19 02:33:19,572 INFO: particles=50 iter=40 n_caps=14 minZ=0.020658 runtime=110.02s placement={0: 0, 1: 3234, 7: 3}
2026-03-19 02:35:11,238 INFO: particles=50 iter=40 n_caps=15 minZ=0.021663 runtime=111.67s placement={0: 78, 1: 3234, 7: 1923}
2026-03-19 02:37:03,359 INFO: particles=50 iter=40 n_caps=16 minZ=0.019502 runtime=112.12s placement={0: 0, 1: 3235, 7: 759}
2026-03-19 02:38:57,742 INFO: particles=50 iter=40 n_caps=17 minZ=0.021640 runtime=114.38s placement={0: 0, 1: 3235, 7: 1014}
2026-03-19 02:40:54,081 INFO: particles=50 iter=40 n_caps=18 minZ=0.021408 runtime=116.34s placement={0: 0, 1: 3235, 7: 1012}
2026-03-19 02:42:49,856 INFO: particles=50 iter=40 n_caps=19 minZ=0.019373 runtime=115.77s placement={0: 0, 1: 3235, 7: 1045}
2026-03-19 02:44:47,289 INFO: particles=50 iter=40 n_caps=20 minZ=0.019423 runtime=117.43s placement={0: 0, 1: 3235, 7: 342}
