2026-03-26 23:13:38,743 INFO: particles=50 iter=40 n_caps=1 minZ=0.085029 runtime=49.50s placement={0: 1317}
2026-03-26 23:14:39,632 INFO: particles=50 iter=40 n_caps=2 minZ=0.061190 runtime=60.89s placement={10: 1084, 0: 1012}
2026-03-26 23:15:39,730 INFO: particles=50 iter=40 n_caps=3 minZ=0.057338 runtime=60.10s placement={0: 1126, 9: 1012, 19: 1713}
2026-03-26 23:16:33,239 INFO: particles=50 iter=40 n_caps=4 minZ=0.062651 runtime=53.51s placement={0: 2122, 5: 1014, 4: 2249, 14: 2087}
2026-03-26 23:17:26,228 INFO: particles=50 iter=40 n_caps=5 minZ=0.045299 runtime=52.99s placement={5: 2173, 0: 0, 14: 1960, 1: 2589}
2026-03-26 23:18:19,533 INFO: particles=50 iter=40 n_caps=6 minZ=0.035670 runtime=53.30s placement={0: 892, 14: 980, 1: 2165}
2026-03-26 23:19:16,672 INFO: particles=50 iter=40 n_caps=7 minZ=0.030624 runtime=57.14s placement={17: 1511, 0: 1014, 1: 2970}
2026-03-26 23:20:12,091 INFO: particles=50 iter=40 n_caps=8 minZ=0.031770 runtime=55.42s placement={0: 2858, 1: 342}
2026-03-26 23:21:13,666 INFO: particles=50 iter=40 n_caps=9 minZ=0.030245 runtime=61.57s placement={0: 2878, 1: 345, 6: 0}
2026-03-26 23:22:11,073 INFO: particles=50 iter=40 n_caps=10 minZ=0.029888 runtime=57.41s placement={0: 0, 1: 346, 6: 2878}
2026-03-26 23:23:09,251 INFO: particles=50 iter=40 n_caps=11 minZ=0.031735 runtime=58.18s placement={0: 0, 1: 82, 7: 770}
2026-03-26 23:24:08,291 INFO: particles=50 iter=40 n_caps=12 minZ=0.027272 runtime=59.04s placement={0: 0, 1: 12, 9: 1159}
2026-03-26 23:25:08,398 INFO: particles=50 iter=40 n_caps=13 minZ=0.026625 runtime=60.11s placement={0: 0, 1: 12, 9: 1977}
2026-03-26 23:26:09,663 INFO: particles=50 iter=40 n_caps=14 minZ=0.024753 runtime=61.26s placement={0: 0, 1: 6, 10: 1040}
2026-03-26 23:27:12,859 INFO: particles=50 iter=40 n_caps=15 minZ=0.023956 runtime=63.20s placement={0: 0, 1: 6, 10: 3347}
2026-03-26 23:28:16,269 INFO: particles=50 iter=40 n_caps=16 minZ=0.023371 runtime=63.41s placement={0: 0, 10: 6, 1: 3347, 7: 0}
2026-03-26 23:29:20,670 INFO: particles=50 iter=40 n_caps=17 minZ=0.021953 runtime=64.40s placement={10: 1394, 0: 0, 1: 3347, 8: 0}
2026-03-26 23:30:30,422 INFO: particles=50 iter=40 n_caps=18 minZ=0.021241 runtime=69.75s placement={0: 1673, 1: 6, 8: 0, 7: 0}
2026-03-26 23:31:38,249 INFO: particles=50 iter=40 n_caps=19 minZ=0.020444 runtime=67.83s placement={0: 1900, 1: 4, 8: 0, 7: 0, 10: 0}
2026-03-26 23:32:50,739 INFO: particles=50 iter=40 n_caps=20 minZ=0.020057 runtime=72.49s placement={0: 0, 1: 4, 8: 0, 7: 0, 10: 1899}
