2026-03-26 14:20:59,869 INFO: particles=20 iter=10 n_caps=1 minZ=0.062708 runtime=6.67s placement={0: 1229}
2026-03-26 14:21:11,853 INFO: particles=20 iter=10 n_caps=2 minZ=0.061547 runtime=11.98s placement={0: 1229, 10: 0}
2026-03-26 14:21:28,143 INFO: particles=20 iter=10 n_caps=3 minZ=0.055087 runtime=16.29s placement={10: 2000, 0: 1004, 2: 0}
2026-03-26 14:21:48,404 INFO: particles=20 iter=10 n_caps=4 minZ=0.040661 runtime=20.26s placement={0: 1012, 7: 1044, 16: 252, 9: 2585}
2026-03-26 14:22:14,682 INFO: particles=20 iter=10 n_caps=5 minZ=0.054788 runtime=26.28s placement={0: 1004, 16: 165, 9: 61, 14: 2052, 10: 0}
2026-03-26 14:22:46,055 INFO: particles=20 iter=10 n_caps=6 minZ=0.048137 runtime=31.37s placement={20: 1484, 0: 1101, 14: 1607, 11: 0, 9: 496, 15: 2636}
2026-03-26 14:23:22,308 INFO: particles=20 iter=10 n_caps=7 minZ=0.045561 runtime=36.25s placement={0: 1484, 14: 1101, 11: 1607, 9: 0, 15: 496, 10: 2636, 6: 3347}
2026-03-26 14:24:03,619 INFO: particles=20 iter=10 n_caps=8 minZ=0.046096 runtime=41.31s placement={5: 1476, 9: 1054, 14: 1616, 20: 0, 4: 1840, 6: 1865, 0: 1180, 7: 274}
2026-03-26 14:24:49,929 INFO: particles=20 iter=10 n_caps=9 minZ=0.044183 runtime=46.31s placement={8: 1489, 14: 1475, 19: 1552, 4: 1026, 6: 1947, 0: 1980, 5: 1170, 7: 344, 15: 980}
2026-03-26 14:25:41,216 INFO: particles=20 iter=10 n_caps=10 minZ=0.039889 runtime=51.29s placement={14: 1489, 19: 1475, 4: 1552, 6: 1026, 0: 1947, 5: 1980, 7: 1170, 15: 344, 9: 980, 10: 1389}
2026-03-26 14:26:38,111 INFO: particles=20 iter=10 n_caps=11 minZ=0.038187 runtime=56.89s placement={19: 1489, 4: 1475, 6: 1552, 0: 1026, 5: 1947, 7: 1980, 15: 1170, 9: 344, 10: 980, 14: 1389, 16: 2365}
2026-03-26 14:27:40,341 INFO: particles=20 iter=10 n_caps=12 minZ=0.036736 runtime=62.23s placement={4: 1489, 6: 3232, 0: 1552, 5: 2365, 7: 1947, 15: 1980, 9: 1170, 10: 344, 14: 980, 16: 1389}
2026-03-26 14:28:47,112 INFO: particles=20 iter=10 n_caps=13 minZ=0.037518 runtime=66.77s placement={5: 1611, 0: 1354, 8: 1548, 7: 1337, 14: 921, 9: 753, 10: 1699, 15: 303, 16: 691, 4: 1417, 6: 2550, 17: 3347}
2026-03-26 14:30:00,906 INFO: particles=20 iter=10 n_caps=14 minZ=0.033645 runtime=73.79s placement={0: 753, 9: 3347, 8: 1895, 11: 1395, 6: 1119, 10: 1656, 14: 2441, 15: 217, 1: 924, 7: 1496, 16: 2515, 17: 421}
2026-03-26 14:31:17,521 INFO: particles=20 iter=10 n_caps=15 minZ=0.034265 runtime=76.61s placement={5: 1434, 10: 1197, 13: 85, 0: 416, 9: 1120, 14: 1652, 15: 2429, 3: 114, 6: 899, 7: 1326, 12: 2515, 1: 2871}
2026-03-26 14:32:38,086 INFO: particles=20 iter=10 n_caps=16 minZ=0.027291 runtime=80.56s placement={14: 2349, 15: 1071, 0: 874, 10: 1456, 13: 1122, 12: 1181, 1: 2538, 8: 0, 6: 1590, 16: 1291, 11: 406}
2026-03-26 14:34:04,651 INFO: particles=20 iter=10 n_caps=17 minZ=0.026684 runtime=86.56s placement={14: 2355, 0: 670, 9: 1036, 15: 2137, 8: 1315, 1: 768, 7: 1718, 6: 0, 13: 2420, 10: 684, 5: 2426}
2026-03-26 14:35:39,191 INFO: particles=20 iter=10 n_caps=18 minZ=0.026294 runtime=94.54s placement={0: 2162, 10: 1490, 11: 1519, 8: 1967, 1: 1366, 9: 523, 6: 1781, 15: 0, 16: 1440, 5: 2763, 7: 389, 18: 2222}
2026-03-26 14:37:15,331 INFO: particles=20 iter=10 n_caps=19 minZ=0.026317 runtime=96.14s placement={11: 1238, 12: 1278, 9: 1539, 0: 0, 10: 2502, 6: 603, 15: 1785, 1: 0, 16: 1818, 5: 2258, 7: 67, 18: 325}
2026-03-26 14:38:58,537 INFO: particles=20 iter=10 n_caps=20 minZ=0.026587 runtime=103.20s placement={9: 1234, 10: 1439, 0: 2163, 11: 2121, 7: 2429, 15: 496, 1: 1867, 16: 0, 5: 1457, 4: 1351, 18: 37, 13: 0, 14: 1658}
