2026-03-29 18:34:19,871 INFO: particles=20 iter=50 n_caps=1 minZ=0.084604 runtime=26.92s placement={10: 1229}
2026-03-29 18:35:10,106 INFO: particles=20 iter=50 n_caps=2 minZ=0.047299 runtime=50.23s placement={0: 1014, 15: 1614}
2026-03-29 18:36:23,509 INFO: particles=20 iter=50 n_caps=3 minZ=0.053680 runtime=73.40s placement={15: 1555, 0: 1071, 7: 0}
2026-03-29 18:38:01,957 INFO: particles=20 iter=50 n_caps=4 minZ=0.039742 runtime=98.45s placement={15: 1518, 4: 1491, 0: 1014, 10: 1356}
2026-03-29 18:40:03,491 INFO: particles=20 iter=50 n_caps=5 minZ=0.042551 runtime=121.53s placement={5: 1344, 0: 1487, 14: 971, 15: 1340, 6: 2564}
2026-03-29 18:42:25,671 INFO: particles=20 iter=50 n_caps=6 minZ=0.038759 runtime=142.18s placement={0: 1344, 14: 1489, 15: 939, 6: 1365, 10: 2532, 9: 1012}
2026-03-29 18:45:24,612 INFO: particles=20 iter=50 n_caps=7 minZ=0.037673 runtime=178.94s placement={16: 1210, 9: 1651, 5: 892, 6: 2921, 10: 981, 14: 766, 0: 1493}
2026-03-29 18:48:28,539 INFO: particles=20 iter=50 n_caps=8 minZ=0.035389 runtime=183.93s placement={9: 850, 5: 1660, 6: 891, 10: 2921, 14: 976, 0: 766, 15: 1474, 7: 2817}
2026-03-29 18:52:05,088 INFO: particles=20 iter=50 n_caps=9 minZ=0.033942 runtime=216.55s placement={0: 1302, 1: 1942, 15: 1179, 17: 3347, 11: 1505, 12: 2162, 20: 3179, 5: 2201}
2026-03-29 18:56:08,431 INFO: particles=20 iter=50 n_caps=10 minZ=0.038763 runtime=243.34s placement={3: 3037, 15: 1632, 0: 892, 14: 1939, 10: 1017, 13: 2267, 19: 2027, 6: 2562, 9: 898, 7: 160}
2026-03-29 19:00:41,132 INFO: particles=20 iter=50 n_caps=11 minZ=0.032207 runtime=272.70s placement={15: 3030, 0: 677, 16: 930, 9: 1629, 14: 843, 19: 2242, 6: 1970, 10: 2440, 5: 930, 1: 164}
2026-03-29 19:05:18,355 INFO: particles=20 iter=50 n_caps=12 minZ=0.025838 runtime=277.22s placement={0: 1012, 15: 1703, 9: 1113, 14: 1978, 20: 891, 1: 2157, 10: 1780, 5: 2657, 2: 2573}
2026-03-29 19:10:35,725 INFO: particles=20 iter=50 n_caps=13 minZ=0.025466 runtime=317.37s placement={19: 2695, 10: 1521, 14: 241, 20: 1818, 0: 54, 9: 1936, 7: 2030, 1: 2519}
2026-03-29 19:16:03,502 INFO: particles=20 iter=50 n_caps=14 minZ=0.024200 runtime=327.78s placement={10: 2304, 14: 1521, 20: 101, 0: 3335, 9: 920, 6: 1961, 1: 2048}
2026-03-29 19:21:52,098 INFO: particles=20 iter=50 n_caps=15 minZ=0.022455 runtime=348.60s placement={12: 1390, 20: 1331, 0: 1721, 9: 3010, 10: 1169, 1: 224}
2026-03-29 19:28:10,104 INFO: particles=20 iter=50 n_caps=16 minZ=0.021540 runtime=378.01s placement={20: 1402, 0: 2130, 9: 66, 10: 3019, 1: 1184}
2026-03-29 19:34:57,103 INFO: particles=20 iter=50 n_caps=17 minZ=0.019802 runtime=407.00s placement={0: 3347, 9: 1221, 10: 69, 1: 3021}
2026-03-29 19:42:15,961 INFO: particles=20 iter=50 n_caps=18 minZ=0.019609 runtime=438.86s placement={9: 1435, 10: 1221, 0: 0, 1: 3021, 15: 3347}
2026-03-29 19:49:49,893 INFO: particles=20 iter=50 n_caps=19 minZ=0.019534 runtime=453.93s placement={9: 1435, 0: 1519, 1: 69, 15: 2131}
2026-03-29 19:57:48,027 INFO: particles=20 iter=50 n_caps=20 minZ=0.018903 runtime=478.13s placement={0: 1549, 1: 1219, 15: 1565}
