2026-03-30 19:18:57,492 INFO: particles=30 iter=15 n_caps=1 minZ=0.072654 runtime=13.76s placement={0: 1320}
2026-03-30 19:19:20,685 INFO: particles=30 iter=15 n_caps=2 minZ=0.059305 runtime=23.19s placement={0: 1316, 7: 2387}
2026-03-30 19:19:53,764 INFO: particles=30 iter=15 n_caps=3 minZ=0.061861 runtime=33.08s placement={9: 1746, 10: 2266, 15: 1008}
2026-03-30 19:20:36,680 INFO: particles=30 iter=15 n_caps=4 minZ=0.045956 runtime=42.92s placement={10: 1746, 15: 2266, 0: 1008, 9: 1566}
2026-03-30 19:21:35,480 INFO: particles=30 iter=15 n_caps=5 minZ=0.046013 runtime=58.80s placement={15: 1746, 0: 1775, 9: 1008, 1: 1566}
2026-03-30 19:22:40,451 INFO: particles=30 iter=15 n_caps=6 minZ=0.036432 runtime=64.97s placement={0: 2372, 9: 2251, 1: 833}
2026-03-30 19:23:57,635 INFO: particles=30 iter=15 n_caps=7 minZ=0.035915 runtime=77.18s placement={9: 1633, 0: 0, 1: 833}
2026-03-30 19:25:28,507 INFO: particles=30 iter=15 n_caps=8 minZ=0.029605 runtime=90.87s placement={0: 1771, 1: 1891}
2026-03-30 19:27:08,691 INFO: particles=30 iter=15 n_caps=9 minZ=0.028261 runtime=100.18s placement={0: 78, 1: 1921}
2026-03-30 19:28:59,512 INFO: particles=30 iter=15 n_caps=10 minZ=0.026243 runtime=110.82s placement={0: 0, 1: 2002}
2026-03-30 19:30:57,630 INFO: particles=30 iter=15 n_caps=11 minZ=0.025164 runtime=118.12s placement={0: 0, 1: 1341}
2026-03-30 19:33:04,011 INFO: particles=30 iter=15 n_caps=12 minZ=0.024900 runtime=126.38s placement={0: 0, 1: 1341, 15: 0}
2026-03-30 19:35:24,225 INFO: particles=30 iter=15 n_caps=13 minZ=0.024644 runtime=140.21s placement={0: 0, 1: 1341, 15: 0, 7: 0}
2026-03-30 19:37:56,136 INFO: particles=30 iter=15 n_caps=14 minZ=0.023959 runtime=151.91s placement={0: 25, 1: 914, 16: 20, 6: 1054, 9: 604}
2026-03-30 19:40:42,582 INFO: particles=30 iter=15 n_caps=15 minZ=0.022784 runtime=166.45s placement={0: 0, 1: 914, 16: 34, 6: 20, 9: 25}
2026-03-30 19:43:42,123 INFO: particles=30 iter=15 n_caps=16 minZ=0.022926 runtime=179.54s placement={0: 0, 1: 914, 16: 1436, 6: 34, 9: 0, 10: 0}
2026-03-30 19:46:52,847 INFO: particles=30 iter=15 n_caps=17 minZ=0.024643 runtime=190.72s placement={0: 0, 1: 914, 16: 1662, 6: 1436, 9: 1054, 10: 604}
2026-03-30 19:50:06,769 INFO: particles=30 iter=15 n_caps=18 minZ=0.022343 runtime=193.92s placement={0: 66, 1: 914, 16: 2984, 6: 1662, 9: 20, 10: 25}
2026-03-30 19:53:31,503 INFO: particles=30 iter=15 n_caps=19 minZ=0.021433 runtime=204.73s placement={0: 363, 1: 237, 16: 1574, 6: 3144, 9: 0, 10: 0, 15: 0}
2026-03-30 19:57:16,976 INFO: particles=30 iter=15 n_caps=20 minZ=0.022135 runtime=225.47s placement={0: 58, 1: 237, 16: 310, 6: 1574, 9: 1825, 10: 1116, 15: 363, 7: 0}
