2026-03-22 16:44:31,740 INFO: particles=50 iter=50 n_caps=1 minZ=0.080251 runtime=109.97s placement={0: 1014}
2026-03-22 16:46:20,354 INFO: particles=50 iter=50 n_caps=2 minZ=0.062607 runtime=108.61s placement={0: 1530, 9: 1014}
2026-03-22 16:48:10,281 INFO: particles=50 iter=50 n_caps=3 minZ=0.051133 runtime=109.93s placement={9: 1721, 0: 1014, 7: 0}
2026-03-22 16:49:59,478 INFO: particles=50 iter=50 n_caps=4 minZ=0.060963 runtime=109.20s placement={0: 1758, 6: 1222, 9: 96, 16: 456}
2026-03-22 16:51:47,247 INFO: particles=50 iter=50 n_caps=5 minZ=0.040566 runtime=107.77s placement={5: 2421, 9: 1343, 15: 168, 7: 433, 0: 1012}
2026-03-22 16:53:36,681 INFO: particles=50 iter=50 n_caps=6 minZ=0.047849 runtime=109.43s placement={9: 2421, 15: 1343, 7: 168, 0: 433, 10: 1012, 14: 846}
2026-03-22 16:55:27,889 INFO: particles=50 iter=50 n_caps=7 minZ=0.037187 runtime=111.21s placement={15: 1822, 0: 1899, 1: 1030, 14: 679}
2026-03-22 16:57:21,344 INFO: particles=50 iter=50 n_caps=8 minZ=0.029177 runtime=113.45s placement={0: 2665, 1: 1094, 15: 847}
2026-03-22 16:59:23,913 INFO: particles=50 iter=50 n_caps=9 minZ=0.029116 runtime=122.57s placement={0: 67, 1: 1040, 15: 934}
2026-03-22 17:01:28,297 INFO: particles=50 iter=50 n_caps=10 minZ=0.026691 runtime=124.38s placement={0: 0, 15: 1044, 1: 894}
2026-03-22 17:03:33,251 INFO: particles=50 iter=50 n_caps=11 minZ=0.024911 runtime=124.95s placement={15: 1519, 0: 0, 1: 943}
2026-03-22 17:05:49,289 INFO: particles=50 iter=50 n_caps=12 minZ=0.024254 runtime=136.04s placement={0: 2599, 1: 1033}
2026-03-22 17:07:58,750 INFO: particles=50 iter=50 n_caps=13 minZ=0.022541 runtime=129.46s placement={0: 1, 1: 1016}
2026-03-22 17:10:08,625 INFO: particles=50 iter=50 n_caps=14 minZ=0.022343 runtime=129.87s placement={0: 6, 1: 1016, 7: 1}
2026-03-22 17:12:19,267 INFO: particles=50 iter=50 n_caps=15 minZ=0.022165 runtime=130.64s placement={0: 3, 1: 988, 7: 2583}
2026-03-22 17:14:41,219 INFO: particles=50 iter=50 n_caps=16 minZ=0.021697 runtime=141.95s placement={0: 6, 1: 988, 7: 0, 15: 3, 10: 0}
2026-03-22 17:16:57,404 INFO: particles=50 iter=50 n_caps=17 minZ=0.021385 runtime=136.18s placement={0: 0, 1: 987, 7: 13, 15: 6, 9: 3, 16: 0}
2026-03-22 17:19:11,575 INFO: particles=50 iter=50 n_caps=18 minZ=0.021616 runtime=134.17s placement={0: 0, 1: 987, 7: 149, 15: 1, 9: 6, 16: 3, 6: 33}
2026-03-22 17:21:24,993 INFO: particles=50 iter=50 n_caps=19 minZ=0.021605 runtime=133.42s placement={0: 0, 1: 987, 7: 2540, 15: 2580, 9: 1, 16: 6, 6: 0}
2026-03-22 17:23:45,014 INFO: particles=50 iter=50 n_caps=20 minZ=0.021460 runtime=140.02s placement={0: 0, 1: 987, 7: 1713, 15: 0, 9: 2581, 16: 1, 6: 0}
