2026-03-26 01:19:01,041 INFO: particles=80 iter=50 n_caps=1 minZ=0.085029 runtime=91.28s placement={0: 1316}
2026-03-26 01:20:35,536 INFO: particles=80 iter=50 n_caps=2 minZ=0.053158 runtime=94.49s placement={0: 1012, 5: 1752}
2026-03-26 01:22:12,564 INFO: particles=80 iter=50 n_caps=3 minZ=0.059985 runtime=97.03s placement={5: 1088, 0: 1484, 7: 433}
2026-03-26 01:23:53,308 INFO: particles=80 iter=50 n_caps=4 minZ=0.044450 runtime=100.74s placement={0: 1014, 9: 1704, 5: 662, 15: 581}
2026-03-26 01:25:36,282 INFO: particles=80 iter=50 n_caps=5 minZ=0.045861 runtime=102.97s placement={16: 1014, 5: 1493, 15: 585, 0: 685, 13: 847}
2026-03-26 01:27:26,732 INFO: particles=80 iter=50 n_caps=6 minZ=0.049116 runtime=110.45s placement={9: 1012, 15: 1492, 0: 585, 13: 607, 7: 908, 10: 2799}
2026-03-26 01:29:30,641 INFO: particles=80 iter=50 n_caps=7 minZ=0.042570 runtime=123.91s placement={14: 1016, 0: 1391, 15: 252, 7: 448, 9: 1142, 1: 2535}
2026-03-26 01:31:38,987 INFO: particles=80 iter=50 n_caps=8 minZ=0.029275 runtime=128.34s placement={0: 2007, 15: 1372, 6: 744, 1: 153, 14: 1185}
2026-03-26 01:33:47,795 INFO: particles=80 iter=50 n_caps=9 minZ=0.027923 runtime=128.81s placement={15: 892, 6: 1441, 1: 742, 14: 163, 0: 1}
2026-03-26 01:35:57,794 INFO: particles=80 iter=50 n_caps=10 minZ=0.027003 runtime=130.00s placement={6: 892, 1: 1423, 14: 742, 0: 2562}
2026-03-26 01:38:12,581 INFO: particles=80 iter=50 n_caps=11 minZ=0.023473 runtime=134.79s placement={1: 892, 14: 1899, 0: 1120}
2026-03-26 01:40:29,123 INFO: particles=80 iter=50 n_caps=12 minZ=0.022767 runtime=136.54s placement={14: 892, 0: 297, 1: 744}
2026-03-26 01:42:47,051 INFO: particles=80 iter=50 n_caps=13 minZ=0.019603 runtime=137.93s placement={0: 2359, 1: 1857}
2026-03-26 01:45:05,841 INFO: particles=80 iter=50 n_caps=14 minZ=0.019254 runtime=138.79s placement={0: 0, 1: 1857}
2026-03-26 01:47:33,405 INFO: particles=80 iter=50 n_caps=15 minZ=0.018930 runtime=147.56s placement={0: 22, 1: 1857}
2026-03-26 01:49:59,147 INFO: particles=80 iter=50 n_caps=16 minZ=0.018699 runtime=145.74s placement={0: 0, 1: 1857}
2026-03-26 01:52:10,553 INFO: particles=80 iter=50 n_caps=17 minZ=0.018414 runtime=131.41s placement={0: 22, 1: 1857}
2026-03-26 01:54:24,327 INFO: particles=80 iter=50 n_caps=18 minZ=0.018195 runtime=133.77s placement={0: 0, 1: 1857}
2026-03-26 01:56:55,128 INFO: particles=80 iter=50 n_caps=19 minZ=0.018049 runtime=150.80s placement={0: 126, 1: 1857}
2026-03-26 01:59:33,960 INFO: particles=80 iter=50 n_caps=20 minZ=0.017838 runtime=158.83s placement={0: 0, 1: 1859}
