2026-03-31 08:50:34,649 INFO: particles=30 iter=25 n_caps=1 minZ=0.062708 runtime=20.45s placement={0: 1229}
2026-03-31 08:51:13,178 INFO: particles=30 iter=25 n_caps=2 minZ=0.055210 runtime=38.53s placement={0: 1316, 14: 1101}
2026-03-31 08:52:07,900 INFO: particles=30 iter=25 n_caps=3 minZ=0.050539 runtime=54.72s placement={14: 1487, 7: 1045, 0: 1300}
2026-03-31 08:53:19,332 INFO: particles=30 iter=25 n_caps=4 minZ=0.042839 runtime=71.43s placement={7: 1490, 0: 989, 14: 822, 15: 2785}
2026-03-31 08:54:58,245 INFO: particles=30 iter=25 n_caps=5 minZ=0.041417 runtime=98.91s placement={0: 1494, 14: 990, 15: 890, 5: 2564, 10: 1263}
2026-03-31 08:56:50,061 INFO: particles=30 iter=25 n_caps=6 minZ=0.041463 runtime=111.82s placement={15: 1490, 14: 1012, 5: 841, 10: 2571, 0: 1300, 16: 12}
2026-03-31 08:59:05,477 INFO: particles=30 iter=25 n_caps=7 minZ=0.042888 runtime=135.42s placement={15: 1571, 5: 1008, 14: 701, 0: 2561, 16: 911, 7: 0, 9: 2443}
2026-03-31 09:01:31,947 INFO: particles=30 iter=25 n_caps=8 minZ=0.039392 runtime=146.47s placement={5: 1507, 15: 1030, 0: 677, 16: 2521, 7: 940, 9: 0, 8: 2897, 6: 2505}
2026-03-31 09:04:22,412 INFO: particles=30 iter=25 n_caps=9 minZ=0.036111 runtime=170.46s placement={15: 1280, 0: 1012, 14: 0, 4: 2183, 7: 1163, 9: 0, 5: 2264, 6: 2400, 16: 1596}
2026-03-31 09:07:21,262 INFO: particles=30 iter=25 n_caps=10 minZ=0.033326 runtime=178.85s placement={0: 2002, 1: 2859, 8: 771, 10: 1808, 6: 0, 14: 2436, 7: 2144}
2026-03-31 09:10:41,849 INFO: particles=30 iter=25 n_caps=11 minZ=0.029590 runtime=200.59s placement={0: 807, 8: 2576, 1: 2572, 6: 1721, 9: 1864, 13: 1152, 7: 1949}
2026-03-31 09:14:23,771 INFO: particles=30 iter=25 n_caps=12 minZ=0.025843 runtime=221.92s placement={8: 982, 0: 784, 6: 2732, 9: 1665, 1: 2037, 15: 2404, 5: 0}
2026-03-31 09:18:24,866 INFO: particles=30 iter=25 n_caps=13 minZ=0.022273 runtime=241.09s placement={0: 1371, 5: 2056, 9: 2723, 1: 1564, 16: 1971, 6: 785}
2026-03-31 09:22:38,856 INFO: particles=30 iter=25 n_caps=14 minZ=0.021759 runtime=253.99s placement={5: 980, 9: 2056, 0: 0, 16: 1564, 1: 1971, 6: 2443}
2026-03-31 09:27:20,227 INFO: particles=30 iter=25 n_caps=15 minZ=0.021765 runtime=281.37s placement={9: 980, 0: 984, 16: 2723, 1: 1564, 5: 799}
2026-03-31 09:32:11,664 INFO: particles=30 iter=25 n_caps=16 minZ=0.021222 runtime=291.44s placement={0: 1595, 16: 2056, 1: 2723, 5: 1126}
2026-03-31 09:37:27,155 INFO: particles=30 iter=25 n_caps=17 minZ=0.022060 runtime=315.49s placement={16: 980, 0: 0, 1: 2723, 5: 1012}
2026-03-31 09:42:50,884 INFO: particles=30 iter=25 n_caps=18 minZ=0.019561 runtime=323.73s placement={0: 2735, 1: 1803, 5: 2421}
2026-03-31 09:48:40,930 INFO: particles=30 iter=25 n_caps=19 minZ=0.019360 runtime=350.05s placement={0: 0, 1: 1803, 5: 1956}
2026-03-31 09:54:40,359 INFO: particles=30 iter=25 n_caps=20 minZ=0.019357 runtime=359.43s placement={0: 0, 1: 1803, 5: 1573, 9: 0}
