2026-03-20 07:35:59,676 INFO: particles=30 iter=10 n_caps=1 minZ=0.094622 runtime=12.80s placement={16: 1014}
2026-03-20 07:36:12,748 INFO: particles=30 iter=10 n_caps=2 minZ=0.083941 runtime=13.07s placement={9: 1014, 10: 2775}
2026-03-20 07:36:26,088 INFO: particles=30 iter=10 n_caps=3 minZ=0.070344 runtime=13.34s placement={9: 890, 10: 1014, 19: 1774}
2026-03-20 07:36:39,674 INFO: particles=30 iter=10 n_caps=4 minZ=0.063400 runtime=13.59s placement={9: 1012, 20: 2462, 7: 2669, 0: 1791}
2026-03-20 07:36:53,518 INFO: particles=30 iter=10 n_caps=5 minZ=0.066823 runtime=13.84s placement={20: 0, 14: 600, 0: 2087, 6: 1631, 5: 2118}
2026-03-20 07:37:07,553 INFO: particles=30 iter=10 n_caps=6 minZ=0.057623 runtime=14.03s placement={15: 891, 0: 1268, 7: 1634, 5: 868, 10: 2001, 18: 3347}
2026-03-20 07:37:21,856 INFO: particles=30 iter=10 n_caps=7 minZ=0.047752 runtime=14.30s placement={0: 2799, 9: 1997, 7: 1514, 10: 1433, 16: 1645, 1: 3347}
2026-03-20 07:37:36,414 INFO: particles=30 iter=10 n_caps=8 minZ=0.047817 runtime=14.56s placement={9: 890, 7: 1997, 10: 1498, 15: 1410, 0: 299, 1: 3347}
2026-03-20 07:37:51,219 INFO: particles=30 iter=10 n_caps=9 minZ=0.046876 runtime=14.80s placement={0: 3242, 11: 1965, 15: 618, 1: 1059, 16: 287, 17: 2170}
2026-03-20 07:38:06,300 INFO: particles=30 iter=10 n_caps=10 minZ=0.033456 runtime=15.08s placement={20: 550, 19: 2642, 0: 11, 1: 808, 10: 3341, 14: 825}
2026-03-20 07:38:21,550 INFO: particles=30 iter=10 n_caps=11 minZ=0.034487 runtime=15.25s placement={19: 550, 0: 3347, 1: 686, 10: 3040, 14: 3341}
2026-03-20 07:38:37,051 INFO: particles=30 iter=10 n_caps=12 minZ=0.030338 runtime=15.50s placement={0: 3190, 1: 2368, 7: 996, 16: 3105, 20: 3347}
2026-03-20 07:38:52,766 INFO: particles=30 iter=10 n_caps=13 minZ=0.030425 runtime=15.72s placement={0: 0, 1: 2368, 7: 990, 16: 996, 20: 0}
2026-03-20 07:39:08,737 INFO: particles=30 iter=10 n_caps=14 minZ=0.030643 runtime=15.97s placement={0: 0, 1: 2315, 7: 585, 15: 916, 20: 1752}
2026-03-20 07:39:24,976 INFO: particles=30 iter=10 n_caps=15 minZ=0.031420 runtime=16.24s placement={0: 0, 7: 2315, 15: 585, 1: 916, 20: 1322, 5: 0}
2026-03-20 07:39:41,440 INFO: particles=30 iter=10 n_caps=16 minZ=0.031147 runtime=16.46s placement={7: 1045, 15: 2315, 0: 0, 1: 916, 20: 3347, 5: 0}
2026-03-20 07:39:58,167 INFO: particles=30 iter=10 n_caps=17 minZ=0.027825 runtime=16.73s placement={15: 1045, 0: 1328, 1: 585, 20: 3222, 5: 0, 10: 0}
2026-03-20 07:40:15,176 INFO: particles=30 iter=10 n_caps=18 minZ=0.029249 runtime=17.01s placement={0: 1229, 1: 2607, 20: 21, 4: 3347, 9: 0, 5: 3127}
2026-03-20 07:40:32,313 INFO: particles=30 iter=10 n_caps=19 minZ=0.027306 runtime=17.14s placement={0: 0, 1: 2508, 20: 1131, 4: 3347, 9: 0, 5: 1205}
2026-03-20 07:40:49,688 INFO: particles=30 iter=10 n_caps=20 minZ=0.027957 runtime=17.38s placement={0: 3040, 1: 2465, 20: 863, 4: 0, 10: 0, 2: 0, 6: 0, 5: 0}
