2026-03-22 02:00:28,805 INFO: particles=80 iter=50 n_caps=1 minZ=0.080251 runtime=171.66s placement={0: 1014}
2026-03-22 02:03:24,786 INFO: particles=80 iter=50 n_caps=2 minZ=0.065457 runtime=175.98s placement={9: 1126, 0: 1384}
2026-03-22 02:06:22,293 INFO: particles=80 iter=50 n_caps=3 minZ=0.046122 runtime=177.51s placement={0: 1014, 9: 1334, 10: 1281}
2026-03-22 02:09:23,450 INFO: particles=80 iter=50 n_caps=4 minZ=0.053414 runtime=181.16s placement={9: 1012, 10: 1344, 0: 1281, 6: 0}
2026-03-22 02:12:27,927 INFO: particles=80 iter=50 n_caps=5 minZ=0.049067 runtime=184.48s placement={10: 1012, 0: 1344, 6: 893, 7: 0, 9: 1573}
2026-03-22 02:15:34,677 INFO: particles=80 iter=50 n_caps=6 minZ=0.038628 runtime=186.75s placement={0: 1012, 6: 1352, 7: 893, 10: 0, 14: 1582, 5: 1397}
2026-03-22 02:18:46,811 INFO: particles=80 iter=50 n_caps=7 minZ=0.041904 runtime=192.13s placement={7: 1117, 4: 1472, 10: 868, 16: 394, 5: 1568, 0: 1012, 9: 4}
2026-03-22 02:22:08,141 INFO: particles=80 iter=50 n_caps=8 minZ=0.029582 runtime=201.33s placement={0: 1498, 14: 2139, 19: 857, 1: 0}
2026-03-22 02:25:25,287 INFO: particles=80 iter=50 n_caps=9 minZ=0.027792 runtime=197.15s placement={11: 610, 19: 674, 0: 14, 1: 0}
2026-03-22 02:28:45,481 INFO: particles=80 iter=50 n_caps=10 minZ=0.025257 runtime=200.19s placement={19: 721, 0: 1843, 1: 799, 7: 13}
2026-03-22 02:32:09,839 INFO: particles=80 iter=50 n_caps=11 minZ=0.024572 runtime=204.36s placement={0: 3192, 1: 295}
2026-03-22 02:35:38,045 INFO: particles=80 iter=50 n_caps=12 minZ=0.021785 runtime=208.21s placement={0: 149, 1: 300}
2026-03-22 02:39:08,822 INFO: particles=80 iter=50 n_caps=13 minZ=0.020564 runtime=210.78s placement={0: 149, 1: 302, 7: 0}
2026-03-22 02:42:42,507 INFO: particles=80 iter=50 n_caps=14 minZ=0.019390 runtime=213.68s placement={0: 253, 1: 302, 7: 147}
2026-03-22 02:46:19,486 INFO: particles=80 iter=50 n_caps=15 minZ=0.018061 runtime=216.98s placement={0: 0, 1: 347, 7: 3186}
2026-03-22 02:49:59,744 INFO: particles=80 iter=50 n_caps=16 minZ=0.017960 runtime=220.26s placement={0: 0, 1: 347, 7: 1718}
2026-03-22 02:53:58,232 INFO: particles=80 iter=50 n_caps=17 minZ=0.017689 runtime=238.49s placement={0: 0, 1: 347, 7: 13}
2026-03-22 02:57:59,014 INFO: particles=80 iter=50 n_caps=18 minZ=0.017677 runtime=240.78s placement={0: 0, 1: 347, 7: 2016}
2026-03-22 03:01:47,293 INFO: particles=80 iter=50 n_caps=19 minZ=0.017594 runtime=228.28s placement={0: 0, 1: 347, 7: 1676}
2026-03-22 03:05:37,153 INFO: particles=80 iter=50 n_caps=20 minZ=0.018922 runtime=229.86s placement={0: 0, 1: 347, 7: 1012}
