2026-03-21 17:00:21,505 INFO: particles=80 iter=50 n_caps=1 minZ=0.080251 runtime=169.33s placement={0: 1014}
2026-03-21 17:03:14,608 INFO: particles=80 iter=50 n_caps=2 minZ=0.052679 runtime=173.10s placement={0: 1012, 5: 1517}
2026-03-21 17:06:11,293 INFO: particles=80 iter=50 n_caps=3 minZ=0.053323 runtime=176.68s placement={9: 1012, 7: 1226, 0: 686}
2026-03-21 17:09:11,320 INFO: particles=80 iter=50 n_caps=4 minZ=0.052219 runtime=180.03s placement={7: 1014, 0: 1169, 9: 654, 10: 1535}
2026-03-21 17:12:15,258 INFO: particles=80 iter=50 n_caps=5 minZ=0.039396 runtime=183.94s placement={0: 1012, 9: 1371, 10: 596, 6: 2510, 14: 1392}
2026-03-21 17:15:22,578 INFO: particles=80 iter=50 n_caps=6 minZ=0.039426 runtime=187.32s placement={9: 1012, 10: 1600, 5: 594, 14: 2604, 0: 1014, 6: 0}
2026-03-21 17:18:34,052 INFO: particles=80 iter=50 n_caps=7 minZ=0.031411 runtime=191.47s placement={0: 2037, 1: 86}
2026-03-21 17:21:47,123 INFO: particles=80 iter=50 n_caps=8 minZ=0.029533 runtime=193.07s placement={1: 1408, 0: 2514, 7: 0}
2026-03-21 17:25:04,241 INFO: particles=80 iter=50 n_caps=9 minZ=0.029257 runtime=197.12s placement={0: 186, 1: 34, 7: 3113}
2026-03-21 17:28:23,578 INFO: particles=80 iter=50 n_caps=10 minZ=0.028541 runtime=199.34s placement={0: 0, 1: 34, 7: 81}
2026-03-21 17:31:47,453 INFO: particles=80 iter=50 n_caps=11 minZ=0.029144 runtime=203.87s placement={0: 213, 1: 25, 7: 1097}
2026-03-21 17:35:14,342 INFO: particles=80 iter=50 n_caps=12 minZ=0.026042 runtime=206.89s placement={0: 150, 1: 73, 10: 1914}
2026-03-21 17:38:44,536 INFO: particles=80 iter=50 n_caps=13 minZ=0.023324 runtime=210.19s placement={0: 0, 1: 73, 10: 384}
2026-03-21 17:42:16,969 INFO: particles=80 iter=50 n_caps=14 minZ=0.020862 runtime=212.43s placement={0: 0, 10: 75, 1: 457, 7: 0}
2026-03-21 17:45:53,107 INFO: particles=80 iter=50 n_caps=15 minZ=0.021441 runtime=216.14s placement={10: 1012, 0: 0, 1: 459, 7: 0}
2026-03-21 17:49:32,974 INFO: particles=80 iter=50 n_caps=16 minZ=0.019736 runtime=219.87s placement={0: 1774, 1: 84, 7: 94}
2026-03-21 17:53:15,214 INFO: particles=80 iter=50 n_caps=17 minZ=0.019392 runtime=222.24s placement={0: 0, 1: 92, 7: 329}
2026-03-21 17:57:00,716 INFO: particles=80 iter=50 n_caps=18 minZ=0.020628 runtime=225.50s placement={0: 0, 1: 92, 7: 434}
2026-03-21 18:00:48,967 INFO: particles=80 iter=50 n_caps=19 minZ=0.019439 runtime=228.25s placement={0: 0, 1: 92, 7: 301}
2026-03-21 18:04:40,402 INFO: particles=80 iter=50 n_caps=20 minZ=0.018505 runtime=231.43s placement={0: 0, 1: 92, 7: 1012}
