2026-04-01 20:46:21,545 INFO: particles=20 iter=15 n_caps=1 minZ=0.089207 runtime=14.57s placement={0: 1487}
2026-04-01 20:46:36,028 INFO: particles=20 iter=15 n_caps=2 minZ=0.085951 runtime=14.48s placement={0: 1518, 7: 0}
2026-04-01 20:46:51,543 INFO: particles=20 iter=15 n_caps=3 minZ=0.051513 runtime=15.52s placement={9: 832, 14: 1467, 0: 1014}
2026-04-01 20:47:06,810 INFO: particles=20 iter=15 n_caps=4 minZ=0.058692 runtime=15.27s placement={14: 832, 0: 1467, 9: 1014, 5: 1572}
2026-04-01 20:47:21,766 INFO: particles=20 iter=15 n_caps=5 minZ=0.049964 runtime=14.96s placement={0: 1012, 10: 3347, 5: 731, 1: 1155, 16: 1894}
2026-04-01 20:47:36,018 INFO: particles=20 iter=15 n_caps=6 minZ=0.060159 runtime=14.25s placement={10: 982, 5: 3347, 0: 849, 15: 1297, 9: 1895, 16: 0}
2026-04-01 20:47:51,978 INFO: particles=20 iter=15 n_caps=7 minZ=0.056591 runtime=15.96s placement={0: 1085, 2: 1538, 14: 1707, 7: 351, 15: 1871, 17: 179, 10: 2116}
2026-04-01 20:48:07,775 INFO: particles=20 iter=15 n_caps=8 minZ=0.055239 runtime=15.80s placement={1: 664, 14: 1445, 9: 1593, 8: 0, 10: 736, 11: 747, 0: 2006, 7: 1499}
2026-04-01 20:48:23,780 INFO: particles=20 iter=15 n_caps=9 minZ=0.050465 runtime=16.00s placement={16: 956, 9: 525, 5: 983, 7: 0, 14: 1016, 0: 890, 6: 1644, 15: 127}
2026-04-01 20:48:39,391 INFO: particles=20 iter=15 n_caps=10 minZ=0.040343 runtime=15.61s placement={8: 287, 9: 558, 6: 318, 17: 74, 0: 2838, 1: 1081, 2: 1684, 15: 1671, 7: 91}
2026-04-01 20:48:56,628 INFO: particles=20 iter=15 n_caps=11 minZ=0.035284 runtime=17.24s placement={8: 83, 5: 1200, 15: 13, 0: 557, 1: 583, 18: 1326, 13: 1710, 6: 3010}
2026-04-01 20:49:13,483 INFO: particles=20 iter=15 n_caps=12 minZ=0.037409 runtime=16.85s placement={0: 2817, 9: 1196, 1: 0, 19: 893, 11: 1141, 5: 15, 8: 532, 20: 1162}
2026-04-01 20:49:30,581 INFO: particles=20 iter=15 n_caps=13 minZ=0.030062 runtime=17.10s placement={14: 439, 0: 1015, 1: 0, 15: 773, 5: 2100, 4: 2379, 7: 3347, 20: 504, 18: 385}
2026-04-01 20:49:47,848 INFO: particles=20 iter=15 n_caps=14 minZ=0.033678 runtime=17.27s placement={0: 1126, 1: 1591, 2: 393, 16: 376, 5: 3347, 4: 0, 7: 1200, 20: 3347, 11: 915, 8: 2236}
2026-04-01 20:50:05,323 INFO: particles=20 iter=15 n_caps=15 minZ=0.028256 runtime=17.47s placement={2: 1415, 0: 3347, 13: 624, 3: 173, 1: 3347, 8: 3347, 20: 195, 9: 1576, 6: 708, 7: 0}
2026-04-01 20:50:23,096 INFO: particles=20 iter=15 n_caps=16 minZ=0.034077 runtime=17.77s placement={0: 595, 14: 1248, 6: 755, 1: 0, 16: 221, 8: 3041, 2: 248, 3: 0, 9: 893, 7: 3347, 11: 0, 17: 0}
2026-04-01 20:50:40,953 INFO: particles=20 iter=15 n_caps=17 minZ=0.034313 runtime=17.86s placement={14: 302, 15: 1052, 0: 845, 1: 0, 16: 1542, 10: 59, 6: 1272, 7: 780, 8: 3347, 19: 0, 5: 189, 11: 130}
2026-04-01 20:50:58,969 INFO: particles=20 iter=15 n_caps=18 minZ=0.034999 runtime=18.02s placement={10: 226, 1: 1536, 0: 1853, 8: 2099, 11: 1507, 5: 2079, 17: 0, 14: 936, 9: 656, 20: 3347, 7: 0, 15: 11, 2: 79, 18: 2280}
2026-04-01 20:51:18,316 INFO: particles=20 iter=15 n_caps=19 minZ=0.033675 runtime=19.35s placement={0: 1770, 1: 1023, 9: 0, 10: 3347, 5: 456, 16: 1124, 15: 1791, 11: 1150, 20: 674, 12: 0, 17: 30}
2026-04-01 20:51:37,235 INFO: particles=20 iter=15 n_caps=20 minZ=0.026320 runtime=18.92s placement={19: 793, 0: 1749, 10: 1359, 11: 381, 1: 3347, 16: 3347, 15: 161, 13: 1848, 17: 1150, 7: 919, 12: 3347, 14: 84, 18: 111}
