2026-04-01 20:19:32,551 INFO: particles=20 iter=10 n_caps=1 minZ=0.110900 runtime=11.20s placement={5: 983}
2026-04-01 20:19:44,334 INFO: particles=20 iter=10 n_caps=2 minZ=0.069599 runtime=11.78s placement={0: 998, 10: 1121}
2026-04-01 20:19:57,130 INFO: particles=20 iter=10 n_caps=3 minZ=0.068403 runtime=12.80s placement={6: 1245, 0: 1899, 5: 2275}
2026-04-01 20:20:10,988 INFO: particles=20 iter=10 n_caps=4 minZ=0.062113 runtime=13.86s placement={0: 1245, 5: 1899, 9: 2275, 10: 1092}
2026-04-01 20:20:25,055 INFO: particles=20 iter=10 n_caps=5 minZ=0.064376 runtime=14.07s placement={5: 967, 11: 1712, 9: 1502, 0: 2035, 6: 0}
2026-04-01 20:20:40,370 INFO: particles=20 iter=10 n_caps=6 minZ=0.058285 runtime=15.31s placement={14: 1012, 7: 1306, 0: 1501, 10: 1086, 8: 171, 11: 835}
2026-04-01 20:20:56,388 INFO: particles=20 iter=10 n_caps=7 minZ=0.055396 runtime=16.02s placement={5: 770, 0: 1870, 10: 1551, 6: 1085, 11: 0, 16: 555, 2: 1754}
2026-04-01 20:21:12,910 INFO: particles=20 iter=10 n_caps=8 minZ=0.052673 runtime=16.52s placement={0: 1047, 13: 1966, 5: 1341, 15: 794, 10: 677, 3: 157, 16: 1554, 7: 1122}
2026-04-01 20:21:30,910 INFO: particles=20 iter=10 n_caps=9 minZ=0.054262 runtime=18.00s placement={0: 1282, 4: 457, 15: 767, 10: 83, 6: 2230, 13: 3347, 11: 1460, 5: 613, 1: 3347}
2026-04-01 20:21:49,072 INFO: particles=20 iter=10 n_caps=10 minZ=0.050089 runtime=18.16s placement={6: 523, 0: 2098, 11: 649, 9: 82, 15: 3156, 10: 1452, 1: 2063, 18: 2988, 14: 325}
2026-04-01 20:22:07,755 INFO: particles=20 iter=10 n_caps=11 minZ=0.046280 runtime=18.68s placement={0: 1688, 1: 2387, 5: 2370, 8: 185, 9: 1929, 20: 2861, 14: 3229, 7: 42, 12: 454}
2026-04-01 20:22:25,815 INFO: particles=20 iter=10 n_caps=12 minZ=0.044257 runtime=18.06s placement={0: 685, 5: 2514, 7: 2356, 1: 155, 20: 1627, 8: 170, 9: 3347, 15: 5, 6: 0}
2026-04-01 20:22:45,348 INFO: particles=20 iter=10 n_caps=13 minZ=0.033992 runtime=19.53s placement={0: 843, 10: 3116, 1: 2119, 17: 3347, 2: 2328, 7: 278, 16: 3347, 14: 0, 9: 1456, 6: 116}
2026-04-01 20:23:06,047 INFO: particles=20 iter=10 n_caps=14 minZ=0.038974 runtime=20.70s placement={6: 1103, 0: 1014, 1: 2208, 20: 71, 11: 2259, 15: 0, 19: 2536, 9: 0, 7: 367}
2026-04-01 20:23:26,935 INFO: particles=20 iter=10 n_caps=15 minZ=0.035115 runtime=20.89s placement={0: 0, 1: 2816, 20: 0, 11: 3329, 15: 2099, 18: 51, 10: 2534, 6: 0, 19: 1100, 17: 98, 7: 1115}
2026-04-01 20:23:47,979 INFO: particles=20 iter=10 n_caps=16 minZ=0.041980 runtime=21.04s placement={0: 1160, 1: 2637, 19: 2127, 7: 132, 15: 3339, 10: 2023, 8: 0, 6: 2257, 20: 36, 16: 849, 5: 215, 14: 1119, 17: 0}
2026-04-01 20:24:15,434 INFO: particles=20 iter=10 n_caps=17 minZ=0.030969 runtime=27.45s placement={0: 13, 10: 2604, 1: 1899, 8: 0, 19: 137, 7: 3188, 6: 0, 17: 256, 15: 487, 5: 2958, 14: 82, 18: 227, 9: 102}
2026-04-01 20:24:43,621 INFO: particles=20 iter=10 n_caps=18 minZ=0.041753 runtime=28.19s placement={10: 1315, 0: 875, 11: 1501, 20: 0, 4: 0, 1: 3213, 6: 0, 16: 0, 15: 276, 5: 448, 14: 2964, 17: 88, 9: 226, 7: 89, 18: 0}
2026-04-01 20:25:13,437 INFO: particles=20 iter=10 n_caps=19 minZ=0.040546 runtime=29.82s placement={0: 1758, 10: 2371, 20: 1501, 4: 0, 1: 0, 6: 89, 16: 875, 15: 0, 5: 276, 14: 448, 17: 2964, 9: 88, 7: 226, 18: 0}
2026-04-01 20:25:42,502 INFO: particles=20 iter=10 n_caps=20 minZ=0.039787 runtime=29.06s placement={9: 2536, 0: 3167, 1: 0, 3: 0, 13: 3347, 8: 0, 14: 1960, 18: 479, 5: 118, 7: 2414, 20: 262, 6: 891, 10: 95, 19: 3161, 16: 1627}
