2026-04-02 10:52:16,590 INFO: particles=20 iter=50 n_caps=1 minZ=0.080251 runtime=44.67s placement={0: 1014}
2026-04-02 10:53:02,483 INFO: particles=20 iter=50 n_caps=2 minZ=0.077986 runtime=45.89s placement={0: 1004, 7: 838}
2026-04-02 10:53:52,978 INFO: particles=20 iter=50 n_caps=3 minZ=0.063391 runtime=50.49s placement={7: 1001, 0: 1316, 6: 150}
2026-04-02 10:54:49,232 INFO: particles=20 iter=50 n_caps=4 minZ=0.044310 runtime=56.25s placement={0: 1014, 16: 1567, 6: 163, 9: 1101}
2026-04-02 10:55:43,978 INFO: particles=20 iter=50 n_caps=5 minZ=0.053317 runtime=54.75s placement={16: 1014, 5: 1564, 9: 171, 0: 1102, 6: 0}
2026-04-02 10:56:41,620 INFO: particles=20 iter=50 n_caps=6 minZ=0.052139 runtime=57.64s placement={7: 930, 9: 1632, 0: 899, 10: 1804, 8: 144, 14: 2564}
2026-04-02 10:57:38,394 INFO: particles=20 iter=50 n_caps=7 minZ=0.038844 runtime=56.77s placement={9: 898, 0: 1012, 10: 923, 6: 1804, 12: 152, 14: 2569, 7: 1213}
2026-04-02 10:58:41,635 INFO: particles=20 iter=50 n_caps=8 minZ=0.043138 runtime=63.24s placement={0: 898, 9: 1014, 6: 915, 12: 1804, 14: 150, 7: 2604, 1: 1211, 10: 1505}
2026-04-02 10:59:39,574 INFO: particles=20 iter=50 n_caps=9 minZ=0.039388 runtime=57.94s placement={0: 1014, 17: 1509, 13: 979, 9: 1781, 6: 216, 1: 2754, 10: 909, 5: 799, 15: 0}
2026-04-02 11:00:37,690 INFO: particles=20 iter=50 n_caps=10 minZ=0.040097 runtime=58.12s placement={17: 919, 14: 1510, 9: 1758, 6: 1750, 0: 1014, 10: 2765, 7: 1076, 15: 0, 5: 0, 16: 0}
2026-04-02 11:01:37,238 INFO: particles=20 iter=50 n_caps=11 minZ=0.032840 runtime=59.55s placement={13: 79, 1: 1519, 0: 867, 16: 426, 7: 867, 14: 1370, 20: 2561}
2026-04-02 11:02:40,476 INFO: particles=20 iter=50 n_caps=12 minZ=0.028198 runtime=63.24s placement={1: 50, 0: 1538, 16: 856, 6: 858, 14: 1230, 20: 3195, 9: 971}
2026-04-02 11:03:37,277 INFO: particles=20 iter=50 n_caps=13 minZ=0.027467 runtime=56.80s placement={0: 498, 18: 1268, 1: 1948, 6: 215, 19: 2002, 5: 2817}
2026-04-02 11:04:35,641 INFO: particles=20 iter=50 n_caps=14 minZ=0.027089 runtime=58.36s placement={18: 1244, 0: 498, 6: 1948, 1: 205, 19: 1400, 5: 1353, 15: 0}
2026-04-02 11:05:37,720 INFO: particles=20 iter=50 n_caps=15 minZ=0.025096 runtime=62.08s placement={0: 0, 6: 1281, 1: 3024, 19: 691, 4: 1998, 15: 496, 2: 3149}
2026-04-02 11:06:36,461 INFO: particles=20 iter=50 n_caps=16 minZ=0.025676 runtime=58.74s placement={6: 1170, 0: 0, 1: 3176, 19: 386, 16: 1419, 2: 0}
2026-04-02 11:07:38,944 INFO: particles=20 iter=50 n_caps=17 minZ=0.023314 runtime=62.48s placement={0: 433, 1: 1468, 19: 310, 15: 22, 3: 0}
2026-04-02 11:08:40,184 INFO: particles=20 iter=50 n_caps=18 minZ=0.020566 runtime=61.24s placement={0: 0, 1: 1626, 20: 3343, 15: 276}
2026-04-02 11:09:48,704 INFO: particles=20 iter=50 n_caps=19 minZ=0.021181 runtime=68.52s placement={0: 0, 20: 1626, 1: 3343, 15: 922}
2026-04-02 11:10:56,691 INFO: particles=20 iter=50 n_caps=20 minZ=0.019206 runtime=67.99s placement={20: 1393, 0: 0, 1: 3343, 15: 2376}
