2026-04-02 00:42:00,222 INFO: particles=20 iter=25 n_caps=1 minZ=0.097060 runtime=24.93s placement={0: 974}
2026-04-02 00:42:26,677 INFO: particles=20 iter=25 n_caps=2 minZ=0.070285 runtime=26.45s placement={0: 1384, 9: 1686}
2026-04-02 00:42:56,535 INFO: particles=20 iter=25 n_caps=3 minZ=0.063078 runtime=29.86s placement={0: 1456, 9: 3061, 10: 1012}
2026-04-02 00:43:26,948 INFO: particles=20 iter=25 n_caps=4 minZ=0.048685 runtime=30.41s placement={9: 1456, 10: 3061, 0: 1012, 6: 0}
2026-04-02 00:43:58,624 INFO: particles=20 iter=25 n_caps=5 minZ=0.057075 runtime=31.68s placement={10: 1344, 0: 1751, 6: 1653, 15: 94, 5: 1574}
2026-04-02 00:44:30,342 INFO: particles=20 iter=25 n_caps=6 minZ=0.042988 runtime=31.72s placement={0: 2134, 4: 1739, 16: 2565, 6: 1118, 1: 3148}
2026-04-02 00:45:07,498 INFO: particles=20 iter=25 n_caps=7 minZ=0.043182 runtime=37.15s placement={0: 2950, 1: 2436, 5: 2056, 9: 2538, 12: 3184}
2026-04-02 00:45:45,374 INFO: particles=20 iter=25 n_caps=8 minZ=0.042552 runtime=37.88s placement={1: 1797, 5: 2436, 0: 3184, 9: 2950, 12: 2538, 7: 118}
2026-04-02 00:46:22,714 INFO: particles=20 iter=25 n_caps=9 minZ=0.043476 runtime=37.34s placement={0: 1267, 1: 2149, 10: 970, 8: 2706, 9: 3347, 7: 745, 15: 66}
2026-04-02 00:46:51,551 INFO: particles=20 iter=25 n_caps=10 minZ=0.036822 runtime=28.84s placement={0: 509, 1: 1678, 5: 1241, 9: 1729, 6: 2344, 18: 663, 11: 1402}
2026-04-02 00:47:21,179 INFO: particles=20 iter=25 n_caps=11 minZ=0.033772 runtime=29.63s placement={0: 0, 2: 1810, 9: 1417, 1: 1507, 18: 2626, 10: 0, 15: 1407}
2026-04-02 00:47:51,683 INFO: particles=20 iter=25 n_caps=12 minZ=0.033013 runtime=30.50s placement={0: 1338, 1: 1563, 2: 113, 9: 726, 3: 0, 8: 209, 7: 0}
2026-04-02 00:48:22,303 INFO: particles=20 iter=25 n_caps=13 minZ=0.030905 runtime=30.62s placement={0: 0, 1: 1548, 4: 2395, 9: 1270, 6: 128}
2026-04-02 00:48:55,506 INFO: particles=20 iter=25 n_caps=14 minZ=0.029290 runtime=33.20s placement={0: 0, 1: 1791, 4: 14, 7: 0, 8: 1200, 5: 8}
2026-04-02 00:49:28,521 INFO: particles=20 iter=25 n_caps=15 minZ=0.028328 runtime=33.01s placement={0: 0, 1: 1791, 4: 3347, 7: 1277, 8: 0, 5: 0}
2026-04-02 00:50:03,887 INFO: particles=20 iter=25 n_caps=16 minZ=0.026159 runtime=35.37s placement={1: 1737, 0: 612, 7: 1558, 8: 1968, 2: 0, 6: 488, 16: 0, 17: 0}
2026-04-02 00:50:41,722 INFO: particles=20 iter=25 n_caps=17 minZ=0.026035 runtime=37.83s placement={0: 253, 1: 1693, 7: 753, 6: 1626, 2: 1940, 5: 83, 16: 614, 17: 0}
2026-04-02 00:51:18,481 INFO: particles=20 iter=25 n_caps=18 minZ=0.025599 runtime=36.76s placement={0: 46, 1: 1693, 7: 3347, 6: 753, 2: 1626, 5: 841, 16: 0, 17: 614}
2026-04-02 00:51:51,646 INFO: particles=20 iter=25 n_caps=19 minZ=0.026052 runtime=33.16s placement={0: 314, 1: 1246, 7: 761, 3: 3347, 5: 0, 15: 387, 17: 0, 18: 24, 10: 0}
2026-04-02 00:52:26,460 INFO: particles=20 iter=25 n_caps=20 minZ=0.026409 runtime=34.81s placement={0: 342, 1: 704, 9: 831, 3: 82, 16: 0, 17: 261, 15: 351, 4: 0, 20: 0, 14: 0}
