2026-03-29 13:54:01,519 INFO: particles=20 iter=15 n_caps=1 minZ=0.072847 runtime=7.99s placement={0: 1541}
2026-03-29 13:54:16,123 INFO: particles=20 iter=15 n_caps=2 minZ=0.057304 runtime=14.60s placement={0: 1230, 10: 3109}
2026-03-29 13:54:37,546 INFO: particles=20 iter=15 n_caps=3 minZ=0.046991 runtime=21.42s placement={6: 2045, 0: 1014, 7: 3347}
2026-03-29 13:55:06,452 INFO: particles=20 iter=15 n_caps=4 minZ=0.053193 runtime=28.91s placement={0: 2069, 10: 1723, 16: 3347, 7: 1661}
2026-03-29 13:55:41,057 INFO: particles=20 iter=15 n_caps=5 minZ=0.049847 runtime=34.60s placement={7: 2516, 0: 1465, 12: 480, 9: 969, 1: 2207}
2026-03-29 13:56:22,658 INFO: particles=20 iter=15 n_caps=6 minZ=0.042883 runtime=41.60s placement={0: 1844, 15: 764, 1: 0, 16: 3347}
2026-03-29 13:57:10,471 INFO: particles=20 iter=15 n_caps=7 minZ=0.040453 runtime=47.81s placement={15: 1361, 0: 0, 1: 0, 9: 1031}
2026-03-29 13:58:09,517 INFO: particles=20 iter=15 n_caps=8 minZ=0.035408 runtime=59.05s placement={0: 1760, 1: 868, 10: 0, 4: 0, 9: 2531}
2026-03-29 13:59:14,455 INFO: particles=20 iter=15 n_caps=9 minZ=0.029111 runtime=64.94s placement={0: 696, 1: 953, 7: 0, 15: 2514}
2026-03-29 14:00:24,258 INFO: particles=20 iter=15 n_caps=10 minZ=0.029359 runtime=69.80s placement={0: 990, 1: 1017, 9: 1161, 17: 0, 7: 2505, 16: 0}
2026-03-29 14:01:40,027 INFO: particles=20 iter=15 n_caps=11 minZ=0.031953 runtime=75.77s placement={0: 0, 1: 1017, 9: 3347, 17: 1161, 7: 0, 16: 990, 15: 0}
2026-03-29 14:03:02,269 INFO: particles=20 iter=15 n_caps=12 minZ=0.029917 runtime=82.24s placement={0: 0, 1: 1017, 9: 2351, 17: 3347, 7: 1161, 16: 2505, 15: 0}
2026-03-29 14:04:29,559 INFO: particles=20 iter=15 n_caps=13 minZ=0.031108 runtime=87.29s placement={0: 0, 1: 1017, 9: 0, 17: 2351, 7: 3347, 16: 0, 15: 990}
2026-03-29 14:06:11,907 INFO: particles=20 iter=15 n_caps=14 minZ=0.028375 runtime=102.35s placement={0: 0, 9: 1017, 17: 0, 7: 2351, 1: 3347, 16: 1161, 15: 2505}
2026-03-29 14:07:52,568 INFO: particles=20 iter=15 n_caps=15 minZ=0.026550 runtime=100.66s placement={10: 1017, 0: 1581, 7: 634, 1: 2306, 18: 3347, 3: 1103, 15: 0, 11: 0, 2: 662, 4: 1543}
2026-03-29 14:09:43,873 INFO: particles=20 iter=15 n_caps=16 minZ=0.024569 runtime=111.30s placement={0: 1813, 9: 1075, 1: 1912, 16: 175, 5: 3347, 14: 1108, 10: 1741}
2026-03-29 14:11:44,343 INFO: particles=20 iter=15 n_caps=17 minZ=0.023964 runtime=120.47s placement={9: 1373, 0: 1813, 16: 1912, 5: 175, 14: 3347, 1: 1108, 10: 2314, 15: 0}
2026-03-29 14:13:45,224 INFO: particles=20 iter=15 n_caps=18 minZ=0.023214 runtime=120.88s placement={0: 1521, 16: 1032, 5: 1933, 14: 178, 1: 3347, 10: 0, 15: 1772}
2026-03-29 14:15:55,777 INFO: particles=20 iter=15 n_caps=19 minZ=0.022360 runtime=130.55s placement={16: 2199, 6: 1045, 17: 1973, 0: 72, 1: 3347, 11: 1014, 14: 2599}
2026-03-29 14:18:12,641 INFO: particles=20 iter=15 n_caps=20 minZ=0.020308 runtime=136.86s placement={6: 2199, 17: 1045, 0: 1413, 1: 177, 11: 3347, 14: 2049, 10: 72, 15: 2746}
