2026-03-24 00:28:46,764 INFO: particles=50 iter=25 n_caps=1 minZ=0.087365 runtime=33.94s placement={9: 1012}
2026-03-24 00:29:20,456 INFO: particles=50 iter=25 n_caps=2 minZ=0.053068 runtime=33.69s placement={0: 1012, 9: 1541}
2026-03-24 00:29:55,040 INFO: particles=50 iter=25 n_caps=3 minZ=0.060698 runtime=34.58s placement={9: 1014, 0: 1487, 7: 0}
2026-03-24 00:30:31,122 INFO: particles=50 iter=25 n_caps=4 minZ=0.043794 runtime=36.08s placement={0: 1012, 7: 1475, 14: 341, 9: 1614}
2026-03-24 00:31:07,959 INFO: particles=50 iter=25 n_caps=5 minZ=0.045322 runtime=36.84s placement={14: 1269, 15: 2163, 0: 1012, 11: 1582, 6: 287}
2026-03-24 00:31:47,452 INFO: particles=50 iter=25 n_caps=6 minZ=0.042550 runtime=39.49s placement={15: 930, 0: 1012, 1: 1518, 7: 1733}
2026-03-24 00:32:26,604 INFO: particles=50 iter=25 n_caps=7 minZ=0.032264 runtime=39.15s placement={0: 1688, 1: 2210, 8: 1428}
2026-03-24 00:33:05,770 INFO: particles=50 iter=25 n_caps=8 minZ=0.031287 runtime=39.17s placement={0: 0, 9: 2524, 1: 1458}
2026-03-24 00:33:45,779 INFO: particles=50 iter=25 n_caps=9 minZ=0.030738 runtime=40.01s placement={9: 869, 0: 0, 1: 1458, 7: 42}
2026-03-24 00:34:26,932 INFO: particles=50 iter=25 n_caps=10 minZ=0.025592 runtime=41.15s placement={0: 1620, 1: 2457, 7: 0, 6: 48}
2026-03-24 00:35:10,541 INFO: particles=50 iter=25 n_caps=11 minZ=0.025655 runtime=43.61s placement={0: 1620, 1: 2457, 7: 1653, 6: 0, 15: 45}
2026-03-24 00:35:53,251 INFO: particles=50 iter=25 n_caps=12 minZ=0.027055 runtime=42.71s placement={0: 0, 1: 2646, 6: 1031, 7: 1663, 15: 1617}
2026-03-24 00:36:36,729 INFO: particles=50 iter=25 n_caps=13 minZ=0.026197 runtime=43.48s placement={0: 0, 1: 2646, 6: 922, 7: 1031, 15: 41}
2026-03-24 00:37:21,616 INFO: particles=50 iter=25 n_caps=14 minZ=0.027456 runtime=44.89s placement={0: 0, 1: 2646, 6: 898, 7: 922, 15: 0}
2026-03-24 00:38:06,604 INFO: particles=50 iter=25 n_caps=15 minZ=0.027406 runtime=44.99s placement={0: 0, 1: 2646, 6: 1482, 7: 898, 15: 1663}
2026-03-24 00:38:52,467 INFO: particles=50 iter=25 n_caps=16 minZ=0.027275 runtime=45.86s placement={0: 94, 6: 2646, 7: 1482, 1: 898, 15: 1031}
2026-03-24 00:39:40,811 INFO: particles=50 iter=25 n_caps=17 minZ=0.026723 runtime=48.34s placement={4: 1048, 6: 1712, 0: 0, 1: 433, 16: 920, 2: 21, 7: 2682, 10: 120}
2026-03-24 00:40:30,542 INFO: particles=50 iter=25 n_caps=18 minZ=0.023285 runtime=49.73s placement={0: 1036, 1: 2279, 17: 0, 2: 916, 7: 0, 10: 1870}
2026-03-24 00:41:19,936 INFO: particles=50 iter=25 n_caps=19 minZ=0.022022 runtime=49.39s placement={0: 0, 1: 2097, 17: 1664, 3: 1684, 7: 635, 10: 0}
2026-03-24 00:42:09,470 INFO: particles=50 iter=25 n_caps=20 minZ=0.022153 runtime=49.53s placement={0: 0, 17: 2097, 1: 1664, 3: 1157, 7: 1146, 10: 635}
