2026-03-17 10:09:08,036 INFO: particles=30 iter=15 n_caps=1 minZ=0.095301 runtime=21.30s placement={0: 1614}
2026-03-17 10:09:29,663 INFO: particles=30 iter=15 n_caps=2 minZ=0.080792 runtime=21.63s placement={0: 1517, 15: 281}
2026-03-17 10:09:51,245 INFO: particles=30 iter=15 n_caps=3 minZ=0.058580 runtime=21.58s placement={15: 1850, 16: 656, 0: 1012}
2026-03-17 10:10:13,648 INFO: particles=30 iter=15 n_caps=4 minZ=0.050425 runtime=22.40s placement={17: 1550, 0: 1012, 6: 1453, 15: 2655}
2026-03-17 10:10:35,707 INFO: particles=30 iter=15 n_caps=5 minZ=0.064255 runtime=22.06s placement={0: 1810, 9: 1167, 15: 1103, 10: 2679, 11: 3095}
2026-03-17 10:10:58,074 INFO: particles=30 iter=15 n_caps=6 minZ=0.059711 runtime=22.37s placement={0: 1836, 14: 965, 9: 979, 15: 2514, 1: 3119, 2: 0}
2026-03-17 10:11:20,888 INFO: particles=30 iter=15 n_caps=7 minZ=0.054981 runtime=22.81s placement={14: 1836, 9: 965, 15: 979, 0: 2514, 2: 3119, 7: 0, 10: 0}
2026-03-17 10:11:43,720 INFO: particles=30 iter=15 n_caps=8 minZ=0.041245 runtime=22.83s placement={14: 1162, 15: 838, 0: 1012, 4: 2516, 5: 3139, 20: 3, 6: 722, 11: 2346}
2026-03-17 10:12:06,834 INFO: particles=30 iter=15 n_caps=9 minZ=0.050856 runtime=23.11s placement={14: 1182, 0: 609, 5: 988, 6: 2375, 20: 3093, 4: 3, 10: 1012, 12: 2223, 8: 2524}
2026-03-17 10:12:30,559 INFO: particles=30 iter=15 n_caps=10 minZ=0.051572 runtime=23.72s placement={0: 1845, 5: 892, 7: 850, 6: 1178, 3: 3290, 9: 0, 8: 991, 10: 1148, 14: 2496, 17: 1461}
2026-03-17 10:12:54,588 INFO: particles=30 iter=15 n_caps=11 minZ=0.041259 runtime=24.03s placement={7: 1858, 8: 893, 5: 879, 0: 1014, 9: 1413, 10: 64, 14: 894, 19: 2792, 15: 1463, 1: 0}
2026-03-17 10:13:19,121 INFO: particles=30 iter=15 n_caps=12 minZ=0.034610 runtime=24.53s placement={7: 1532, 5: 788, 0: 1169, 9: 878, 10: 3347, 8: 11, 14: 1434, 19: 880, 15: 2799, 1: 915, 17: 0}
2026-03-17 10:13:43,674 INFO: particles=30 iter=15 n_caps=13 minZ=0.039785 runtime=24.55s placement={0: 1012, 1: 0, 10: 1522, 14: 752, 15: 3333, 20: 0, 19: 2758, 16: 907, 11: 2641}
2026-03-17 10:14:08,668 INFO: particles=30 iter=15 n_caps=14 minZ=0.043025 runtime=24.99s placement={0: 2543, 10: 1853, 12: 2111, 14: 2446, 15: 3347, 19: 0, 20: 2567, 1: 0, 18: 3296, 11: 618, 9: 366}
2026-03-17 10:14:33,764 INFO: particles=30 iter=15 n_caps=15 minZ=0.038560 runtime=25.09s placement={10: 3347, 12: 1853, 14: 2111, 15: 2446, 19: 3347, 20: 0, 0: 0, 18: 0, 1: 3296, 11: 1044, 9: 2543}
2026-03-17 10:14:59,556 INFO: particles=30 iter=15 n_caps=16 minZ=0.035508 runtime=25.79s placement={12: 3347, 14: 1853, 15: 2111, 19: 2446, 20: 3347, 0: 1677, 18: 2567, 1: 0, 11: 468, 10: 618, 7: 0}
2026-03-17 10:15:25,628 INFO: particles=30 iter=15 n_caps=17 minZ=0.031631 runtime=26.07s placement={17: 3347, 19: 1664, 13: 1806, 20: 2479, 0: 1978, 15: 0, 1: 2563, 3: 0, 11: 3337, 16: 1001, 9: 1343, 14: 0}
2026-03-17 10:15:52,118 INFO: particles=30 iter=15 n_caps=18 minZ=0.033481 runtime=26.49s placement={20: 2485, 11: 1672, 19: 972, 0: 2998, 16: 3347, 1: 0, 6: 2510, 12: 0, 13: 1885, 9: 2129, 10: 2486}
2026-03-17 10:16:18,897 INFO: particles=30 iter=15 n_caps=19 minZ=0.029118 runtime=26.78s placement={10: 2417, 14: 1140, 0: 3347, 6: 1168, 1: 3347, 5: 3031, 7: 2776, 8: 3048, 3: 0, 11: 3143, 9: 2757}
2026-03-17 10:16:46,199 INFO: particles=30 iter=15 n_caps=20 minZ=0.028245 runtime=27.30s placement={14: 2417, 0: 1813, 6: 2046, 1: 1168, 5: 3347, 7: 3031, 8: 0, 3: 1350, 10: 0, 11: 3143}
