2026-03-09 07:15:55,259 INFO: n_caps=1 | iter=15 | minZ=0.030001 | placement={7: 2107}
2026-03-09 07:15:55,259 INFO: init_n_caps=2 | seeded_previous_caps=1 | new_cap_random_init(cap=1307,port=9)
2026-03-09 07:16:10,001 INFO: n_caps=2 | iter=15 | minZ=0.030001 | placement={15: 2107, 14: 1307}
2026-03-09 07:16:10,001 INFO: init_n_caps=3 | seeded_previous_caps=2 | new_cap_random_init(cap=2591,port=3)
2026-03-09 07:16:25,355 INFO: n_caps=3 | iter=15 | minZ=0.030000 | placement={15: 2227, 6: 1261, 13: 2603}
2026-03-09 07:16:25,355 INFO: init_n_caps=4 | seeded_previous_caps=3 | new_cap_random_init(cap=2635,port=17)
2026-03-09 07:16:41,318 INFO: n_caps=4 | iter=15 | minZ=0.030000 | placement={0: 1916, 4: 2000, 11: 3201, 2: 2769}
2026-03-09 07:16:41,319 INFO: init_n_caps=5 | seeded_previous_caps=4 | new_cap_random_init(cap=0,port=6)
2026-03-09 07:16:57,527 INFO: n_caps=5 | iter=15 | minZ=0.030000 | placement={18: 842, 7: 1574, 3: 2485, 10: 2571, 14: 756}
2026-03-09 07:16:57,527 INFO: init_n_caps=6 | seeded_previous_caps=5 | new_cap_random_init(cap=3033,port=19)
2026-03-09 07:17:14,349 INFO: n_caps=6 | iter=15 | minZ=0.030002 | placement={3: 1146, 18: 1720, 5: 3162, 19: 1727, 4: 3347}
2026-03-09 07:17:14,350 INFO: init_n_caps=7 | seeded_previous_caps=6 | new_cap_random_init(cap=642,port=17)
2026-03-09 07:17:31,805 INFO: n_caps=7 | iter=15 | minZ=0.030000 | placement={4: 384, 18: 3046, 8: 2357, 11: 1292, 5: 2187, 12: 3248, 14: 1972}
2026-03-09 07:17:31,805 INFO: init_n_caps=8 | seeded_previous_caps=7 | new_cap_random_init(cap=817,port=9)
2026-03-09 07:17:49,563 INFO: n_caps=8 | iter=15 | minZ=0.030000 | placement={18: 0, 15: 169, 9: 2415, 0: 2272, 14: 2056, 1: 1454, 5: 1722, 13: 2128}
2026-03-09 07:17:49,563 INFO: init_n_caps=9 | seeded_previous_caps=8 | new_cap_random_init(cap=3015,port=12)
2026-03-09 07:18:07,830 INFO: n_caps=9 | iter=15 | minZ=0.030001 | placement={17: 1435, 0: 530, 9: 2582, 18: 984, 20: 1760, 10: 3347, 19: 2688, 1: 2223, 5: 503}
2026-03-09 07:18:07,831 INFO: init_n_caps=10 | seeded_previous_caps=9 | new_cap_random_init(cap=2933,port=15)
2026-03-09 07:18:26,183 INFO: n_caps=10 | iter=15 | minZ=0.030000 | placement={0: 320, 14: 0, 20: 3040, 18: 155, 12: 1878, 19: 1949, 1: 3347, 7: 386, 8: 243, 16: 1382}
2026-03-09 07:18:26,183 INFO: init_n_caps=11 | seeded_previous_caps=10 | new_cap_random_init(cap=0,port=4)
2026-03-09 07:18:45,300 INFO: n_caps=11 | iter=15 | minZ=0.030000 | placement={9: 2853, 8: 686, 4: 3310, 14: 3045, 20: 2902, 13: 2026, 15: 804, 17: 5, 10: 1935, 7: 3347, 18: 2622}
2026-03-09 07:18:45,300 INFO: init_n_caps=12 | seeded_previous_caps=11 | new_cap_random_init(cap=1570,port=11)
2026-03-09 07:19:04,940 INFO: n_caps=12 | iter=15 | minZ=0.030000 | placement={5: 0, 6: 3048, 7: 1693, 15: 2998, 8: 515, 2: 0, 4: 3302, 9: 2441, 20: 3347, 16: 1066, 14: 2151}
2026-03-09 07:19:04,940 INFO: init_n_caps=13 | seeded_previous_caps=12 | new_cap_random_init(cap=950,port=4)
2026-03-09 07:19:24,674 INFO: n_caps=13 | iter=15 | minZ=0.030000 | placement={9: 1085, 20: 1599, 14: 0, 13: 0, 10: 961, 19: 3347, 8: 0, 17: 0, 18: 0, 15: 0, 16: 1984, 4: 3128, 0: 1396}
2026-03-09 07:19:24,674 INFO: init_n_caps=14 | seeded_previous_caps=13 | new_cap_random_init(cap=1594,port=11)
2026-03-09 07:19:45,256 INFO: n_caps=14 | iter=15 | minZ=0.030002 | placement={5: 414, 15: 2205, 6: 2225, 19: 1282, 11: 3347, 1: 643, 13: 1964, 14: 3347, 20: 1125, 2: 1353, 7: 1774, 16: 1954, 0: 1188, 8: 2516}
2026-03-09 07:19:45,256 INFO: init_n_caps=15 | seeded_previous_caps=14 | new_cap_random_init(cap=888,port=13)
2026-03-09 07:20:05,873 INFO: n_caps=15 | iter=15 | minZ=0.030000 | placement={16: 269, 9: 1006, 20: 1924, 4: 1280, 10: 0, 0: 967, 8: 3347, 12: 118, 6: 1334, 17: 732, 11: 1080, 18: 1041, 19: 3129, 7: 442}
2026-03-09 07:20:05,873 INFO: init_n_caps=16 | seeded_previous_caps=15 | new_cap_random_init(cap=2779,port=18)
2026-03-09 07:20:26,890 INFO: n_caps=16 | iter=15 | minZ=0.030000 | placement={8: 2902, 18: 2637, 5: 1756, 11: 1266, 0: 0, 9: 797, 7: 1078, 12: 1163, 16: 1651, 17: 1312, 10: 1454, 19: 2478, 20: 1132}
2026-03-09 07:20:26,891 INFO: init_n_caps=17 | seeded_previous_caps=16 | new_cap_random_init(cap=1486,port=5)
2026-03-09 07:20:48,575 INFO: n_caps=17 | iter=15 | minZ=0.030000 | placement={0: 1329, 13: 2586, 19: 0, 14: 2329, 12: 2060, 20: 3347, 11: 0, 17: 0, 1: 1311, 7: 0, 15: 1650, 6: 456}
2026-03-09 07:20:48,576 INFO: init_n_caps=18 | seeded_previous_caps=17 | new_cap_random_init(cap=87,port=15)
2026-03-09 07:21:11,033 INFO: n_caps=18 | iter=15 | minZ=0.030001 | placement={18: 2418, 0: 1315, 6: 1541, 12: 3089, 11: 1660, 1: 129, 19: 462, 9: 1843, 13: 396, 2: 2418, 10: 3162, 3: 1132, 5: 1686, 7: 347, 15: 2041, 8: 1409}
2026-03-09 07:21:11,034 INFO: init_n_caps=19 | seeded_previous_caps=18 | new_cap_random_init(cap=3061,port=14)
2026-03-09 07:21:33,935 INFO: n_caps=19 | iter=15 | minZ=0.030000 | placement={5: 1437, 6: 109, 2: 2435, 12: 1777, 14: 0, 13: 922, 15: 584, 10: 3089, 4: 1492, 0: 1070, 7: 2085, 3: 2123, 1: 1468, 9: 841}
2026-03-09 07:21:33,936 INFO: init_n_caps=20 | seeded_previous_caps=19 | new_cap_random_init(cap=1003,port=18)
2026-03-09 07:21:57,205 INFO: n_caps=20 | iter=15 | minZ=0.030000 | placement={0: 561, 7: 1502, 14: 322, 20: 1835, 15: 18, 17: 2378, 5: 531, 2: 2843, 11: 1394, 12: 1190, 1: 0, 8: 1046, 3: 2708, 10: 1670, 4: 1580, 6: 3031, 16: 725, 13: 317}
