2026-04-01 23:35:45,246 INFO: particles=20 iter=25 n_caps=1 minZ=0.080251 runtime=35.20s placement={0: 1014}
2026-04-01 23:36:20,134 INFO: particles=20 iter=25 n_caps=2 minZ=0.082925 runtime=34.89s placement={10: 910, 16: 1410}
2026-04-01 23:36:56,038 INFO: particles=20 iter=25 n_caps=3 minZ=0.063248 runtime=35.90s placement={16: 906, 0: 1376, 9: 1873}
2026-04-01 23:37:28,626 INFO: particles=20 iter=25 n_caps=4 minZ=0.048287 runtime=32.59s placement={0: 1012, 9: 1385, 10: 1871, 6: 2798}
2026-04-01 23:37:59,059 INFO: particles=20 iter=25 n_caps=5 minZ=0.058013 runtime=30.43s placement={9: 1012, 10: 1372, 6: 1908, 0: 2798, 7: 0}
2026-04-01 23:38:28,969 INFO: particles=20 iter=25 n_caps=6 minZ=0.054294 runtime=29.91s placement={9: 1012, 6: 1369, 0: 1910, 7: 2804, 15: 0, 10: 1574}
2026-04-01 23:38:57,560 INFO: particles=20 iter=25 n_caps=7 minZ=0.054789 runtime=28.59s placement={7: 1078, 0: 1518, 9: 1959, 18: 2571, 12: 0, 14: 500, 8: 1872}
2026-04-01 23:39:28,343 INFO: particles=20 iter=25 n_caps=8 minZ=0.040229 runtime=30.78s placement={0: 1012, 10: 1482, 16: 2009, 9: 2645, 14: 0, 7: 1328, 15: 1873, 6: 1221}
2026-04-01 23:39:57,674 INFO: particles=20 iter=25 n_caps=9 minZ=0.049226 runtime=29.33s placement={10: 1014, 16: 1455, 11: 1956, 14: 2587, 7: 0, 15: 1326, 6: 1886, 0: 1170, 5: 0}
2026-04-01 23:40:26,465 INFO: particles=20 iter=25 n_caps=10 minZ=0.048134 runtime=28.79s placement={15: 808, 9: 1686, 14: 1598, 6: 1895, 13: 1189, 7: 636, 0: 2037, 5: 685, 19: 0, 16: 1790}
2026-04-01 23:40:55,798 INFO: particles=20 iter=25 n_caps=11 minZ=0.041136 runtime=29.33s placement={11: 1339, 12: 1376, 6: 1505, 14: 1660, 13: 1317, 0: 1014, 15: 1491, 17: 597, 10: 309, 16: 1378, 9: 2661}
2026-04-01 23:41:28,499 INFO: particles=20 iter=25 n_caps=12 minZ=0.046340 runtime=32.70s placement={18: 1190, 15: 1573, 10: 1672, 11: 1780, 0: 2369, 20: 1117, 1: 346, 16: 507, 14: 671, 6: 344, 9: 2585}
2026-04-01 23:42:02,364 INFO: particles=20 iter=25 n_caps=13 minZ=0.030268 runtime=33.87s placement={14: 1516, 15: 3045, 0: 1014, 1: 2331, 20: 680, 19: 16, 16: 850, 5: 1192, 10: 695, 17: 2631}
2026-04-01 23:42:36,945 INFO: particles=20 iter=25 n_caps=14 minZ=0.037064 runtime=34.58s placement={16: 1086, 0: 2445, 1: 1745, 20: 2216, 17: 803, 14: 3, 6: 1139, 11: 1400, 18: 2059, 9: 1051}
2026-04-01 23:43:13,157 INFO: particles=20 iter=25 n_caps=15 minZ=0.033382 runtime=36.21s placement={0: 0, 1: 3347, 14: 2075, 16: 0, 11: 1363, 6: 1004, 4: 989, 15: 2674, 7: 3347, 12: 2630}
2026-04-01 23:43:49,180 INFO: particles=20 iter=25 n_caps=16 minZ=0.030822 runtime=36.02s placement={0: 2252, 1: 3099, 14: 1453, 19: 1042, 5: 0, 4: 761, 15: 1029, 6: 1397, 11: 0, 9: 12}
2026-04-01 23:44:25,848 INFO: particles=20 iter=25 n_caps=17 minZ=0.028910 runtime=36.67s placement={0: 563, 15: 3268, 19: 1374, 9: 1071, 1: 113, 16: 0, 5: 861, 10: 2232, 6: 11, 18: 1}
2026-04-01 23:44:59,233 INFO: particles=20 iter=25 n_caps=18 minZ=0.025849 runtime=33.38s placement={15: 1709, 20: 3320, 0: 0, 1: 497, 16: 2140, 2: 1434, 6: 746, 7: 2160, 17: 3, 18: 0}
2026-04-01 23:45:32,916 INFO: particles=20 iter=25 n_caps=19 minZ=0.026942 runtime=33.68s placement={20: 1055, 0: 3347, 1: 113, 16: 1489, 5: 1146, 18: 1055, 17: 0}
2026-04-01 23:46:11,998 INFO: particles=20 iter=25 n_caps=20 minZ=0.027125 runtime=39.08s placement={0: 3347, 1: 3347, 16: 1016, 5: 1044, 18: 1146, 17: 1055, 14: 3347}
