2026-04-01 20:06:52,424 INFO: particles=20 iter=10 n_caps=1 minZ=0.085029 runtime=10.70s placement={0: 1316}
2026-04-01 20:07:04,941 INFO: particles=20 iter=10 n_caps=2 minZ=0.076869 runtime=12.52s placement={15: 1026, 10: 1014}
2026-04-01 20:07:17,711 INFO: particles=20 iter=10 n_caps=3 minZ=0.049601 runtime=12.77s placement={10: 1026, 0: 1014, 9: 2656}
2026-04-01 20:07:31,251 INFO: particles=20 iter=10 n_caps=4 minZ=0.048685 runtime=13.54s placement={0: 1012, 10: 1031, 6: 2659, 7: 1231}
2026-04-01 20:07:45,768 INFO: particles=20 iter=10 n_caps=5 minZ=0.065762 runtime=14.52s placement={10: 332, 9: 583, 0: 2343, 16: 586, 5: 0}
2026-04-01 20:08:00,595 INFO: particles=20 iter=10 n_caps=6 minZ=0.056542 runtime=14.83s placement={9: 736, 0: 588, 16: 2596, 5: 1170, 10: 0, 14: 1681}
2026-04-01 20:08:16,402 INFO: particles=20 iter=10 n_caps=7 minZ=0.048350 runtime=15.81s placement={0: 736, 16: 588, 5: 2596, 9: 1170, 14: 0, 6: 1681, 10: 1529}
2026-04-01 20:08:32,040 INFO: particles=20 iter=10 n_caps=8 minZ=0.050190 runtime=15.64s placement={16: 736, 5: 588, 9: 2596, 14: 1170, 6: 0, 10: 1681, 0: 1529, 15: 0}
2026-04-01 20:08:49,515 INFO: particles=20 iter=10 n_caps=9 minZ=0.049987 runtime=17.47s placement={5: 723, 9: 613, 14: 2587, 6: 1324, 12: 0, 0: 1169, 15: 1149, 13: 549, 20: 3185}
2026-04-01 20:09:07,827 INFO: particles=20 iter=10 n_caps=10 minZ=0.050195 runtime=18.31s placement={15: 715, 14: 615, 12: 2072, 0: 1297, 18: 224, 16: 879, 10: 1147, 19: 647, 5: 3033, 7: 1093}
2026-04-01 20:09:25,949 INFO: particles=20 iter=10 n_caps=11 minZ=0.051729 runtime=18.12s placement={0: 1651, 19: 1165, 5: 3288, 1: 0, 20: 0, 13: 1554, 6: 3347, 16: 3304}
2026-04-01 20:09:44,019 INFO: particles=20 iter=10 n_caps=12 minZ=0.041214 runtime=18.07s placement={20: 1028, 9: 1208, 0: 3075, 1: 0, 19: 3347, 15: 205, 16: 1729, 6: 3347, 10: 1615}
2026-04-01 20:10:03,085 INFO: particles=20 iter=10 n_caps=13 minZ=0.037747 runtime=19.07s placement={8: 1366, 0: 1014, 7: 840, 1: 306, 18: 2039, 14: 3325, 15: 2749, 6: 1849, 10: 3347, 5: 2023, 9: 3347}
2026-04-01 20:10:22,533 INFO: particles=20 iter=10 n_caps=14 minZ=0.031945 runtime=19.45s placement={0: 684, 19: 2487, 1: 1732, 3: 402, 16: 1443, 8: 2484, 7: 2845}
2026-04-01 20:10:42,745 INFO: particles=20 iter=10 n_caps=15 minZ=0.033439 runtime=20.21s placement={19: 1463, 0: 1612, 3: 1732, 16: 402, 1: 1443, 8: 2746, 7: 3091, 9: 684, 6: 0}
2026-04-01 20:11:02,989 INFO: particles=20 iter=10 n_caps=16 minZ=0.034130 runtime=20.24s placement={0: 609, 1: 2610, 20: 2775, 6: 1261, 7: 925, 9: 1460, 14: 663, 8: 3260}
2026-04-01 20:11:30,988 INFO: particles=20 iter=10 n_caps=17 minZ=0.029534 runtime=28.00s placement={1: 1190, 20: 3254, 0: 0, 6: 3347, 7: 3347, 10: 2984, 15: 692, 5: 0, 8: 3347}
2026-04-01 20:12:00,285 INFO: particles=20 iter=10 n_caps=18 minZ=0.035437 runtime=29.30s placement={20: 1190, 0: 0, 1: 908, 6: 810, 7: 923, 10: 3126, 15: 1236, 5: 692, 8: 0, 14: 287}
2026-04-01 20:12:29,668 INFO: particles=20 iter=10 n_caps=19 minZ=0.031509 runtime=29.38s placement={0: 287, 1: 3254, 6: 344, 7: 1343, 10: 2125, 15: 2984, 5: 1236, 8: 692, 14: 0, 9: 3347}
2026-04-01 20:13:00,339 INFO: particles=20 iter=10 n_caps=20 minZ=0.028875 runtime=30.67s placement={0: 3347, 1: 3254, 6: 908, 7: 3347, 10: 3347, 15: 3126, 5: 2984, 8: 1236, 14: 3347, 9: 0}
