2026-03-24 01:10:45,955 INFO: particles=50 iter=25 n_caps=1 minZ=0.080251 runtime=33.42s placement={0: 1012}
2026-03-24 01:11:20,140 INFO: particles=50 iter=25 n_caps=2 minZ=0.053051 runtime=34.18s placement={0: 1012, 9: 1618}
2026-03-24 01:11:54,768 INFO: particles=50 iter=25 n_caps=3 minZ=0.060375 runtime=34.63s placement={9: 1012, 0: 1667, 7: 0}
2026-03-24 01:12:30,254 INFO: particles=50 iter=25 n_caps=4 minZ=0.047285 runtime=35.49s placement={0: 1012, 7: 1690, 9: 0, 6: 1521}
2026-03-24 01:13:07,416 INFO: particles=50 iter=25 n_caps=5 minZ=0.053065 runtime=37.16s placement={15: 1021, 9: 1572, 10: 892, 0: 1494, 4: 0}
2026-03-24 01:13:46,295 INFO: particles=50 iter=25 n_caps=6 minZ=0.041704 runtime=38.88s placement={6: 893, 7: 1115, 0: 1012, 5: 2076, 15: 310, 13: 2675}
2026-03-24 01:14:25,350 INFO: particles=50 iter=25 n_caps=7 minZ=0.040206 runtime=39.05s placement={11: 737, 0: 2353, 1: 885, 14: 1416, 9: 913, 15: 809}
2026-03-24 01:15:06,579 INFO: particles=50 iter=25 n_caps=8 minZ=0.030550 runtime=41.23s placement={0: 1946, 1: 1007, 14: 846, 9: 1812, 15: 1663}
2026-03-24 01:15:47,949 INFO: particles=50 iter=25 n_caps=9 minZ=0.035379 runtime=41.37s placement={0: 1960, 14: 923, 9: 892, 1: 1789, 15: 1025, 7: 0}
2026-03-24 01:16:29,792 INFO: particles=50 iter=25 n_caps=10 minZ=0.034221 runtime=41.84s placement={15: 388, 9: 920, 0: 5, 16: 1784, 1: 1059, 6: 1712}
2026-03-24 01:17:14,157 INFO: particles=50 iter=25 n_caps=11 minZ=0.027509 runtime=44.36s placement={9: 150, 0: 2193, 15: 2122, 1: 1959, 10: 0}
2026-03-24 01:17:57,496 INFO: particles=50 iter=25 n_caps=12 minZ=0.027090 runtime=43.34s placement={0: 1541, 15: 794, 1: 2122, 9: 640}
2026-03-24 01:18:41,266 INFO: particles=50 iter=25 n_caps=13 minZ=0.026775 runtime=43.77s placement={15: 150, 0: 0, 1: 2122, 9: 1661}
2026-03-24 01:19:26,013 INFO: particles=50 iter=25 n_caps=14 minZ=0.027328 runtime=44.75s placement={0: 2587, 1: 794, 9: 686}
2026-03-24 01:20:11,362 INFO: particles=50 iter=25 n_caps=15 minZ=0.025336 runtime=45.35s placement={0: 0, 1: 794, 9: 1902}
2026-03-24 01:20:57,401 INFO: particles=50 iter=25 n_caps=16 minZ=0.026113 runtime=46.04s placement={0: 0, 1: 794, 9: 1170}
2026-03-24 01:21:44,408 INFO: particles=50 iter=25 n_caps=17 minZ=0.024320 runtime=47.01s placement={0: 0, 1: 794, 9: 1959, 10: 0, 7: 73}
2026-03-24 01:22:33,388 INFO: particles=50 iter=25 n_caps=18 minZ=0.024082 runtime=48.98s placement={0: 69, 1: 794, 9: 2122, 10: 0, 7: 0, 6: 73}
2026-03-24 01:23:22,802 INFO: particles=50 iter=25 n_caps=19 minZ=0.023959 runtime=49.41s placement={0: 0, 9: 794, 1: 2122, 10: 2587, 7: 0, 6: 0}
2026-03-24 01:24:13,305 INFO: particles=50 iter=25 n_caps=20 minZ=0.023587 runtime=50.50s placement={9: 150, 0: 0, 1: 2122, 10: 0, 7: 2587, 6: 0}
