2026-03-26 13:27:26,081 INFO: particles=20 iter=10 n_caps=1 minZ=0.091923 runtime=6.22s placement={0: 1683}
2026-03-26 13:27:37,199 INFO: particles=20 iter=10 n_caps=2 minZ=0.074280 runtime=11.12s placement={9: 2077, 14: 1318}
2026-03-26 13:27:53,967 INFO: particles=20 iter=10 n_caps=3 minZ=0.060031 runtime=16.77s placement={10: 2832, 9: 983, 15: 1753}
2026-03-26 13:28:15,158 INFO: particles=20 iter=10 n_caps=4 minZ=0.050809 runtime=21.19s placement={9: 2257, 15: 589, 0: 1631, 10: 1411}
2026-03-26 13:28:41,266 INFO: particles=20 iter=10 n_caps=5 minZ=0.051605 runtime=26.11s placement={6: 2312, 0: 584, 9: 1492, 10: 1393, 14: 1617}
2026-03-26 13:29:14,320 INFO: particles=20 iter=10 n_caps=6 minZ=0.046709 runtime=33.05s placement={0: 965, 7: 679, 9: 1269, 15: 1702, 17: 2849, 10: 1190}
2026-03-26 13:29:50,893 INFO: particles=20 iter=10 n_caps=7 minZ=0.044667 runtime=36.57s placement={14: 1378, 16: 925, 12: 795, 10: 1522, 9: 3114, 13: 3097, 0: 1209}
2026-03-26 13:30:32,333 INFO: particles=20 iter=10 n_caps=8 minZ=0.041710 runtime=41.44s placement={12: 1892, 15: 456, 10: 2667, 9: 1579, 16: 2365, 6: 2219, 0: 1246, 7: 1422}
2026-03-26 13:31:19,536 INFO: particles=20 iter=10 n_caps=9 minZ=0.040550 runtime=47.20s placement={15: 1786, 10: 456, 9: 2958, 16: 1560, 7: 2352, 0: 2274, 6: 1189, 5: 1447, 17: 2104}
2026-03-26 13:32:10,349 INFO: particles=20 iter=10 n_caps=10 minZ=0.041837 runtime=50.81s placement={10: 1977, 9: 580, 16: 2947, 6: 2445, 0: 1978, 7: 2215, 5: 1197, 17: 1622, 12: 1773, 14: 857}
2026-03-26 13:33:05,848 INFO: particles=20 iter=10 n_caps=11 minZ=0.038734 runtime=55.50s placement={13: 869, 15: 770, 18: 1704, 0: 989, 5: 1931, 7: 2140, 1: 1043, 9: 1150, 14: 1759, 6: 1019, 16: 1145}
2026-03-26 13:34:07,823 INFO: particles=20 iter=10 n_caps=12 minZ=0.032547 runtime=61.97s placement={14: 2195, 18: 778, 0: 2163, 5: 1048, 6: 2010, 1: 2334, 9: 1071, 15: 343, 19: 1963}
2026-03-26 13:35:14,291 INFO: particles=20 iter=10 n_caps=13 minZ=0.031375 runtime=66.47s placement={18: 2208, 0: 2125, 7: 1755, 6: 363, 1: 1956, 9: 3199, 14: 366, 19: 1761, 12: 2335}
2026-03-26 13:36:25,339 INFO: particles=20 iter=10 n_caps=14 minZ=0.027407 runtime=71.05s placement={0: 2974, 9: 876, 3: 1013, 1: 0, 10: 2028, 14: 3347, 18: 555, 6: 2577}
2026-03-26 13:37:38,140 INFO: particles=20 iter=10 n_caps=15 minZ=0.027509 runtime=72.80s placement={10: 2329, 3: 885, 0: 0, 11: 0, 15: 2392, 1: 3347, 20: 10, 9: 1216, 6: 3347}
2026-03-26 13:39:01,319 INFO: particles=20 iter=10 n_caps=16 minZ=0.025556 runtime=83.18s placement={4: 2355, 0: 3347, 10: 143, 16: 0, 1: 3069, 17: 3347, 7: 2152, 3: 1451, 11: 0, 9: 1418}
2026-03-26 13:40:27,889 INFO: particles=20 iter=10 n_caps=17 minZ=0.024846 runtime=86.57s placement={0: 1418, 10: 845, 16: 143, 1: 0, 17: 3069, 7: 2073, 3: 2009, 11: 3347, 9: 0, 14: 758}
2026-03-26 13:41:59,268 INFO: particles=20 iter=10 n_caps=18 minZ=0.025213 runtime=91.38s placement={17: 2051, 16: 1293, 0: 0, 19: 0, 1: 3018, 7: 931, 10: 1850, 9: 0, 14: 1421, 20: 699, 6: 225}
2026-03-26 13:43:37,233 INFO: particles=20 iter=10 n_caps=19 minZ=0.023520 runtime=97.96s placement={16: 2051, 0: 2863, 19: 96, 1: 0, 7: 0, 10: 2275, 9: 1850, 14: 0, 20: 1421, 6: 699}
2026-03-26 13:45:18,838 INFO: particles=20 iter=10 n_caps=20 minZ=0.024348 runtime=101.60s placement={0: 2380, 19: 1863, 1: 149, 7: 1501, 9: 0, 8: 2258, 15: 0, 20: 0, 10: 1413, 5: 2734}
