2026-04-02 17:07:45,742 INFO: particles=30 iter=15 n_caps=1 minZ=0.085029 runtime=20.41s placement={0: 1316}
2026-04-02 17:08:06,258 INFO: particles=30 iter=15 n_caps=2 minZ=0.087533 runtime=20.52s placement={5: 997, 7: 966}
2026-04-02 17:08:27,048 INFO: particles=30 iter=15 n_caps=3 minZ=0.055189 runtime=20.79s placement={9: 2896, 0: 1012, 10: 634}
2026-04-02 17:08:48,462 INFO: particles=30 iter=15 n_caps=4 minZ=0.059911 runtime=21.41s placement={0: 1252, 14: 1007, 16: 1195, 10: 1582}
2026-04-02 17:09:12,406 INFO: particles=30 iter=15 n_caps=5 minZ=0.056697 runtime=23.94s placement={14: 1189, 16: 912, 10: 1189, 0: 1667, 6: 0}
2026-04-02 17:09:34,933 INFO: particles=30 iter=15 n_caps=6 minZ=0.046971 runtime=22.53s placement={14: 1227, 10: 892, 0: 1012, 6: 1571, 4: 207, 13: 2288}
2026-04-02 17:09:58,001 INFO: particles=30 iter=15 n_caps=7 minZ=0.057609 runtime=23.07s placement={9: 1564, 0: 2187, 1: 906, 10: 1094, 7: 151, 16: 2221}
2026-04-02 17:10:21,481 INFO: particles=30 iter=15 n_caps=8 minZ=0.039599 runtime=23.48s placement={0: 1168, 5: 814, 6: 917, 1: 2367, 16: 2240}
2026-04-02 17:10:46,071 INFO: particles=30 iter=15 n_caps=9 minZ=0.036777 runtime=24.59s placement={0: 0, 6: 934, 1: 151, 16: 191, 17: 1861}
2026-04-02 17:11:15,794 INFO: particles=30 iter=15 n_caps=10 minZ=0.040450 runtime=29.72s placement={8: 925, 0: 1464, 16: 0, 15: 2519, 1: 1883, 14: 0}
2026-04-02 17:11:40,184 INFO: particles=30 iter=15 n_caps=11 minZ=0.028115 runtime=24.39s placement={0: 1014, 16: 189, 17: 0, 1: 2742, 14: 1059}
2026-04-02 17:12:05,039 INFO: particles=30 iter=15 n_caps=12 minZ=0.039008 runtime=24.85s placement={17: 826, 16: 248, 0: 1463, 1: 2746, 14: 1197, 9: 1014, 6: 0}
2026-04-02 17:12:30,686 INFO: particles=30 iter=15 n_caps=13 minZ=0.032837 runtime=25.65s placement={20: 722, 0: 167, 1: 0, 16: 3347, 9: 1338, 6: 1181, 7: 2549}
2026-04-02 17:13:00,001 INFO: particles=30 iter=15 n_caps=14 minZ=0.029916 runtime=29.31s placement={0: 3347, 1: 186, 16: 1539, 9: 0, 6: 1338, 7: 167}
2026-04-02 17:13:27,429 INFO: particles=30 iter=15 n_caps=15 minZ=0.029662 runtime=27.43s placement={0: 0, 1: 186, 16: 3347, 9: 1427, 6: 0, 7: 1181}
2026-04-02 17:13:54,438 INFO: particles=30 iter=15 n_caps=16 minZ=0.029241 runtime=27.01s placement={0: 980, 5: 0, 19: 364, 1: 3126, 9: 900, 6: 1786, 2: 798, 20: 229}
2026-04-02 17:14:22,977 INFO: particles=30 iter=15 n_caps=17 minZ=0.026679 runtime=28.54s placement={5: 756, 19: 0, 0: 12, 1: 3126, 9: 1973, 6: 900, 2: 422, 20: 3347}
2026-04-02 17:14:51,907 INFO: particles=30 iter=15 n_caps=18 minZ=0.024426 runtime=28.93s placement={19: 756, 0: 892, 1: 364, 9: 1463, 6: 1973, 2: 1786, 20: 2361, 10: 12}
2026-04-02 17:15:20,329 INFO: particles=30 iter=15 n_caps=19 minZ=0.023838 runtime=28.42s placement={0: 3181, 1: 0, 9: 3126, 6: 1463, 2: 900, 19: 334, 10: 980}
2026-04-02 17:15:49,117 INFO: particles=30 iter=15 n_caps=20 minZ=0.022863 runtime=28.79s placement={0: 0, 1: 0, 9: 364, 6: 3126, 2: 1973, 19: 817, 10: 229, 20: 3181}
