2026-03-23 05:47:02,575 INFO: particles=30 iter=25 n_caps=1 minZ=0.089207 runtime=20.07s placement={0: 1488}
2026-03-23 05:47:22,858 INFO: particles=30 iter=25 n_caps=2 minZ=0.067168 runtime=20.28s placement={0: 1488, 10: 1126}
2026-03-23 05:47:43,747 INFO: particles=30 iter=25 n_caps=3 minZ=0.061127 runtime=20.89s placement={10: 1564, 0: 1488, 7: 892}
2026-03-23 05:48:05,357 INFO: particles=30 iter=25 n_caps=4 minZ=0.054950 runtime=21.61s placement={0: 1567, 6: 1482, 15: 893, 5: 1359}
2026-03-23 05:48:27,816 INFO: particles=30 iter=25 n_caps=5 minZ=0.055417 runtime=22.46s placement={9: 1626, 15: 1482, 6: 886, 0: 1300, 7: 0}
2026-03-23 05:48:50,687 INFO: particles=30 iter=25 n_caps=6 minZ=0.044511 runtime=22.87s placement={15: 1951, 9: 1652, 0: 1014, 7: 1154, 8: 34, 14: 1607}
2026-03-23 05:49:14,312 INFO: particles=30 iter=25 n_caps=7 minZ=0.040014 runtime=23.62s placement={8: 0, 0: 1812, 10: 655, 1: 680}
2026-03-23 05:49:38,155 INFO: particles=30 iter=25 n_caps=8 minZ=0.036590 runtime=23.84s placement={0: 1722, 9: 1530, 1: 376, 15: 1474}
2026-03-23 05:50:02,504 INFO: particles=30 iter=25 n_caps=9 minZ=0.033746 runtime=24.35s placement={10: 0, 0: 1693, 1: 177, 14: 1163, 3: 144}
2026-03-23 05:50:27,372 INFO: particles=30 iter=25 n_caps=10 minZ=0.030744 runtime=24.87s placement={0: 2425, 1: 1267, 15: 1548, 11: 140, 8: 1719}
2026-03-23 05:50:53,078 INFO: particles=30 iter=25 n_caps=11 minZ=0.033929 runtime=25.71s placement={0: 1407, 1: 783, 16: 1048, 10: 1033, 20: 0, 5: 948, 9: 110}
2026-03-23 05:51:18,897 INFO: particles=30 iter=25 n_caps=12 minZ=0.029753 runtime=25.82s placement={0: 3, 1: 804, 16: 1177, 10: 1441, 20: 1085, 5: 0, 9: 1266}
2026-03-23 05:51:45,381 INFO: particles=30 iter=25 n_caps=13 minZ=0.030829 runtime=26.48s placement={0: 0, 1: 808, 16: 1574, 10: 1113, 20: 1466, 5: 1085, 9: 0}
2026-03-23 05:52:12,432 INFO: particles=30 iter=25 n_caps=14 minZ=0.034467 runtime=27.05s placement={0: 34, 20: 1079, 1: 1734, 19: 1635, 16: 2360, 11: 0, 17: 0, 4: 0}
2026-03-23 05:52:39,849 INFO: particles=30 iter=25 n_caps=15 minZ=0.032824 runtime=27.42s placement={20: 844, 0: 0, 1: 1734, 19: 1318, 16: 1635, 11: 34, 17: 0, 4: 0}
2026-03-23 05:53:08,966 INFO: particles=30 iter=25 n_caps=16 minZ=0.027734 runtime=29.12s placement={0: 424, 1: 16, 14: 1057, 15: 1054, 10: 1103, 16: 133, 2: 0, 5: 0, 19: 3347}
2026-03-23 05:53:37,335 INFO: particles=30 iter=25 n_caps=17 minZ=0.029005 runtime=28.37s placement={0: 0, 14: 16, 15: 1057, 1: 1054, 10: 702, 16: 1103, 2: 133, 5: 424, 19: 0, 20: 3347}
2026-03-23 05:54:06,674 INFO: particles=30 iter=25 n_caps=18 minZ=0.025187 runtime=29.34s placement={14: 792, 16: 15, 0: 76, 1: 1012, 9: 1564, 17: 279, 4: 0, 19: 405, 20: 0}
2026-03-23 05:54:36,099 INFO: particles=30 iter=25 n_caps=19 minZ=0.023772 runtime=29.42s placement={16: 792, 0: 2485, 1: 685, 9: 2919, 17: 1564, 4: 0, 19: 0, 20: 405, 5: 76}
2026-03-23 05:55:05,985 INFO: particles=30 iter=25 n_caps=20 minZ=0.024048 runtime=29.89s placement={0: 2711, 1: 15, 9: 1012, 16: 2919, 4: 252, 19: 0, 20: 0, 5: 0}
