2026-03-08 06:52:16,471 INFO: n_caps=1 | iter=15 | minZ=0.045000 | placement={7: 1345}
2026-03-08 06:52:16,472 INFO: init_n_caps=2 | seeded_previous_caps=1 | new_cap_random_init(cap=1254,port=19)
2026-03-08 06:52:31,663 INFO: n_caps=2 | iter=15 | minZ=0.045001 | placement={2: 2994, 13: 2219}
2026-03-08 06:52:31,663 INFO: init_n_caps=3 | seeded_previous_caps=2 | new_cap_random_init(cap=490,port=0)
2026-03-08 06:52:47,203 INFO: n_caps=3 | iter=15 | minZ=0.045005 | placement={14: 3017, 15: 2357, 5: 529}
2026-03-08 06:52:47,204 INFO: init_n_caps=4 | seeded_previous_caps=3 | new_cap_random_init(cap=2400,port=4)
2026-03-08 06:53:03,473 INFO: n_caps=4 | iter=15 | minZ=0.045000 | placement={14: 3248, 4: 581, 20: 1707, 9: 1616}
2026-03-08 06:53:03,473 INFO: init_n_caps=5 | seeded_previous_caps=4 | new_cap_random_init(cap=2488,port=4)
2026-03-08 06:53:20,174 INFO: n_caps=5 | iter=15 | minZ=0.045001 | placement={8: 1848, 18: 522, 13: 477, 15: 2100, 10: 1609}
2026-03-08 06:53:20,174 INFO: init_n_caps=6 | seeded_previous_caps=5 | new_cap_random_init(cap=1345,port=11)
2026-03-08 06:53:38,170 INFO: n_caps=6 | iter=15 | minZ=0.045002 | placement={19: 3347, 14: 1879, 12: 1494, 7: 2464, 13: 1364, 15: 0}
2026-03-08 06:53:38,170 INFO: init_n_caps=7 | seeded_previous_caps=6 | new_cap_random_init(cap=3189,port=12)
2026-03-08 06:54:00,357 INFO: n_caps=7 | iter=15 | minZ=0.045001 | placement={5: 726, 7: 0, 20: 73, 15: 1299, 4: 3144, 16: 0, 6: 3156}
2026-03-08 06:54:00,357 INFO: init_n_caps=8 | seeded_previous_caps=7 | new_cap_random_init(cap=972,port=17)
2026-03-08 06:54:19,150 INFO: n_caps=8 | iter=15 | minZ=0.045001 | placement={5: 792, 18: 80, 15: 0, 6: 1427, 16: 2580, 4: 480, 2: 2914, 11: 638}
2026-03-08 06:54:19,150 INFO: init_n_caps=9 | seeded_previous_caps=8 | new_cap_random_init(cap=896,port=13)
2026-03-08 06:54:37,688 INFO: n_caps=9 | iter=15 | minZ=0.045002 | placement={6: 2461, 20: 1013, 14: 326, 0: 1361, 18: 2193, 4: 2519, 16: 1571, 2: 1370, 13: 2966}
2026-03-08 06:54:37,689 INFO: init_n_caps=10 | seeded_previous_caps=9 | new_cap_random_init(cap=1023,port=10)
2026-03-08 06:54:56,617 INFO: n_caps=10 | iter=15 | minZ=0.045002 | placement={3: 2619, 2: 2052, 17: 629, 20: 61, 14: 1408, 7: 1543, 5: 1190, 6: 373, 11: 3311, 0: 0}
2026-03-08 06:54:56,618 INFO: init_n_caps=11 | seeded_previous_caps=10 | new_cap_random_init(cap=520,port=10)
2026-03-08 06:55:09,458 INFO: n_caps=11 | iter=10 | minZ=0.042098 | placement={16: 279, 8: 1727, 9: 1060, 7: 0, 10: 835, 19: 3113, 6: 479, 4: 1340, 5: 3347, 0: 1014, 3: 2468}
