2026-03-19 22:31:04,111 INFO: particles=20 iter=40 n_caps=1 minZ=0.080251 runtime=34.12s placement={0: 1014}
2026-03-19 22:31:38,864 INFO: particles=20 iter=40 n_caps=2 minZ=0.078668 runtime=34.75s placement={0: 1014, 6: 0}
2026-03-19 22:32:14,303 INFO: particles=20 iter=40 n_caps=3 minZ=0.065026 runtime=35.44s placement={5: 911, 0: 1583, 6: 754}
2026-03-19 22:32:50,561 INFO: particles=20 iter=40 n_caps=4 minZ=0.052218 runtime=36.26s placement={0: 911, 6: 1391, 9: 757, 10: 1014}
2026-03-19 22:33:27,521 INFO: particles=20 iter=40 n_caps=5 minZ=0.047559 runtime=36.96s placement={15: 656, 19: 2548, 0: 1014, 10: 1768, 1: 0}
2026-03-19 22:34:05,185 INFO: particles=20 iter=40 n_caps=6 minZ=0.041892 runtime=37.66s placement={1: 0, 0: 433, 6: 1353}
2026-03-19 22:34:43,541 INFO: particles=20 iter=40 n_caps=7 minZ=0.040877 runtime=38.36s placement={0: 342, 1: 2111, 5: 1973}
2026-03-19 22:35:22,330 INFO: particles=20 iter=40 n_caps=8 minZ=0.039696 runtime=38.79s placement={0: 0, 1: 2111, 5: 1582, 9: 342}
2026-03-19 22:36:01,882 INFO: particles=20 iter=40 n_caps=9 minZ=0.038327 runtime=39.55s placement={0: 0, 5: 2074, 1: 1765, 9: 447, 7: 53}
2026-03-19 22:36:42,062 INFO: particles=20 iter=40 n_caps=10 minZ=0.036036 runtime=40.18s placement={5: 422, 0: 21, 1: 1561, 9: 1281, 7: 0, 6: 53}
2026-03-19 22:37:22,860 INFO: particles=20 iter=40 n_caps=11 minZ=0.033934 runtime=40.80s placement={0: 934, 1: 2024, 9: 1837, 7: 342, 6: 0}
2026-03-19 22:38:04,290 INFO: particles=20 iter=40 n_caps=12 minZ=0.034499 runtime=41.43s placement={0: 0, 1: 2024, 9: 1561, 7: 455, 6: 342}
2026-03-19 22:38:46,403 INFO: particles=20 iter=40 n_caps=13 minZ=0.033449 runtime=42.11s placement={0: 0, 9: 2024, 1: 1561, 7: 1281, 6: 455, 15: 0}
2026-03-19 22:39:29,096 INFO: particles=20 iter=40 n_caps=14 minZ=0.035002 runtime=42.69s placement={9: 422, 0: 0, 1: 1561, 7: 1837, 6: 1281, 15: 934, 16: 0}
2026-03-19 22:40:12,539 INFO: particles=20 iter=40 n_caps=15 minZ=0.025590 runtime=43.44s placement={0: 1012, 1: 2017, 10: 1584, 6: 1857, 16: 0, 15: 156, 13: 1692}
2026-03-19 22:40:56,878 INFO: particles=20 iter=40 n_caps=16 minZ=0.027208 runtime=44.34s placement={0: 31, 10: 2577, 9: 1583, 1: 1848, 16: 22, 15: 1615, 14: 987}
2026-03-19 22:41:41,478 INFO: particles=20 iter=40 n_caps=17 minZ=0.025890 runtime=44.60s placement={10: 388, 9: 2577, 0: 1, 1: 1848, 16: 13, 15: 0, 14: 1113, 7: 31}
2026-03-19 22:42:26,767 INFO: particles=20 iter=40 n_caps=18 minZ=0.022734 runtime=45.29s placement={9: 438, 0: 1781, 1: 1551, 17: 440, 15: 35, 13: 158, 7: 1770}
2026-03-19 22:43:12,744 INFO: particles=20 iter=40 n_caps=19 minZ=0.021840 runtime=45.98s placement={0: 1513, 1: 3163, 16: 589, 10: 0, 13: 1563, 5: 936}
2026-03-19 22:43:59,235 INFO: particles=20 iter=40 n_caps=20 minZ=0.023236 runtime=46.49s placement={0: 132, 1: 3163, 16: 905, 10: 447, 13: 0, 5: 1071}
