2026-03-17 15:52:23,524 INFO: particles=30 iter=40 n_caps=1 minZ=0.088670 runtime=58.16s placement={0: 1302}
2026-03-17 15:53:22,230 INFO: particles=30 iter=40 n_caps=2 minZ=0.061984 runtime=58.71s placement={9: 1012, 0: 1384}
2026-03-17 15:54:20,776 INFO: particles=30 iter=40 n_caps=3 minZ=0.046736 runtime=58.55s placement={0: 1014, 9: 1380, 10: 1594}
2026-03-17 15:55:19,382 INFO: particles=30 iter=40 n_caps=4 minZ=0.052298 runtime=58.61s placement={9: 1014, 10: 1170, 0: 1584, 6: 47}
2026-03-17 15:56:18,733 INFO: particles=30 iter=40 n_caps=5 minZ=0.048931 runtime=59.35s placement={10: 1012, 0: 1170, 6: 1604, 7: 46, 9: 1512}
2026-03-17 15:57:20,778 INFO: particles=30 iter=40 n_caps=6 minZ=0.038417 runtime=62.05s placement={0: 1012, 6: 1170, 7: 1604, 9: 46, 14: 1512, 10: 1812}
2026-03-17 15:58:22,746 INFO: particles=30 iter=40 n_caps=7 minZ=0.050279 runtime=61.97s placement={6: 1012, 7: 1170, 9: 1604, 14: 46, 10: 1512, 0: 1812, 5: 0}
2026-03-17 15:59:24,540 INFO: particles=30 iter=40 n_caps=8 minZ=0.047379 runtime=61.79s placement={7: 981, 9: 1165, 14: 1581, 11: 52, 0: 685, 6: 1702, 15: 0, 5: 1024}
2026-03-17 16:00:28,198 INFO: particles=30 iter=40 n_caps=9 minZ=0.037673 runtime=63.66s placement={7: 882, 0: 1536, 9: 1935, 1: 12, 5: 996, 16: 1850, 8: 0}
2026-03-17 16:01:32,340 INFO: particles=30 iter=40 n_caps=10 minZ=0.034193 runtime=64.14s placement={0: 1313, 9: 1042, 1: 1876, 3: 1, 15: 1290, 6: 1443}
2026-03-17 16:02:37,575 INFO: particles=30 iter=40 n_caps=11 minZ=0.029141 runtime=65.23s placement={5: 627, 0: 0, 3: 1797, 16: 0, 7: 1275, 1: 1224}
2026-03-17 16:03:44,734 INFO: particles=30 iter=40 n_caps=12 minZ=0.025533 runtime=67.16s placement={1: 757, 6: 586, 15: 1499, 7: 2, 0: 898}
2026-03-17 16:04:51,297 INFO: particles=30 iter=40 n_caps=13 minZ=0.026294 runtime=66.56s placement={6: 757, 15: 586, 7: 1499, 0: 171, 1: 1170}
2026-03-17 16:05:59,203 INFO: particles=30 iter=40 n_caps=14 minZ=0.022775 runtime=67.91s placement={15: 757, 7: 586, 0: 1126, 1: 2, 9: 171}
2026-03-17 16:07:08,423 INFO: particles=30 iter=40 n_caps=15 minZ=0.022965 runtime=69.22s placement={7: 757, 0: 1126, 1: 1499, 9: 898, 2: 2671}
2026-03-17 16:08:17,126 INFO: particles=30 iter=40 n_caps=16 minZ=0.022416 runtime=68.70s placement={0: 1199, 1: 586, 9: 0, 2: 1126}
2026-03-17 16:09:27,448 INFO: particles=30 iter=40 n_caps=17 minZ=0.022088 runtime=70.32s placement={0: 0, 1: 1199, 9: 2256, 2: 171}
2026-03-17 16:10:38,215 INFO: particles=30 iter=40 n_caps=18 minZ=0.019656 runtime=70.77s placement={0: 0, 1: 2654, 9: 1348, 2: 732}
2026-03-17 16:11:49,344 INFO: particles=30 iter=40 n_caps=19 minZ=0.021404 runtime=71.13s placement={0: 0, 1: 1127, 9: 892, 2: 0}
2026-03-17 16:13:01,978 INFO: particles=30 iter=40 n_caps=20 minZ=0.019601 runtime=72.63s placement={0: 0, 1: 189, 9: 0, 2: 2331, 7: 0, 10: 0}
