2026-03-20 05:50:10,394 INFO: particles=20 iter=50 n_caps=1 minZ=0.080251 runtime=42.65s placement={0: 1014}
2026-03-20 05:50:53,856 INFO: particles=20 iter=50 n_caps=2 minZ=0.078668 runtime=43.46s placement={0: 1014, 6: 0}
2026-03-20 05:51:38,408 INFO: particles=20 iter=50 n_caps=3 minZ=0.053467 runtime=44.55s placement={8: 2473, 0: 1012, 5: 1818}
2026-03-20 05:52:23,800 INFO: particles=20 iter=50 n_caps=4 minZ=0.057005 runtime=45.39s placement={0: 1291, 7: 976, 9: 1850, 14: 1268}
2026-03-20 05:53:09,750 INFO: particles=20 iter=50 n_caps=5 minZ=0.055642 runtime=45.95s placement={6: 1185, 9: 969, 15: 2164, 0: 434, 10: 0}
2026-03-20 05:53:56,552 INFO: particles=20 iter=50 n_caps=6 minZ=0.045646 runtime=46.80s placement={9: 1170, 15: 976, 0: 2122, 10: 433, 7: 0, 14: 1074}
2026-03-20 05:54:44,187 INFO: particles=20 iter=50 n_caps=7 minZ=0.040930 runtime=47.63s placement={15: 1812, 0: 1012, 9: 1889, 6: 213, 7: 0, 12: 731, 5: 1185}
2026-03-20 05:55:32,716 INFO: particles=20 iter=50 n_caps=8 minZ=0.040585 runtime=48.53s placement={0: 2163, 7: 1044, 9: 615, 1: 164, 19: 3, 10: 594}
2026-03-20 05:56:22,165 INFO: particles=20 iter=50 n_caps=9 minZ=0.042822 runtime=49.45s placement={7: 1643, 9: 956, 0: 2126, 19: 160, 10: 3, 1: 599, 15: 0}
2026-03-20 05:57:12,376 INFO: particles=20 iter=50 n_caps=10 minZ=0.031831 runtime=50.21s placement={9: 1799, 0: 1398, 19: 585, 10: 166, 1: 2, 14: 2203, 15: 0}
2026-03-20 05:58:03,409 INFO: particles=20 iter=50 n_caps=11 minZ=0.035436 runtime=51.03s placement={0: 1689, 19: 1230, 10: 631, 1: 149, 15: 1432, 16: 2221}
2026-03-20 05:58:55,395 INFO: particles=20 iter=50 n_caps=12 minZ=0.033927 runtime=51.99s placement={19: 2615, 1: 728, 0: 1014, 16: 448, 6: 2301, 7: 1695, 9: 0}
2026-03-20 05:59:48,075 INFO: particles=20 iter=50 n_caps=13 minZ=0.027409 runtime=52.68s placement={1: 2316, 0: 3316, 2: 84, 19: 1066, 6: 0, 9: 1433}
2026-03-20 06:00:41,705 INFO: particles=20 iter=50 n_caps=14 minZ=0.028383 runtime=53.63s placement={0: 736, 1: 912, 19: 7, 4: 783, 10: 1968, 2: 3347, 20: 15}
2026-03-20 06:01:36,068 INFO: particles=20 iter=50 n_caps=15 minZ=0.026091 runtime=54.36s placement={0: 0, 1: 838, 20: 78, 7: 0, 6: 493, 19: 3347, 3: 0}
2026-03-20 06:02:30,923 INFO: particles=20 iter=50 n_caps=16 minZ=0.026181 runtime=54.85s placement={0: 0, 20: 840, 7: 78, 1: 0, 6: 892, 19: 737, 3: 0, 15: 0}
2026-03-20 06:03:26,652 INFO: particles=20 iter=50 n_caps=17 minZ=0.027255 runtime=55.73s placement={19: 3068, 6: 110, 0: 0, 1: 0, 9: 391, 20: 487, 18: 0}
2026-03-20 06:04:22,945 INFO: particles=20 iter=50 n_caps=18 minZ=0.024659 runtime=56.29s placement={6: 3006, 0: 3331, 1: 38, 9: 1015, 20: 1669, 18: 0}
2026-03-20 06:05:20,251 INFO: particles=20 iter=50 n_caps=19 minZ=0.022260 runtime=57.31s placement={0: 3347, 1: 0, 10: 1329, 20: 1266, 9: 3347, 6: 1148}
2026-03-20 06:06:18,329 INFO: particles=20 iter=50 n_caps=20 minZ=0.021469 runtime=58.08s placement={0: 0, 1: 0, 10: 758, 20: 1772, 8: 1637, 6: 3347}
