2026-04-02 11:16:21,753 INFO: particles=20 iter=40 n_caps=1 minZ=0.080251 runtime=43.07s placement={0: 1012}
2026-04-02 11:17:09,429 INFO: particles=20 iter=40 n_caps=2 minZ=0.070329 runtime=47.68s placement={9: 1126, 0: 1225}
2026-04-02 11:18:00,931 INFO: particles=20 iter=40 n_caps=3 minZ=0.046739 runtime=51.50s placement={0: 1012, 9: 1183, 10: 1691}
2026-04-02 11:18:54,909 INFO: particles=20 iter=40 n_caps=4 minZ=0.050986 runtime=53.98s placement={9: 1126, 10: 1183, 0: 1690, 15: 342}
2026-04-02 11:19:53,840 INFO: particles=20 iter=40 n_caps=5 minZ=0.054004 runtime=58.93s placement={10: 1126, 0: 1183, 15: 1690, 9: 342, 2: 1558}
2026-04-02 11:20:52,461 INFO: particles=20 iter=40 n_caps=6 minZ=0.041728 runtime=58.62s placement={0: 1756, 17: 1506, 8: 1664, 1: 411}
2026-04-02 11:21:54,926 INFO: particles=20 iter=40 n_caps=7 minZ=0.037533 runtime=62.46s placement={19: 0, 14: 1495, 0: 1012, 1: 147, 3: 93}
2026-04-02 11:23:01,973 INFO: particles=20 iter=40 n_caps=8 minZ=0.034182 runtime=67.05s placement={11: 213, 0: 1707, 1: 2214, 15: 1025, 7: 3014}
2026-04-02 11:24:10,438 INFO: particles=20 iter=40 n_caps=9 minZ=0.032252 runtime=68.46s placement={0: 1873, 1: 1016, 15: 1665, 7: 1430}
2026-04-02 11:25:18,281 INFO: particles=20 iter=40 n_caps=10 minZ=0.028574 runtime=67.84s placement={1: 212, 0: 1873, 16: 1522, 7: 1663, 10: 0}
2026-04-02 11:26:32,643 INFO: particles=20 iter=40 n_caps=11 minZ=0.032363 runtime=74.36s placement={0: 342, 1: 1163, 15: 990, 7: 1553, 10: 1885, 11: 0}
2026-04-02 11:27:45,667 INFO: particles=20 iter=40 n_caps=12 minZ=0.030418 runtime=73.02s placement={0: 0, 1: 1454, 15: 1677, 6: 1242, 14: 3138, 12: 2617}
2026-04-02 11:29:02,489 INFO: particles=20 iter=40 n_caps=13 minZ=0.029126 runtime=76.82s placement={0: 0, 15: 1082, 1: 1599, 14: 1697, 9: 3206}
2026-04-02 11:30:21,266 INFO: particles=20 iter=40 n_caps=14 minZ=0.029335 runtime=78.78s placement={15: 581, 1: 1082, 0: 0, 14: 1279, 9: 1697}
2026-04-02 11:31:45,174 INFO: particles=20 iter=40 n_caps=15 minZ=0.027112 runtime=83.91s placement={0: 0, 1: 1748, 10: 1401, 8: 1642, 20: 2697}
2026-04-02 11:33:08,846 INFO: particles=20 iter=40 n_caps=16 minZ=0.026943 runtime=83.67s placement={0: 2697, 1: 1748, 10: 1463, 8: 1401, 20: 0, 7: 40}
2026-04-02 11:35:02,596 INFO: particles=20 iter=40 n_caps=17 minZ=0.028772 runtime=113.75s placement={0: 0, 1: 1748, 10: 433, 8: 1463, 20: 0, 7: 2697, 6: 40}
2026-04-02 11:37:00,085 INFO: particles=20 iter=40 n_caps=18 minZ=0.028664 runtime=117.49s placement={0: 0, 9: 2072, 8: 704, 1: 1409, 20: 0, 3: 0, 4: 3003}
2026-04-02 11:38:59,950 INFO: particles=20 iter=40 n_caps=19 minZ=0.025818 runtime=119.86s placement={8: 1001, 9: 3347, 0: 0, 1: 1203, 20: 1413, 3: 0, 6: 0}
2026-04-02 11:41:01,821 INFO: particles=20 iter=40 n_caps=20 minZ=0.023656 runtime=121.87s placement={0: 1350, 1: 3347, 20: 1238, 3: 0, 5: 0, 9: 0}
