2026-03-19 17:27:52,014 INFO: particles=20 iter=15 n_caps=1 minZ=0.085029 runtime=12.79s placement={0: 1316}
2026-03-19 17:28:05,030 INFO: particles=20 iter=15 n_caps=2 minZ=0.060294 runtime=13.02s placement={7: 2039, 0: 1014}
2026-03-19 17:28:18,287 INFO: particles=20 iter=15 n_caps=3 minZ=0.066192 runtime=13.26s placement={0: 1346, 9: 1184, 10: 2511}
2026-03-19 17:28:31,804 INFO: particles=20 iter=15 n_caps=4 minZ=0.067788 runtime=13.52s placement={5: 1706, 9: 1003, 0: 2393, 2: 0}
2026-03-19 17:28:45,574 INFO: particles=20 iter=15 n_caps=5 minZ=0.054521 runtime=13.77s placement={9: 1958, 0: 1476, 10: 2425, 6: 408, 7: 610}
2026-03-19 17:28:59,603 INFO: particles=20 iter=15 n_caps=6 minZ=0.046408 runtime=14.03s placement={0: 1014, 7: 1404, 9: 2091, 6: 0, 10: 0, 19: 1653}
2026-03-19 17:29:13,850 INFO: particles=20 iter=15 n_caps=7 minZ=0.058767 runtime=14.25s placement={7: 1027, 14: 1346, 6: 2226, 10: 0, 19: 0, 0: 1084, 5: 0}
2026-03-19 17:29:28,407 INFO: particles=20 iter=15 n_caps=8 minZ=0.047212 runtime=14.56s placement={9: 1070, 0: 734, 1: 0, 16: 1445, 10: 811, 13: 2634}
2026-03-19 17:29:43,163 INFO: particles=20 iter=15 n_caps=9 minZ=0.038927 runtime=14.76s placement={0: 3347, 1: 1367, 19: 0, 7: 1265, 14: 124, 10: 2301, 6: 3347}
2026-03-19 17:29:58,720 INFO: particles=20 iter=15 n_caps=10 minZ=0.039315 runtime=15.56s placement={0: 3347, 19: 1367, 7: 0, 1: 1265, 14: 3347, 10: 124, 6: 2301, 15: 0}
2026-03-19 17:30:14,556 INFO: particles=20 iter=15 n_caps=11 minZ=0.043135 runtime=15.84s placement={15: 1204, 18: 1964, 9: 1802, 5: 0, 4: 1282, 0: 1012, 6: 1448, 10: 50, 16: 369, 14: 2311, 12: 1951}
2026-03-19 17:30:30,098 INFO: particles=20 iter=15 n_caps=12 minZ=0.046767 runtime=15.54s placement={0: 2232, 15: 1662, 1: 555, 16: 2327, 20: 0, 17: 2789, 4: 94, 10: 1204, 9: 10}
2026-03-19 17:30:45,888 INFO: particles=20 iter=15 n_caps=13 minZ=0.035803 runtime=15.79s placement={7: 2715, 0: 1824, 14: 280, 3: 756, 15: 1074, 1: 20, 19: 912, 9: 563, 10: 1735, 13: 924, 5: 1288}
2026-03-19 17:31:02,153 INFO: particles=20 iter=15 n_caps=14 minZ=0.030531 runtime=16.26s placement={0: 526, 11: 1153, 1: 18, 16: 405, 20: 773, 10: 471, 9: 935, 19: 361}
2026-03-19 17:31:18,527 INFO: particles=20 iter=15 n_caps=15 minZ=0.031488 runtime=16.37s placement={11: 3112, 0: 0, 16: 18, 1: 405, 20: 1394, 10: 773, 9: 471, 19: 935, 7: 526}
2026-03-19 17:31:35,006 INFO: particles=20 iter=15 n_caps=16 minZ=0.026204 runtime=16.48s placement={0: 0, 15: 1068, 1: 1, 20: 618, 9: 1507, 8: 0, 19: 244, 7: 2233, 6: 1992}
2026-03-19 17:31:51,748 INFO: particles=20 iter=15 n_caps=17 minZ=0.030656 runtime=16.74s placement={15: 2742, 0: 2318, 1: 1, 20: 839, 10: 562, 12: 1280, 19: 0, 5: 1394, 6: 32, 18: 0}
2026-03-19 17:32:08,712 INFO: particles=20 iter=15 n_caps=18 minZ=0.029252 runtime=16.96s placement={0: 0, 1: 905, 20: 373, 12: 324, 10: 390, 19: 971, 5: 620, 6: 1363, 7: 713, 18: 2305, 16: 1387}
2026-03-19 17:32:25,951 INFO: particles=20 iter=15 n_caps=19 minZ=0.032507 runtime=17.24s placement={0: 1352, 1: 176, 19: 0, 20: 2654, 10: 194, 18: 12, 3: 311, 8: 215, 6: 2281, 16: 286, 17: 37, 15: 1393, 7: 548}
2026-03-19 17:32:43,379 INFO: particles=20 iter=15 n_caps=20 minZ=0.030257 runtime=17.43s placement={0: 168, 19: 335, 20: 41, 9: 2762, 18: 293, 1: 165, 15: 118, 6: 202, 17: 1370, 16: 3, 5: 1591, 7: 280, 14: 68}
