2026-03-24 02:06:53,356 INFO: particles=80 iter=40 n_caps=1 minZ=0.087365 runtime=147.58s placement={9: 1014}
2026-03-24 02:09:13,970 INFO: particles=80 iter=40 n_caps=2 minZ=0.051974 runtime=140.61s placement={0: 1014, 10: 1488}
2026-03-24 02:11:29,639 INFO: particles=80 iter=40 n_caps=3 minZ=0.049355 runtime=135.67s placement={5: 700, 0: 1014, 16: 1421}
2026-03-24 02:13:46,854 INFO: particles=80 iter=40 n_caps=4 minZ=0.043127 runtime=137.21s placement={0: 1014, 16: 1120, 9: 1494, 14: 1177}
2026-03-24 02:16:09,200 INFO: particles=80 iter=40 n_caps=5 minZ=0.043257 runtime=142.34s placement={14: 1716, 9: 1185, 15: 1437, 0: 1012, 10: 0}
2026-03-24 02:18:36,914 INFO: particles=80 iter=40 n_caps=6 minZ=0.050849 runtime=147.71s placement={9: 1754, 14: 585, 0: 1456, 10: 976, 7: 0, 13: 2321}
2026-03-24 02:21:02,877 INFO: particles=80 iter=40 n_caps=7 minZ=0.040317 runtime=145.96s placement={14: 1910, 0: 1014, 5: 971, 6: 724, 11: 897, 9: 2651, 15: 1807}
2026-03-24 02:23:29,082 INFO: particles=80 iter=40 n_caps=8 minZ=0.036392 runtime=146.20s placement={0: 2024, 1: 817, 14: 1004, 18: 2635, 13: 3347, 4: 2463}
2026-03-24 02:25:58,541 INFO: particles=80 iter=40 n_caps=9 minZ=0.031653 runtime=149.46s placement={0: 1269, 14: 1736, 1: 2462, 11: 2367, 7: 880}
2026-03-24 02:28:30,495 INFO: particles=80 iter=40 n_caps=10 minZ=0.029359 runtime=151.95s placement={13: 268, 0: 1569, 1: 2819, 14: 311, 10: 0}
2026-03-24 02:31:20,430 INFO: particles=80 iter=40 n_caps=11 minZ=0.028349 runtime=169.93s placement={0: 2127, 1: 2193, 13: 1016, 10: 1266}
2026-03-24 02:34:00,175 INFO: particles=80 iter=40 n_caps=12 minZ=0.026656 runtime=159.75s placement={0: 2480, 1: 2158, 7: 3266, 10: 2744, 4: 0}
2026-03-24 02:36:44,648 INFO: particles=80 iter=40 n_caps=13 minZ=0.025306 runtime=164.47s placement={0: 0, 7: 2158, 1: 3247, 10: 1211, 4: 2479}
2026-03-24 02:39:27,201 INFO: particles=80 iter=40 n_caps=14 minZ=0.025283 runtime=162.55s placement={7: 159, 0: 976, 1: 3337, 10: 1015, 5: 278}
2026-03-24 02:42:09,104 INFO: particles=80 iter=40 n_caps=15 minZ=0.022863 runtime=161.90s placement={0: 1249, 1: 2083, 10: 429, 5: 1497}
2026-03-24 02:44:59,959 INFO: particles=80 iter=40 n_caps=16 minZ=0.022882 runtime=170.85s placement={0: 1281, 1: 2080, 11: 871, 5: 2660, 15: 0}
2026-03-24 02:47:45,110 INFO: particles=80 iter=40 n_caps=17 minZ=0.022989 runtime=165.15s placement={0: 11, 1: 2078, 11: 3332, 6: 1124, 15: 1021}
2026-03-24 02:50:33,036 INFO: particles=80 iter=40 n_caps=18 minZ=0.023620 runtime=167.93s placement={0: 81, 15: 1613, 1: 3330, 8: 905, 16: 1057}
2026-03-24 02:53:26,686 INFO: particles=80 iter=40 n_caps=19 minZ=0.021027 runtime=173.65s placement={15: 927, 0: 0, 1: 3335, 6: 1064, 16: 0}
2026-03-24 02:56:30,890 INFO: particles=80 iter=40 n_caps=20 minZ=0.021365 runtime=184.20s placement={0: 2811, 1: 1182, 6: 773, 16: 400}
