2026-03-21 07:38:53,246 INFO: particles=50 iter=10 n_caps=1 minZ=0.096527 runtime=21.31s placement={0: 3014}
2026-03-21 07:39:14,994 INFO: particles=50 iter=10 n_caps=2 minZ=0.089285 runtime=21.75s placement={0: 2888, 9: 2309}
2026-03-21 07:39:37,239 INFO: particles=50 iter=10 n_caps=3 minZ=0.071916 runtime=22.24s placement={6: 678, 0: 1563, 7: 3347}
2026-03-21 07:39:59,897 INFO: particles=50 iter=10 n_caps=4 minZ=0.058470 runtime=22.66s placement={0: 1150, 10: 1626, 11: 3347, 9: 1014}
2026-03-21 07:40:22,939 INFO: particles=50 iter=10 n_caps=5 minZ=0.048986 runtime=23.04s placement={10: 1150, 11: 1626, 9: 3347, 0: 1014, 7: 0}
2026-03-21 07:40:46,498 INFO: particles=50 iter=10 n_caps=6 minZ=0.048902 runtime=23.56s placement={15: 1309, 0: 1300, 1: 3347, 9: 1170, 5: 605, 16: 1492}
2026-03-21 07:41:10,435 INFO: particles=50 iter=10 n_caps=7 minZ=0.038923 runtime=23.94s placement={0: 838, 1: 461, 10: 1061, 16: 1012, 11: 3207}
2026-03-21 07:41:34,617 INFO: particles=50 iter=10 n_caps=8 minZ=0.036558 runtime=24.18s placement={0: 0, 10: 461, 1: 1061, 16: 1433, 11: 838}
2026-03-21 07:41:59,464 INFO: particles=50 iter=10 n_caps=9 minZ=0.038761 runtime=24.85s placement={10: 2111, 0: 930, 12: 1009, 1: 1431, 9: 1020, 4: 0}
2026-03-21 07:42:24,606 INFO: particles=50 iter=10 n_caps=10 minZ=0.030574 runtime=25.14s placement={16: 1981, 8: 0, 0: 893, 7: 1094, 1: 540, 5: 1826}
2026-03-21 07:42:50,176 INFO: particles=50 iter=10 n_caps=11 minZ=0.030673 runtime=25.57s placement={3: 2167, 0: 2829, 9: 1650, 1: 666}
2026-03-21 07:43:16,069 INFO: particles=50 iter=10 n_caps=12 minZ=0.027018 runtime=25.89s placement={0: 632, 9: 0, 1: 1650}
2026-03-21 07:43:42,277 INFO: particles=50 iter=10 n_caps=13 minZ=0.026958 runtime=26.21s placement={9: 2167, 0: 0, 1: 1650}
2026-03-21 07:44:08,916 INFO: particles=50 iter=10 n_caps=14 minZ=0.025172 runtime=26.64s placement={0: 1569, 1: 0, 10: 0}
2026-03-21 07:44:35,990 INFO: particles=50 iter=10 n_caps=15 minZ=0.025616 runtime=27.07s placement={0: 0, 1: 0, 10: 342}
2026-03-21 07:45:03,327 INFO: particles=50 iter=10 n_caps=16 minZ=0.024838 runtime=27.34s placement={0: 0, 1: 0, 10: 2924}
2026-03-21 07:45:31,164 INFO: particles=50 iter=10 n_caps=17 minZ=0.024986 runtime=27.84s placement={0: 0, 1: 0, 10: 1178}
2026-03-21 07:45:59,264 INFO: particles=50 iter=10 n_caps=18 minZ=0.024020 runtime=28.10s placement={0: 0, 1: 0, 10: 94, 7: 0}
2026-03-21 07:46:27,843 INFO: particles=50 iter=10 n_caps=19 minZ=0.023887 runtime=28.58s placement={0: 0, 1: 0, 10: 1279, 7: 0}
2026-03-21 07:46:56,808 INFO: particles=50 iter=10 n_caps=20 minZ=0.023711 runtime=28.96s placement={0: 0, 1: 0, 10: 3347, 7: 0, 15: 0}
