2026-03-26 18:14:54,330 INFO: particles=20 iter=15 n_caps=1 minZ=0.072657 runtime=9.41s placement={0: 1480}
2026-03-26 18:15:10,092 INFO: particles=20 iter=15 n_caps=2 minZ=0.070984 runtime=15.76s placement={0: 1480, 7: 1}
2026-03-26 18:15:34,839 INFO: particles=20 iter=15 n_caps=3 minZ=0.055523 runtime=24.75s placement={0: 2375, 9: 1007, 5: 2390}
2026-03-26 18:16:09,127 INFO: particles=20 iter=15 n_caps=4 minZ=0.057031 runtime=34.29s placement={9: 2375, 5: 1007, 0: 2390, 6: 0}
2026-03-26 18:16:49,688 INFO: particles=20 iter=15 n_caps=5 minZ=0.044082 runtime=40.56s placement={5: 2320, 0: 990, 7: 2192, 4: 0, 14: 1249}
2026-03-26 18:17:36,331 INFO: particles=20 iter=15 n_caps=6 minZ=0.044534 runtime=46.64s placement={3: 1537, 10: 982, 9: 2368, 12: 0, 17: 2115, 0: 990}
2026-03-26 18:18:29,667 INFO: particles=20 iter=15 n_caps=7 minZ=0.045853 runtime=53.34s placement={6: 1366, 10: 1381, 12: 2372, 17: 0, 0: 2163, 5: 1100, 9: 639}
2026-03-26 18:19:31,144 INFO: particles=20 iter=15 n_caps=8 minZ=0.040691 runtime=61.48s placement={10: 1276, 16: 1230, 15: 2592, 0: 366, 2: 2173, 9: 997, 13: 1414, 14: 928}
2026-03-26 18:20:41,057 INFO: particles=20 iter=15 n_caps=9 minZ=0.040323 runtime=69.91s placement={16: 1276, 15: 1230, 0: 2592, 2: 366, 9: 2173, 13: 997, 14: 1414, 10: 928, 7: 1779}
2026-03-26 18:21:57,702 INFO: particles=20 iter=15 n_caps=10 minZ=0.040522 runtime=76.64s placement={15: 1276, 0: 1230, 2: 2592, 9: 366, 13: 2173, 16: 997, 10: 1414, 7: 928, 14: 2745}
2026-03-26 18:23:20,996 INFO: particles=20 iter=15 n_caps=11 minZ=0.036800 runtime=83.29s placement={0: 1014, 1: 1249, 7: 2347, 12: 1570, 19: 2146, 16: 1048, 8: 1977, 20: 199, 14: 1974, 17: 2354, 6: 1643}
2026-03-26 18:24:52,102 INFO: particles=20 iter=15 n_caps=12 minZ=0.027315 runtime=91.11s placement={20: 3347, 5: 1211, 0: 2252, 1: 3347, 9: 428, 3: 2776, 14: 2986}
2026-03-26 18:26:31,934 INFO: particles=20 iter=15 n_caps=13 minZ=0.030683 runtime=99.83s placement={5: 3347, 0: 1012, 1: 1866, 9: 3347, 3: 616, 14: 2252, 10: 2986, 15: 3347}
2026-03-26 18:28:18,154 INFO: particles=20 iter=15 n_caps=14 minZ=0.024261 runtime=106.22s placement={0: 724, 1: 1101, 8: 1459, 9: 656, 4: 2331, 20: 3052}
2026-03-26 18:30:13,354 INFO: particles=20 iter=15 n_caps=15 minZ=0.024908 runtime=115.20s placement={0: 31, 1: 1101, 8: 2126, 9: 3347, 4: 656, 20: 2331}
2026-03-26 18:32:00,382 INFO: particles=20 iter=15 n_caps=16 minZ=0.024426 runtime=107.03s placement={0: 0, 8: 1101, 1: 2126, 9: 1166, 4: 3347, 20: 656}
2026-03-26 18:33:55,133 INFO: particles=20 iter=15 n_caps=17 minZ=0.025763 runtime=114.75s placement={9: 1188, 0: 0, 1: 2221, 10: 1079, 6: 1444, 20: 3347}
2026-03-26 18:35:55,856 INFO: particles=20 iter=15 n_caps=18 minZ=0.023950 runtime=120.72s placement={0: 1630, 1: 1097, 9: 449, 6: 800, 20: 1444}
2026-03-26 18:38:04,047 INFO: particles=20 iter=15 n_caps=19 minZ=0.023428 runtime=128.19s placement={0: 0, 1: 1097, 9: 3347, 6: 449, 20: 800}
2026-03-26 18:40:18,540 INFO: particles=20 iter=15 n_caps=20 minZ=0.022495 runtime=134.49s placement={0: 0, 1: 1097, 9: 550, 6: 3347, 20: 449, 15: 0}
