2026-04-01 20:35:26,309 INFO: particles=20 iter=15 n_caps=1 minZ=0.136502 runtime=12.73s placement={10: 2303}
2026-04-01 20:35:39,876 INFO: particles=20 iter=15 n_caps=2 minZ=0.074876 runtime=13.57s placement={15: 2230, 0: 1291}
2026-04-01 20:35:53,223 INFO: particles=20 iter=15 n_caps=3 minZ=0.068738 runtime=13.35s placement={0: 1710, 16: 1022, 14: 1806}
2026-04-01 20:36:07,598 INFO: particles=20 iter=15 n_caps=4 minZ=0.064693 runtime=14.37s placement={14: 1871, 0: 1455, 17: 3007, 9: 1661}
2026-04-01 20:36:22,299 INFO: particles=20 iter=15 n_caps=5 minZ=0.062585 runtime=14.70s placement={0: 1789, 15: 1567, 9: 3022, 16: 1066, 10: 1074}
2026-04-01 20:36:37,652 INFO: particles=20 iter=15 n_caps=6 minZ=0.061302 runtime=15.35s placement={15: 1204, 16: 1614, 14: 3347, 5: 844, 0: 1356, 6: 808}
2026-04-01 20:36:53,093 INFO: particles=20 iter=15 n_caps=7 minZ=0.055004 runtime=15.44s placement={14: 892, 15: 1794, 7: 2590, 0: 1455, 6: 961, 18: 799, 5: 2621}
2026-04-01 20:37:08,924 INFO: particles=20 iter=15 n_caps=8 minZ=0.054156 runtime=15.83s placement={15: 892, 7: 1794, 0: 2590, 6: 1455, 18: 961, 5: 799, 14: 2621, 9: 2491}
2026-04-01 20:37:25,645 INFO: particles=20 iter=15 n_caps=9 minZ=0.054391 runtime=16.72s placement={7: 892, 0: 1899, 6: 2571, 18: 1359, 5: 1156, 15: 958, 13: 2612, 9: 2517, 14: 2691}
2026-04-01 20:37:42,615 INFO: particles=20 iter=15 n_caps=10 minZ=0.050078 runtime=16.97s placement={0: 892, 6: 1899, 18: 2571, 5: 1359, 15: 1156, 13: 958, 9: 2612, 14: 2517, 10: 2691, 16: 1288}
2026-04-01 20:37:58,747 INFO: particles=20 iter=15 n_caps=11 minZ=0.047467 runtime=16.13s placement={5: 442, 12: 433, 15: 1049, 9: 700, 19: 3347, 16: 390, 10: 1386, 20: 2381, 0: 1384, 7: 1642, 14: 1303}
2026-04-01 20:38:15,852 INFO: particles=20 iter=15 n_caps=12 minZ=0.047046 runtime=17.10s placement={14: 344, 16: 1177, 7: 378, 17: 1700, 15: 1245, 8: 0, 13: 1255, 0: 1941, 9: 1402, 6: 888, 10: 858}
2026-04-01 20:38:33,440 INFO: particles=20 iter=15 n_caps=13 minZ=0.043946 runtime=17.59s placement={16: 369, 8: 3347, 14: 448, 15: 1552, 9: 1851, 13: 331, 0: 1267, 7: 799, 6: 1579, 10: 1686, 5: 846, 3: 2285}
2026-04-01 20:38:50,178 INFO: particles=20 iter=15 n_caps=14 minZ=0.034895 runtime=16.74s placement={0: 1012, 14: 3347, 11: 0, 15: 3347, 13: 1656, 1: 0, 20: 754, 7: 1450, 19: 3004, 16: 3347}
2026-04-01 20:39:08,156 INFO: particles=20 iter=15 n_caps=15 minZ=0.038969 runtime=17.98s placement={20: 0, 10: 1782, 13: 3, 19: 3347, 0: 825, 1: 2149, 16: 1380, 11: 2266, 14: 186, 17: 3265, 6: 3347, 4: 0}
2026-04-01 20:39:26,276 INFO: particles=20 iter=15 n_caps=16 minZ=0.039774 runtime=18.12s placement={12: 0, 13: 46, 16: 47, 0: 2353, 1: 1445, 10: 1686, 17: 1335, 11: 1792, 6: 2300, 14: 806, 7: 3347, 9: 3347, 8: 0}
2026-04-01 20:39:44,185 INFO: particles=20 iter=15 n_caps=17 minZ=0.038564 runtime=17.91s placement={15: 2549, 0: 1164, 20: 1561, 1: 480, 10: 3347, 11: 1622, 9: 1357, 4: 2400, 16: 0, 5: 82, 19: 2558, 14: 1015, 6: 898, 18: 0}
2026-04-01 20:40:02,980 INFO: particles=20 iter=15 n_caps=18 minZ=0.026274 runtime=18.79s placement={0: 1686, 1: 2433, 9: 0, 13: 3346, 18: 0, 20: 2650, 10: 343, 19: 4, 11: 3347, 17: 1330, 7: 982}
2026-04-01 20:40:21,791 INFO: particles=20 iter=15 n_caps=19 minZ=0.027861 runtime=18.81s placement={0: 2650, 1: 2433, 9: 1033, 13: 0, 18: 3346, 20: 982, 10: 1377, 19: 0, 11: 4, 17: 1458, 7: 1686, 15: 0}
2026-04-01 20:40:40,612 INFO: particles=20 iter=15 n_caps=20 minZ=0.031692 runtime=18.82s placement={0: 154, 9: 2711, 13: 915, 18: 0, 1: 3347, 19: 999, 14: 1932, 20: 1759, 11: 441, 17: 3347, 7: 1316, 15: 2516}
