2026-03-26 00:06:35,885 INFO: particles=20 iter=50 n_caps=1 minZ=0.094622 runtime=29.67s placement={16: 1012}
2026-03-26 00:07:06,178 INFO: particles=20 iter=50 n_caps=2 minZ=0.053008 runtime=30.29s placement={0: 1012, 9: 2722}
2026-03-26 00:07:37,241 INFO: particles=20 iter=50 n_caps=3 minZ=0.062923 runtime=31.06s placement={9: 1012, 0: 2722, 7: 0}
2026-03-26 00:08:08,894 INFO: particles=20 iter=50 n_caps=4 minZ=0.046750 runtime=31.65s placement={0: 1012, 7: 2722, 6: 0, 9: 1662}
2026-03-26 00:08:41,159 INFO: particles=20 iter=50 n_caps=5 minZ=0.062513 runtime=32.26s placement={6: 1012, 5: 2722, 9: 0, 0: 1663, 7: 0}
2026-03-26 00:09:14,177 INFO: particles=20 iter=50 n_caps=6 minZ=0.038937 runtime=33.02s placement={0: 1014, 9: 2829, 15: 581, 1: 628, 14: 1864}
2026-03-26 00:09:47,632 INFO: particles=20 iter=50 n_caps=7 minZ=0.037759 runtime=33.45s placement={9: 1089, 15: 2829, 0: 0, 14: 483, 1: 1875}
2026-03-26 00:10:21,444 INFO: particles=20 iter=50 n_caps=8 minZ=0.032964 runtime=33.81s placement={16: 1087, 0: 1565, 15: 581, 1: 482}
2026-03-26 00:10:56,162 INFO: particles=20 iter=50 n_caps=9 minZ=0.029502 runtime=34.72s placement={0: 1686, 15: 2819, 1: 578, 9: 2759}
2026-03-26 00:11:31,436 INFO: particles=20 iter=50 n_caps=10 minZ=0.027802 runtime=35.27s placement={15: 1310, 0: 67, 1: 574, 9: 1684}
2026-03-26 00:12:04,718 INFO: particles=20 iter=50 n_caps=11 minZ=0.026095 runtime=33.28s placement={0: 2559, 1: 2815, 9: 0}
2026-03-26 00:12:34,604 INFO: particles=20 iter=50 n_caps=12 minZ=0.027911 runtime=29.88s placement={0: 0, 1: 2836, 9: 1012}
2026-03-26 00:13:05,180 INFO: particles=20 iter=50 n_caps=13 minZ=0.024451 runtime=30.58s placement={0: 93, 1: 2836, 9: 1870}
2026-03-26 00:13:36,391 INFO: particles=20 iter=50 n_caps=14 minZ=0.025524 runtime=31.21s placement={0: 0, 1: 2836, 9: 685, 10: 93}
2026-03-26 00:14:08,035 INFO: particles=20 iter=50 n_caps=15 minZ=0.022809 runtime=31.64s placement={0: 0, 1: 2842, 9: 608, 10: 0}
2026-03-26 00:14:40,470 INFO: particles=20 iter=50 n_caps=16 minZ=0.023621 runtime=32.43s placement={0: 0, 9: 2842, 1: 608, 10: 2592, 6: 0, 15: 0}
2026-03-26 00:15:13,266 INFO: particles=20 iter=50 n_caps=17 minZ=0.023442 runtime=32.80s placement={9: 1311, 0: 0, 1: 608, 10: 66, 6: 0, 15: 0, 16: 0}
2026-03-26 00:15:46,765 INFO: particles=20 iter=50 n_caps=18 minZ=0.022833 runtime=33.50s placement={0: 0, 1: 2842, 9: 2785, 6: 92, 15: 0, 16: 0, 10: 0, 2: 1638}
2026-03-26 00:16:21,056 INFO: particles=20 iter=50 n_caps=19 minZ=0.022570 runtime=34.29s placement={0: 125, 1: 2842, 9: 1712, 6: 0, 15: 92, 16: 0, 10: 0, 2: 0, 20: 1638}
2026-03-26 00:16:55,843 INFO: particles=20 iter=50 n_caps=20 minZ=0.022556 runtime=34.79s placement={0: 0, 1: 2842, 9: 0, 6: 2592, 15: 0, 16: 92, 10: 0, 2: 0, 20: 0}
