2026-03-16 13:24:46,548 INFO: particles=20 iter=10 n_caps=1 minZ=0.091214 runtime=9.19s placement={0: 1485}
2026-03-16 13:24:55,847 INFO: particles=20 iter=10 n_caps=2 minZ=0.087683 runtime=9.30s placement={0: 1485, 7: 0}
2026-03-16 13:25:05,331 INFO: particles=20 iter=10 n_caps=3 minZ=0.062638 runtime=9.48s placement={9: 1713, 5: 1414, 0: 1000}
2026-03-16 13:25:15,018 INFO: particles=20 iter=10 n_caps=4 minZ=0.059716 runtime=9.69s placement={5: 1818, 0: 1381, 9: 1012, 15: 1670}
2026-03-16 13:25:24,816 INFO: particles=20 iter=10 n_caps=5 minZ=0.050934 runtime=9.80s placement={0: 982, 9: 1381, 15: 1012, 1: 1670}
2026-03-16 13:25:34,743 INFO: particles=20 iter=10 n_caps=6 minZ=0.042221 runtime=9.93s placement={9: 1818, 15: 1381, 0: 1012, 1: 1670, 10: 982, 14: 0}
2026-03-16 13:25:44,993 INFO: particles=20 iter=10 n_caps=7 minZ=0.051201 runtime=10.25s placement={6: 1695, 0: 1492, 1: 1001, 10: 1364, 14: 923, 3: 0}
2026-03-16 13:25:55,206 INFO: particles=20 iter=10 n_caps=8 minZ=0.040192 runtime=10.21s placement={0: 1012, 1: 1343, 10: 1001, 8: 1364, 3: 512, 15: 1534}
2026-03-16 13:26:05,827 INFO: particles=20 iter=10 n_caps=9 minZ=0.038578 runtime=10.62s placement={0: 1014, 10: 1191, 1: 992, 2: 1390, 16: 0, 8: 70}
2026-03-16 13:26:16,604 INFO: particles=20 iter=10 n_caps=10 minZ=0.035759 runtime=10.78s placement={9: 447, 0: 1379, 1: 961, 20: 480, 7: 1222, 12: 1176, 18: 74}
2026-03-16 13:26:27,528 INFO: particles=20 iter=10 n_caps=11 minZ=0.031782 runtime=10.92s placement={0: 1534, 1: 803, 20: 977, 7: 1544, 11: 907, 18: 1155}
2026-03-16 13:26:38,303 INFO: particles=20 iter=10 n_caps=12 minZ=0.039335 runtime=10.77s placement={0: 588, 1: 398, 20: 1024, 6: 302, 17: 1697, 19: 890, 14: 1315, 9: 238}
2026-03-16 13:26:49,384 INFO: particles=20 iter=10 n_caps=13 minZ=0.036547 runtime=11.08s placement={0: 39, 20: 398, 1: 1024, 6: 500, 17: 302, 19: 1697, 14: 588, 9: 1315, 10: 238}
2026-03-16 13:27:00,596 INFO: particles=20 iter=10 n_caps=14 minZ=0.039552 runtime=11.21s placement={17: 0, 0: 245, 1: 358, 9: 2027, 19: 1443, 20: 464, 18: 0, 7: 588, 14: 1907, 5: 0}
2026-03-16 13:27:11,802 INFO: particles=20 iter=10 n_caps=15 minZ=0.042650 runtime=11.21s placement={0: 1934, 1: 537, 6: 777, 20: 2308, 15: 1765, 7: 641, 14: 0, 10: 1246, 13: 2451, 16: 667, 19: 0, 12: 2740}
2026-03-16 13:27:23,391 INFO: particles=20 iter=10 n_caps=16 minZ=0.032471 runtime=11.59s placement={0: 95, 1: 3347, 15: 290, 13: 1236, 5: 3347, 20: 121, 16: 544, 19: 3222, 4: 3347}
2026-03-16 13:27:35,049 INFO: particles=20 iter=10 n_caps=17 minZ=0.030460 runtime=11.66s placement={0: 773, 1: 2704, 2: 856, 14: 1544, 6: 1260, 15: 1127, 13: 141, 20: 571, 7: 3286, 5: 247}
2026-03-16 13:27:46,584 INFO: particles=20 iter=10 n_caps=18 minZ=0.035879 runtime=11.53s placement={0: 0, 1: 3347, 16: 1731, 11: 1126, 15: 3347, 20: 0, 14: 1170, 9: 171, 2: 1009, 17: 0, 7: 0}
2026-03-16 13:27:58,318 INFO: particles=20 iter=10 n_caps=19 minZ=0.029303 runtime=11.73s placement={1: 0, 0: 0, 16: 0, 11: 1731, 15: 1110, 20: 3347, 14: 0, 9: 1170, 2: 0, 17: 1009, 7: 0}
2026-03-16 13:28:10,245 INFO: particles=20 iter=10 n_caps=20 minZ=0.027621 runtime=11.93s placement={0: 1176, 1: 3347, 20: 0, 11: 0, 18: 666, 16: 316, 17: 3347, 10: 0, 5: 881, 19: 0, 6: 0, 8: 618}
