2026-03-25 17:57:18,495 INFO: particles=20 iter=25 n_caps=1 minZ=0.095301 runtime=11.54s placement={0: 1614}
2026-03-25 17:57:30,340 INFO: particles=20 iter=25 n_caps=2 minZ=0.071692 runtime=11.85s placement={14: 1776, 0: 1070}
2026-03-25 17:57:42,571 INFO: particles=20 iter=25 n_caps=3 minZ=0.070551 runtime=12.23s placement={0: 1302, 14: 1804, 10: 3042}
2026-03-25 17:57:55,136 INFO: particles=20 iter=25 n_caps=4 minZ=0.068497 runtime=12.56s placement={14: 2121, 0: 1494, 11: 3270, 7: 770}
2026-03-25 17:58:07,962 INFO: particles=20 iter=25 n_caps=5 minZ=0.059804 runtime=12.83s placement={0: 2514, 10: 1015, 13: 3288, 14: 767, 8: 2082}
2026-03-25 17:58:21,120 INFO: particles=20 iter=25 n_caps=6 minZ=0.057952 runtime=13.16s placement={10: 1939, 12: 0, 9: 3212, 6: 509, 0: 2256, 7: 801}
2026-03-25 17:58:34,646 INFO: particles=20 iter=25 n_caps=7 minZ=0.043702 runtime=13.53s placement={14: 899, 16: 0, 9: 2815, 0: 1627, 1: 2518}
2026-03-25 17:58:48,400 INFO: particles=20 iter=25 n_caps=8 minZ=0.039150 runtime=13.75s placement={16: 899, 9: 0, 0: 2350, 1: 892}
2026-03-25 17:59:02,469 INFO: particles=20 iter=25 n_caps=9 minZ=0.033832 runtime=14.07s placement={9: 899, 0: 2754, 1: 2815}
2026-03-25 17:59:16,793 INFO: particles=20 iter=25 n_caps=10 minZ=0.028303 runtime=14.32s placement={0: 1562, 1: 0, 9: 2754}
2026-03-25 17:59:31,428 INFO: particles=20 iter=25 n_caps=11 minZ=0.028426 runtime=14.63s placement={0: 0, 1: 0, 9: 2350}
2026-03-25 17:59:46,371 INFO: particles=20 iter=25 n_caps=12 minZ=0.027873 runtime=14.94s placement={0: 0, 1: 0, 9: 1627, 7: 53}
2026-03-25 18:00:01,659 INFO: particles=20 iter=25 n_caps=13 minZ=0.026849 runtime=15.29s placement={0: 1562, 1: 0, 9: 453, 7: 0, 6: 53, 15: 0}
2026-03-25 18:00:17,231 INFO: particles=20 iter=25 n_caps=14 minZ=0.027901 runtime=15.57s placement={0: 0, 1: 0, 9: 2518, 7: 1562, 6: 0, 15: 53}
2026-03-25 18:00:33,188 INFO: particles=20 iter=25 n_caps=15 minZ=0.028612 runtime=15.96s placement={0: 0, 1: 0, 9: 923, 10: 2467, 5: 1489, 13: 0}
2026-03-25 18:00:49,326 INFO: particles=20 iter=25 n_caps=16 minZ=0.028803 runtime=16.14s placement={0: 46, 1: 0, 9: 2463, 10: 2319, 5: 2467, 13: 1489, 15: 0}
2026-03-25 18:01:06,114 INFO: particles=20 iter=25 n_caps=17 minZ=0.024877 runtime=16.79s placement={0: 0, 1: 0, 7: 1286, 5: 1750, 13: 2561, 14: 400, 15: 0, 16: 169}
2026-03-25 18:01:23,001 INFO: particles=20 iter=25 n_caps=18 minZ=0.025255 runtime=16.89s placement={0: 208, 1: 0, 7: 240, 6: 1165, 13: 1973, 14: 1104, 16: 0, 17: 0, 4: 0}
2026-03-25 18:01:40,095 INFO: particles=20 iter=25 n_caps=19 minZ=0.025727 runtime=17.09s placement={0: 0, 1: 0, 7: 3096, 6: 240, 13: 1165, 14: 471, 16: 355, 17: 0, 4: 208}
2026-03-25 18:01:57,420 INFO: particles=20 iter=25 n_caps=20 minZ=0.029071 runtime=17.32s placement={0: 536, 1: 0, 4: 343, 15: 79, 20: 0, 19: 1128, 18: 0, 2: 0}
