2026-03-28 06:42:12,591 INFO: particles=20 iter=40 n_caps=1 minZ=0.062708 runtime=24.15s placement={0: 1229}
2026-03-28 06:42:56,848 INFO: particles=20 iter=40 n_caps=2 minZ=0.063692 runtime=44.26s placement={10: 1012, 9: 1288}
2026-03-28 06:43:58,062 INFO: particles=20 iter=40 n_caps=3 minZ=0.045760 runtime=61.21s placement={9: 989, 0: 1302, 10: 1721}
2026-03-28 06:45:20,496 INFO: particles=20 iter=40 n_caps=4 minZ=0.035715 runtime=82.43s placement={0: 1014, 9: 1303, 10: 1672, 15: 1632}
2026-03-28 06:47:09,025 INFO: particles=20 iter=40 n_caps=5 minZ=0.043769 runtime=108.53s placement={9: 1014, 10: 1303, 15: 1672, 0: 1632, 6: 0}
2026-03-28 06:49:13,458 INFO: particles=20 iter=40 n_caps=6 minZ=0.041681 runtime=124.43s placement={9: 1014, 15: 1303, 0: 1672, 6: 1632, 14: 0, 10: 1634}
2026-03-28 06:51:34,157 INFO: particles=20 iter=40 n_caps=7 minZ=0.040009 runtime=140.70s placement={15: 984, 0: 1303, 6: 1818, 14: 1574, 9: 0, 10: 1488, 5: 1571}
2026-03-28 06:54:07,974 INFO: particles=20 iter=40 n_caps=8 minZ=0.031929 runtime=153.82s placement={0: 1012, 6: 1310, 14: 1456, 10: 1225, 12: 0, 7: 2480, 16: 1542, 15: 2042}
2026-03-28 06:57:15,734 INFO: particles=20 iter=40 n_caps=9 minZ=0.033981 runtime=187.76s placement={7: 2131, 14: 1253, 5: 1469, 0: 766, 12: 248, 17: 2644, 1: 1665}
2026-03-28 07:00:32,234 INFO: particles=20 iter=40 n_caps=10 minZ=0.028869 runtime=196.50s placement={14: 1851, 5: 881, 0: 1477, 12: 1265, 15: 308, 1: 2510}
2026-03-28 07:04:15,703 INFO: particles=20 iter=40 n_caps=11 minZ=0.025389 runtime=223.47s placement={10: 1667, 0: 1787, 19: 1447, 9: 1202, 1: 484}
2026-03-28 07:08:18,085 INFO: particles=20 iter=40 n_caps=12 minZ=0.022341 runtime=242.38s placement={0: 1644, 19: 740, 9: 1452, 1: 1207, 14: 818}
2026-03-28 07:12:43,663 INFO: particles=20 iter=40 n_caps=13 minZ=0.022506 runtime=265.58s placement={19: 1666, 9: 740, 0: 1644, 1: 1207, 14: 1415, 10: 0}
2026-03-28 07:17:22,008 INFO: particles=20 iter=40 n_caps=14 minZ=0.021074 runtime=278.34s placement={9: 1757, 0: 3295, 1: 1454, 14: 1386, 10: 1643}
2026-03-28 07:22:12,505 INFO: particles=20 iter=40 n_caps=15 minZ=0.022409 runtime=290.50s placement={0: 3333, 1: 744, 14: 1004, 5: 810, 15: 1616}
2026-03-28 07:27:30,277 INFO: particles=20 iter=40 n_caps=16 minZ=0.022033 runtime=317.77s placement={0: 16, 1: 744, 15: 1310, 5: 507, 13: 3330}
2026-03-28 07:33:11,641 INFO: particles=20 iter=40 n_caps=17 minZ=0.021725 runtime=341.36s placement={0: 0, 1: 744, 15: 2054, 5: 1279, 13: 0}
2026-03-28 07:39:14,467 INFO: particles=20 iter=40 n_caps=18 minZ=0.021518 runtime=362.82s placement={0: 0, 1: 834, 15: 563, 6: 2165, 7: 1609}
2026-03-28 07:45:48,569 INFO: particles=20 iter=40 n_caps=19 minZ=0.020084 runtime=394.10s placement={1: 2170, 0: 0, 15: 1716, 5: 761, 8: 914}
2026-03-28 07:52:21,712 INFO: particles=20 iter=40 n_caps=20 minZ=0.021023 runtime=393.14s placement={0: 0, 1: 645, 16: 0, 7: 1505, 14: 1}
