2026-04-02 01:43:38,687 INFO: particles=20 iter=25 n_caps=1 minZ=0.107417 runtime=30.34s placement={15: 940}
2026-04-02 01:44:13,080 INFO: particles=20 iter=25 n_caps=2 minZ=0.088237 runtime=34.39s placement={9: 940, 10: 2511}
2026-04-02 01:44:49,433 INFO: particles=20 iter=25 n_caps=3 minZ=0.060868 runtime=36.35s placement={9: 1127, 0: 2515, 10: 2026}
2026-04-02 01:45:27,340 INFO: particles=20 iter=25 n_caps=4 minZ=0.055198 runtime=37.91s placement={0: 1127, 9: 2515, 15: 2026, 10: 1588}
2026-04-02 01:46:07,905 INFO: particles=20 iter=25 n_caps=5 minZ=0.055747 runtime=40.57s placement={9: 1064, 14: 2514, 10: 2084, 0: 1584, 7: 116}
2026-04-02 01:46:50,108 INFO: particles=20 iter=25 n_caps=6 minZ=0.050295 runtime=42.20s placement={14: 981, 9: 2437, 0: 967, 10: 434, 13: 38, 6: 1484}
2026-04-02 01:47:34,610 INFO: particles=20 iter=25 n_caps=7 minZ=0.053848 runtime=44.50s placement={9: 1612, 0: 2376, 10: 872, 12: 387, 1: 4, 14: 1389}
2026-04-02 01:48:20,456 INFO: particles=20 iter=25 n_caps=8 minZ=0.050195 runtime=45.85s placement={0: 1595, 10: 1442, 16: 511, 1: 313, 15: 0, 17: 2360, 9: 1279}
2026-04-02 01:49:09,672 INFO: particles=20 iter=25 n_caps=9 minZ=0.044127 runtime=49.22s placement={13: 3347, 0: 1456, 1: 2095, 16: 0, 11: 0, 17: 970, 7: 3347, 12: 0}
2026-04-02 01:49:59,709 INFO: particles=20 iter=25 n_caps=10 minZ=0.046941 runtime=50.04s placement={18: 375, 17: 2372, 15: 2100, 0: 1017, 16: 411, 1: 1623}
2026-04-02 01:50:52,415 INFO: particles=20 iter=25 n_caps=11 minZ=0.035302 runtime=52.71s placement={20: 463, 15: 51, 0: 1078, 13: 1154, 6: 31, 1: 1662}
2026-04-02 01:51:45,535 INFO: particles=20 iter=25 n_caps=12 minZ=0.030211 runtime=53.12s placement={16: 414, 0: 1012, 12: 1465, 7: 1132, 1: 0, 9: 932, 20: 3347}
2026-04-02 01:52:41,418 INFO: particles=20 iter=25 n_caps=13 minZ=0.030112 runtime=55.88s placement={0: 3275, 14: 0, 7: 1419, 1: 1020, 9: 856, 20: 901, 16: 3347}
2026-04-02 01:53:38,504 INFO: particles=20 iter=25 n_caps=14 minZ=0.033500 runtime=57.09s placement={14: 416, 7: 0, 0: 3347, 1: 1020, 9: 1126, 20: 856, 16: 901, 18: 3275, 10: 0}
2026-04-02 01:54:38,142 INFO: particles=20 iter=25 n_caps=15 minZ=0.027724 runtime=59.64s placement={7: 525, 0: 895, 1: 1572, 9: 1496, 20: 1531, 16: 822, 19: 3347, 10: 3341, 13: 0, 5: 2593}
2026-04-02 01:55:37,912 INFO: particles=20 iter=25 n_caps=16 minZ=0.030719 runtime=59.77s placement={0: 822, 1: 0, 9: 1012, 20: 2593, 16: 1531, 19: 895, 10: 3347, 13: 3341, 5: 0, 14: 1176}
2026-04-02 01:56:50,377 INFO: particles=20 iter=25 n_caps=17 minZ=0.029347 runtime=72.46s placement={0: 1030, 1: 0, 9: 752, 11: 1645, 14: 2090, 19: 0, 5: 167, 13: 3347, 4: 2644, 20: 439, 12: 2812, 15: 0}
2026-04-02 01:58:04,685 INFO: particles=20 iter=25 n_caps=18 minZ=0.031762 runtime=74.31s placement={0: 0, 1: 0, 7: 0, 11: 807, 14: 1522, 19: 1296, 4: 0, 10: 223, 20: 1935, 13: 253, 15: 1050}
2026-04-02 01:59:22,772 INFO: particles=20 iter=25 n_caps=19 minZ=0.029593 runtime=78.09s placement={0: 10, 1: 0, 7: 1167, 11: 0, 14: 817, 19: 1024, 4: 1226, 10: 0, 20: 3347, 13: 2132, 15: 2012}
2026-04-02 02:00:41,678 INFO: particles=20 iter=25 n_caps=20 minZ=0.025918 runtime=78.91s placement={0: 95, 1: 74, 7: 1786, 12: 1295, 13: 0, 17: 1531, 10: 751, 18: 273, 19: 3312, 14: 171}
