2026-03-23 17:25:35,883 INFO: particles=30 iter=50 n_caps=1 minZ=0.085029 runtime=39.90s placement={0: 1317}
2026-03-23 17:26:16,953 INFO: particles=30 iter=50 n_caps=2 minZ=0.066923 runtime=41.07s placement={0: 1487, 10: 342}
2026-03-23 17:26:58,512 INFO: particles=30 iter=50 n_caps=3 minZ=0.059155 runtime=41.56s placement={9: 1537, 0: 1488, 7: 617}
2026-03-23 17:27:43,195 INFO: particles=30 iter=50 n_caps=4 minZ=0.050736 runtime=44.68s placement={0: 1014, 4: 1414, 5: 866, 15: 1637}
2026-03-23 17:28:28,026 INFO: particles=30 iter=50 n_caps=5 minZ=0.053331 runtime=44.83s placement={14: 1797, 0: 685, 5: 1344, 16: 1729, 9: 1376}
2026-03-23 17:29:13,313 INFO: particles=30 iter=50 n_caps=6 minZ=0.043847 runtime=45.29s placement={0: 1014, 5: 579, 15: 1123, 9: 1800, 6: 1338, 17: 2302}
2026-03-23 17:29:59,899 INFO: particles=30 iter=50 n_caps=7 minZ=0.049092 runtime=46.58s placement={1: 706, 15: 119, 0: 752, 14: 1226, 16: 517, 20: 0}
2026-03-23 17:30:48,413 INFO: particles=30 iter=50 n_caps=8 minZ=0.039030 runtime=48.51s placement={15: 702, 5: 524, 0: 892, 16: 881, 1: 2200, 2: 36}
2026-03-23 17:31:38,196 INFO: particles=30 iter=50 n_caps=9 minZ=0.030946 runtime=49.78s placement={0: 2864, 1: 577, 15: 885}
2026-03-23 17:32:27,665 INFO: particles=30 iter=50 n_caps=10 minZ=0.027694 runtime=49.47s placement={0: 0, 14: 375, 1: 903}
2026-03-23 17:33:18,439 INFO: particles=30 iter=50 n_caps=11 minZ=0.024568 runtime=50.77s placement={14: 1169, 0: 39, 1: 726}
2026-03-23 17:34:10,090 INFO: particles=30 iter=50 n_caps=12 minZ=0.022764 runtime=51.65s placement={0: 0, 1: 344, 7: 39, 20: 2428}
2026-03-23 17:35:04,202 INFO: particles=30 iter=50 n_caps=13 minZ=0.022551 runtime=54.11s placement={0: 59, 1: 344, 7: 0, 20: 39}
2026-03-23 17:35:58,031 INFO: particles=30 iter=50 n_caps=14 minZ=0.021140 runtime=53.83s placement={0: 92, 1: 344, 7: 2853, 20: 0}
2026-03-23 17:36:52,577 INFO: particles=30 iter=50 n_caps=15 minZ=0.020954 runtime=54.54s placement={0: 0, 1: 344, 7: 1267, 20: 2853}
2026-03-23 17:37:48,159 INFO: particles=30 iter=50 n_caps=16 minZ=0.023268 runtime=55.58s placement={0: 89, 1: 344, 7: 1012, 20: 1267}
2026-03-23 17:38:44,726 INFO: particles=30 iter=50 n_caps=17 minZ=0.025673 runtime=56.57s placement={0: 89, 1: 315, 7: 1005, 20: 1005, 6: 74}
2026-03-23 17:39:42,611 INFO: particles=30 iter=50 n_caps=18 minZ=0.024709 runtime=57.88s placement={0: 0, 1: 313, 7: 2828, 20: 1258, 8: 91, 9: 75}
2026-03-23 17:40:42,057 INFO: particles=30 iter=50 n_caps=19 minZ=0.023170 runtime=59.45s placement={0: 0, 1: 313, 7: 1619, 20: 2828, 8: 0, 9: 91}
2026-03-23 17:41:41,890 INFO: particles=30 iter=50 n_caps=20 minZ=0.022682 runtime=59.83s placement={0: 0, 1: 313, 7: 988, 20: 1619, 8: 33, 9: 0}
