2026-03-25 16:09:11,662 INFO: particles=20 iter=15 n_caps=1 minZ=0.085029 runtime=6.93s placement={0: 1316}
2026-03-25 16:09:18,824 INFO: particles=20 iter=15 n_caps=2 minZ=0.056812 runtime=7.16s placement={10: 2411, 0: 1014}
2026-03-25 16:09:26,195 INFO: particles=20 iter=15 n_caps=3 minZ=0.062155 runtime=7.37s placement={0: 2413, 9: 972, 10: 1297}
2026-03-25 16:09:33,733 INFO: particles=20 iter=15 n_caps=4 minZ=0.055548 runtime=7.54s placement={9: 2413, 10: 972, 0: 1297, 6: 159}
2026-03-25 16:09:41,489 INFO: particles=20 iter=15 n_caps=5 minZ=0.058051 runtime=7.76s placement={10: 2413, 0: 972, 6: 1297, 15: 159, 20: 1646}
2026-03-25 16:09:49,427 INFO: particles=20 iter=15 n_caps=6 minZ=0.056482 runtime=7.94s placement={0: 1767, 6: 972, 15: 1297, 20: 159, 1: 1646}
2026-03-25 16:09:57,597 INFO: particles=20 iter=15 n_caps=7 minZ=0.052609 runtime=8.17s placement={6: 771, 15: 1044, 14: 1498, 7: 352, 0: 1560, 8: 1835, 10: 454}
2026-03-25 16:10:05,943 INFO: particles=20 iter=15 n_caps=8 minZ=0.047265 runtime=8.35s placement={9: 766, 13: 1004, 6: 1142, 0: 344, 8: 1386, 10: 1907, 5: 445, 7: 811}
2026-03-25 16:10:14,467 INFO: particles=20 iter=15 n_caps=9 minZ=0.040564 runtime=8.52s placement={20: 666, 0: 1502, 1: 2182, 10: 123, 9: 765, 5: 770, 19: 0}
2026-03-25 16:10:23,104 INFO: particles=20 iter=15 n_caps=10 minZ=0.042027 runtime=8.64s placement={0: 3347, 1: 1225, 10: 2356, 11: 154, 6: 734, 9: 890, 18: 2196}
2026-03-25 16:10:32,013 INFO: particles=20 iter=15 n_caps=11 minZ=0.036532 runtime=8.91s placement={0: 766, 10: 811, 11: 526, 1: 93, 7: 57, 8: 647, 14: 273}
2026-03-25 16:10:41,069 INFO: particles=20 iter=15 n_caps=12 minZ=0.032298 runtime=9.06s placement={13: 2432, 9: 2563, 0: 1460, 6: 234, 7: 899, 1: 347, 14: 391, 10: 0}
2026-03-25 16:10:50,308 INFO: particles=20 iter=15 n_caps=13 minZ=0.034662 runtime=9.24s placement={10: 2553, 0: 0, 4: 920, 7: 232, 1: 1182, 14: 386, 9: 1313, 15: 2217}
2026-03-25 16:10:59,723 INFO: particles=20 iter=15 n_caps=14 minZ=0.030950 runtime=9.41s placement={0: 2291, 1: 2956, 7: 719, 14: 1245, 19: 1164, 15: 19, 13: 1959}
2026-03-25 16:11:09,333 INFO: particles=20 iter=15 n_caps=15 minZ=0.032033 runtime=9.61s placement={0: 1968, 6: 2920, 1: 1237, 12: 0, 19: 1376, 14: 2266, 15: 2276, 16: 0}
2026-03-25 16:11:19,053 INFO: particles=20 iter=15 n_caps=16 minZ=0.032423 runtime=9.72s placement={6: 2786, 0: 0, 12: 1237, 1: 0, 19: 363, 14: 1292, 15: 0, 16: 1968}
2026-03-25 16:11:28,975 INFO: particles=20 iter=15 n_caps=17 minZ=0.028867 runtime=9.92s placement={0: 1147, 12: 2920, 1: 1237, 19: 578, 14: 1376, 15: 2266, 16: 2276}
2026-03-25 16:11:39,076 INFO: particles=20 iter=15 n_caps=18 minZ=0.031444 runtime=10.10s placement={10: 2500, 0: 1862, 1: 1072, 20: 0, 12: 0, 8: 1603, 19: 0}
2026-03-25 16:11:49,447 INFO: particles=20 iter=15 n_caps=19 minZ=0.029761 runtime=10.37s placement={0: 0, 1: 3347, 20: 3347, 19: 2505, 12: 344, 9: 510, 14: 0, 8: 519}
2026-03-25 16:11:59,877 INFO: particles=20 iter=15 n_caps=20 minZ=0.028483 runtime=10.43s placement={0: 0, 1: 3347, 20: 0, 19: 0, 12: 1187, 9: 1256, 14: 3347, 8: 0, 10: 519}
