2026-04-01 22:24:43,378 INFO: particles=20 iter=15 n_caps=1 minZ=0.106312 runtime=18.14s placement={16: 940}
2026-04-01 22:25:03,408 INFO: particles=20 iter=15 n_caps=2 minZ=0.074727 runtime=20.03s placement={0: 990, 6: 2710}
2026-04-01 22:25:26,131 INFO: particles=20 iter=15 n_caps=3 minZ=0.069208 runtime=22.72s placement={5: 1040, 0: 1734, 9: 1429}
2026-04-01 22:25:49,627 INFO: particles=20 iter=15 n_caps=4 minZ=0.045867 runtime=23.50s placement={0: 1012, 9: 1710, 2: 1596, 7: 1044}
2026-04-01 22:26:14,538 INFO: particles=20 iter=15 n_caps=5 minZ=0.050787 runtime=24.91s placement={10: 373, 7: 1685, 14: 898, 0: 1085, 15: 1210}
2026-04-01 22:26:40,488 INFO: particles=20 iter=15 n_caps=6 minZ=0.049322 runtime=25.95s placement={7: 373, 14: 1685, 0: 898, 15: 1085, 9: 1210, 10: 1704}
2026-04-01 22:27:07,596 INFO: particles=20 iter=15 n_caps=7 minZ=0.049521 runtime=27.11s placement={10: 0, 0: 1356, 15: 510, 9: 815, 16: 1344, 1: 2665}
2026-04-01 22:27:36,225 INFO: particles=20 iter=15 n_caps=8 minZ=0.037476 runtime=28.63s placement={0: 1772, 14: 1356, 10: 480, 16: 835, 1: 285, 20: 2487}
2026-04-01 22:28:06,658 INFO: particles=20 iter=15 n_caps=9 minZ=0.040408 runtime=30.43s placement={17: 421, 6: 1248, 16: 434, 0: 204, 1: 275, 20: 129}
2026-04-01 22:28:38,067 INFO: particles=20 iter=15 n_caps=10 minZ=0.038383 runtime=31.41s placement={6: 421, 16: 1248, 0: 204, 1: 1314, 20: 275, 10: 2944}
2026-04-01 22:29:11,555 INFO: particles=20 iter=15 n_caps=11 minZ=0.036823 runtime=33.49s placement={16: 421, 0: 1117, 1: 434, 20: 1314, 10: 204, 9: 2944}
2026-04-01 22:29:43,761 INFO: particles=20 iter=15 n_caps=12 minZ=0.032524 runtime=32.21s placement={0: 2769, 1: 1322, 20: 261, 9: 2044, 10: 204, 13: 1021}
2026-04-01 22:30:17,912 INFO: particles=20 iter=15 n_caps=13 minZ=0.033401 runtime=34.15s placement={0: 0, 20: 1322, 1: 261, 9: 2478, 10: 2044, 13: 3068}
2026-04-01 22:30:53,640 INFO: particles=20 iter=15 n_caps=14 minZ=0.030520 runtime=35.73s placement={20: 313, 0: 2879, 1: 74, 7: 131, 9: 821, 12: 106, 5: 0, 15: 0}
2026-04-01 22:31:31,228 INFO: particles=20 iter=15 n_caps=15 minZ=0.031347 runtime=37.59s placement={0: 3347, 1: 1357, 7: 171, 9: 131, 12: 2020, 5: 2879, 15: 0}
2026-04-01 22:32:08,910 INFO: particles=20 iter=15 n_caps=16 minZ=0.030470 runtime=37.68s placement={0: 30, 12: 1361, 1: 0, 7: 451, 13: 1443, 5: 1455, 17: 1883, 11: 827, 10: 3347, 6: 3347}
2026-04-01 22:32:53,398 INFO: particles=20 iter=15 n_caps=17 minZ=0.030188 runtime=44.49s placement={10: 1881, 0: 350, 1: 9, 15: 1721, 20: 1167, 17: 541, 12: 904, 8: 0, 16: 349, 4: 3347, 3: 3345}
2026-04-01 22:33:38,685 INFO: particles=20 iter=15 n_caps=18 minZ=0.031056 runtime=45.29s placement={0: 2929, 1: 224, 19: 0, 20: 0, 12: 404, 15: 454, 18: 81, 2: 0, 6: 2704, 5: 1871}
2026-04-01 22:34:23,426 INFO: particles=20 iter=15 n_caps=19 minZ=0.030393 runtime=44.74s placement={0: 2488, 20: 3347, 1: 0, 19: 1074, 10: 1991, 15: 0, 18: 1872, 6: 0, 9: 0, 11: 2666, 16: 0}
2026-04-01 22:35:08,620 INFO: particles=20 iter=15 n_caps=20 minZ=0.032854 runtime=45.19s placement={20: 2488, 0: 0, 19: 0, 1: 1074, 10: 1176, 15: 1991, 18: 980, 6: 0, 9: 3347, 11: 0, 16: 2666}
