2026-03-20 04:25:46,419 INFO: particles=20 iter=50 n_caps=1 minZ=0.080251 runtime=42.49s placement={0: 1014}
2026-03-20 04:26:29,811 INFO: particles=20 iter=50 n_caps=2 minZ=0.070478 runtime=43.39s placement={0: 977, 15: 1724}
2026-03-20 04:27:14,070 INFO: particles=20 iter=50 n_caps=3 minZ=0.055729 runtime=44.26s placement={9: 1012, 0: 1364, 15: 735}
2026-03-20 04:27:59,180 INFO: particles=20 iter=50 n_caps=4 minZ=0.042078 runtime=45.11s placement={0: 1012, 15: 1435, 5: 799, 9: 1688}
2026-03-20 04:28:45,234 INFO: particles=20 iter=50 n_caps=5 minZ=0.051843 runtime=46.05s placement={15: 1012, 5: 1438, 9: 799, 0: 1690, 7: 0}
2026-03-20 04:29:32,130 INFO: particles=20 iter=50 n_caps=6 minZ=0.044140 runtime=46.90s placement={5: 1028, 9: 1451, 0: 1014, 7: 1780, 15: 4, 16: 2575}
2026-03-20 04:30:19,918 INFO: particles=20 iter=50 n_caps=7 minZ=0.049685 runtime=47.79s placement={15: 433, 0: 1696, 10: 866, 8: 1928, 16: 214, 14: 2669, 9: 375}
2026-03-20 04:31:08,298 INFO: particles=20 iter=50 n_caps=8 minZ=0.050806 runtime=48.38s placement={0: 434, 10: 1703, 8: 664, 16: 1929, 15: 217, 9: 2669, 7: 456, 14: 2656}
2026-03-20 04:31:59,601 INFO: particles=20 iter=50 n_caps=9 minZ=0.050177 runtime=51.30s placement={10: 434, 8: 1703, 16: 664, 15: 1929, 9: 217, 7: 2669, 14: 456, 0: 2656, 5: 0}
2026-03-20 04:32:49,548 INFO: particles=20 iter=50 n_caps=10 minZ=0.046871 runtime=49.95s placement={8: 509, 16: 1713, 15: 1543, 9: 1811, 7: 282, 14: 1902, 0: 484, 5: 2649, 6: 188, 10: 1812}
2026-03-20 04:33:39,978 INFO: particles=20 iter=50 n_caps=11 minZ=0.042229 runtime=50.43s placement={16: 512, 15: 1713, 9: 1509, 6: 1806, 14: 498, 0: 1960, 5: 525, 4: 2634, 10: 1398, 11: 1853}
2026-03-20 04:34:31,407 INFO: particles=20 iter=50 n_caps=12 minZ=0.040750 runtime=51.43s placement={15: 510, 9: 178, 5: 1483, 8: 1511, 0: 685, 6: 1975, 7: 1850, 10: 2732, 16: 1374, 17: 2800}
2026-03-20 04:35:23,701 INFO: particles=20 iter=50 n_caps=13 minZ=0.033580 runtime=52.29s placement={9: 815, 6: 255, 7: 803, 0: 2665, 5: 696, 1: 1693, 3: 2728, 16: 1738, 15: 1237}
2026-03-20 04:36:17,416 INFO: particles=20 iter=50 n_caps=14 minZ=0.030342 runtime=53.71s placement={5: 390, 1: 1046, 0: 3114, 7: 1781, 4: 1158, 15: 2197, 2: 1029, 13: 2029, 16: 1819, 14: 2915, 6: 1513}
2026-03-20 04:37:11,897 INFO: particles=20 iter=50 n_caps=15 minZ=0.025864 runtime=54.48s placement={1: 405, 0: 893, 9: 1164, 4: 1735, 15: 1177, 2: 2194, 13: 2862, 16: 2064, 14: 3099, 6: 2893}
2026-03-20 04:38:07,128 INFO: particles=20 iter=50 n_caps=16 minZ=0.027540 runtime=55.23s placement={0: 211, 1: 3347, 15: 1053, 2: 2831, 19: 3347, 10: 2107, 18: 0, 9: 499}
2026-03-20 04:39:02,912 INFO: particles=20 iter=50 n_caps=17 minZ=0.028200 runtime=55.78s placement={0: 0, 1: 519, 15: 1750, 4: 1203, 20: 2841, 13: 874, 19: 211, 14: 0, 16: 446}
2026-03-20 04:39:59,479 INFO: particles=20 iter=50 n_caps=18 minZ=0.026008 runtime=56.57s placement={19: 0, 14: 890, 0: 366, 1: 869, 20: 0, 15: 0, 13: 217, 16: 0, 11: 219}
2026-03-20 04:40:56,929 INFO: particles=20 iter=50 n_caps=19 minZ=0.026014 runtime=57.45s placement={10: 0, 0: 3189, 1: 963, 20: 774, 19: 947, 15: 1399, 18: 3274, 17: 1567, 16: 186, 11: 426, 14: 189}
2026-03-20 04:41:55,116 INFO: particles=20 iter=50 n_caps=20 minZ=0.025847 runtime=58.19s placement={0: 1773, 1: 888, 20: 964, 19: 924, 14: 6, 18: 1397, 15: 1565, 11: 0, 16: 333, 10: 3256}
