2026-04-01 21:44:41,268 INFO: particles=20 iter=15 n_caps=1 minZ=0.109710 runtime=14.63s placement={5: 989}
2026-04-01 21:44:55,634 INFO: particles=20 iter=15 n_caps=2 minZ=0.071364 runtime=14.36s placement={0: 1209, 14: 911}
2026-04-01 21:45:12,280 INFO: particles=20 iter=15 n_caps=3 minZ=0.065402 runtime=16.64s placement={20: 2461, 0: 1014, 15: 956}
2026-04-01 21:45:27,856 INFO: particles=20 iter=15 n_caps=4 minZ=0.066580 runtime=15.58s placement={0: 2393, 16: 1112, 6: 821, 14: 3347}
2026-04-01 21:45:44,860 INFO: particles=20 iter=15 n_caps=5 minZ=0.063769 runtime=17.00s placement={16: 2186, 6: 685, 10: 264, 0: 2561, 14: 82}
2026-04-01 21:46:01,340 INFO: particles=20 iter=15 n_caps=6 minZ=0.064433 runtime=16.48s placement={6: 1913, 16: 836, 0: 433, 1: 2302, 5: 3347, 13: 2886}
2026-04-01 21:46:17,705 INFO: particles=20 iter=15 n_caps=7 minZ=0.041365 runtime=16.36s placement={0: 2000, 1: 882, 10: 1916, 12: 3347, 16: 244}
2026-04-01 21:46:37,680 INFO: particles=20 iter=15 n_caps=8 minZ=0.039711 runtime=19.97s placement={0: 1776, 1: 1543, 9: 1127, 10: 1560, 16: 3335, 7: 2593, 13: 0}
2026-04-01 21:46:58,095 INFO: particles=20 iter=15 n_caps=9 minZ=0.042884 runtime=20.41s placement={0: 0, 9: 1543, 1: 1127, 10: 1776, 16: 1560, 7: 3335, 13: 2593, 6: 0}
2026-04-01 21:47:18,357 INFO: particles=20 iter=15 n_caps=10 minZ=0.031956 runtime=20.26s placement={0: 1, 1: 1882, 9: 1117, 18: 1952, 10: 1754, 13: 3344, 6: 2545}
2026-04-01 21:47:38,934 INFO: particles=20 iter=15 n_caps=11 minZ=0.031672 runtime=20.58s placement={0: 0, 9: 1882, 18: 1117, 10: 1952, 13: 1754, 6: 3344, 1: 2545}
2026-04-01 21:47:59,375 INFO: particles=20 iter=15 n_caps=12 minZ=0.038301 runtime=20.44s placement={9: 1012, 18: 1882, 10: 1117, 13: 1952, 6: 1754, 0: 0, 1: 2545}
2026-04-01 21:48:18,128 INFO: particles=20 iter=15 n_caps=13 minZ=0.035218 runtime=18.75s placement={18: 1012, 9: 1882, 13: 1117, 6: 1952, 0: 1564, 1: 3344}
2026-04-01 21:48:36,700 INFO: particles=20 iter=15 n_caps=14 minZ=0.031507 runtime=18.57s placement={0: 0, 12: 1811, 6: 1166, 1: 1739, 2: 0, 7: 1380, 11: 2796}
2026-04-01 21:48:59,242 INFO: particles=20 iter=15 n_caps=15 minZ=0.036457 runtime=22.54s placement={20: 0, 9: 1680, 0: 3347, 1: 2791, 14: 0, 10: 1651, 15: 0}
2026-04-01 21:49:21,799 INFO: particles=20 iter=15 n_caps=16 minZ=0.033621 runtime=22.56s placement={9: 0, 0: 3347, 1: 1188, 11: 92, 10: 0, 13: 3347, 7: 3103}
2026-04-01 21:49:45,073 INFO: particles=20 iter=15 n_caps=17 minZ=0.027785 runtime=23.27s placement={1: 0, 0: 1663, 10: 0, 7: 94, 13: 1909, 5: 2660, 14: 3347}
2026-04-01 21:50:10,542 INFO: particles=20 iter=15 n_caps=18 minZ=0.030239 runtime=25.47s placement={0: 196, 1: 1255, 10: 913, 7: 0, 13: 214, 5: 1909, 14: 3237}
2026-04-01 21:50:33,221 INFO: particles=20 iter=15 n_caps=19 minZ=0.026723 runtime=22.68s placement={0: 0, 1: 1634, 4: 763, 10: 96, 15: 3347, 6: 277}
2026-04-01 21:50:56,361 INFO: particles=20 iter=15 n_caps=20 minZ=0.025751 runtime=23.14s placement={0: 0, 1: 1634, 4: 1240, 10: 0, 15: 3347, 6: 1078, 7: 0}
