2026-03-20 22:24:22,875 INFO: particles=80 iter=25 n_caps=1 minZ=0.080251 runtime=85.01s placement={0: 1012}
2026-03-20 22:25:49,465 INFO: particles=80 iter=25 n_caps=2 minZ=0.071422 runtime=86.59s placement={0: 1012, 16: 81}
2026-03-20 22:27:17,542 INFO: particles=80 iter=25 n_caps=3 minZ=0.049940 runtime=88.08s placement={7: 1498, 0: 1014, 6: 2633}
2026-03-20 22:28:47,854 INFO: particles=80 iter=25 n_caps=4 minZ=0.045776 runtime=90.31s placement={0: 1014, 6: 986, 1: 2211}
2026-03-20 22:30:19,239 INFO: particles=80 iter=25 n_caps=5 minZ=0.042568 runtime=91.39s placement={6: 1877, 0: 1085, 1: 2423, 7: 0}
2026-03-20 22:31:52,953 INFO: particles=80 iter=25 n_caps=6 minZ=0.037589 runtime=93.71s placement={0: 1135, 1: 715, 6: 1519}
2026-03-20 22:33:28,230 INFO: particles=80 iter=25 n_caps=7 minZ=0.034065 runtime=95.28s placement={0: 0, 1: 754, 6: 2035}
2026-03-20 22:35:05,343 INFO: particles=80 iter=25 n_caps=8 minZ=0.030808 runtime=97.11s placement={0: 0, 7: 742, 1: 2050}
2026-03-20 22:36:43,463 INFO: particles=80 iter=25 n_caps=9 minZ=0.031425 runtime=98.12s placement={1: 727, 0: 0}
2026-03-20 22:38:23,081 INFO: particles=80 iter=25 n_caps=10 minZ=0.028312 runtime=99.62s placement={0: 302, 1: 685, 9: 0}
2026-03-20 22:40:04,155 INFO: particles=80 iter=25 n_caps=11 minZ=0.027866 runtime=101.07s placement={0: 302, 1: 685, 9: 0, 7: 0}
2026-03-20 22:41:47,078 INFO: particles=80 iter=25 n_caps=12 minZ=0.027937 runtime=102.92s placement={0: 0, 1: 676, 9: 110, 7: 303}
2026-03-20 22:43:32,009 INFO: particles=80 iter=25 n_caps=13 minZ=0.026849 runtime=104.93s placement={0: 0, 1: 676, 9: 1444, 7: 0}
2026-03-20 22:45:18,003 INFO: particles=80 iter=25 n_caps=14 minZ=0.027040 runtime=105.99s placement={0: 0, 1: 676, 9: 1824, 7: 0}
2026-03-20 22:47:05,959 INFO: particles=80 iter=25 n_caps=15 minZ=0.025205 runtime=107.96s placement={0: 211, 1: 716, 5: 22}
2026-03-20 22:48:55,540 INFO: particles=80 iter=25 n_caps=16 minZ=0.024826 runtime=109.58s placement={0: 269, 1: 44, 5: 1690, 2: 0}
2026-03-20 22:50:46,841 INFO: particles=80 iter=25 n_caps=17 minZ=0.022926 runtime=111.30s placement={0: 0, 1: 21, 5: 2017, 4: 0}
2026-03-20 22:52:39,648 INFO: particles=80 iter=25 n_caps=18 minZ=0.023054 runtime=112.81s placement={0: 13, 1: 21, 6: 1003, 4: 0}
2026-03-20 22:54:33,801 INFO: particles=80 iter=25 n_caps=19 minZ=0.023154 runtime=114.15s placement={0: 0, 1: 21, 6: 1813, 4: 51}
2026-03-20 22:56:29,111 INFO: particles=80 iter=25 n_caps=20 minZ=0.022908 runtime=115.31s placement={0: 13, 6: 21, 1: 1813, 4: 0, 10: 0, 7: 0}
