2026-03-21 08:12:46,430 INFO: particles=50 iter=10 n_caps=1 minZ=0.107048 runtime=21.54s placement={0: 2514}
2026-03-21 08:13:08,492 INFO: particles=50 iter=10 n_caps=2 minZ=0.082503 runtime=22.06s placement={0: 1317, 7: 76}
2026-03-21 08:13:30,937 INFO: particles=50 iter=10 n_caps=3 minZ=0.063143 runtime=22.44s placement={14: 1852, 0: 1012, 19: 3261}
2026-03-21 08:13:53,841 INFO: particles=50 iter=10 n_caps=4 minZ=0.062410 runtime=22.90s placement={7: 888, 6: 966, 5: 1881, 0: 1530}
2026-03-21 08:14:17,178 INFO: particles=50 iter=10 n_caps=5 minZ=0.046667 runtime=23.34s placement={0: 678, 1: 865}
2026-03-21 08:14:40,897 INFO: particles=50 iter=10 n_caps=6 minZ=0.041333 runtime=23.72s placement={0: 96, 1: 865}
2026-03-21 08:15:04,964 INFO: particles=50 iter=10 n_caps=7 minZ=0.040371 runtime=24.07s placement={0: 96, 1: 865, 7: 0}
2026-03-21 08:15:29,454 INFO: particles=50 iter=10 n_caps=8 minZ=0.041055 runtime=24.49s placement={0: 0, 1: 865, 7: 96}
2026-03-21 08:15:54,386 INFO: particles=50 iter=10 n_caps=9 minZ=0.041529 runtime=24.93s placement={0: 0, 1: 870, 20: 0, 10: 0}
2026-03-21 08:16:19,643 INFO: particles=50 iter=10 n_caps=10 minZ=0.037711 runtime=25.26s placement={0: 0, 1: 830, 20: 0, 10: 0, 17: 0, 3: 0}
2026-03-21 08:16:45,278 INFO: particles=50 iter=10 n_caps=11 minZ=0.037004 runtime=25.63s placement={0: 0, 1: 830, 20: 0, 10: 0, 17: 0, 3: 0, 7: 0}
2026-03-21 08:17:11,498 INFO: particles=50 iter=10 n_caps=12 minZ=0.034827 runtime=26.22s placement={0: 505, 1: 391, 15: 1446, 10: 2346, 20: 86, 9: 0, 6: 0}
2026-03-21 08:17:38,083 INFO: particles=50 iter=10 n_caps=13 minZ=0.038190 runtime=26.58s placement={6: 933, 0: 1319, 1: 1078, 14: 1812, 10: 1872, 16: 2348, 8: 0, 7: 1867, 9: 28, 11: 233}
2026-03-21 08:18:05,084 INFO: particles=50 iter=10 n_caps=14 minZ=0.032562 runtime=27.00s placement={0: 0, 1: 0, 13: 980, 6: 2290, 20: 1468, 12: 2615, 11: 1820, 3: 1527, 10: 807, 9: 669}
2026-03-21 08:18:32,404 INFO: particles=50 iter=10 n_caps=15 minZ=0.031407 runtime=27.32s placement={0: 0, 15: 0, 7: 504, 20: 2178, 13: 1367, 1: 2567, 10: 356, 4: 2541, 11: 867, 14: 0}
2026-03-21 08:19:00,118 INFO: particles=50 iter=10 n_caps=16 minZ=0.032780 runtime=27.71s placement={14: 1025, 7: 0, 20: 577, 11: 2186, 0: 0, 9: 2665, 1: 338, 10: 492, 15: 894}
2026-03-21 08:19:28,285 INFO: particles=50 iter=10 n_caps=17 minZ=0.029984 runtime=28.17s placement={8: 1322, 13: 162, 9: 688, 0: 3284, 10: 1048, 2: 2665, 1: 0, 19: 1012}
2026-03-21 08:19:56,751 INFO: particles=50 iter=10 n_caps=18 minZ=0.026129 runtime=28.46s placement={11: 1616, 7: 117, 0: 1123, 8: 829, 1: 618, 20: 515, 2: 606}
2026-03-21 08:20:25,629 INFO: particles=50 iter=10 n_caps=19 minZ=0.024827 runtime=28.88s placement={6: 1014, 0: 1765, 7: 728, 1: 951, 20: 363}
2026-03-21 08:20:54,855 INFO: particles=50 iter=10 n_caps=20 minZ=0.020615 runtime=29.23s placement={0: 1765, 7: 107, 1: 728, 20: 1120, 8: 1108}
