2026-04-02 16:33:28,409 INFO: particles=30 iter=15 n_caps=1 minZ=0.091131 runtime=22.52s placement={0: 1301}
2026-04-02 16:33:50,290 INFO: particles=30 iter=15 n_caps=2 minZ=0.071879 runtime=21.88s placement={0: 1290, 10: 1601}
2026-04-02 16:34:11,928 INFO: particles=30 iter=15 n_caps=3 minZ=0.065903 runtime=21.64s placement={10: 1291, 5: 1100, 0: 586}
2026-04-02 16:34:34,397 INFO: particles=30 iter=15 n_caps=4 minZ=0.053039 runtime=22.47s placement={5: 1291, 0: 1100, 9: 586, 10: 1713}
2026-04-02 16:34:57,013 INFO: particles=30 iter=15 n_caps=5 minZ=0.051256 runtime=22.62s placement={0: 1291, 9: 1100, 10: 586, 5: 1713, 6: 944}
2026-04-02 16:35:18,668 INFO: particles=30 iter=15 n_caps=6 minZ=0.051587 runtime=21.66s placement={9: 1391, 10: 1178, 5: 596, 6: 1719, 0: 1117, 15: 0}
2026-04-02 16:35:40,443 INFO: particles=30 iter=15 n_caps=7 minZ=0.049187 runtime=21.77s placement={10: 1161, 5: 1262, 9: 433, 0: 1702, 15: 1112, 6: 1, 8: 1676}
2026-04-02 16:36:05,852 INFO: particles=30 iter=15 n_caps=8 minZ=0.047664 runtime=25.41s placement={5: 1161, 9: 1262, 0: 433, 15: 1702, 6: 1112, 10: 1, 7: 1676, 14: 1683}
2026-04-02 16:36:31,121 INFO: particles=30 iter=15 n_caps=9 minZ=0.044120 runtime=25.27s placement={9: 1161, 0: 950, 15: 433, 6: 1702, 10: 1112, 7: 1, 14: 1676, 1: 1683}
2026-04-02 16:36:58,423 INFO: particles=30 iter=15 n_caps=10 minZ=0.034130 runtime=27.30s placement={0: 1012, 13: 663, 7: 197, 10: 1641, 6: 1066, 11: 0, 1: 1314, 5: 1724}
2026-04-02 16:37:23,536 INFO: particles=30 iter=15 n_caps=11 minZ=0.037050 runtime=25.11s placement={14: 895, 15: 685, 16: 0, 0: 0, 12: 545, 1: 0, 5: 2162}
2026-04-02 16:37:48,362 INFO: particles=30 iter=15 n_caps=12 minZ=0.037155 runtime=24.83s placement={15: 1119, 13: 1284, 8: 14, 16: 1270, 0: 1014, 1: 1793, 14: 1432, 2: 769, 3: 524, 10: 167, 6: 1518}
2026-04-02 16:38:13,054 INFO: particles=30 iter=15 n_caps=13 minZ=0.030833 runtime=24.69s placement={0: 1655, 5: 171, 14: 558, 1: 1442, 11: 836, 15: 55, 20: 1310, 12: 833, 13: 2228}
2026-04-02 16:38:38,510 INFO: particles=30 iter=15 n_caps=14 minZ=0.030949 runtime=25.46s placement={7: 1042, 14: 67, 0: 2521, 6: 1416, 16: 782, 1: 0, 20: 2231, 11: 1017, 15: 1640, 19: 0}
2026-04-02 16:39:03,802 INFO: particles=30 iter=15 n_caps=15 minZ=0.031744 runtime=25.29s placement={14: 1042, 0: 1244, 6: 899, 16: 1416, 1: 782, 20: 0, 11: 1114, 15: 1667, 19: 2521}
2026-04-02 16:39:30,910 INFO: particles=30 iter=15 n_caps=16 minZ=0.028445 runtime=27.11s placement={0: 96, 7: 73, 16: 462, 1: 832, 20: 837, 6: 49, 11: 2231, 14: 1012, 2: 1425, 18: 1257, 10: 1227, 19: 2292}
2026-04-02 16:40:01,585 INFO: particles=30 iter=15 n_caps=17 minZ=0.032275 runtime=30.67s placement={11: 945, 16: 73, 0: 0, 20: 827, 6: 578, 10: 0, 1: 1814, 9: 950, 3: 931, 18: 859, 19: 1202}
2026-04-02 16:40:31,019 INFO: particles=30 iter=15 n_caps=18 minZ=0.030274 runtime=29.43s placement={16: 743, 0: 666, 15: 1065, 10: 1246, 11: 8, 1: 0, 4: 1083, 3: 977, 18: 1167, 7: 3012, 19: 60, 6: 1414, 14: 0, 2: 1971}
2026-04-02 16:41:00,790 INFO: particles=30 iter=15 n_caps=19 minZ=0.027680 runtime=29.77s placement={0: 1184, 19: 0, 15: 294, 7: 912, 1: 0, 3: 618, 20: 2055, 6: 506, 8: 0, 16: 503, 12: 1639}
2026-04-02 16:41:29,727 INFO: particles=30 iter=15 n_caps=20 minZ=0.027766 runtime=28.94s placement={20: 0, 15: 0, 7: 312, 0: 0, 1: 0, 2: 670, 19: 413, 3: 782, 18: 1734, 12: 18}
